Archive member included to satisfy reference by file (symbol)

c:/program files (x86)/atmel/studio/7.0/toolchain/avr8/avr8-gnu-toolchain/bin/../lib/gcc/avr/7.3.0/../../../../avr/lib/avrxmega4\libm.a(addsf3.o)
                              src/Goertzel.o (__subsf3)
c:/program files (x86)/atmel/studio/7.0/toolchain/avr8/avr8-gnu-toolchain/bin/../lib/gcc/avr/7.3.0/../../../../avr/lib/avrxmega4\libm.a(addsf3x.o)
                              c:/program files (x86)/atmel/studio/7.0/toolchain/avr8/avr8-gnu-toolchain/bin/../lib/gcc/avr/7.3.0/../../../../avr/lib/avrxmega4\libm.a(addsf3.o) (__addsf3x)
c:/program files (x86)/atmel/studio/7.0/toolchain/avr8/avr8-gnu-toolchain/bin/../lib/gcc/avr/7.3.0/../../../../avr/lib/avrxmega4\libm.a(ceil.o)
                              src/util.o (ceil)
c:/program files (x86)/atmel/studio/7.0/toolchain/avr8/avr8-gnu-toolchain/bin/../lib/gcc/avr/7.3.0/../../../../avr/lib/avrxmega4\libm.a(cmpsf2.o)
                              src/Goertzel.o (__ltsf2)
c:/program files (x86)/atmel/studio/7.0/toolchain/avr8/avr8-gnu-toolchain/bin/../lib/gcc/avr/7.3.0/../../../../avr/lib/avrxmega4\libm.a(cos.o)
                              src/Goertzel.o (cos)
c:/program files (x86)/atmel/studio/7.0/toolchain/avr8/avr8-gnu-toolchain/bin/../lib/gcc/avr/7.3.0/../../../../avr/lib/avrxmega4\libm.a(divsf3.o)
                              main.o (__divsf3)
c:/program files (x86)/atmel/studio/7.0/toolchain/avr8/avr8-gnu-toolchain/bin/../lib/gcc/avr/7.3.0/../../../../avr/lib/avrxmega4\libm.a(divsf3x.o)
                              c:/program files (x86)/atmel/studio/7.0/toolchain/avr8/avr8-gnu-toolchain/bin/../lib/gcc/avr/7.3.0/../../../../avr/lib/avrxmega4\libm.a(divsf3.o) (__divsf3x)
c:/program files (x86)/atmel/studio/7.0/toolchain/avr8/avr8-gnu-toolchain/bin/../lib/gcc/avr/7.3.0/../../../../avr/lib/avrxmega4\libm.a(fixsfsi.o)
                              src/Goertzel.o (__fixsfsi)
c:/program files (x86)/atmel/studio/7.0/toolchain/avr8/avr8-gnu-toolchain/bin/../lib/gcc/avr/7.3.0/../../../../avr/lib/avrxmega4\libm.a(fixunssfsi.o)
                              src/util.o (__fixunssfsi)
c:/program files (x86)/atmel/studio/7.0/toolchain/avr8/avr8-gnu-toolchain/bin/../lib/gcc/avr/7.3.0/../../../../avr/lib/avrxmega4\libm.a(floatsisf.o)
                              main.o (__floatunsisf)
c:/program files (x86)/atmel/studio/7.0/toolchain/avr8/avr8-gnu-toolchain/bin/../lib/gcc/avr/7.3.0/../../../../avr/lib/avrxmega4\libm.a(fp_cmp.o)
                              c:/program files (x86)/atmel/studio/7.0/toolchain/avr8/avr8-gnu-toolchain/bin/../lib/gcc/avr/7.3.0/../../../../avr/lib/avrxmega4\libm.a(cmpsf2.o) (__fp_cmp)
c:/program files (x86)/atmel/studio/7.0/toolchain/avr8/avr8-gnu-toolchain/bin/../lib/gcc/avr/7.3.0/../../../../avr/lib/avrxmega4\libm.a(fp_inf.o)
                              c:/program files (x86)/atmel/studio/7.0/toolchain/avr8/avr8-gnu-toolchain/bin/../lib/gcc/avr/7.3.0/../../../../avr/lib/avrxmega4\libm.a(addsf3x.o) (__fp_inf)
c:/program files (x86)/atmel/studio/7.0/toolchain/avr8/avr8-gnu-toolchain/bin/../lib/gcc/avr/7.3.0/../../../../avr/lib/avrxmega4\libm.a(fp_mintl.o)
                              c:/program files (x86)/atmel/studio/7.0/toolchain/avr8/avr8-gnu-toolchain/bin/../lib/gcc/avr/7.3.0/../../../../avr/lib/avrxmega4\libm.a(ceil.o) (__fp_mintl)
c:/program files (x86)/atmel/studio/7.0/toolchain/avr8/avr8-gnu-toolchain/bin/../lib/gcc/avr/7.3.0/../../../../avr/lib/avrxmega4\libm.a(fp_mpack.o)
                              c:/program files (x86)/atmel/studio/7.0/toolchain/avr8/avr8-gnu-toolchain/bin/../lib/gcc/avr/7.3.0/../../../../avr/lib/avrxmega4\libm.a(ceil.o) (__fp_mpack)
c:/program files (x86)/atmel/studio/7.0/toolchain/avr8/avr8-gnu-toolchain/bin/../lib/gcc/avr/7.3.0/../../../../avr/lib/avrxmega4\libm.a(fp_nan.o)
                              c:/program files (x86)/atmel/studio/7.0/toolchain/avr8/avr8-gnu-toolchain/bin/../lib/gcc/avr/7.3.0/../../../../avr/lib/avrxmega4\libm.a(addsf3x.o) (__fp_nan)
c:/program files (x86)/atmel/studio/7.0/toolchain/avr8/avr8-gnu-toolchain/bin/../lib/gcc/avr/7.3.0/../../../../avr/lib/avrxmega4\libm.a(fp_pscA.o)
                              c:/program files (x86)/atmel/studio/7.0/toolchain/avr8/avr8-gnu-toolchain/bin/../lib/gcc/avr/7.3.0/../../../../avr/lib/avrxmega4\libm.a(addsf3x.o) (__fp_pscA)
c:/program files (x86)/atmel/studio/7.0/toolchain/avr8/avr8-gnu-toolchain/bin/../lib/gcc/avr/7.3.0/../../../../avr/lib/avrxmega4\libm.a(fp_pscB.o)
                              c:/program files (x86)/atmel/studio/7.0/toolchain/avr8/avr8-gnu-toolchain/bin/../lib/gcc/avr/7.3.0/../../../../avr/lib/avrxmega4\libm.a(addsf3x.o) (__fp_pscB)
c:/program files (x86)/atmel/studio/7.0/toolchain/avr8/avr8-gnu-toolchain/bin/../lib/gcc/avr/7.3.0/../../../../avr/lib/avrxmega4\libm.a(fp_rempio2.o)
[...]
Memory Configuration

Name             Origin             Length             Attributes
text             0x0000000000000000 0x0000000000020000 xr
data             0x0000000000804000 0x0000000000004000 rw !x
eeprom           0x0000000000810000 0x0000000000000200 rw !x
fuse             0x0000000000820000 0x0000000000000010 rw !x
lock             0x0000000000830000 0x0000000000000400 rw !x
signature        0x0000000000840000 0x0000000000000400 rw !x
user_signatures  0x0000000000850000 0x0000000000000400 rw !x
*default*        0x0000000000000000 0xffffffffffffffff

Linker script and memory map

Address of section .data set to 0x804000
                0x0000000000008000                __RODATA_PM_OFFSET__ = 0x8000
LOAD C:/Program Files (x86)/Atmel/Studio/7.0/Packs/atmel/AVR-Dx_DFP/1.9.103/gcc/dev/avr128da48/avrxmega4/crtavr128da48.o
LOAD atmel_start.o
LOAD main.o
LOAD src/adc.o
LOAD src/binio.o
LOAD src/bod.o
LOAD src/CircularStringBuff.o
LOAD src/clkctrl.o
LOAD src/cpuint.o
LOAD src/dac0.o
LOAD src/display.o
LOAD src/driver_init.o
LOAD src/eeprommanager.o
LOAD src/Goertzel.o
LOAD src/i2c.o
LOAD src/leds.o
LOAD src/morse.o
LOAD src/protected_io.o
LOAD src/rtc.o
LOAD src/si5351.o
LOAD src/slpctrl.o
LOAD src/tca.o
LOAD src/tcb.o
LOAD src/receiver.o
LOAD src/util.o
START GROUP
LOAD c:/program files (x86)/atmel/studio/7.0/toolchain/avr8/avr8-gnu-toolchain/bin/../lib/gcc/avr/7.3.0/../../../../avr/lib/avrxmega4\libm.a
END GROUP
LOAD c:/program files (x86)/atmel/studio/7.0/toolchain/avr8/avr8-gnu-toolchain/bin/../lib/gcc/avr/7.3.0/avrxmega4\libgcc.a
LOAD c:/program files (x86)/atmel/studio/7.0/toolchain/avr8/avr8-gnu-toolchain/bin/../lib/gcc/avr/7.3.0/../../../../avr/lib/avrxmega4\libm.a
START GROUP
LOAD c:/program files (x86)/atmel/studio/7.0/toolchain/avr8/avr8-gnu-toolchain/bin/../lib/gcc/avr/7.3.0/avrxmega4\libgcc.a
LOAD c:/program files (x86)/atmel/studio/7.0/toolchain/avr8/avr8-gnu-toolchain/bin/../lib/gcc/avr/7.3.0/../../../../avr/lib/avrxmega4\libm.a
LOAD c:/program files (x86)/atmel/studio/7.0/toolchain/avr8/avr8-gnu-toolchain/bin/../lib/gcc/avr/7.3.0/../../../../avr/lib/avrxmega4\libc.a
LOAD C:/Program Files (x86)/Atmel/Studio/7.0/Packs/atmel/AVR-Dx_DFP/1.9.103/gcc/dev/avr128da48/avrxmega4\libavr128da48.a
END GROUP
                [0x0000000000000000]                __TEXT_REGION_ORIGIN__ = DEFINED (__TEXT_REGION_ORIGIN__)?__TEXT_REGION_ORIGIN__:0x0
                [0x0000000000804000]                __DATA_REGION_ORIGIN__ = DEFINED (__DATA_REGION_ORIGIN__)?__DATA_REGION_ORIGIN__:0x802000
                [0x0000000000020000]                __TEXT_REGION_LENGTH__ = DEFINED (__TEXT_REGION_LENGTH__)?__TEXT_REGION_LENGTH__:0x100000
                [0x0000000000004000]                __DATA_REGION_LENGTH__ = DEFINED (__DATA_REGION_LENGTH__)?__DATA_REGION_LENGTH__:0xffa0
                [0x0000000000000200]                __EEPROM_REGION_LENGTH__ = DEFINED (__EEPROM_REGION_LENGTH__)?__EEPROM_REGION_LENGTH__:0x10000
                [0x0000000000000010]                __FUSE_REGION_LENGTH__ = DEFINED (__FUSE_REGION_LENGTH__)?__FUSE_REGION_LENGTH__:0x400
                0x0000000000000400                __LOCK_REGION_LENGTH__ = DEFINED (__LOCK_REGION_LENGTH__)?__LOCK_REGION_LENGTH__:0x400
                0x0000000000000400                __SIGNATURE_REGION_LENGTH__ = DEFINED (__SIGNATURE_REGION_LENGTH__)?__SIGNATURE_REGION_LENGTH__:0x400
                0x0000000000000400                __USER_SIGNATURE_REGION_LENGTH__ = DEFINED (__USER_SIGNATURE_REGION_LENGTH__)?__USER_SIGNATURE_REGION_LENGTH__:0x400

.hash
 *(.hash)

.dynsym
 *(.dynsym)

.dynstr
 *(.dynstr)

.gnu.version
 *(.gnu.version)

.gnu.version_d
 *(.gnu.version_d)

.gnu.version_r
 *(.gnu.version_r)

.rel.init
 *(.rel.init)

.rela.init
 *(.rela.init)

.rel.text
 *(.rel.text)
 *(.rel.text.*)
 *(.rel.gnu.linkonce.t*)

.rela.text
 *(.rela.text)
 *(.rela.text.*)
 *(.rela.gnu.linkonce.t*)

.rel.fini
 *(.rel.fini)

.rela.fini
 *(.rela.fini)

.rel.rodata
 *(.rel.rodata)
 *(.rel.rodata.*)
 *(.rel.gnu.linkonce.r*)

.rela.rodata
 *(.rela.rodata)
 *(.rela.rodata.*)
 *(.rela.gnu.linkonce.r*)

.rel.data
 *(.rel.data)
 *(.rel.data.*)
 *(.rel.gnu.linkonce.d*)

.rela.data
 *(.rela.data)
 *(.rela.data.*)
 *(.rela.gnu.linkonce.d*)

.rel.ctors
 *(.rel.ctors)

.rela.ctors
 *(.rela.ctors)

.rel.dtors
 *(.rel.dtors)

.rela.dtors
 *(.rela.dtors)

.rel.got
 *(.rel.got)

.rela.got
 *(.rela.got)

.rel.bss
 *(.rel.bss)

.rela.bss
 *(.rela.bss)

.rel.plt
 *(.rel.plt)

.rela.plt
 *(.rela.plt)

.text           0x0000000000000000     0x37d8
 *(.vectors)
 .vectors       0x0000000000000000       0xe8 C:/Program Files (x86)/Atmel/Studio/7.0/Packs/atmel/AVR-Dx_DFP/1.9.103/gcc/dev/avr128da48/avrxmega4/crtavr128da48.o
                0x0000000000000000                __vector_default
                0x0000000000000000                __vectors
 *(.vectors)
 *(.progmem.gcc*)
                0x00000000000000e8                . = ALIGN (0x2)
                0x00000000000000e8                __trampolines_start = .
 *(.trampolines)
 .trampolines   0x00000000000000e8        0x0 linker stubs
 *(.trampolines*)
                0x00000000000000e8                __trampolines_end = .
 *libprintf_flt.a:*(.progmem.data)
 *libc.a:*(.progmem.data)
 *(.progmem*)
                0x00000000000000e8                . = ALIGN (0x2)
 *(.jumptables)
 *(.jumptables*)
 *(.lowtext)
 *(.lowtext*)
                0x00000000000000e8                __ctors_start = .
 *(.ctors)
 .ctors         0x00000000000000e8        0x2 main.o
 .ctors         0x00000000000000ea        0x2 src/adc.o
                0x00000000000000ec                __ctors_end = .
                0x00000000000000ec                __dtors_start = .
 *(.dtors)
 .dtors         0x00000000000000ec        0x2 main.o
 .dtors         0x00000000000000ee        0x2 src/adc.o
                0x00000000000000f0                __dtors_end = .
 SORT(*)(.ctors)
 SORT(*)(.dtors)
 *(.init0)
 .init0         0x00000000000000f0        0x0 C:/Program Files (x86)/Atmel/Studio/7.0/Packs/atmel/AVR-Dx_DFP/1.9.103/gcc/dev/avr128da48/avrxmega4/crtavr128da48.o
                0x00000000000000f0                __init
 *(.init0)
 *(.init1)
 *(.init1)
 *(.init2)
 .init2         0x00000000000000f0        0xc C:/Program Files (x86)/Atmel/Studio/7.0/Packs/atmel/AVR-Dx_DFP/1.9.103/gcc/dev/avr128da48/avrxmega4/crtavr128da48.o
 *(.init2)
 *(.init3)
 *(.init3)
 *(.init4)
 .init4         0x00000000000000fc       0x1a c:/program files (x86)/atmel/studio/7.0/toolchain/avr8/avr8-gnu-toolchain/bin/../lib/gcc/avr/7.3.0/avrxmega4\libgcc.a(_copy_data.o)
                0x00000000000000fc                __do_copy_data
 .init4         0x0000000000000116       0x10 c:/program files (x86)/atmel/studio/7.0/toolchain/avr8/avr8-gnu-toolchain/bin/../lib/gcc/avr/7.3.0/avrxmega4\libgcc.a(_clear_bss.o)
                0x0000000000000116                __do_clear_bss
 *(.init4)
 *(.init5)
 *(.init5)
 *(.init6)
 .init6         0x0000000000000126       0x16 c:/program files (x86)/atmel/studio/7.0/toolchain/avr8/avr8-gnu-toolchain/bin/../lib/gcc/avr/7.3.0/avrxmega4\libgcc.a(_ctors.o)
                0x0000000000000126                __do_global_ctors
 *(.init6)
 *(.init7)
 *(.init7)
 *(.init8)
 *(.init8)
 *(.init9)
 .init9         0x000000000000013c        0x8 C:/Program Files (x86)/Atmel/Studio/7.0/Packs/atmel/AVR-Dx_DFP/1.9.103/gcc/dev/avr128da48/avrxmega4/crtavr128da48.o
 *(.init9)
 *(.text)
 .text          0x0000000000000144        0x4 C:/Program Files (x86)/Atmel/Studio/7.0/Packs/atmel/AVR-Dx_DFP/1.9.103/gcc/dev/avr128da48/avrxmega4/crtavr128da48.o
                0x0000000000000144                __vector_38
                0x0000000000000144                __vector_22
                0x0000000000000144                __vector_28
                0x0000000000000144                __vector_1
                0x0000000000000144                __vector_32
                0x0000000000000144                __vector_55
                0x0000000000000144                __vector_46
                0x0000000000000144                __bad_interrupt
                0x0000000000000144                __vector_31
                0x0000000000000144                __vector_35
                0x0000000000000144                __vector_39
                0x0000000000000144                __vector_3
                0x0000000000000144                __vector_23
                0x0000000000000144                __vector_45
                0x0000000000000144                __vector_25
                0x0000000000000144                __vector_11
                0x0000000000000144                __vector_54
                0x0000000000000144                __vector_17
                0x0000000000000144                __vector_19
                0x0000000000000144                __vector_56
                0x0000000000000144                __vector_7
                0x0000000000000144                __vector_49
                0x0000000000000144                __vector_43
                0x0000000000000144                __vector_27
                0x0000000000000144                __vector_5
                0x0000000000000144                __vector_33
                0x0000000000000144                __vector_47
                0x0000000000000144                __vector_52
                0x0000000000000144                __vector_37
                0x0000000000000144                __vector_4
                0x0000000000000144                __vector_44
                0x0000000000000144                __vector_51
                0x0000000000000144                __vector_9
                0x0000000000000144                __vector_2
                0x0000000000000144                __vector_21
                0x0000000000000144                __vector_15
                0x0000000000000144                __vector_36
                0x0000000000000144                __vector_29
                0x0000000000000144                __vector_40
                0x0000000000000144                __vector_8
                0x0000000000000144                __vector_26
                0x0000000000000144                __vector_48
                0x0000000000000144                __vector_14
                0x0000000000000144                __vector_57
                0x0000000000000144                __vector_53
                0x0000000000000144                __vector_10
                0x0000000000000144                __vector_50
                0x0000000000000144                __vector_16
                0x0000000000000144                __vector_18
                0x0000000000000144                __vector_20
                0x0000000000000144                __vector_42
 .text          0x0000000000000148       0x18 c:/program files (x86)/atmel/studio/7.0/toolchain/avr8/avr8-gnu-toolchain/bin/../lib/gcc/avr/7.3.0/../../../../avr/lib/avrxmega4\libc.a(set_system_time.o)
                0x0000000000000148                set_system_time
 .text          0x0000000000000160       0x26 c:/program files (x86)/atmel/studio/7.0/toolchain/avr8/avr8-gnu-toolchain/bin/../lib/gcc/avr/7.3.0/../../../../avr/lib/avrxmega4\libc.a(time.o)
                0x0000000000000160                time
                0x0000000000000186                . = ALIGN (0x2)
 *(.text.*)
 .text.atmel_start_init
                0x0000000000000186        0x6 atmel_start.o
                0x0000000000000186                atmel_start_init
 .text.__vector_12
                0x000000000000018c      0x608 main.o
                0x000000000000018c                __vector_12
 .text.__vector_6
                0x0000000000000794       0x1e main.o
                0x0000000000000794                __vector_6
 .text.__vector_34
                0x00000000000007b2       0xbe main.o
                0x00000000000007b2                __vector_34
 .text._Z11powerDown5Vv
                0x0000000000000870        0x4 main.o
                0x0000000000000870                _Z11powerDown5Vv
 .text._Z9powerUp5Vv
                0x0000000000000874        0x4 main.o
                0x0000000000000874                _Z9powerUp5Vv
 .text.main     0x0000000000000878      0x3d6 main.o
                0x0000000000000878                main
 .text._GLOBAL__sub_I_g_antenna_connect_state
                0x0000000000000c4e       0x1e main.o
 .text._GLOBAL__sub_D_g_antenna_connect_state
                0x0000000000000c6c       0x1a main.o
 .text._ZL16ADC0_SYSTEM_initb
                0x0000000000000c86       0x90 src/adc.o
 .text._Z18ADC0_setADCChannel20ADC_Active_Channel_t
                0x0000000000000d16      0x104 src/adc.o
                0x0000000000000d16                _Z18ADC0_setADCChannel20ADC_Active_Channel_t
 .text._Z20ADC0_startConversionv
                0x0000000000000e1a       0x18 src/adc.o
                0x0000000000000e1a                _Z20ADC0_startConversionv
 .text._Z19ADC0_conversionDonev
                0x0000000000000e32        0x8 src/adc.o
                0x0000000000000e32                _Z19ADC0_conversionDonev
 .text._Z9ADC0_readv
                0x0000000000000e3a        0xa src/adc.o
                0x0000000000000e3a                _Z9ADC0_readv
 .text.__vector_24
                0x0000000000000e44       0x62 src/adc.o
                0x0000000000000e44                __vector_24
 .text._GLOBAL__sub_I_g_adcVal
                0x0000000000000ea6       0x22 src/adc.o
 .text._GLOBAL__sub_D_g_adcVal
                0x0000000000000ec8        0xa src/adc.o
 .text._Z8debouncev
                0x0000000000000ed2       0x56 src/binio.o
                0x0000000000000ed2                _Z8debouncev
 .text._Z18portAdebouncedValsv
                0x0000000000000f28        0x6 src/binio.o
                0x0000000000000f28                _Z18portAdebouncedValsv
 .text._Z10BINIO_initv
                0x0000000000000f2e       0xd6 src/binio.o
                0x0000000000000f2e                _Z10BINIO_initv
 .text._Z11BINIO_sleepv
                0x0000000000001004       0xb2 src/binio.o
                0x0000000000001004                _Z11BINIO_sleepv
 .text.BOD_init
                0x00000000000010b6        0x8 src/bod.o
                0x00000000000010b6                BOD_init
 .text._ZN18CircularStringBuffC2Ej
                0x00000000000010be       0x30 src/CircularStringBuff.o
                0x00000000000010be                _ZN18CircularStringBuffC1Ej
                0x00000000000010be                _ZN18CircularStringBuffC2Ej
 .text._ZN18CircularStringBuffD2Ev
                0x00000000000010ee        0xc src/CircularStringBuff.o
                0x00000000000010ee                _ZN18CircularStringBuffD2Ev
                0x00000000000010ee                _ZN18CircularStringBuffD1Ev
 .text._ZN18CircularStringBuff5resetEv
                0x00000000000010fa       0x10 src/CircularStringBuff.o
                0x00000000000010fa                _ZN18CircularStringBuff5resetEv
 .text.CLKCTRL_init
                0x000000000000110a       0x1c src/clkctrl.o
                0x000000000000110a                CLKCTRL_init
 .text.CPUINT_init
                0x0000000000001126        0x6 src/cpuint.o
                0x0000000000001126                CPUINT_init
 .text._Z9DAC0_initv
                0x000000000000112c       0x24 src/dac0.o
                0x000000000000112c                _Z9DAC0_initv
 .text.mcu_init
                0x0000000000001150       0x26 src/driver_init.o
                0x0000000000001150                mcu_init
 .text.system_init
                0x0000000000001176       0x26 src/driver_init.o
                0x0000000000001176                system_init
 .text.system_sleep_settings
                0x000000000000119c       0x16 src/driver_init.o
                0x000000000000119c                system_sleep_settings
 .text._ZN13EepromManagerC2Ev
                0x00000000000011b2        0x2 src/eeprommanager.o
                0x00000000000011b2                _ZN13EepromManagerC1Ev
                0x00000000000011b2                _ZN13EepromManagerC2Ev
 .text._ZN13EepromManagerD2Ev
                0x00000000000011b4        0x2 src/eeprommanager.o
                0x00000000000011b4                _ZN13EepromManagerD1Ev
                0x00000000000011b4                _ZN13EepromManagerD2Ev
 .text._ZN8GoertzelC2Eff
                0x00000000000011b6       0xa0 src/Goertzel.o
                0x00000000000011b6                _ZN8GoertzelC1Eff
                0x00000000000011b6                _ZN8GoertzelC2Eff
 .text._ZN8GoertzelD2Ev
                0x0000000000001256        0xe src/Goertzel.o
                0x0000000000001256                _ZN8GoertzelD2Ev
                0x0000000000001256                _ZN8GoertzelD1Ev
 .text._ZN8Goertzel9DataPointEi
                0x0000000000001264       0x66 src/Goertzel.o
                0x0000000000001264                _ZN8Goertzel9DataPointEi
 .text._ZL11i2c_0_WaitWv
                0x00000000000012ca       0x50 src/i2c.o
 .text.I2C_0_Init
                0x000000000000131a       0x24 src/i2c.o
                0x000000000000131a                I2C_0_Init
 .text.I2C_0_SendData
                0x000000000000133e       0x88 src/i2c.o
                0x000000000000133e                I2C_0_SendData
 .text.I2C_0_GetData
                0x00000000000013c6       0xaa src/i2c.o
                0x00000000000013c6                I2C_0_GetData
 .text._ZN4ledsC2Ev
                0x0000000000001470        0x2 src/leds.o
                0x0000000000001470                _ZN4ledsC2Ev
                0x0000000000001470                _ZN4ledsC1Ev
 .text._ZN4ledsD2Ev
                0x0000000000001472        0x2 src/leds.o
                0x0000000000001472                _ZN4ledsD2Ev
                0x0000000000001472                _ZN4ledsD1Ev
 .text.__vector_41
                0x0000000000001474      0x22a src/leds.o
                0x0000000000001474                __vector_41
 .text._ZN4leds6activeEv
                0x000000000000169e       0x24 src/leds.o
                0x000000000000169e                _ZN4leds6activeEv
 .text._ZN4leds10deactivateEv
                0x00000000000016c2       0x32 src/leds.o
                0x00000000000016c2                _ZN4leds10deactivateEv
 .text._ZN4leds5blinkE7Blink_tb
                0x00000000000016f4      0x462 src/leds.o
                0x00000000000016f4                _ZN4leds5blinkE7Blink_tb
 .text._ZN4leds5blinkE7Blink_t
                0x0000000000001b56        0x8 src/leds.o
                0x0000000000001b56                _ZN4leds5blinkE7Blink_t
 .text._ZN4leds5resetEv
                0x0000000000001b5e       0x32 src/leds.o
                0x0000000000001b5e                _ZN4leds5resetEv
 .text._ZN4leds4initE7Blink_t
                0x0000000000001b90       0x46 src/leds.o
                0x0000000000001b90                _ZN4leds4initE7Blink_t
 .text._ZN4leds4initEv
                0x0000000000001bd6        0xa src/leds.o
                0x0000000000001bd6                _ZN4leds4initEv
 .text.protected_write_io
                0x0000000000001be0        0xa src/protected_io.o
                0x0000000000001be0                protected_write_io
 .text._Z13reduce_by_gcdPmS_
                0x0000000000001bea       0xe8 src/si5351.o
                0x0000000000001bea                _Z13reduce_by_gcdPmS_
 .text._Z8pll_calcmP13u_si5351_regs
                0x0000000000001cd2      0x130 src/si5351.o
                0x0000000000001cd2                _Z8pll_calcmP13u_si5351_regs
 .text._Z15multisynth_calcmP13u_si5351_regsPbS1_
                0x0000000000001e02      0x17c src/si5351.o
                0x0000000000001e02                _Z15multisynth_calcmP13u_si5351_regsPbS1_
 .text._Z19multisynth_estimatemP13u_si5351_regsPbS1_
                0x0000000000001f7e      0x1fe src/si5351.o
                0x0000000000001f7e                _Z19multisynth_estimatemP13u_si5351_regsPbS1_
 .text._Z17si5351_write_bulkhPhh
                0x000000000000217c       0x38 src/si5351.o
                0x000000000000217c                _Z17si5351_write_bulkhPhh
 .text._Z16si5351_set_phase12si5351_clockh
                0x00000000000021b4       0x34 src/si5351.o
                0x00000000000021b4                _Z16si5351_set_phase12si5351_clockh
 .text._Z7set_pllm10si5351_pll
                0x00000000000021e8       0x82 src/si5351.o
                0x00000000000021e8                _Z7set_pllm10si5351_pll
 .text._Z16si5351_read_bulkhPhh
                0x000000000000226a       0x38 src/si5351.o
                0x000000000000226a                _Z16si5351_read_bulkhPhh
 .text.si5351_init
                0x00000000000022a2      0x168 src/si5351.o
                0x00000000000022a2                si5351_init
 .text.si5351_clock_enable
                0x000000000000240a       0x80 src/si5351.o
                0x000000000000240a                si5351_clock_enable
 .text.si5351_drive_strength
                0x000000000000248a       0x8a src/si5351.o
                0x000000000000248a                si5351_drive_strength
 .text._Z31set_multisynth_registers_source12si5351_clock10si5351_pll
                0x0000000000002514       0x62 src/si5351.o
                0x0000000000002514                _Z31set_multisynth_registers_source12si5351_clock10si5351_pll
 .text._Z16set_integer_mode12si5351_clockb
                0x0000000000002576       0x50 src/si5351.o
                0x0000000000002576                _Z16set_integer_mode12si5351_clockb
 .text._Z6ms_div12si5351_clockhb
                0x00000000000025c6       0x84 src/si5351.o
                0x00000000000025c6                _Z6ms_div12si5351_clockhb
 .text._Z24set_multisynth_registers12si5351_clock13u_si5351_regsbhb
                0x000000000000264a       0xfe src/si5351.o
                0x000000000000264a                _Z24set_multisynth_registers12si5351_clock13u_si5351_regsbhb
 .text.si5351_set_freq
                0x0000000000002748      0x2de src/si5351.o
                0x0000000000002748                si5351_set_freq
 .text.SLPCTRL_init
                0x0000000000002a26        0x8 src/slpctrl.o
                0x0000000000002a26                SLPCTRL_init
 .text.SLPCTRL_set_sleep_mode
                0x0000000000002a2e       0x10 src/slpctrl.o
                0x0000000000002a2e                SLPCTRL_set_sleep_mode
 .text.TIMERA_init
                0x0000000000002a3e       0x30 src/tca.o
                0x0000000000002a3e                TIMERA_init
 .text.TIMERB_init
                0x0000000000002a6e       0x5c src/tcb.o
                0x0000000000002a6e                TIMERB_init
 .text.util_delay_ms
                0x0000000000002aca      0x114 src/tcb.o
                0x0000000000002aca                util_delay_ms
 .text.__vector_30
                0x0000000000002bde       0x66 src/tcb.o
                0x0000000000002bde                __vector_30
 .text.__vector_13
                0x0000000000002c44       0x66 src/tcb.o
                0x0000000000002c44                __vector_13
 .text.TIMERB_sleep
                0x0000000000002caa       0x24 src/tcb.o
                0x0000000000002caa                TIMERB_sleep
 .text._Z14rxSetFrequencyPmb
                0x0000000000002cce       0xb6 src/receiver.o
                0x0000000000002cce                _Z14rxSetFrequencyPmb
 .text._Z13init_receiverm
                0x0000000000002d84       0x16 src/receiver.o
                0x0000000000002d84                _Z13init_receiverm
 .text._Z13init_receiverv
                0x0000000000002d9a       0x80 src/receiver.o
                0x0000000000002d9a                _Z13init_receiverv
 .text.avr-libc.fplib
                0x0000000000002e1a        0xa c:/program files (x86)/atmel/studio/7.0/toolchain/avr8/avr8-gnu-toolchain/bin/../lib/gcc/avr/7.3.0/../../../../avr/lib/avrxmega4\libm.a(cmpsf2.o)
                0x0000000000002e1a                __nesf2
                0x0000000000002e1a                __eqsf2
                0x0000000000002e1a                __cmpsf2
                0x0000000000002e1a                __ltsf2
                0x0000000000002e1a                __lesf2
 .text.avr-libc.fplib
                0x0000000000002e24        0xe c:/program files (x86)/atmel/studio/7.0/toolchain/avr8/avr8-gnu-toolchain/bin/../lib/gcc/avr/7.3.0/../../../../avr/lib/avrxmega4\libm.a(fixsfsi.o)
                0x0000000000002e24                __fixsfsi
 .text.avr-libc.fplib
                0x0000000000002e32       0x5e c:/program files (x86)/atmel/studio/7.0/toolchain/avr8/avr8-gnu-toolchain/bin/../lib/gcc/avr/7.3.0/../../../../avr/lib/avrxmega4\libm.a(fixunssfsi.o)
                0x0000000000002e32                __fixunssfsi
 .text.avr-libc.fplib
                0x0000000000002e90       0x48 c:/program files (x86)/atmel/studio/7.0/toolchain/avr8/avr8-gnu-toolchain/bin/../lib/gcc/avr/7.3.0/../../../../avr/lib/avrxmega4\libm.a(fp_cmp.o)
                0x0000000000002e90                __fp_cmp
 .text.avr-libc.fplib
                0x0000000000002ed8       0x44 c:/program files (x86)/atmel/studio/7.0/toolchain/avr8/avr8-gnu-toolchain/bin/../lib/gcc/avr/7.3.0/../../../../avr/lib/avrxmega4\libm.a(fp_split3.o)
                0x0000000000002ed8                __fp_split3
                0x0000000000002ee8                __fp_splitA
 .text.avr-libc.fplib
                0x0000000000002f1c        0xe c:/program files (x86)/atmel/studio/7.0/toolchain/avr8/avr8-gnu-toolchain/bin/../lib/gcc/avr/7.3.0/../../../../avr/lib/avrxmega4\libm.a(fp_zero.o)
                0x0000000000002f1c                __fp_zero
                0x0000000000002f1e                __fp_szero
 .text.avr-libc.fplib
                0x0000000000002f2a        0xa c:/program files (x86)/atmel/studio/7.0/toolchain/avr8/avr8-gnu-toolchain/bin/../lib/gcc/avr/7.3.0/../../../../avr/lib/avrxmega4\libm.a(gesf2.o)
                0x0000000000002f2a                __gesf2
                0x0000000000002f2a                __gtsf2
 .text.libgcc.mul
                0x0000000000002f34       0x20 c:/program files (x86)/atmel/studio/7.0/toolchain/avr8/avr8-gnu-toolchain/bin/../lib/gcc/avr/7.3.0/avrxmega4\libgcc.a(_mulsi3.o)
                0x0000000000002f34                __mulsi3
 .text.libgcc.div
                0x0000000000002f54       0x44 c:/program files (x86)/atmel/studio/7.0/toolchain/avr8/avr8-gnu-toolchain/bin/../lib/gcc/avr/7.3.0/avrxmega4\libgcc.a(_udivmodsi4.o)
                0x0000000000002f54                __udivmodsi4
 .text.libgcc   0x0000000000002f98       0x12 c:/program files (x86)/atmel/studio/7.0/toolchain/avr8/avr8-gnu-toolchain/bin/../lib/gcc/avr/7.3.0/avrxmega4\libgcc.a(_tablejump2.o)
                0x0000000000002f98                __tablejump2__
 .text.libgcc.mul
                0x0000000000002faa       0x1e c:/program files (x86)/atmel/studio/7.0/toolchain/avr8/avr8-gnu-toolchain/bin/../lib/gcc/avr/7.3.0/avrxmega4\libgcc.a(_umulhisi3.o)
                0x0000000000002faa                __umulhisi3
 .text.libgcc.mul
                0x0000000000002fc8       0x16 c:/program files (x86)/atmel/studio/7.0/toolchain/avr8/avr8-gnu-toolchain/bin/../lib/gcc/avr/7.3.0/avrxmega4\libgcc.a(_muluhisi3.o)
                0x0000000000002fc8                __muluhisi3
 .text.avr-libc
                0x0000000000002fde      0x24a c:/program files (x86)/atmel/studio/7.0/toolchain/avr8/avr8-gnu-toolchain/bin/../lib/gcc/avr/7.3.0/../../../../avr/lib/avrxmega4\libc.a(malloc.o)
                0x0000000000002fde                malloc
                0x0000000000003116                free
 .text.avr-libc
                0x0000000000003228       0x54 c:/program files (x86)/atmel/studio/7.0/toolchain/avr8/avr8-gnu-toolchain/bin/../lib/gcc/avr/7.3.0/../../../../avr/lib/avrxmega4\libc.a(sprintf.o)
                0x0000000000003228                sprintf
 .text.avr-libc
                0x000000000000327c      0x3fa c:/program files (x86)/atmel/studio/7.0/toolchain/avr8/avr8-gnu-toolchain/bin/../lib/gcc/avr/7.3.0/../../../../avr/lib/avrxmega4\libc.a(vfprintf_std.o)
                0x000000000000327c                vfprintf
 .text.avr-libc
                0x0000000000003676       0x16 c:/program files (x86)/atmel/studio/7.0/toolchain/avr8/avr8-gnu-toolchain/bin/../lib/gcc/avr/7.3.0/../../../../avr/lib/avrxmega4\libc.a(strnlen_P.o)
                0x0000000000003676                strnlen_P
 .text.avr-libc
                0x000000000000368c       0x16 c:/program files (x86)/atmel/studio/7.0/toolchain/avr8/avr8-gnu-toolchain/bin/../lib/gcc/avr/7.3.0/../../../../avr/lib/avrxmega4\libc.a(strnlen.o)
                0x000000000000368c                strnlen
 .text.avr-libc
                0x00000000000036a2       0x60 c:/program files (x86)/atmel/studio/7.0/toolchain/avr8/avr8-gnu-toolchain/bin/../lib/gcc/avr/7.3.0/../../../../avr/lib/avrxmega4\libc.a(fputc.o)
                0x00000000000036a2                fputc
 .text.avr-libc
                0x0000000000003702       0xbc c:/program files (x86)/atmel/studio/7.0/toolchain/avr8/avr8-gnu-toolchain/bin/../lib/gcc/avr/7.3.0/../../../../avr/lib/avrxmega4\libc.a(ultoa_invert.o)
                0x0000000000003702                __ultoa_invert
                0x00000000000037be                . = ALIGN (0x2)
 *(.fini9)
 .fini9         0x00000000000037be        0x0 c:/program files (x86)/atmel/studio/7.0/toolchain/avr8/avr8-gnu-toolchain/bin/../lib/gcc/avr/7.3.0/avrxmega4\libgcc.a(_exit.o)
                0x00000000000037be                _exit
                0x00000000000037be                exit
 *(.fini9)
 *(.fini8)
 *(.fini8)
 *(.fini7)
 *(.fini7)
 *(.fini6)
 .fini6         0x00000000000037be       0x16 c:/program files (x86)/atmel/studio/7.0/toolchain/avr8/avr8-gnu-toolchain/bin/../lib/gcc/avr/7.3.0/avrxmega4\libgcc.a(_dtors.o)
                0x00000000000037be                __do_global_dtors
 *(.fini6)
 *(.fini5)
 *(.fini5)
 *(.fini4)
 *(.fini4)
 *(.fini3)
 *(.fini3)
 *(.fini2)
 *(.fini2)
 *(.fini1)
 *(.fini1)
 *(.fini0)
 .fini0         0x00000000000037d4        0x4 c:/program files (x86)/atmel/studio/7.0/toolchain/avr8/avr8-gnu-toolchain/bin/../lib/gcc/avr/7.3.0/avrxmega4\libgcc.a(_exit.o)
 *(.fini0)
                0x00000000000037d8                _etext = .

.data           0x0000000000804000       0x32 load address 0x00000000000037d8
                0x0000000000804000                PROVIDE (__data_start, .)
 *(.data)
 .data          0x0000000000804000        0x6 c:/program files (x86)/atmel/studio/7.0/toolchain/avr8/avr8-gnu-toolchain/bin/../lib/gcc/avr/7.3.0/../../../../avr/lib/avrxmega4\libc.a(malloc.o)
                0x0000000000804000                __malloc_heap_end
                0x0000000000804002                __malloc_heap_start
                0x0000000000804004                __malloc_margin
 *(.data*)
 .data._ZZ11__vector_12E23encoderLongPressEnabled
                0x0000000000804006        0x1 main.o
 .data._ZZ11__vector_12E26rightsenseLongPressEnabled
                0x0000000000804007        0x1 main.o
 .data._ZZ11__vector_12E25leftsenseLongPressEnabled
                0x0000000000804008        0x1 main.o
 .data._ZZ11__vector_12E7fiftyMS
                0x0000000000804009        0x1 main.o
 .data._ZL19g_adcCountdownCount
                0x000000000080400a        0x6 main.o
 .data._ZL12g_awakenedBy
                0x0000000000804010        0x2 main.o
 .data.g_i2c1_timeout_ticks
                0x0000000000804012        0x2 src/i2c.o
                0x0000000000804012                g_i2c1_timeout_ticks
 .data.g_i2c0_timeout_ticks
                0x0000000000804014        0x2 src/i2c.o
                0x0000000000804014                g_i2c0_timeout_ticks
 .data._ZL17led_timeout_count
                0x0000000000804016        0x4 src/leds.o
 .data._ZL9xtal_freq
                0x000000000080401a        0x4 src/si5351.o
 .data.g_rx_frequency
                0x000000000080401e        0x4 src/receiver.o
                0x000000000080401e                g_rx_frequency
 *(.gnu.linkonce.d*)
 *(.rodata)
 *(.rodata*)
 .rodata.main.str1.1
                0x0000000000804022        0x3 main.o
 .rodata._ZL34g_adcChannelConversionPeriod_ticks
                0x0000000000804025        0x6 main.o
 .rodata._ZL17g_adcChannelOrder
                0x000000000080402b        0x6 main.o
 *(.gnu.linkonce.r*)
                0x0000000000804032                . = ALIGN (0x2)
 *fill*         0x0000000000804031        0x1 
                0x0000000000804032                _edata = .
                0x0000000000804032                PROVIDE (__data_end, .)

.bss            0x0000000000804032      0x102
                0x0000000000804032                PROVIDE (__bss_start, .)
 *(.bss)
 *(.bss*)
 .bss._ZL5minus
                0x0000000000804032        0x2 main.o
 .bss._ZL4plus  0x0000000000804034        0x2 main.o
 .bss.prev_state
                0x0000000000804036        0x1 main.o
                0x0000000000804036                prev_state
 .bss._ZZ11__vector_12E23rotaryNoMotionCountdown
                0x0000000000804037        0x2 main.o
 .bss._ZZ11__vector_12E15holdRotaryEdges
                0x0000000000804039        0x2 main.o
 .bss._ZZ11__vector_12E15encoderReleased
                0x000000000080403b        0x1 main.o
 .bss._ZZ11__vector_12E18rightsenseReleased
                0x000000000080403c        0x1 main.o
 .bss._ZZ11__vector_12E17leftsenseReleased
                0x000000000080403d        0x1 main.o
 .bss._ZZ11__vector_12E29encoder_closures_count_period
                0x000000000080403e        0x2 main.o
 .bss._ZZ11__vector_12E32rightsense_closures_count_period
                0x0000000000804040        0x2 main.o
 .bss._ZZ11__vector_12E31leftsense_closures_count_period
                0x0000000000804042        0x2 main.o
 .bss._ZZ11__vector_12E24indexConversionInProcess
                0x0000000000804044        0x1 main.o
 .bss._ZZ11__vector_12E19conversionInProcess
                0x0000000000804045        0x1 main.o
 .bss.g_ee_mgr  0x0000000000804046        0x1 main.o
                0x0000000000804046                g_ee_mgr
 .bss.g_text_buff
                0x0000000000804047        0xa main.o
                0x0000000000804047                g_text_buff
 .bss.LEDS      0x0000000000804051        0x1 main.o
                0x0000000000804051                LEDS
 .bss.g_long_encoder_press
                0x0000000000804052        0x1 main.o
                0x0000000000804052                g_long_encoder_press
 .bss.g_long_rightsense_press
                0x0000000000804053        0x1 main.o
                0x0000000000804053                g_long_rightsense_press
 .bss.g_long_leftsense_press
                0x0000000000804054        0x1 main.o
                0x0000000000804054                g_long_leftsense_press
 .bss.g_encoder_presses_count
                0x0000000000804055        0x2 main.o
                0x0000000000804055                g_encoder_presses_count
 .bss.g_rightsense_presses_count
                0x0000000000804057        0x2 main.o
                0x0000000000804057                g_rightsense_presses_count
 .bss.g_leftsense_presses_count
                0x0000000000804059        0x2 main.o
                0x0000000000804059                g_leftsense_presses_count
 .bss.g_handle_counted_encoder_presses
                0x000000000080405b        0x2 main.o
                0x000000000080405b                g_handle_counted_encoder_presses
 .bss.g_handle_counted_rightsense_presses
                0x000000000080405d        0x2 main.o
                0x000000000080405d                g_handle_counted_rightsense_presses
 .bss.g_handle_counted_leftsense_presses
                0x000000000080405f        0x2 main.o
                0x000000000080405f                g_handle_counted_leftsense_presses
 .bss.g_encoder_closed_time
                0x0000000000804061        0x2 main.o
                0x0000000000804061                g_encoder_closed_time
 .bss.g_rightsense_closed_time
                0x0000000000804063        0x2 main.o
                0x0000000000804063                g_rightsense_closed_time
 .bss.g_leftsense_closed_time
                0x0000000000804065        0x2 main.o
                0x0000000000804065                g_leftsense_closed_time
 .bss._ZL22g_lastConversionResult
                0x0000000000804067        0x6 main.o
 .bss._ZL12g_adcUpdated
                0x000000000080406d        0x3 main.o
 .bss._ZL10g_sleeping
                0x0000000000804070        0x1 main.o
 .bss._ZL17g_go_to_sleep_now
                0x0000000000804071        0x1 main.o
 .bss._ZL14g_rotary_edges
                0x0000000000804072        0x2 main.o
 .bss._ZL14g_rotary_count
                0x0000000000804074        0x2 main.o
 .bss._ZL16g_hardware_error
                0x0000000000804076        0x2 main.o
 .bss._ZL18g_last_status_code
                0x0000000000804078        0x2 main.o
 .bss._ZL17g_last_error_code
                0x000000000080407a        0x2 main.o
 .bss._ZL9g_tempStr
                0x000000000080407c       0x64 main.o
 .bss._ZL20g_adc_initialization
                0x00000000008040e0        0x2 src/adc.o
 .bss.g_goertzel
                0x00000000008040e2        0x1 src/adc.o
                0x00000000008040e2                g_goertzel
 .bss.portFdebounced
                0x00000000008040e3        0x1 src/binio.o
                0x00000000008040e3                portFdebounced
 .bss.portAdebounced
                0x00000000008040e4        0x1 src/binio.o
                0x00000000008040e4                portAdebounced
 .bss.portFpinReadings
                0x00000000008040e5        0x3 src/binio.o
                0x00000000008040e5                portFpinReadings
 .bss.portApinReadings
                0x00000000008040e8        0x3 src/binio.o
                0x00000000008040e8                portApinReadings
 .bss.testData  0x00000000008040eb        0x2 src/Goertzel.o
                0x00000000008040eb                testData
 .bss._samplesReady
                0x00000000008040ed        0x1 src/Goertzel.o
                0x00000000008040ed                _samplesReady
 .bss._index    0x00000000008040ee        0x2 src/Goertzel.o
                0x00000000008040ee                _index
 .bss._N        0x00000000008040f0        0x2 src/Goertzel.o
                0x00000000008040f0                _N
 .bss._SAMPLING_FREQUENCY
                0x00000000008040f2        0x4 src/Goertzel.o
                0x00000000008040f2                _SAMPLING_FREQUENCY
 .bss.isBoth    0x00000000008040f6        0x1 src/leds.o
                0x00000000008040f6                isBoth
 .bss.isGreen   0x00000000008040f7        0x1 src/leds.o
                0x00000000008040f7                isGreen
 .bss.isRed     0x00000000008040f8        0x1 src/leds.o
                0x00000000008040f8                isRed
 .bss._ZL20green_led_configured
                0x00000000008040f9        0x1 src/leds.o
 .bss._ZL18red_led_configured
                0x00000000008040fa        0x1 src/leds.o
 .bss._ZL17green_blink_count
                0x00000000008040fb        0x2 src/leds.o
 .bss._ZL15red_blink_count
                0x00000000008040fd        0x2 src/leds.o
 .bss._ZL22green_blink_off_period
                0x00000000008040ff        0x2 src/leds.o
 .bss._ZL21green_blink_on_period
                0x0000000000804101        0x2 src/leds.o
 .bss._ZL20red_blink_off_period
                0x0000000000804103        0x2 src/leds.o
 .bss._ZL19red_blink_on_period
                0x0000000000804105        0x2 src/leds.o
 .bss._ZL20lastBothBlinkSetting
                0x0000000000804107        0x2 src/leds.o
 .bss._ZL21lastGreenBlinkSetting
                0x0000000000804109        0x2 src/leds.o
 .bss._ZL19lastRedBlinkSetting
                0x000000000080410b        0x2 src/leds.o
 .bss._ZL25timer_green_blink_inhibit
                0x000000000080410d        0x1 src/leds.o
 .bss._ZL23timer_red_blink_inhibit
                0x000000000080410e        0x1 src/leds.o
 .bss._ZZ11si5351_initE3err
                0x000000000080410f        0x1 src/si5351.o
 .bss.g_si5351_initialized
                0x0000000000804110        0x1 src/si5351.o
                0x0000000000804110                g_si5351_initialized
 .bss._ZL9clock_out
                0x0000000000804111        0xc src/si5351.o
 .bss._ZL17enabledClocksMask
                0x000000000080411d        0x1 src/si5351.o
 .bss._ZL8freqVCOB
                0x000000000080411e        0x4 src/si5351.o
 .bss._ZZ13util_delay_msE8counting
                0x0000000000804122        0x1 src/tcb.o
 .bss._ZZ13util_delay_msE14countdownValue
                0x0000000000804123        0x4 src/tcb.o
 .bss._ZL12g_ms_counter
                0x0000000000804127        0x4 src/tcb.o
 .bss._ZL16g_rx_initialized
                0x000000000080412b        0x1 src/receiver.o
 *(COMMON)
 COMMON         0x000000000080412c        0x4 c:/program files (x86)/atmel/studio/7.0/toolchain/avr8/avr8-gnu-toolchain/bin/../lib/gcc/avr/7.3.0/../../../../avr/lib/avrxmega4\libc.a(malloc.o)
                0x000000000080412c                __brkval
                0x000000000080412e                __flp
 COMMON         0x0000000000804130        0x4 c:/program files (x86)/atmel/studio/7.0/toolchain/avr8/avr8-gnu-toolchain/bin/../lib/gcc/avr/7.3.0/../../../../avr/lib/avrxmega4\libc.a(system_time.o)
                0x0000000000804130                __system_time
                0x0000000000804134                PROVIDE (__bss_end, .)
                0x00000000000037d8                __data_load_start = LOADADDR (.data)
                0x000000000000380a                __data_load_end = (__data_load_start + SIZEOF (.data))

.noinit         0x0000000000804134        0x0
                [!provide]                        PROVIDE (__noinit_start, .)
 *(.noinit*)
                [!provide]                        PROVIDE (__noinit_end, .)
                0x0000000000804134                _end = .
                0x0000000000804134                PROVIDE (__heap_start, .)

.eeprom         0x0000000000810000      0x112
 *(.eeprom*)
 .eeprom        0x0000000000810000      0x112 src/eeprommanager.o
                0x0000000000810000                _ZN13EepromManager7ee_varsE
                0x0000000000810112                __eeprom_end = .

.fuse
 *(.fuse)
 *(.lfuse)
 *(.hfuse)
 *(.efuse)

.lock
 *(.lock*)

.signature
 *(.signature*)

.user_signatures
 *(.user_signatures*)

.stab
 *(.stab)

.stabstr
 *(.stabstr)

.stab.excl
 *(.stab.excl)

.stab.exclstr
 *(.stab.exclstr)

.stab.index
 *(.stab.index)

.stab.indexstr
 *(.stab.indexstr)

.comment        0x0000000000000000       0x5c
 *(.comment)
 .comment       0x0000000000000000       0x30 atmel_start.o
                                         0x31 (size before relaxing)
 .comment       0x0000000000000030       0x31 main.o
 .comment       0x0000000000000030       0x31 src/adc.o
 .comment       0x0000000000000030       0x31 src/binio.o
 .comment       0x0000000000000030       0x31 src/bod.o
 .comment       0x0000000000000030       0x31 src/CircularStringBuff.o
 .comment       0x0000000000000030       0x31 src/clkctrl.o
 .comment       0x0000000000000030       0x31 src/cpuint.o
 .comment       0x0000000000000030       0x31 src/dac0.o
 .comment       0x0000000000000030       0x31 src/driver_init.o
 .comment       0x0000000000000030       0x31 src/eeprommanager.o
 .comment       0x0000000000000030       0x31 src/Goertzel.o
 .comment       0x0000000000000030       0x31 src/i2c.o
 .comment       0x0000000000000030       0x31 src/leds.o
 .comment       0x0000000000000030       0x31 src/si5351.o
 .comment       0x0000000000000030       0x31 src/slpctrl.o
 .comment       0x0000000000000030       0x31 src/tca.o
 .comment       0x0000000000000030       0x31 src/tcb.o
 .comment       0x0000000000000030       0x31 src/receiver.o
 .comment       0x0000000000000030       0x31 c:/program files (x86)/atmel/studio/7.0/toolchain/avr8/avr8-gnu-toolchain/bin/../lib/gcc/avr/7.3.0/../../../../avr/lib/avrxmega4\libc.a(malloc.o)
 .comment       0x0000000000000030       0x31 c:/program files (x86)/atmel/studio/7.0/toolchain/avr8/avr8-gnu-toolchain/bin/../lib/gcc/avr/7.3.0/../../../../avr/lib/avrxmega4\libc.a(sprintf.o)
 .comment       0x0000000000000030       0x31 c:/program files (x86)/atmel/studio/7.0/toolchain/avr8/avr8-gnu-toolchain/bin/../lib/gcc/avr/7.3.0/../../../../avr/lib/avrxmega4\libc.a(set_system_time.o)
 .comment       0x0000000000000030       0x31 c:/program files (x86)/atmel/studio/7.0/toolchain/avr8/avr8-gnu-toolchain/bin/../lib/gcc/avr/7.3.0/../../../../avr/lib/avrxmega4\libc.a(system_time.o)
 .comment       0x0000000000000030       0x31 c:/program files (x86)/atmel/studio/7.0/toolchain/avr8/avr8-gnu-toolchain/bin/../lib/gcc/avr/7.3.0/../../../../avr/lib/avrxmega4\libc.a(time.o)
 .comment       0x0000000000000030       0x2c c:/program files (x86)/atmel/studio/7.0/toolchain/avr8/avr8-gnu-toolchain/bin/../lib/gcc/avr/7.3.0/../../../../avr/lib/avrxmega4\libc.a(vfprintf_std.o)
                                         0x2d (size before relaxing)
 .comment       0x000000000000005c       0x31 c:/program files (x86)/atmel/studio/7.0/toolchain/avr8/avr8-gnu-toolchain/bin/../lib/gcc/avr/7.3.0/../../../../avr/lib/avrxmega4\libc.a(fputc.o)

.note.gnu.avr.deviceinfo
                0x0000000000000000       0x40
 .note.gnu.avr.deviceinfo
                0x0000000000000000       0x40 C:/Program Files (x86)/Atmel/Studio/7.0/Packs/atmel/AVR-Dx_DFP/1.9.103/gcc/dev/avr128da48/avrxmega4/crtavr128da48.o

.note.gnu.build-id
 *(.note.gnu.build-id)

.debug
 *(.debug)

.line
 *(.line)

.debug_srcinfo
 *(.debug_srcinfo)

.debug_sfnames
 *(.debug_sfnames)

.debug_aranges  0x0000000000000000      0x630
 *(.debug_aranges)
 .debug_aranges
                0x0000000000000000       0x20 atmel_start.o
 .debug_aranges
                0x0000000000000020       0x90 main.o
 .debug_aranges
                0x00000000000000b0       0x60 src/adc.o
 .debug_aranges
                0x0000000000000110       0x50 src/binio.o
 .debug_aranges
                0x0000000000000160       0x20 src/bod.o
 .debug_aranges
                0x0000000000000180       0x78 src/CircularStringBuff.o
 .debug_aranges
                0x00000000000001f8       0x20 src/clkctrl.o
 .debug_aranges
                0x0000000000000218       0x20 src/cpuint.o
 .debug_aranges
                0x0000000000000238       0x28 src/dac0.o
 .debug_aranges
                0x0000000000000260       0x30 src/driver_init.o
 .debug_aranges
                0x0000000000000290       0x68 src/eeprommanager.o
 .debug_aranges
                0x00000000000002f8       0x60 src/Goertzel.o
 .debug_aranges
                0x0000000000000358       0x78 src/i2c.o
 .debug_aranges
                0x00000000000003d0       0x80 src/leds.o
 .debug_aranges
                0x0000000000000450       0x20 src/protected_io.o
 .debug_aranges
                0x0000000000000470       0xd8 src/si5351.o
 .debug_aranges
                0x0000000000000548       0x28 src/slpctrl.o
 .debug_aranges
                0x0000000000000570       0x28 src/tca.o
 .debug_aranges
                0x0000000000000598       0x40 src/tcb.o
 .debug_aranges
                0x00000000000005d8       0x58 src/receiver.o

.debug_pubnames
 *(.debug_pubnames)

.debug_info     0x0000000000000000     0xeb4f
 *(.debug_info .gnu.linkonce.wi.*)
 .debug_info    0x0000000000000000     0x2c24 C:/Program Files (x86)/Atmel/Studio/7.0/Packs/atmel/AVR-Dx_DFP/1.9.103/gcc/dev/avr128da48/avrxmega4/crtavr128da48.o
 .debug_info    0x0000000000002c24       0xe0 atmel_start.o
 .debug_info    0x0000000000002d04     0x28c6 main.o
 .debug_info    0x00000000000055ca      0xeed src/adc.o
 .debug_info    0x00000000000064b7     0x14e0 src/binio.o
 .debug_info    0x0000000000007997      0x1d0 src/bod.o
 .debug_info    0x0000000000007b67      0x5ec src/CircularStringBuff.o
 .debug_info    0x0000000000008153      0x383 src/clkctrl.o
 .debug_info    0x00000000000084d6       0xd4 src/cpuint.o
 .debug_info    0x00000000000085aa      0x458 src/dac0.o
 .debug_info    0x0000000000008a02      0x63c src/driver_init.o
 .debug_info    0x000000000000903e      0xfbf src/eeprommanager.o
 .debug_info    0x0000000000009ffd      0x682 src/Goertzel.o
 .debug_info    0x000000000000a67f      0x9bf src/i2c.o
 .debug_info    0x000000000000b03e     0x10e5 src/leds.o
 .debug_info    0x000000000000c123       0x92 src/protected_io.o
 .debug_info    0x000000000000c1b5     0x15d5 src/si5351.o
 .debug_info    0x000000000000d78a      0x181 src/slpctrl.o
 .debug_info    0x000000000000d90b      0x8e7 src/tca.o
 .debug_info    0x000000000000e1f2      0x3d1 src/tcb.o
 .debug_info    0x000000000000e5c3      0x58c src/receiver.o

.debug_abbrev   0x0000000000000000     0x54c8
 *(.debug_abbrev)
 .debug_abbrev  0x0000000000000000     0x29ce C:/Program Files (x86)/Atmel/Studio/7.0/Packs/atmel/AVR-Dx_DFP/1.9.103/gcc/dev/avr128da48/avrxmega4/crtavr128da48.o
 .debug_abbrev  0x00000000000029ce       0x8f atmel_start.o
 .debug_abbrev  0x0000000000002a5d      0x598 main.o
 .debug_abbrev  0x0000000000002ff5      0x434 src/adc.o
 .debug_abbrev  0x0000000000003429      0x2d7 src/binio.o
 .debug_abbrev  0x0000000000003700       0xd2 src/bod.o
 .debug_abbrev  0x00000000000037d2      0x23e src/CircularStringBuff.o
 .debug_abbrev  0x0000000000003a10      0x149 src/clkctrl.o
 .debug_abbrev  0x0000000000003b59       0x72 src/cpuint.o
 .debug_abbrev  0x0000000000003bcb      0x146 src/dac0.o
 .debug_abbrev  0x0000000000003d11      0x1ba src/driver_init.o
 .debug_abbrev  0x0000000000003ecb      0x327 src/eeprommanager.o
 .debug_abbrev  0x00000000000041f2      0x2d2 src/Goertzel.o
 .debug_abbrev  0x00000000000044c4      0x320 src/i2c.o
 .debug_abbrev  0x00000000000047e4      0x3cd src/leds.o
 .debug_abbrev  0x0000000000004bb1       0x14 src/protected_io.o
 .debug_abbrev  0x0000000000004bc5      0x337 src/si5351.o
 .debug_abbrev  0x0000000000004efc       0xe7 src/slpctrl.o
 .debug_abbrev  0x0000000000004fe3      0x18d src/tca.o
 .debug_abbrev  0x0000000000005170      0x175 src/tcb.o
 .debug_abbrev  0x00000000000052e5      0x1e3 src/receiver.o

.debug_line     0x0000000000000000     0x4b77
 *(.debug_line .debug_line.* .debug_line_end)
 .debug_line    0x0000000000000000      0x1f3 C:/Program Files (x86)/Atmel/Studio/7.0/Packs/atmel/AVR-Dx_DFP/1.9.103/gcc/dev/avr128da48/avrxmega4/crtavr128da48.o
 .debug_line    0x00000000000001f3      0x13c atmel_start.o
 .debug_line    0x000000000000032f      0xabf main.o
 .debug_line    0x0000000000000dee      0x46f src/adc.o
 .debug_line    0x000000000000125d      0x486 src/binio.o
 .debug_line    0x00000000000016e3      0x18b src/bod.o
 .debug_line    0x000000000000186e      0x340 src/CircularStringBuff.o
 .debug_line    0x0000000000001bae      0x1b9 src/clkctrl.o
 .debug_line    0x0000000000001d67      0x129 src/cpuint.o
 .debug_line    0x0000000000001e90      0x1c7 src/dac0.o
 .debug_line    0x0000000000002057      0x2de src/driver_init.o
 .debug_line    0x0000000000002335      0x370 src/eeprommanager.o
 .debug_line    0x00000000000026a5      0x301 src/Goertzel.o
 .debug_line    0x00000000000029a6      0x5ee src/i2c.o
 .debug_line    0x0000000000002f94      0x860 src/leds.o
 .debug_line    0x00000000000037f4       0x5b src/protected_io.o
 .debug_line    0x000000000000384f      0x9a3 src/si5351.o
 .debug_line    0x00000000000041f2      0x1ab src/slpctrl.o
 .debug_line    0x000000000000439d      0x1e3 src/tca.o
 .debug_line    0x0000000000004580      0x35b src/tcb.o
 .debug_line    0x00000000000048db      0x29c src/receiver.o

.debug_frame    0x0000000000000000     0x1180
 *(.debug_frame)
 .debug_frame   0x0000000000000000       0x24 atmel_start.o
 .debug_frame   0x0000000000000024      0x220 main.o
 .debug_frame   0x0000000000000244      0x11c src/adc.o
 .debug_frame   0x0000000000000360       0x84 src/binio.o
 .debug_frame   0x00000000000003e4       0x24 src/bod.o
 .debug_frame   0x0000000000000408      0x10c src/CircularStringBuff.o
 .debug_frame   0x0000000000000514       0x24 src/clkctrl.o
 .debug_frame   0x0000000000000538       0x24 src/cpuint.o
 .debug_frame   0x000000000000055c       0x34 src/dac0.o
 .debug_frame   0x0000000000000590       0x44 src/driver_init.o
 .debug_frame   0x00000000000005d4       0xb4 src/eeprommanager.o
 .debug_frame   0x0000000000000688      0x184 src/Goertzel.o
 .debug_frame   0x000000000000080c      0x154 src/i2c.o
 .debug_frame   0x0000000000000960      0x150 src/leds.o
 .debug_frame   0x0000000000000ab0      0x4d8 src/si5351.o
 .debug_frame   0x0000000000000f88       0x34 src/slpctrl.o
 .debug_frame   0x0000000000000fbc       0x40 src/tca.o
 .debug_frame   0x0000000000000ffc       0xa4 src/tcb.o
 .debug_frame   0x00000000000010a0       0xe0 src/receiver.o

.debug_str      0x0000000000000000     0x5bbf
 *(.debug_str)
 .debug_str     0x0000000000000000     0x1320 C:/Program Files (x86)/Atmel/Studio/7.0/Packs/atmel/AVR-Dx_DFP/1.9.103/gcc/dev/avr128da48/avrxmega4/crtavr128da48.o
 .debug_str     0x0000000000001320      0x1f5 atmel_start.o
                                        0x22e (size before relaxing)
 .debug_str     0x0000000000001515     0x2215 main.o
                                       0x2701 (size before relaxing)
 .debug_str     0x000000000000372a      0x79d src/adc.o
                                        0xdf8 (size before relaxing)
 .debug_str     0x0000000000003ec7      0x2a7 src/binio.o
                                        0x6ac (size before relaxing)
 .debug_str     0x000000000000416e       0x80 src/bod.o
                                        0x2d1 (size before relaxing)
 .debug_str     0x00000000000041ee       0x74 src/CircularStringBuff.o
                                        0x437 (size before relaxing)
 .debug_str     0x0000000000004262      0x21f src/clkctrl.o
                                        0x468 (size before relaxing)
 .debug_str     0x0000000000004481       0x1e src/cpuint.o
                                        0x221 (size before relaxing)
 .debug_str     0x000000000000449f       0x6c src/dac0.o
                                        0x4bf (size before relaxing)
 .debug_str     0x000000000000450b       0x9a src/driver_init.o
                                        0x48b (size before relaxing)
 .debug_str     0x00000000000045a5      0x417 src/eeprommanager.o
                                       0x1188 (size before relaxing)
 .debug_str     0x00000000000049bc       0xf7 src/Goertzel.o
                                        0x460 (size before relaxing)
 .debug_str     0x0000000000004ab3      0x320 src/i2c.o
                                        0x673 (size before relaxing)
 .debug_str     0x0000000000004dd3      0x1af src/leds.o
                                        0x9dd (size before relaxing)
 .debug_str     0x0000000000004f82      0x6d7 src/si5351.o
                                        0xcd2 (size before relaxing)
 .debug_str     0x0000000000005659       0x4d src/slpctrl.o
                                        0x2e5 (size before relaxing)
 .debug_str     0x00000000000056a6      0x2cd src/tca.o
                                        0x62e (size before relaxing)
 .debug_str     0x0000000000005973      0x105 src/tcb.o
                                        0x40b (size before relaxing)
 .debug_str     0x0000000000005a78      0x147 src/receiver.o
                                        0x93b (size before relaxing)

.debug_loc      0x0000000000000000     0x5a93
 *(.debug_loc)
 .debug_loc     0x0000000000000000      0x933 main.o
 .debug_loc     0x0000000000000933      0x463 src/adc.o
 .debug_loc     0x0000000000000d96      0xd3c src/binio.o
 .debug_loc     0x0000000000001ad2      0x3bd src/CircularStringBuff.o
 .debug_loc     0x0000000000001e8f       0x54 src/clkctrl.o
 .debug_loc     0x0000000000001ee3       0x26 src/dac0.o
 .debug_loc     0x0000000000001f09       0xf0 src/driver_init.o
 .debug_loc     0x0000000000001ff9      0x160 src/eeprommanager.o
 .debug_loc     0x0000000000002159      0x65c src/Goertzel.o
 .debug_loc     0x00000000000027b5      0xa4f src/i2c.o
 .debug_loc     0x0000000000003204      0x749 src/leds.o
 .debug_loc     0x000000000000394d     0x1d18 src/si5351.o
 .debug_loc     0x0000000000005665       0x26 src/slpctrl.o
 .debug_loc     0x000000000000568b       0x86 src/tca.o
 .debug_loc     0x0000000000005711       0xdb src/tcb.o
 .debug_loc     0x00000000000057ec      0x2a7 src/receiver.o

.debug_macinfo
 *(.debug_macinfo)

.debug_weaknames
 *(.debug_weaknames)

.debug_funcnames
 *(.debug_funcnames)

.debug_typenames
 *(.debug_typenames)

.debug_varnames
 *(.debug_varnames)

.debug_pubtypes
 *(.debug_pubtypes)

.debug_ranges   0x0000000000000000      0x638
 *(.debug_ranges)
 .debug_ranges  0x0000000000000000       0x10 atmel_start.o
 .debug_ranges  0x0000000000000010      0x110 main.o
 .debug_ranges  0x0000000000000120       0x68 src/adc.o
 .debug_ranges  0x0000000000000188       0x40 src/binio.o
 .debug_ranges  0x00000000000001c8       0x10 src/bod.o
 .debug_ranges  0x00000000000001d8       0x68 src/CircularStringBuff.o
 .debug_ranges  0x0000000000000240       0x10 src/clkctrl.o
 .debug_ranges  0x0000000000000250       0x10 src/cpuint.o
 .debug_ranges  0x0000000000000260       0x18 src/dac0.o
 .debug_ranges  0x0000000000000278       0x20 src/driver_init.o
 .debug_ranges  0x0000000000000298       0x58 src/eeprommanager.o
 .debug_ranges  0x00000000000002f0       0x50 src/Goertzel.o
 .debug_ranges  0x0000000000000340       0xe0 src/i2c.o
 .debug_ranges  0x0000000000000420       0x70 src/leds.o
 .debug_ranges  0x0000000000000490       0xe8 src/si5351.o
 .debug_ranges  0x0000000000000578       0x18 src/slpctrl.o
 .debug_ranges  0x0000000000000590       0x30 src/tca.o
 .debug_ranges  0x00000000000005c0       0x30 src/tcb.o
 .debug_ranges  0x00000000000005f0       0x48 src/receiver.o

.debug_macro
 *(.debug_macro)
OUTPUT(SignalSnagger.elf elf32-avr)
LOAD linker stubs
