Archive member included to satisfy reference by file (symbol)

c:/program files (x86)/atmel/studio/7.0/toolchain/avr8/avr8-gnu-toolchain/bin/../lib/gcc/avr/7.3.0/../../../../avr/lib/avrxmega4\libm.a(addsf3.o)
                              src/Goertzel.o (__subsf3)
c:/program files (x86)/atmel/studio/7.0/toolchain/avr8/avr8-gnu-toolchain/bin/../lib/gcc/avr/7.3.0/../../../../avr/lib/avrxmega4\libm.a(addsf3x.o)
                              c:/program files (x86)/atmel/studio/7.0/toolchain/avr8/avr8-gnu-toolchain/bin/../lib/gcc/avr/7.3.0/../../../../avr/lib/avrxmega4\libm.a(addsf3.o) (__addsf3x)
c:/program files (x86)/atmel/studio/7.0/toolchain/avr8/avr8-gnu-toolchain/bin/../lib/gcc/avr/7.3.0/../../../../avr/lib/avrxmega4\libm.a(ceil.o)
                              src/util.o (ceil)
c:/program files (x86)/atmel/studio/7.0/toolchain/avr8/avr8-gnu-toolchain/bin/../lib/gcc/avr/7.3.0/../../../../avr/lib/avrxmega4\libm.a(cmpsf2.o)
                              src/eeprommanager.o (__nesf2)
c:/program files (x86)/atmel/studio/7.0/toolchain/avr8/avr8-gnu-toolchain/bin/../lib/gcc/avr/7.3.0/../../../../avr/lib/avrxmega4\libm.a(cos.o)
                              src/Goertzel.o (cos)
c:/program files (x86)/atmel/studio/7.0/toolchain/avr8/avr8-gnu-toolchain/bin/../lib/gcc/avr/7.3.0/../../../../avr/lib/avrxmega4\libm.a(divsf3.o)
                              main.o (__divsf3)
c:/program files (x86)/atmel/studio/7.0/toolchain/avr8/avr8-gnu-toolchain/bin/../lib/gcc/avr/7.3.0/../../../../avr/lib/avrxmega4\libm.a(divsf3x.o)
                              c:/program files (x86)/atmel/studio/7.0/toolchain/avr8/avr8-gnu-toolchain/bin/../lib/gcc/avr/7.3.0/../../../../avr/lib/avrxmega4\libm.a(divsf3.o) (__divsf3x)
c:/program files (x86)/atmel/studio/7.0/toolchain/avr8/avr8-gnu-toolchain/bin/../lib/gcc/avr/7.3.0/../../../../avr/lib/avrxmega4\libm.a(fixsfsi.o)
                              src/Goertzel.o (__fixsfsi)
c:/program files (x86)/atmel/studio/7.0/toolchain/avr8/avr8-gnu-toolchain/bin/../lib/gcc/avr/7.3.0/../../../../avr/lib/avrxmega4\libm.a(fixunssfsi.o)
                              main.o (__fixunssfsi)
c:/program files (x86)/atmel/studio/7.0/toolchain/avr8/avr8-gnu-toolchain/bin/../lib/gcc/avr/7.3.0/../../../../avr/lib/avrxmega4\libm.a(floatsisf.o)
                              main.o (__floatunsisf)
c:/program files (x86)/atmel/studio/7.0/toolchain/avr8/avr8-gnu-toolchain/bin/../lib/gcc/avr/7.3.0/../../../../avr/lib/avrxmega4\libm.a(fp_cmp.o)
                              c:/program files (x86)/atmel/studio/7.0/toolchain/avr8/avr8-gnu-toolchain/bin/../lib/gcc/avr/7.3.0/../../../../avr/lib/avrxmega4\libm.a(cmpsf2.o) (__fp_cmp)
c:/program files (x86)/atmel/studio/7.0/toolchain/avr8/avr8-gnu-toolchain/bin/../lib/gcc/avr/7.3.0/../../../../avr/lib/avrxmega4\libm.a(fp_inf.o)
                              c:/program files (x86)/atmel/studio/7.0/toolchain/avr8/avr8-gnu-toolchain/bin/../lib/gcc/avr/7.3.0/../../../../avr/lib/avrxmega4\libm.a(addsf3x.o) (__fp_inf)
c:/program files (x86)/atmel/studio/7.0/toolchain/avr8/avr8-gnu-toolchain/bin/../lib/gcc/avr/7.3.0/../../../../avr/lib/avrxmega4\libm.a(fp_mintl.o)
                              c:/program files (x86)/atmel/studio/7.0/toolchain/avr8/avr8-gnu-toolchain/bin/../lib/gcc/avr/7.3.0/../../../../avr/lib/avrxmega4\libm.a(ceil.o) (__fp_mintl)
c:/program files (x86)/atmel/studio/7.0/toolchain/avr8/avr8-gnu-toolchain/bin/../lib/gcc/avr/7.3.0/../../../../avr/lib/avrxmega4\libm.a(fp_mpack.o)
                              c:/program files (x86)/atmel/studio/7.0/toolchain/avr8/avr8-gnu-toolchain/bin/../lib/gcc/avr/7.3.0/../../../../avr/lib/avrxmega4\libm.a(ceil.o) (__fp_mpack)
c:/program files (x86)/atmel/studio/7.0/toolchain/avr8/avr8-gnu-toolchain/bin/../lib/gcc/avr/7.3.0/../../../../avr/lib/avrxmega4\libm.a(fp_nan.o)
                              c:/program files (x86)/atmel/studio/7.0/toolchain/avr8/avr8-gnu-toolchain/bin/../lib/gcc/avr/7.3.0/../../../../avr/lib/avrxmega4\libm.a(addsf3x.o) (__fp_nan)
c:/program files (x86)/atmel/studio/7.0/toolchain/avr8/avr8-gnu-toolchain/bin/../lib/gcc/avr/7.3.0/../../../../avr/lib/avrxmega4\libm.a(fp_pscA.o)
                              c:/program files (x86)/atmel/studio/7.0/toolchain/avr8/avr8-gnu-toolchain/bin/../lib/gcc/avr/7.3.0/../../../../avr/lib/avrxmega4\libm.a(addsf3x.o) (__fp_pscA)
c:/program files (x86)/atmel/studio/7.0/toolchain/avr8/avr8-gnu-toolchain/bin/../lib/gcc/avr/7.3.0/../../../../avr/lib/avrxmega4\libm.a(fp_pscB.o)
                              c:/program files (x86)/atmel/studio/7.0/toolchain/avr8/avr8-gnu-toolchain/bin/../lib/gcc/avr/7.3.0/../../../../avr/lib/avrxmega4\libm.a(addsf3x.o) (__fp_pscB)
c:/program files (x86)/atmel/studio/7.0/toolchain/avr8/avr8-gnu-toolchain/bin/../lib/gcc/avr/7.3.0/../../../../avr/lib/avrxmega4\libm.a(fp_rempio2.o)
[...]
Memory Configuration

Name             Origin             Length             Attributes
text             0x0000000000000000 0x0000000000020000 xr
data             0x0000000000804000 0x0000000000004000 rw !x
eeprom           0x0000000000810000 0x0000000000000200 rw !x
fuse             0x0000000000820000 0x0000000000000010 rw !x
lock             0x0000000000830000 0x0000000000000400 rw !x
signature        0x0000000000840000 0x0000000000000400 rw !x
user_signatures  0x0000000000850000 0x0000000000000400 rw !x
*default*        0x0000000000000000 0xffffffffffffffff

Linker script and memory map

Address of section .data set to 0x804000
                0x0000000000008000                __RODATA_PM_OFFSET__ = 0x8000
LOAD C:/Program Files (x86)/Atmel/Studio/7.0/Packs/atmel/AVR-Dx_DFP/1.9.103/gcc/dev/avr128da48/avrxmega4/crtavr128da48.o
LOAD atmel_start.o
LOAD main.o
LOAD src/adc.o
LOAD src/binio.o
LOAD src/bod.o
LOAD src/CircularStringBuff.o
LOAD src/clkctrl.o
LOAD src/cpuint.o
LOAD src/dac0.o
LOAD src/display.o
LOAD src/driver_init.o
LOAD src/eeprommanager.o
LOAD src/Goertzel.o
LOAD src/i2c.o
LOAD src/leds.o
LOAD src/morse.o
LOAD src/protected_io.o
LOAD src/rtc.o
LOAD src/si5351.o
LOAD src/slpctrl.o
LOAD src/tca.o
LOAD src/tcb.o
LOAD src/receiver.o
LOAD src/util.o
START GROUP
LOAD c:/program files (x86)/atmel/studio/7.0/toolchain/avr8/avr8-gnu-toolchain/bin/../lib/gcc/avr/7.3.0/../../../../avr/lib/avrxmega4\libm.a
END GROUP
LOAD c:/program files (x86)/atmel/studio/7.0/toolchain/avr8/avr8-gnu-toolchain/bin/../lib/gcc/avr/7.3.0/avrxmega4\libgcc.a
LOAD c:/program files (x86)/atmel/studio/7.0/toolchain/avr8/avr8-gnu-toolchain/bin/../lib/gcc/avr/7.3.0/../../../../avr/lib/avrxmega4\libm.a
START GROUP
LOAD c:/program files (x86)/atmel/studio/7.0/toolchain/avr8/avr8-gnu-toolchain/bin/../lib/gcc/avr/7.3.0/avrxmega4\libgcc.a
LOAD c:/program files (x86)/atmel/studio/7.0/toolchain/avr8/avr8-gnu-toolchain/bin/../lib/gcc/avr/7.3.0/../../../../avr/lib/avrxmega4\libm.a
LOAD c:/program files (x86)/atmel/studio/7.0/toolchain/avr8/avr8-gnu-toolchain/bin/../lib/gcc/avr/7.3.0/../../../../avr/lib/avrxmega4\libc.a
LOAD C:/Program Files (x86)/Atmel/Studio/7.0/Packs/atmel/AVR-Dx_DFP/1.9.103/gcc/dev/avr128da48/avrxmega4\libavr128da48.a
END GROUP
                [0x0000000000000000]                __TEXT_REGION_ORIGIN__ = DEFINED (__TEXT_REGION_ORIGIN__)?__TEXT_REGION_ORIGIN__:0x0
                [0x0000000000804000]                __DATA_REGION_ORIGIN__ = DEFINED (__DATA_REGION_ORIGIN__)?__DATA_REGION_ORIGIN__:0x802000
                [0x0000000000020000]                __TEXT_REGION_LENGTH__ = DEFINED (__TEXT_REGION_LENGTH__)?__TEXT_REGION_LENGTH__:0x100000
                [0x0000000000004000]                __DATA_REGION_LENGTH__ = DEFINED (__DATA_REGION_LENGTH__)?__DATA_REGION_LENGTH__:0xffa0
                [0x0000000000000200]                __EEPROM_REGION_LENGTH__ = DEFINED (__EEPROM_REGION_LENGTH__)?__EEPROM_REGION_LENGTH__:0x10000
                [0x0000000000000010]                __FUSE_REGION_LENGTH__ = DEFINED (__FUSE_REGION_LENGTH__)?__FUSE_REGION_LENGTH__:0x400
                0x0000000000000400                __LOCK_REGION_LENGTH__ = DEFINED (__LOCK_REGION_LENGTH__)?__LOCK_REGION_LENGTH__:0x400
                0x0000000000000400                __SIGNATURE_REGION_LENGTH__ = DEFINED (__SIGNATURE_REGION_LENGTH__)?__SIGNATURE_REGION_LENGTH__:0x400
                0x0000000000000400                __USER_SIGNATURE_REGION_LENGTH__ = DEFINED (__USER_SIGNATURE_REGION_LENGTH__)?__USER_SIGNATURE_REGION_LENGTH__:0x400

.hash
 *(.hash)

.dynsym
 *(.dynsym)

.dynstr
 *(.dynstr)

.gnu.version
 *(.gnu.version)

.gnu.version_d
 *(.gnu.version_d)

.gnu.version_r
 *(.gnu.version_r)

.rel.init
 *(.rel.init)

.rela.init
 *(.rela.init)

.rel.text
 *(.rel.text)
 *(.rel.text.*)
 *(.rel.gnu.linkonce.t*)

.rela.text
 *(.rela.text)
 *(.rela.text.*)
 *(.rela.gnu.linkonce.t*)

.rel.fini
 *(.rel.fini)

.rela.fini
 *(.rela.fini)

.rel.rodata
 *(.rel.rodata)
 *(.rel.rodata.*)
 *(.rel.gnu.linkonce.r*)

.rela.rodata
 *(.rela.rodata)
 *(.rela.rodata.*)
 *(.rela.gnu.linkonce.r*)

.rel.data
 *(.rel.data)
 *(.rel.data.*)
 *(.rel.gnu.linkonce.d*)

.rela.data
 *(.rela.data)
 *(.rela.data.*)
 *(.rela.gnu.linkonce.d*)

.rel.ctors
 *(.rel.ctors)

.rela.ctors
 *(.rela.ctors)

.rel.dtors
 *(.rel.dtors)

.rela.dtors
 *(.rela.dtors)

.rel.got
 *(.rel.got)

.rela.got
 *(.rela.got)

.rel.bss
 *(.rel.bss)

.rela.bss
 *(.rela.bss)

.rel.plt
 *(.rel.plt)

.rela.plt
 *(.rela.plt)

.text           0x0000000000000000     0xa62c
 *(.vectors)
 .vectors       0x0000000000000000       0xe8 C:/Program Files (x86)/Atmel/Studio/7.0/Packs/atmel/AVR-Dx_DFP/1.9.103/gcc/dev/avr128da48/avrxmega4/crtavr128da48.o
                0x0000000000000000                __vector_default
                0x0000000000000000                __vectors
 *(.vectors)
 *(.progmem.gcc*)
 .progmem.gcc_fplib
                0x00000000000000e8       0x1e c:/program files (x86)/atmel/studio/7.0/toolchain/avr8/avr8-gnu-toolchain/bin/../lib/gcc/avr/7.3.0/../../../../avr/lib/avrxmega4\libm.a(fp_sinus.o)
 .progmem.gcc_fplib
                0x0000000000000106       0x5a c:/program files (x86)/atmel/studio/7.0/toolchain/avr8/avr8-gnu-toolchain/bin/../lib/gcc/avr/7.3.0/../../../../avr/lib/avrxmega4\libm.a(log.o)
                0x0000000000000160                . = ALIGN (0x2)
                0x0000000000000160                __trampolines_start = .
 *(.trampolines)
 .trampolines   0x0000000000000160        0x0 linker stubs
 *(.trampolines*)
                0x0000000000000160                __trampolines_end = .
 *libprintf_flt.a:*(.progmem.data)
 *libc.a:*(.progmem.data)
 *(.progmem*)
                0x0000000000000160                . = ALIGN (0x2)
 *(.jumptables)
 *(.jumptables*)
 *(.lowtext)
 *(.lowtext*)
                0x0000000000000160                __ctors_start = .
 *(.ctors)
 .ctors         0x0000000000000160        0x2 main.o
 .ctors         0x0000000000000162        0x2 src/adc.o
                0x0000000000000164                __ctors_end = .
                0x0000000000000164                __dtors_start = .
 *(.dtors)
 .dtors         0x0000000000000164        0x2 main.o
 .dtors         0x0000000000000166        0x2 src/adc.o
                0x0000000000000168                __dtors_end = .
 SORT(*)(.ctors)
 SORT(*)(.dtors)
 *(.init0)
 .init0         0x0000000000000168        0x0 C:/Program Files (x86)/Atmel/Studio/7.0/Packs/atmel/AVR-Dx_DFP/1.9.103/gcc/dev/avr128da48/avrxmega4/crtavr128da48.o
                0x0000000000000168                __init
 *(.init0)
 *(.init1)
 *(.init1)
 *(.init2)
 .init2         0x0000000000000168        0xc C:/Program Files (x86)/Atmel/Studio/7.0/Packs/atmel/AVR-Dx_DFP/1.9.103/gcc/dev/avr128da48/avrxmega4/crtavr128da48.o
 *(.init2)
 *(.init3)
 *(.init3)
 *(.init4)
 .init4         0x0000000000000174       0x1a c:/program files (x86)/atmel/studio/7.0/toolchain/avr8/avr8-gnu-toolchain/bin/../lib/gcc/avr/7.3.0/avrxmega4\libgcc.a(_copy_data.o)
                0x0000000000000174                __do_copy_data
 .init4         0x000000000000018e       0x10 c:/program files (x86)/atmel/studio/7.0/toolchain/avr8/avr8-gnu-toolchain/bin/../lib/gcc/avr/7.3.0/avrxmega4\libgcc.a(_clear_bss.o)
                0x000000000000018e                __do_clear_bss
 *(.init4)
 *(.init5)
 *(.init5)
 *(.init6)
 .init6         0x000000000000019e       0x16 c:/program files (x86)/atmel/studio/7.0/toolchain/avr8/avr8-gnu-toolchain/bin/../lib/gcc/avr/7.3.0/avrxmega4\libgcc.a(_ctors.o)
                0x000000000000019e                __do_global_ctors
 *(.init6)
 *(.init7)
 *(.init7)
 *(.init8)
 *(.init8)
 *(.init9)
 .init9         0x00000000000001b4        0x8 C:/Program Files (x86)/Atmel/Studio/7.0/Packs/atmel/AVR-Dx_DFP/1.9.103/gcc/dev/avr128da48/avrxmega4/crtavr128da48.o
 *(.init9)
 *(.text)
 .text          0x00000000000001bc        0x4 C:/Program Files (x86)/Atmel/Studio/7.0/Packs/atmel/AVR-Dx_DFP/1.9.103/gcc/dev/avr128da48/avrxmega4/crtavr128da48.o
                0x00000000000001bc                __vector_38
                0x00000000000001bc                __vector_22
                0x00000000000001bc                __vector_28
                0x00000000000001bc                __vector_1
                0x00000000000001bc                __vector_32
                0x00000000000001bc                __vector_55
                0x00000000000001bc                __vector_46
                0x00000000000001bc                __bad_interrupt
                0x00000000000001bc                __vector_31
                0x00000000000001bc                __vector_35
                0x00000000000001bc                __vector_39
                0x00000000000001bc                __vector_23
                0x00000000000001bc                __vector_45
                0x00000000000001bc                __vector_25
                0x00000000000001bc                __vector_11
                0x00000000000001bc                __vector_54
                0x00000000000001bc                __vector_17
                0x00000000000001bc                __vector_19
                0x00000000000001bc                __vector_56
                0x00000000000001bc                __vector_7
                0x00000000000001bc                __vector_49
                0x00000000000001bc                __vector_43
                0x00000000000001bc                __vector_27
                0x00000000000001bc                __vector_5
                0x00000000000001bc                __vector_33
                0x00000000000001bc                __vector_47
                0x00000000000001bc                __vector_52
                0x00000000000001bc                __vector_37
                0x00000000000001bc                __vector_4
                0x00000000000001bc                __vector_44
                0x00000000000001bc                __vector_51
                0x00000000000001bc                __vector_9
                0x00000000000001bc                __vector_2
                0x00000000000001bc                __vector_21
                0x00000000000001bc                __vector_15
                0x00000000000001bc                __vector_36
                0x00000000000001bc                __vector_29
                0x00000000000001bc                __vector_40
                0x00000000000001bc                __vector_8
                0x00000000000001bc                __vector_26
                0x00000000000001bc                __vector_48
                0x00000000000001bc                __vector_14
                0x00000000000001bc                __vector_57
                0x00000000000001bc                __vector_53
                0x00000000000001bc                __vector_10
                0x00000000000001bc                __vector_50
                0x00000000000001bc                __vector_16
                0x00000000000001bc                __vector_18
                0x00000000000001bc                __vector_20
                0x00000000000001bc                __vector_42
 .text          0x00000000000001c0       0x18 c:/program files (x86)/atmel/studio/7.0/toolchain/avr8/avr8-gnu-toolchain/bin/../lib/gcc/avr/7.3.0/../../../../avr/lib/avrxmega4\libc.a(set_system_time.o)
                0x00000000000001c0                set_system_time
 .text          0x00000000000001d8       0x26 c:/program files (x86)/atmel/studio/7.0/toolchain/avr8/avr8-gnu-toolchain/bin/../lib/gcc/avr/7.3.0/../../../../avr/lib/avrxmega4\libc.a(time.o)
                0x00000000000001d8                time
 .text          0x00000000000001fe       0x38 c:/program files (x86)/atmel/studio/7.0/toolchain/avr8/avr8-gnu-toolchain/bin/../lib/gcc/avr/7.3.0/../../../../avr/lib/avrxmega4\libc.a(system_tick.o)
                0x00000000000001fe                system_tick
                0x0000000000000236                . = ALIGN (0x2)
 *(.text.*)
 .text.atmel_start_init
                0x0000000000000236       0x14 atmel_start.o
                0x0000000000000236                atmel_start_init
 .text.PORTA_set_pin_level
                0x000000000000024a       0x78 main.o
 .text.__vector_3
                0x00000000000002c2      0x16a main.o
                0x00000000000002c2                __vector_3
 .text.__vector_24
                0x000000000000042c      0x19c main.o
                0x000000000000042c                __vector_24
 .text.__vector_12
                0x00000000000005c8      0x7dc main.o
                0x00000000000005c8                __vector_12
 .text.__vector_6
                0x0000000000000da4       0x56 main.o
                0x0000000000000da4                __vector_6
 .text.__vector_34
                0x0000000000000dfa      0x124 main.o
                0x0000000000000dfa                __vector_34
 .text._Z11powerDown5Vv
                0x0000000000000f1e       0x18 main.o
                0x0000000000000f1e                _Z11powerDown5Vv
 .text._Z9powerUp5Vv
                0x0000000000000f36       0x18 main.o
                0x0000000000000f36                _Z9powerUp5Vv
 .text._ZL12sineWaveInitv
                0x0000000000000f4e       0xc8 main.o
 .text._Z9powerdownv
                0x0000000000001016       0x1e main.o
                0x0000000000001016                _Z9powerdownv
 .text.main     0x0000000000001034     0x13ce main.o
                0x0000000000001034                main
 .text._Z16nextActiveMemoryhb
                0x0000000000002402       0xcc main.o
                0x0000000000002402                _Z16nextActiveMemoryhb
 .text._Z41__static_initialization_and_destruction_0ii
                0x00000000000024ce       0x7e main.o
 .text._GLOBAL__sub_I_g_seconds_transition
                0x000000000000254c       0x1a main.o
 .text._GLOBAL__sub_D_g_seconds_transition
                0x0000000000002566       0x1a main.o
 .text._Z20ADC0_startConversionv
                0x0000000000002580       0x26 src/adc.o
                0x0000000000002580                _Z20ADC0_startConversionv
 .text._ZL9PORT_initv
                0x00000000000025a6      0x18a src/adc.o
 .text._ZL17ADC0_Freerun_Initb
                0x0000000000002730       0x86 src/adc.o
 .text._Z16ADC0_SYSTEM_initb
                0x00000000000027b6       0x20 src/adc.o
                0x00000000000027b6                _Z16ADC0_SYSTEM_initb
 .text._Z41__static_initialization_and_destruction_0ii
                0x00000000000027d6       0x6a src/adc.o
 .text._GLOBAL__sub_I_g_adcVal
                0x0000000000002840       0x1a src/adc.o
 .text._GLOBAL__sub_D_g_adcVal
                0x000000000000285a       0x1a src/adc.o
 .text.PORTA_set_pin_pull_mode
                0x0000000000002874       0x6a src/binio.o
 .text.PORTA_set_pin_dir
                0x00000000000028de       0xb0 src/binio.o
 .text.PORTA_set_pin_level
                0x000000000000298e       0x78 src/binio.o
 .text.PORTA_get_port_level
                0x0000000000002a06       0x16 src/binio.o
 .text.PORTB_set_pin_dir
                0x0000000000002a1c       0xb0 src/binio.o
 .text.PORTB_set_pin_level
                0x0000000000002acc       0x78 src/binio.o
 .text.PORTC_set_pin_pull_mode
                0x0000000000002b44       0x6a src/binio.o
 .text.PORTC_set_pin_dir
                0x0000000000002bae       0xb0 src/binio.o
 .text.PORTC_set_pin_level
                0x0000000000002c5e       0x78 src/binio.o
 .text.PORTE_set_pin_dir
                0x0000000000002cd6       0xb0 src/binio.o
 .text.PORTE_set_pin_level
                0x0000000000002d86       0x78 src/binio.o
 .text.PORTF_set_pin_pull_mode
                0x0000000000002dfe       0x6a src/binio.o
 .text.PORTF_set_pin_dir
                0x0000000000002e68       0xb0 src/binio.o
 .text.PORTF_set_pin_level
                0x0000000000002f18       0x78 src/binio.o
 .text.PORTF_get_port_level
                0x0000000000002f90       0x16 src/binio.o
 .text._Z8debouncev
                0x0000000000002fa6       0x98 src/binio.o
                0x0000000000002fa6                _Z8debouncev
 .text._Z18portAdebouncedValsv
                0x000000000000303e       0x12 src/binio.o
                0x000000000000303e                _Z18portAdebouncedValsv
 .text._Z10BINIO_initv
                0x0000000000003050      0x1be src/binio.o
                0x0000000000003050                _Z10BINIO_initv
 .text._Z11BINIO_sleepv
                0x000000000000320e      0x18c src/binio.o
                0x000000000000320e                _Z11BINIO_sleepv
 .text.BOD_init
                0x000000000000339a       0x18 src/bod.o
                0x000000000000339a                BOD_init
 .text._ZN18CircularStringBuffC2Ej
                0x00000000000033b2       0x68 src/CircularStringBuff.o
                0x00000000000033b2                _ZN18CircularStringBuffC1Ej
                0x00000000000033b2                _ZN18CircularStringBuffC2Ej
 .text._ZN18CircularStringBuffD2Ev
                0x000000000000341a       0x28 src/CircularStringBuff.o
                0x000000000000341a                _ZN18CircularStringBuffD2Ev
                0x000000000000341a                _ZN18CircularStringBuffD1Ev
 .text._ZN18CircularStringBuff5resetEv
                0x0000000000003442       0x3e src/CircularStringBuff.o
                0x0000000000003442                _ZN18CircularStringBuff5resetEv
 .text._ZNK18CircularStringBuff5emptyEv
                0x0000000000003480       0x48 src/CircularStringBuff.o
                0x0000000000003480                _ZNK18CircularStringBuff5emptyEv
 .text._ZNK18CircularStringBuff8capacityEv
                0x00000000000034c8       0x22 src/CircularStringBuff.o
                0x00000000000034c8                _ZNK18CircularStringBuff8capacityEv
 .text._ZNK18CircularStringBuff4sizeEv
                0x00000000000034ea       0xa4 src/CircularStringBuff.o
                0x00000000000034ea                _ZNK18CircularStringBuff4sizeEv
 .text._ZNK18CircularStringBuff9remainingEv
                0x000000000000358e       0x5a src/CircularStringBuff.o
                0x000000000000358e                _ZNK18CircularStringBuff9remainingEv
 .text._ZN18CircularStringBuff3putEc
                0x00000000000035e8       0xc8 src/CircularStringBuff.o
                0x00000000000035e8                _ZN18CircularStringBuff3putEc
 .text._ZN18CircularStringBuff3getEv
                0x00000000000036b0       0x80 src/CircularStringBuff.o
                0x00000000000036b0                _ZN18CircularStringBuff3getEv
 .text._ZN18CircularStringBuff9putStringEPc
                0x0000000000003730       0xc6 src/CircularStringBuff.o
                0x0000000000003730                _ZN18CircularStringBuff9putStringEPc
 .text._ZN18CircularStringBuff9getStringEPcPj
                0x00000000000037f6       0xa6 src/CircularStringBuff.o
                0x00000000000037f6                _ZN18CircularStringBuff9getStringEPcPj
 .text.ccp_write_io
                0x000000000000389c       0x2c src/clkctrl.o
 .text.CLKCTRL_init
                0x00000000000038c8       0x24 src/clkctrl.o
                0x00000000000038c8                CLKCTRL_init
 .text.CPUINT_init
                0x00000000000038ec       0x12 src/cpuint.o
                0x00000000000038ec                CPUINT_init
 .text._ZL9VREF_initv
                0x00000000000038fe       0x1a src/dac0.o
 .text._Z9DAC0_initv
                0x0000000000003918       0x54 src/dac0.o
                0x0000000000003918                _Z9DAC0_initv
 .text._Z11DAC0_setValj
                0x000000000000396c       0x42 src/dac0.o
                0x000000000000396c                _Z11DAC0_setValj
 .text.PORTB_set_pin_level
                0x00000000000039ae       0x78 src/display.o
 .text._ZN7DisplayC2Ev
                0x0000000000003a26       0x32 src/display.o
                0x0000000000003a26                _ZN7DisplayC2Ev
                0x0000000000003a26                _ZN7DisplayC1Ev
 .text._ZN7Display5beginE9display_t
                0x0000000000003a58       0xd6 src/display.o
                0x0000000000003a58                _ZN7Display5beginE9display_t
 .text._ZN7Display5resetEv
                0x0000000000003b2e       0x4e src/display.o
                0x0000000000003b2e                _ZN7Display5resetEv
 .text._ZN7Display4initEv
                0x0000000000003b7c       0xfa src/display.o
                0x0000000000003b7c                _ZN7Display4initEv
 .text._ZN7Display3clsEv
                0x0000000000003c76       0x24 src/display.o
                0x0000000000003c76                _ZN7Display3clsEv
 .text._ZN7Display6locateEhh
                0x0000000000003c9a       0x48 src/display.o
                0x0000000000003c9a                _ZN7Display6locateEhh
 .text._ZN7Display5writeEh
                0x0000000000003ce2       0x2c src/display.o
                0x0000000000003ce2                _ZN7Display5writeEh
 .text._ZN7Display5writeEPhj
                0x0000000000003d0e       0x3c src/display.o
                0x0000000000003d0e                _ZN7Display5writeEPhj
 .text._ZN7Display11sendCommandEh
                0x0000000000003d4a       0x44 src/display.o
                0x0000000000003d4a                _ZN7Display11sendCommandEh
 .text._ZN7Display8sendDataEh
                0x0000000000003d8e       0x44 src/display.o
                0x0000000000003d8e                _ZN7Display8sendDataEh
 .text._ZN7Display10sendBufferEPhj
                0x0000000000003dd2       0x44 src/display.o
                0x0000000000003dd2                _ZN7Display10sendBufferEPhj
 .text._ZN7Display18display_write_bulkEhPhh
                0x0000000000003e16       0x70 src/display.o
                0x0000000000003e16                _ZN7Display18display_write_bulkEhPhh
 .text.PORTC_set_pin_dir
                0x0000000000003e86       0xb0 src/driver_init.o
 .text.PORTC_set_pin_level
                0x0000000000003f36       0x78 src/driver_init.o
 .text._ZL15LED_set_RED_dir8port_dir
                0x0000000000003fae       0x26 src/driver_init.o
 .text._ZL17LED_set_GREEN_dir8port_dir
                0x0000000000003fd4       0x26 src/driver_init.o
 .text._ZL17LED_set_RED_levelb
                0x0000000000003ffa       0x1e src/driver_init.o
 .text._ZL19LED_set_GREEN_levelb
                0x0000000000004018       0x1e src/driver_init.o
 .text.mcu_init
                0x0000000000004036       0x72 src/driver_init.o
                0x0000000000004036                mcu_init
 .text.system_init
                0x00000000000040a8       0x30 src/driver_init.o
                0x00000000000040a8                system_init
 .text.system_sleep_settings
                0x00000000000040d8       0x38 src/driver_init.o
                0x00000000000040d8                system_sleep_settings
 .text._ZN13EepromManagerC2Ev
                0x0000000000004110       0x1a src/eeprommanager.o
                0x0000000000004110                _ZN13EepromManagerC1Ev
                0x0000000000004110                _ZN13EepromManagerC2Ev
 .text._ZN13EepromManagerD2Ev
                0x000000000000412a       0x1a src/eeprommanager.o
                0x000000000000412a                _ZN13EepromManagerD1Ev
                0x000000000000412a                _ZN13EepromManagerD2Ev
 .text._Z21avr_eeprom_write_bytejh
                0x0000000000004144       0x5e src/eeprommanager.o
                0x0000000000004144                _Z21avr_eeprom_write_bytejh
 .text._Z21avr_eeprom_write_wordjj
                0x00000000000041a2       0x66 src/eeprommanager.o
                0x00000000000041a2                _Z21avr_eeprom_write_wordjj
 .text._Z22avr_eeprom_write_dwordjm
                0x0000000000004208       0x74 src/eeprommanager.o
                0x0000000000004208                _Z22avr_eeprom_write_dwordjm
 .text._Z22avr_eeprom_write_floatjf
                0x000000000000427c       0x74 src/eeprommanager.o
                0x000000000000427c                _Z22avr_eeprom_write_floatjf
 .text._ZN13EepromManager15updateEEPROMVarE8EE_var_tPv
                0x00000000000042f0      0xb06 src/eeprommanager.o
                0x00000000000042f0                _ZN13EepromManager15updateEEPROMVarE8EE_var_tPv
 .text._ZN13EepromManager13saveAllEEPROMEv
                0x0000000000004df6      0x22a src/eeprommanager.o
                0x0000000000004df6                _ZN13EepromManager13saveAllEEPROMEv
 .text._ZN13EepromManager11readNonVolsEv
                0x0000000000005020      0xe08 src/eeprommanager.o
                0x0000000000005020                _ZN13EepromManager11readNonVolsEv
 .text._ZN13EepromManager20initializeEEPROMVarsEv
                0x0000000000005e28      0x5dc src/eeprommanager.o
                0x0000000000005e28                _ZN13EepromManager20initializeEEPROMVarsEv
 .text._ZN8GoertzelC2Eff
                0x0000000000006404      0x130 src/Goertzel.o
                0x0000000000006404                _ZN8GoertzelC1Eff
                0x0000000000006404                _ZN8GoertzelC2Eff
 .text._ZN8GoertzelD2Ev
                0x0000000000006534       0x26 src/Goertzel.o
                0x0000000000006534                _ZN8GoertzelD2Ev
                0x0000000000006534                _ZN8GoertzelD1Ev
 .text._ZN8Goertzel18SetTargetFrequencyEf
                0x000000000000655a      0x164 src/Goertzel.o
                0x000000000000655a                _ZN8Goertzel18SetTargetFrequencyEf
 .text._ZN8Goertzel13ResetGoertzelEv
                0x00000000000066be       0x3e src/Goertzel.o
                0x00000000000066be                _ZN8Goertzel13ResetGoertzelEv
 .text._ZN8Goertzel13ProcessSampleEi
                0x00000000000066fc      0x116 src/Goertzel.o
                0x00000000000066fc                _ZN8Goertzel13ProcessSampleEi
 .text._ZN8Goertzel9DataPointEi
                0x0000000000006812       0x92 src/Goertzel.o
                0x0000000000006812                _ZN8Goertzel9DataPointEi
 .text._ZN8Goertzel12SamplesReadyEv
                0x00000000000068a4       0x1c src/Goertzel.o
                0x00000000000068a4                _ZN8Goertzel12SamplesReadyEv
 .text._ZN8Goertzel10Magnitude2EPi
                0x00000000000068c0      0x19e src/Goertzel.o
                0x00000000000068c0                _ZN8Goertzel10Magnitude2EPi
 .text.I2C_0_Init
                0x0000000000006a5e       0x62 src/i2c.o
                0x0000000000006a5e                I2C_0_Init
 .text._ZL11i2c_0_WaitWv
                0x0000000000006ac0       0xbc src/i2c.o
 .text._ZL11i2c_0_WaitRv
                0x0000000000006b7c       0x82 src/i2c.o
 .text.I2C_0_SendData
                0x0000000000006bfe       0xd0 src/i2c.o
                0x0000000000006bfe                I2C_0_SendData
 .text.I2C_0_GetData
                0x0000000000006cce       0xfc src/i2c.o
                0x0000000000006cce                I2C_0_GetData
 .text.I2C_0_EndSession
                0x0000000000006dca       0x1a src/i2c.o
                0x0000000000006dca                I2C_0_EndSession
 .text.PORTC_set_pin_level
                0x0000000000006de4       0x78 src/leds.o
 .text._ZL17LED_set_RED_levelb
                0x0000000000006e5c       0x1e src/leds.o
 .text._ZL19LED_set_GREEN_levelb
                0x0000000000006e7a       0x1e src/leds.o
 .text._ZN4ledsC2Ev
                0x0000000000006e98       0x1a src/leds.o
                0x0000000000006e98                _ZN4ledsC2Ev
                0x0000000000006e98                _ZN4ledsC1Ev
 .text._ZN4ledsD2Ev
                0x0000000000006eb2       0x1a src/leds.o
                0x0000000000006eb2                _ZN4ledsD2Ev
                0x0000000000006eb2                _ZN4ledsD1Ev
 .text.__vector_41
                0x0000000000006ecc      0x302 src/leds.o
                0x0000000000006ecc                __vector_41
 .text._ZN4leds6activeEv
                0x00000000000071ce       0x4a src/leds.o
                0x00000000000071ce                _ZN4leds6activeEv
 .text._ZN4leds10deactivateEv
                0x0000000000007218       0x5c src/leds.o
                0x0000000000007218                _ZN4leds10deactivateEv
 .text._ZN4leds5resetEv
                0x0000000000007274       0x4e src/leds.o
                0x0000000000007274                _ZN4leds5resetEv
 .text._ZN4leds4initEv
                0x00000000000072c2       0x26 src/leds.o
                0x00000000000072c2                _ZN4leds4initEv
 .text._ZN4leds4initE7Blink_t
                0x00000000000072e8       0x66 src/leds.o
                0x00000000000072e8                _ZN4leds4initE7Blink_t
 .text._ZN4leds5blinkE7Blink_t
                0x000000000000734e       0x32 src/leds.o
                0x000000000000734e                _ZN4leds5blinkE7Blink_t
 .text._ZN4leds5blinkE7Blink_tb
                0x0000000000007380      0x4fc src/leds.o
                0x0000000000007380                _ZN4leds5blinkE7Blink_tb
 .text.protected_write_io
                0x000000000000787c        0xa src/protected_io.o
                0x000000000000787c                protected_write_io
 .text.ccp_write_io
                0x0000000000007886       0x2c src/rtc.o
 .text._Z8RTC_initj
                0x00000000000078b2      0x122 src/rtc.o
                0x00000000000078b2                _Z8RTC_initj
 .text._Z15RTC_init_backupv
                0x00000000000079d4       0x18 src/rtc.o
                0x00000000000079d4                _Z15RTC_init_backupv
 .text._Z15RTC_init_backupj
                0x00000000000079ec      0x130 src/rtc.o
                0x00000000000079ec                _Z15RTC_init_backupj
 .text._Z19RTC_set_calibrationj
                0x0000000000007b1c       0x50 src/rtc.o
                0x0000000000007b1c                _Z19RTC_set_calibrationj
 .text.si5351_init_for_quad
                0x0000000000007b6c      0x6f0 src/si5351.o
                0x0000000000007b6c                si5351_init_for_quad
 .text.si5351_set_quad_frequency
                0x000000000000825c      0x364 src/si5351.o
                0x000000000000825c                si5351_set_quad_frequency
 .text.si5351_init
                0x00000000000085c0      0x19e src/si5351.o
                0x00000000000085c0                si5351_init
 .text.si5351_get_frequency
                0x000000000000875e       0x36 src/si5351.o
                0x000000000000875e                si5351_get_frequency
 .text._Z16si5351_pll_reset10si5351_pll
                0x0000000000008794       0x7e src/si5351.o
                0x0000000000008794                _Z16si5351_pll_reset10si5351_pll
 .text.si5351_clock_enable
                0x0000000000008812       0x9e src/si5351.o
                0x0000000000008812                si5351_clock_enable
 .text.si5351_drive_strength
                0x00000000000088b0       0xc2 src/si5351.o
                0x00000000000088b0                si5351_drive_strength
 .text._Z13reduce_by_gcdPmS_
                0x0000000000008972      0x166 src/si5351.o
                0x0000000000008972                _Z13reduce_by_gcdPmS_
 .text._Z17si5351_write_bulkhPhh
                0x0000000000008ad8       0x64 src/si5351.o
                0x0000000000008ad8                _Z17si5351_write_bulkhPhh
 .text._Z16si5351_read_bulkhPhh
                0x0000000000008b3c       0x64 src/si5351.o
                0x0000000000008b3c                _Z16si5351_read_bulkhPhh
 .text._Z31set_multisynth_registers_source12si5351_clock10si5351_pll
                0x0000000000008ba0       0x82 src/si5351.o
                0x0000000000008ba0                _Z31set_multisynth_registers_source12si5351_clock10si5351_pll
 .text._Z16set_integer_mode12si5351_clockb
                0x0000000000008c22       0x6c src/si5351.o
                0x0000000000008c22                _Z16set_integer_mode12si5351_clockb
 .text._Z21si5351_set_CLK1_phaseh
                0x0000000000008c8e       0x58 src/si5351.o
                0x0000000000008c8e                _Z21si5351_set_CLK1_phaseh
 .text.si5351_get_status
                0x0000000000008ce6       0x32 src/si5351.o
                0x0000000000008ce6                si5351_get_status
 .text.SLPCTRL_init
                0x0000000000008d18       0x18 src/slpctrl.o
                0x0000000000008d18                SLPCTRL_init
 .text.SLPCTRL_set_sleep_mode
                0x0000000000008d30       0x36 src/slpctrl.o
                0x0000000000008d30                SLPCTRL_set_sleep_mode
 .text.PORTE_set_pin_pull_mode
                0x0000000000008d66       0x6a src/tca.o
 .text.PORTE_set_pin_dir
                0x0000000000008dd0       0xb0 src/tca.o
 .text.TIMERA_init
                0x0000000000008e80       0x6a src/tca.o
                0x0000000000008e80                TIMERA_init
 .text.setPWM   0x0000000000008eea       0xc0 src/tca.o
                0x0000000000008eea                setPWM
 .text.getPWM   0x0000000000008faa       0x16 src/tca.o
                0x0000000000008faa                getPWM
 .text.TIMERB_init
                0x0000000000008fc0       0xd4 src/tcb.o
                0x0000000000008fc0                TIMERB_init
 .text.util_delay_ms
                0x0000000000009094      0x176 src/tcb.o
                0x0000000000009094                util_delay_ms
 .text.__vector_30
                0x000000000000920a       0xb0 src/tcb.o
                0x000000000000920a                __vector_30
 .text.__vector_13
                0x00000000000092ba       0xb4 src/tcb.o
                0x00000000000092ba                __vector_13
 .text.TIMERB_sleep
                0x000000000000936e       0x50 src/tcb.o
                0x000000000000936e                TIMERB_sleep
 .text._Z13init_receiverm
                0x00000000000093be       0x3c src/receiver.o
                0x00000000000093be                _Z13init_receiverm
 .text._Z13init_receiverv
                0x00000000000093fa      0x154 src/receiver.o
                0x00000000000093fa                _Z13init_receiverv
 .text._Z15frequencyStringPcm
                0x000000000000954e      0x114 src/util.o
                0x000000000000954e                _Z15frequencyStringPcm
 .text.avr-libc.fplib
                0x0000000000009662        0xe c:/program files (x86)/atmel/studio/7.0/toolchain/avr8/avr8-gnu-toolchain/bin/../lib/gcc/avr/7.3.0/../../../../avr/lib/avrxmega4\libm.a(addsf3.o)
                0x0000000000009662                __subsf3
                0x0000000000009664                __addsf3
 .text.avr-libc.fplib
                0x0000000000009670       0xcc c:/program files (x86)/atmel/studio/7.0/toolchain/avr8/avr8-gnu-toolchain/bin/../lib/gcc/avr/7.3.0/../../../../avr/lib/avrxmega4\libm.a(addsf3x.o)
                0x0000000000009692                __addsf3x
 .text.avr-libc.fplib
                0x000000000000973c        0xa c:/program files (x86)/atmel/studio/7.0/toolchain/avr8/avr8-gnu-toolchain/bin/../lib/gcc/avr/7.3.0/../../../../avr/lib/avrxmega4\libm.a(cmpsf2.o)
                0x000000000000973c                __nesf2
                0x000000000000973c                __eqsf2
                0x000000000000973c                __cmpsf2
                0x000000000000973c                __ltsf2
                0x000000000000973c                __lesf2
 .text.avr-libc.fplib
                0x0000000000009746        0xa c:/program files (x86)/atmel/studio/7.0/toolchain/avr8/avr8-gnu-toolchain/bin/../lib/gcc/avr/7.3.0/../../../../avr/lib/avrxmega4\libm.a(cos.o)
                0x0000000000009746                cos
 .text.avr-libc.fplib
                0x0000000000009750        0x8 c:/program files (x86)/atmel/studio/7.0/toolchain/avr8/avr8-gnu-toolchain/bin/../lib/gcc/avr/7.3.0/../../../../avr/lib/avrxmega4\libm.a(divsf3.o)
                0x0000000000009750                __divsf3
 .text.avr-libc.fplib
                0x0000000000009758       0xdc c:/program files (x86)/atmel/studio/7.0/toolchain/avr8/avr8-gnu-toolchain/bin/../lib/gcc/avr/7.3.0/../../../../avr/lib/avrxmega4\libm.a(divsf3x.o)
                0x0000000000009778                __divsf3x
                0x000000000000977e                __divsf3_pse
 .text.avr-libc.fplib
                0x0000000000009834        0xe c:/program files (x86)/atmel/studio/7.0/toolchain/avr8/avr8-gnu-toolchain/bin/../lib/gcc/avr/7.3.0/../../../../avr/lib/avrxmega4\libm.a(fixsfsi.o)
                0x0000000000009834                __fixsfsi
 .text.avr-libc.fplib
                0x0000000000009842       0x5e c:/program files (x86)/atmel/studio/7.0/toolchain/avr8/avr8-gnu-toolchain/bin/../lib/gcc/avr/7.3.0/../../../../avr/lib/avrxmega4\libm.a(fixunssfsi.o)
                0x0000000000009842                __fixunssfsi
 .text.avr-libc.fplib
                0x00000000000098a0       0x7a c:/program files (x86)/atmel/studio/7.0/toolchain/avr8/avr8-gnu-toolchain/bin/../lib/gcc/avr/7.3.0/../../../../avr/lib/avrxmega4\libm.a(floatsisf.o)
                0x00000000000098a0                __floatunsisf
                0x00000000000098a4                __floatsisf
 .text.avr-libc.fplib
                0x000000000000991a       0x48 c:/program files (x86)/atmel/studio/7.0/toolchain/avr8/avr8-gnu-toolchain/bin/../lib/gcc/avr/7.3.0/../../../../avr/lib/avrxmega4\libm.a(fp_cmp.o)
                0x000000000000991a                __fp_cmp
 .text.avr-libc.fplib
                0x0000000000009962        0xc c:/program files (x86)/atmel/studio/7.0/toolchain/avr8/avr8-gnu-toolchain/bin/../lib/gcc/avr/7.3.0/../../../../avr/lib/avrxmega4\libm.a(fp_inf.o)
                0x0000000000009962                __fp_inf
 .text.avr-libc.fplib
                0x000000000000996e       0x1c c:/program files (x86)/atmel/studio/7.0/toolchain/avr8/avr8-gnu-toolchain/bin/../lib/gcc/avr/7.3.0/../../../../avr/lib/avrxmega4\libm.a(fp_mpack.o)
                0x000000000000996e                __fp_mpack
                0x0000000000009972                __fp_mpack_finite
 .text.avr-libc.fplib
                0x000000000000998a        0x6 c:/program files (x86)/atmel/studio/7.0/toolchain/avr8/avr8-gnu-toolchain/bin/../lib/gcc/avr/7.3.0/../../../../avr/lib/avrxmega4\libm.a(fp_nan.o)
                0x000000000000998a                __fp_nan
 .text.avr-libc.fplib
                0x0000000000009990        0xe c:/program files (x86)/atmel/studio/7.0/toolchain/avr8/avr8-gnu-toolchain/bin/../lib/gcc/avr/7.3.0/../../../../avr/lib/avrxmega4\libm.a(fp_pscA.o)
                0x0000000000009990                __fp_pscA
 .text.avr-libc.fplib
                0x000000000000999e        0xe c:/program files (x86)/atmel/studio/7.0/toolchain/avr8/avr8-gnu-toolchain/bin/../lib/gcc/avr/7.3.0/../../../../avr/lib/avrxmega4\libm.a(fp_pscB.o)
                0x000000000000999e                __fp_pscB
 .text.avr-libc.fplib
                0x00000000000099ac       0x56 c:/program files (x86)/atmel/studio/7.0/toolchain/avr8/avr8-gnu-toolchain/bin/../lib/gcc/avr/7.3.0/../../../../avr/lib/avrxmega4\libm.a(fp_rempio2.o)
                0x00000000000099b0                __fp_rempio2
 .text.avr-libc.fplib
                0x0000000000009a02       0x22 c:/program files (x86)/atmel/studio/7.0/toolchain/avr8/avr8-gnu-toolchain/bin/../lib/gcc/avr/7.3.0/../../../../avr/lib/avrxmega4\libm.a(fp_round.o)
                0x0000000000009a02                __fp_round
 .text.avr-libc.fplib
                0x0000000000009a24       0x28 c:/program files (x86)/atmel/studio/7.0/toolchain/avr8/avr8-gnu-toolchain/bin/../lib/gcc/avr/7.3.0/../../../../avr/lib/avrxmega4\libm.a(fp_sinus.o)
                0x0000000000009a24                __fp_sinus
 .text.avr-libc.fplib
                0x0000000000009a4c       0x44 c:/program files (x86)/atmel/studio/7.0/toolchain/avr8/avr8-gnu-toolchain/bin/../lib/gcc/avr/7.3.0/../../../../avr/lib/avrxmega4\libm.a(fp_split3.o)
                0x0000000000009a4c                __fp_split3
                0x0000000000009a5c                __fp_splitA
 .text.avr-libc.fplib
                0x0000000000009a90        0xe c:/program files (x86)/atmel/studio/7.0/toolchain/avr8/avr8-gnu-toolchain/bin/../lib/gcc/avr/7.3.0/../../../../avr/lib/avrxmega4\libm.a(fp_zero.o)
                0x0000000000009a90                __fp_zero
                0x0000000000009a92                __fp_szero
 .text.avr-libc.fplib
                0x0000000000009a9e        0xa c:/program files (x86)/atmel/studio/7.0/toolchain/avr8/avr8-gnu-toolchain/bin/../lib/gcc/avr/7.3.0/../../../../avr/lib/avrxmega4\libm.a(gesf2.o)
                0x0000000000009a9e                __gesf2
                0x0000000000009a9e                __gtsf2
 .text.avr-libc.fplib
                0x0000000000009aa8       0x10 c:/program files (x86)/atmel/studio/7.0/toolchain/avr8/avr8-gnu-toolchain/bin/../lib/gcc/avr/7.3.0/../../../../avr/lib/avrxmega4\libm.a(log10.o)
                0x0000000000009aa8                log10
 .text.avr-libc.fplib
                0x0000000000009ab8       0xa0 c:/program files (x86)/atmel/studio/7.0/toolchain/avr8/avr8-gnu-toolchain/bin/../lib/gcc/avr/7.3.0/../../../../avr/lib/avrxmega4\libm.a(log.o)
                0x0000000000009ac8                log
 .text.avr-libc.fplib
                0x0000000000009b58        0x8 c:/program files (x86)/atmel/studio/7.0/toolchain/avr8/avr8-gnu-toolchain/bin/../lib/gcc/avr/7.3.0/../../../../avr/lib/avrxmega4\libm.a(mulsf3.o)
                0x0000000000009b58                __mulsf3
 .text.avr-libc.fplib
                0x0000000000009b60       0xd2 c:/program files (x86)/atmel/studio/7.0/toolchain/avr8/avr8-gnu-toolchain/bin/../lib/gcc/avr/7.3.0/../../../../avr/lib/avrxmega4\libm.a(mulsf3x.o)
                0x0000000000009b7e                __mulsf3x
                0x0000000000009b84                __mulsf3_pse
 .text.avr-libc.fplib
                0x0000000000009c32       0x10 c:/program files (x86)/atmel/studio/7.0/toolchain/avr8/avr8-gnu-toolchain/bin/../lib/gcc/avr/7.3.0/../../../../avr/lib/avrxmega4\libm.a(sin.o)
                0x0000000000009c32                sin
 .text.avr-libc.fplib
                0x0000000000009c42       0x4e c:/program files (x86)/atmel/studio/7.0/toolchain/avr8/avr8-gnu-toolchain/bin/../lib/gcc/avr/7.3.0/../../../../avr/lib/avrxmega4\libm.a(fp_powser.o)
                0x0000000000009c42                __fp_powser
 .text.avr-libc.fplib
                0x0000000000009c90       0x28 c:/program files (x86)/atmel/studio/7.0/toolchain/avr8/avr8-gnu-toolchain/bin/../lib/gcc/avr/7.3.0/../../../../avr/lib/avrxmega4\libm.a(fp_powsodd.o)
                0x0000000000009c90                __fp_powsodd
 .text.libgcc.mul
                0x0000000000009cb8       0x20 c:/program files (x86)/atmel/studio/7.0/toolchain/avr8/avr8-gnu-toolchain/bin/../lib/gcc/avr/7.3.0/avrxmega4\libgcc.a(_mulsi3.o)
                0x0000000000009cb8                __mulsi3
 .text.libgcc.div
                0x0000000000009cd8       0x28 c:/program files (x86)/atmel/studio/7.0/toolchain/avr8/avr8-gnu-toolchain/bin/../lib/gcc/avr/7.3.0/avrxmega4\libgcc.a(_udivmodhi4.o)
                0x0000000000009cd8                __udivmodhi4
 .text.libgcc.div
                0x0000000000009d00       0x44 c:/program files (x86)/atmel/studio/7.0/toolchain/avr8/avr8-gnu-toolchain/bin/../lib/gcc/avr/7.3.0/avrxmega4\libgcc.a(_udivmodsi4.o)
                0x0000000000009d00                __udivmodsi4
 .text.libgcc   0x0000000000009d44       0x12 c:/program files (x86)/atmel/studio/7.0/toolchain/avr8/avr8-gnu-toolchain/bin/../lib/gcc/avr/7.3.0/avrxmega4\libgcc.a(_tablejump2.o)
                0x0000000000009d44                __tablejump2__
 .text.libgcc.mul
                0x0000000000009d56       0x16 c:/program files (x86)/atmel/studio/7.0/toolchain/avr8/avr8-gnu-toolchain/bin/../lib/gcc/avr/7.3.0/avrxmega4\libgcc.a(_muluhisi3.o)
                0x0000000000009d56                __muluhisi3
 .text.libgcc.mul
                0x0000000000009d6c       0x1e c:/program files (x86)/atmel/studio/7.0/toolchain/avr8/avr8-gnu-toolchain/bin/../lib/gcc/avr/7.3.0/avrxmega4\libgcc.a(_umulhisi3.o)
                0x0000000000009d6c                __umulhisi3
 .text.avr-libc
                0x0000000000009d8a      0x24a c:/program files (x86)/atmel/studio/7.0/toolchain/avr8/avr8-gnu-toolchain/bin/../lib/gcc/avr/7.3.0/../../../../avr/lib/avrxmega4\libc.a(malloc.o)
                0x0000000000009d8a                malloc
                0x0000000000009ec2                free
 .text.avr-libc
                0x0000000000009fd4       0x12 c:/program files (x86)/atmel/studio/7.0/toolchain/avr8/avr8-gnu-toolchain/bin/../lib/gcc/avr/7.3.0/../../../../avr/lib/avrxmega4\libc.a(strlen.o)
                0x0000000000009fd4                strlen
 .text.avr-libc
                0x0000000000009fe6       0x6e c:/program files (x86)/atmel/studio/7.0/toolchain/avr8/avr8-gnu-toolchain/bin/../lib/gcc/avr/7.3.0/../../../../avr/lib/avrxmega4\libc.a(snprintf.o)
                0x0000000000009fe6                snprintf
 .text.avr-libc
                0x000000000000a054       0x54 c:/program files (x86)/atmel/studio/7.0/toolchain/avr8/avr8-gnu-toolchain/bin/../lib/gcc/avr/7.3.0/../../../../avr/lib/avrxmega4\libc.a(sprintf.o)
                0x000000000000a054                sprintf
 .text.avr-libc
                0x000000000000a0a8      0x3fa c:/program files (x86)/atmel/studio/7.0/toolchain/avr8/avr8-gnu-toolchain/bin/../lib/gcc/avr/7.3.0/../../../../avr/lib/avrxmega4\libc.a(vfprintf_std.o)
                0x000000000000a0a8                vfprintf
 .text.avr-libc
                0x000000000000a4a2       0x16 c:/program files (x86)/atmel/studio/7.0/toolchain/avr8/avr8-gnu-toolchain/bin/../lib/gcc/avr/7.3.0/../../../../avr/lib/avrxmega4\libc.a(strnlen_P.o)
                0x000000000000a4a2                strnlen_P
 .text.avr-libc
                0x000000000000a4b8       0x16 c:/program files (x86)/atmel/studio/7.0/toolchain/avr8/avr8-gnu-toolchain/bin/../lib/gcc/avr/7.3.0/../../../../avr/lib/avrxmega4\libc.a(strnlen.o)
                0x000000000000a4b8                strnlen
 .text.avr-libc
                0x000000000000a4ce       0x60 c:/program files (x86)/atmel/studio/7.0/toolchain/avr8/avr8-gnu-toolchain/bin/../lib/gcc/avr/7.3.0/../../../../avr/lib/avrxmega4\libc.a(fputc.o)
                0x000000000000a4ce                fputc
 .text.avr-libc
                0x000000000000a52e       0xbc c:/program files (x86)/atmel/studio/7.0/toolchain/avr8/avr8-gnu-toolchain/bin/../lib/gcc/avr/7.3.0/../../../../avr/lib/avrxmega4\libc.a(ultoa_invert.o)
                0x000000000000a52e                __ultoa_invert
 .text.avr-libc
                0x000000000000a5ea       0x10 C:/Program Files (x86)/Atmel/Studio/7.0/Packs/atmel/AVR-Dx_DFP/1.9.103/gcc/dev/avr128da48/avrxmega4\libavr128da48.a(eerd_byte.o)
                0x000000000000a5ea                eeprom_read_byte
                0x000000000000a5f2                eeprom_mapen
 .text.avr-libc
                0x000000000000a5fa        0xe C:/Program Files (x86)/Atmel/Studio/7.0/Packs/atmel/AVR-Dx_DFP/1.9.103/gcc/dev/avr128da48/avrxmega4\libavr128da48.a(eerd_dword.o)
                0x000000000000a5fa                eeprom_read_float
                0x000000000000a5fa                eeprom_read_dword
 .text.avr-libc
                0x000000000000a608        0xa C:/Program Files (x86)/Atmel/Studio/7.0/Packs/atmel/AVR-Dx_DFP/1.9.103/gcc/dev/avr128da48/avrxmega4\libavr128da48.a(eerd_word.o)
                0x000000000000a608                eeprom_read_word
                0x000000000000a612                . = ALIGN (0x2)
 *(.fini9)
 .fini9         0x000000000000a612        0x0 c:/program files (x86)/atmel/studio/7.0/toolchain/avr8/avr8-gnu-toolchain/bin/../lib/gcc/avr/7.3.0/avrxmega4\libgcc.a(_exit.o)
                0x000000000000a612                _exit
                0x000000000000a612                exit
 *(.fini9)
 *(.fini8)
 *(.fini8)
 *(.fini7)
 *(.fini7)
 *(.fini6)
 .fini6         0x000000000000a612       0x16 c:/program files (x86)/atmel/studio/7.0/toolchain/avr8/avr8-gnu-toolchain/bin/../lib/gcc/avr/7.3.0/avrxmega4\libgcc.a(_dtors.o)
                0x000000000000a612                __do_global_dtors
 *(.fini6)
 *(.fini5)
 *(.fini5)
 *(.fini4)
 *(.fini4)
 *(.fini3)
 *(.fini3)
 *(.fini2)
 *(.fini2)
 *(.fini1)
 *(.fini1)
 *(.fini0)
 .fini0         0x000000000000a628        0x4 c:/program files (x86)/atmel/studio/7.0/toolchain/avr8/avr8-gnu-toolchain/bin/../lib/gcc/avr/7.3.0/avrxmega4\libgcc.a(_exit.o)
 *(.fini0)
                0x000000000000a62c                _etext = .

.data           0x0000000000804000      0x122 load address 0x000000000000a62c
                0x0000000000804000                PROVIDE (__data_start, .)
 *(.data)
 .data          0x0000000000804000        0x6 c:/program files (x86)/atmel/studio/7.0/toolchain/avr8/avr8-gnu-toolchain/bin/../lib/gcc/avr/7.3.0/../../../../avr/lib/avrxmega4\libc.a(malloc.o)
                0x0000000000804000                __malloc_heap_end
                0x0000000000804002                __malloc_heap_start
                0x0000000000804004                __malloc_margin
 *(.data*)
 .data._ZL19g_powerdown_seconds
                0x0000000000804006        0x2 main.o
 .data._ZL17g_rf_gain_setting
                0x0000000000804008        0x1 main.o
 .data.g_inactivity_power_off
                0x0000000000804009        0x4 main.o
                0x0000000000804009                g_inactivity_power_off
 .data._ZL12g_awakenedBy
                0x000000000080400d        0x2 main.o
 .data._ZL19g_active_ADC_sample
                0x000000000080400f        0x2 main.o
 .data.g_audio_gain
                0x0000000000804011        0x2 main.o
                0x0000000000804011                g_audio_gain
 .data.g_enable_audio_feedthrough
                0x0000000000804013        0x1 main.o
                0x0000000000804013                g_enable_audio_feedthrough
 .data._ZZ11__vector_12E7fiftyMS
                0x0000000000804014        0x1 main.o
 .data._ZZ11__vector_12E25leftsenseLongPressEnabled
                0x0000000000804015        0x1 main.o
 .data._ZZ11__vector_12E26rightsenseLongPressEnabled
                0x0000000000804016        0x1 main.o
 .data._ZZ11__vector_12E23encoderLongPressEnabled
                0x0000000000804017        0x1 main.o
 .data._ZZ4mainE4init
                0x0000000000804018        0x1 main.o
 .data._ZZ4mainE13minPitchLevel
                0x0000000000804019        0x4 main.o
 .data.g_fox    0x000000000080401d        0xa src/eeprommanager.o
                0x000000000080401d                g_fox
 .data.g_i2c0_timeout_ticks
                0x0000000000804027        0x2 src/i2c.o
                0x0000000000804027                g_i2c0_timeout_ticks
 .data.g_i2c1_timeout_ticks
                0x0000000000804029        0x2 src/i2c.o
                0x0000000000804029                g_i2c1_timeout_ticks
 .data._ZL17led_timeout_count
                0x000000000080402b        0x4 src/leds.o
 .data.g_clock_calibration
                0x000000000080402f        0x2 src/rtc.o
                0x000000000080402f                g_clock_calibration
 .data._ZL11g_xtal_freq
                0x0000000000804031        0x4 src/si5351.o
 .data.g_rx_frequency
                0x0000000000804035        0x4 src/receiver.o
                0x0000000000804035                g_rx_frequency
 .data.g_frequency_low
                0x0000000000804039        0x4 src/receiver.o
                0x0000000000804039                g_frequency_low
 .data.g_frequency_med
                0x000000000080403d        0x4 src/receiver.o
                0x000000000080403d                g_frequency_med
 .data.g_frequency_hi
                0x0000000000804041        0x4 src/receiver.o
                0x0000000000804041                g_frequency_hi
 .data.g_frequency_beacon
                0x0000000000804045        0x4 src/receiver.o
                0x0000000000804045                g_frequency_beacon
 *(.gnu.linkonce.d*)
 *(.rodata)
 .rodata        0x0000000000804049       0x8b main.o
 .rodata        0x00000000008040d4        0xc src/eeprommanager.o
 .rodata        0x00000000008040e0       0x38 src/util.o
 *(.rodata*)
 .rodata._ZTV7Display
                0x0000000000804118        0xa src/display.o
                0x0000000000804118                _ZTV7Display
 *(.gnu.linkonce.r*)
                0x0000000000804122                . = ALIGN (0x2)
                0x0000000000804122                _edata = .
                0x0000000000804122                PROVIDE (__data_end, .)

.bss            0x0000000000804122      0x21c
                0x0000000000804122                PROVIDE (__bss_start, .)
 *(.bss)
 *(.bss*)
 .bss._ZL9g_tempStr
                0x0000000000804122       0x64 main.o
 .bss._ZL17g_last_error_code
                0x0000000000804186        0x2 main.o
 .bss._ZL18g_last_status_code
                0x0000000000804188        0x2 main.o
 .bss._ZL21g_headphones_detected
                0x000000000080418a        0x1 main.o
 .bss._ZL16g_hardware_error
                0x000000000080418b        0x2 main.o
 .bss._ZL15g_rotary_enable
                0x000000000080418d        0x1 main.o
 .bss._ZL14g_rotary_count
                0x000000000080418e        0x2 main.o
 .bss._ZL14g_rotary_edges
                0x0000000000804190        0x2 main.o
 .bss._ZL22g_rotary_shaft_pressed
                0x0000000000804192        0x1 main.o
 .bss._ZL19g_leftSense_pressed
                0x0000000000804193        0x1 main.o
 .bss._ZL20g_rightSense_pressed
                0x0000000000804194        0x1 main.o
 .bss._ZL19g_bothSense_pressed
                0x0000000000804195        0x1 main.o
 .bss.g_seconds_transition
                0x0000000000804196        0x1 main.o
                0x0000000000804196                g_seconds_transition
 .bss.g_seconds_since_poweron
                0x0000000000804197        0x4 main.o
                0x0000000000804197                g_seconds_since_poweron
 .bss.g_display_active
                0x000000000080419b        0x1 main.o
                0x000000000080419b                g_display_active
 .bss._ZL17g_go_to_sleep_now
                0x000000000080419c        0x1 main.o
 .bss._ZL10g_sleeping
                0x000000000080419d        0x1 main.o
 .bss.g_goertzel_rssi
                0x000000000080419e        0x4 main.o
                0x000000000080419e                g_goertzel_rssi
 .bss.g_leftsense_closed_time
                0x00000000008041a2        0x2 main.o
                0x00000000008041a2                g_leftsense_closed_time
 .bss.g_rightsense_closed_time
                0x00000000008041a4        0x2 main.o
                0x00000000008041a4                g_rightsense_closed_time
 .bss.g_encoder_closed_time
                0x00000000008041a6        0x2 main.o
                0x00000000008041a6                g_encoder_closed_time
 .bss.g_handle_counted_leftsense_presses
                0x00000000008041a8        0x2 main.o
                0x00000000008041a8                g_handle_counted_leftsense_presses
 .bss.g_handle_counted_rightsense_presses
                0x00000000008041aa        0x2 main.o
                0x00000000008041aa                g_handle_counted_rightsense_presses
 .bss.g_handle_counted_encoder_presses
                0x00000000008041ac        0x2 main.o
                0x00000000008041ac                g_handle_counted_encoder_presses
 .bss.g_leftsense_presses_count
                0x00000000008041ae        0x2 main.o
                0x00000000008041ae                g_leftsense_presses_count
 .bss.g_rightsense_presses_count
                0x00000000008041b0        0x2 main.o
                0x00000000008041b0                g_rightsense_presses_count
 .bss.g_encoder_presses_count
                0x00000000008041b2        0x2 main.o
                0x00000000008041b2                g_encoder_presses_count
 .bss.g_long_leftsense_press
                0x00000000008041b4        0x1 main.o
                0x00000000008041b4                g_long_leftsense_press
 .bss.g_long_rightsense_press
                0x00000000008041b5        0x1 main.o
                0x00000000008041b5                g_long_rightsense_press
 .bss.g_long_encoder_press
                0x00000000008041b6        0x1 main.o
                0x00000000008041b6                g_long_encoder_press
 .bss.display   0x00000000008041b7        0xb main.o
                0x00000000008041b7                display
 .bss.LEDS      0x00000000008041c2        0x1 main.o
                0x00000000008041c2                LEDS
 .bss.g_text_buff
                0x00000000008041c3        0xa main.o
                0x00000000008041c3                g_text_buff
 .bss.EEPromMgr
                0x00000000008041cd        0x1 main.o
                0x00000000008041cd                EEPromMgr
 .bss.sineWave  0x00000000008041ce       0x32 main.o
                0x00000000008041ce                sineWave
 .bss._ZL6g_beep
                0x0000000000804200        0x2 main.o
 .bss._ZL6g_tick
                0x0000000000804202        0x1 main.o
 .bss._ZZ11__vector_24E9sineIndex
                0x0000000000804203        0x1 main.o
 .bss._ZZ11__vector_12E31leftsense_closures_count_period
                0x0000000000804204        0x2 main.o
 .bss._ZZ11__vector_12E32rightsense_closures_count_period
                0x0000000000804206        0x2 main.o
 .bss._ZZ11__vector_12E29encoder_closures_count_period
                0x0000000000804208        0x2 main.o
 .bss._ZZ11__vector_12E17leftsenseReleased
                0x000000000080420a        0x1 main.o
 .bss._ZZ11__vector_12E18rightsenseReleased
                0x000000000080420b        0x1 main.o
 .bss._ZZ11__vector_12E15encoderReleased
                0x000000000080420c        0x1 main.o
 .bss._ZZ11__vector_12E15holdRotaryEdges
                0x000000000080420d        0x2 main.o
 .bss._ZZ11__vector_12E23rotaryNoMotionCountdown
                0x000000000080420f        0x2 main.o
 .bss.prev_state
                0x0000000000804211        0x1 main.o
                0x0000000000804211                prev_state
 .bss._ZZ4mainE13maxPitchLevel
                0x0000000000804212        0x4 main.o
 .bss.g_goertzel
                0x0000000000804216        0x1 src/adc.o
                0x0000000000804216                g_goertzel
 .bss._ZL20g_adc_initialization
                0x0000000000804217        0x2 src/adc.o
 .bss.portApinReadings
                0x0000000000804219        0x3 src/binio.o
                0x0000000000804219                portApinReadings
 .bss.portFpinReadings
                0x000000000080421c        0x3 src/binio.o
                0x000000000080421c                portFpinReadings
 .bss.portAdebounced
                0x000000000080421f        0x1 src/binio.o
                0x000000000080421f                portAdebounced
 .bss.portFdebounced
                0x0000000000804220        0x1 src/binio.o
                0x0000000000804220                portFdebounced
 .bss.g_isMaster
                0x0000000000804221        0x1 src/eeprommanager.o
                0x0000000000804221                g_isMaster
 .bss.g_utc_offset
                0x0000000000804222        0x1 src/eeprommanager.o
                0x0000000000804222                g_utc_offset
 .bss.g_unlockCode
                0x0000000000804223        0xa src/eeprommanager.o
                0x0000000000804223                g_unlockCode
 .bss.g_rtty_offset
                0x000000000080422d        0x4 src/eeprommanager.o
                0x000000000080422d                g_rtty_offset
 .bss.g_event   0x0000000000804231        0x2 src/eeprommanager.o
                0x0000000000804231                g_event
 .bss.g_frequency_mode
                0x0000000000804233        0x2 src/eeprommanager.o
                0x0000000000804233                g_frequency_mode
 .bss.g_messages_text
                0x0000000000804235       0x3f src/eeprommanager.o
                0x0000000000804235                g_messages_text
 .bss.g_event_start_epoch
                0x0000000000804274        0x4 src/eeprommanager.o
                0x0000000000804274                g_event_start_epoch
 .bss.g_event_finish_epoch
                0x0000000000804278        0x4 src/eeprommanager.o
                0x0000000000804278                g_event_finish_epoch
 .bss.g_80m_power_level_mW
                0x000000000080427c        0x2 src/eeprommanager.o
                0x000000000080427c                g_80m_power_level_mW
 .bss.g_id_codespeed
                0x000000000080427e        0x1 src/eeprommanager.o
                0x000000000080427e                g_id_codespeed
 .bss.g_pattern_codespeed
                0x000000000080427f        0x1 src/eeprommanager.o
                0x000000000080427f                g_pattern_codespeed
 .bss.g_foxoring_pattern_codespeed
                0x0000000000804280        0x1 src/eeprommanager.o
                0x0000000000804280                g_foxoring_pattern_codespeed
 .bss.g_off_air_seconds
                0x0000000000804281        0x2 src/eeprommanager.o
                0x0000000000804281                g_off_air_seconds
 .bss.g_on_air_seconds
                0x0000000000804283        0x2 src/eeprommanager.o
                0x0000000000804283                g_on_air_seconds
 .bss.g_ID_period_seconds
                0x0000000000804285        0x2 src/eeprommanager.o
                0x0000000000804285                g_ID_period_seconds
 .bss.g_intra_cycle_delay_time
                0x0000000000804287        0x2 src/eeprommanager.o
                0x0000000000804287                g_intra_cycle_delay_time
 .bss.g_voltage_threshold
                0x0000000000804289        0x4 src/eeprommanager.o
                0x0000000000804289                g_voltage_threshold
 .bss.g_days_to_run
                0x000000000080428d        0x1 src/eeprommanager.o
                0x000000000080428d                g_days_to_run
 .bss.g_i2c_failure_count
                0x000000000080428e        0x2 src/eeprommanager.o
                0x000000000080428e                g_i2c_failure_count
 .bss._SAMPLING_FREQUENCY
                0x0000000000804290        0x4 src/Goertzel.o
                0x0000000000804290                _SAMPLING_FREQUENCY
 .bss._TARGET_FREQUENCY
                0x0000000000804294        0x4 src/Goertzel.o
                0x0000000000804294                _TARGET_FREQUENCY
 .bss._N        0x0000000000804298        0x2 src/Goertzel.o
                0x0000000000804298                _N
 .bss.g_coeff   0x000000000080429a        0x4 src/Goertzel.o
                0x000000000080429a                g_coeff
 .bss.Q1        0x000000000080429e        0x4 src/Goertzel.o
                0x000000000080429e                Q1
 .bss.Q2        0x00000000008042a2        0x4 src/Goertzel.o
                0x00000000008042a2                Q2
 .bss._index    0x00000000008042a6        0x2 src/Goertzel.o
                0x00000000008042a6                _index
 .bss._samplesReady
                0x00000000008042a8        0x1 src/Goertzel.o
                0x00000000008042a8                _samplesReady
 .bss.highValueCount
                0x00000000008042a9        0x2 src/Goertzel.o
                0x00000000008042a9                highValueCount
 .bss.testData  0x00000000008042ab        0x2 src/Goertzel.o
                0x00000000008042ab                testData
 .bss._ZL23timer_red_blink_inhibit
                0x00000000008042ad        0x1 src/leds.o
 .bss._ZL25timer_green_blink_inhibit
                0x00000000008042ae        0x1 src/leds.o
 .bss._ZL19lastRedBlinkSetting
                0x00000000008042af        0x2 src/leds.o
 .bss._ZL21lastGreenBlinkSetting
                0x00000000008042b1        0x2 src/leds.o
 .bss._ZL20lastBothBlinkSetting
                0x00000000008042b3        0x2 src/leds.o
 .bss._ZL19red_blink_on_period
                0x00000000008042b5        0x2 src/leds.o
 .bss._ZL20red_blink_off_period
                0x00000000008042b7        0x2 src/leds.o
 .bss._ZL21green_blink_on_period
                0x00000000008042b9        0x2 src/leds.o
 .bss._ZL22green_blink_off_period
                0x00000000008042bb        0x2 src/leds.o
 .bss._ZL15red_blink_count
                0x00000000008042bd        0x2 src/leds.o
 .bss._ZL17green_blink_count
                0x00000000008042bf        0x2 src/leds.o
 .bss._ZL18red_led_configured
                0x00000000008042c1        0x1 src/leds.o
 .bss._ZL20green_led_configured
                0x00000000008042c2        0x1 src/leds.o
 .bss.isRed     0x00000000008042c3        0x1 src/leds.o
                0x00000000008042c3                isRed
 .bss.isGreen   0x00000000008042c4        0x1 src/leds.o
                0x00000000008042c4                isGreen
 .bss.isBoth    0x00000000008042c5        0x1 src/leds.o
                0x00000000008042c5                isBoth
 .bss._ZL16use_backup_clock
                0x00000000008042c6        0x1 src/rtc.o
 .bss._ZL8freqVCOB
                0x00000000008042c7        0x4 src/si5351.o
 .bss._ZL17enabledClocksMask
                0x00000000008042cb        0x1 src/si5351.o
 .bss._ZL9clock_out
                0x00000000008042cc        0xc src/si5351.o
 .bss.g_si5351_initialized
                0x00000000008042d8        0x1 src/si5351.o
                0x00000000008042d8                g_si5351_initialized
 .bss._ZZ11si5351_initE3err
                0x00000000008042d9        0x1 src/si5351.o
 .bss.g_pwm_setting
                0x00000000008042da        0x2 src/tca.o
                0x00000000008042da                g_pwm_setting
 .bss._ZL12g_ms_counter
                0x00000000008042dc        0x4 src/tcb.o
 .bss._ZZ13util_delay_msE14countdownValue
                0x00000000008042e0        0x4 src/tcb.o
 .bss._ZZ13util_delay_msE8counting
                0x00000000008042e4        0x1 src/tcb.o
 .bss._ZL16g_rx_initialized
                0x00000000008042e5        0x1 src/receiver.o
 .bss.g_frequency_memory
                0x00000000008042e6       0x50 src/receiver.o
                0x00000000008042e6                g_frequency_memory
 *(COMMON)
 COMMON         0x0000000000804336        0x4 c:/program files (x86)/atmel/studio/7.0/toolchain/avr8/avr8-gnu-toolchain/bin/../lib/gcc/avr/7.3.0/../../../../avr/lib/avrxmega4\libc.a(malloc.o)
                0x0000000000804336                __brkval
                0x0000000000804338                __flp
 COMMON         0x000000000080433a        0x4 c:/program files (x86)/atmel/studio/7.0/toolchain/avr8/avr8-gnu-toolchain/bin/../lib/gcc/avr/7.3.0/../../../../avr/lib/avrxmega4\libc.a(system_time.o)
                0x000000000080433a                __system_time
                0x000000000080433e                PROVIDE (__bss_end, .)
                0x000000000000a62c                __data_load_start = LOADADDR (.data)
                0x000000000000a74e                __data_load_end = (__data_load_start + SIZEOF (.data))

.noinit         0x000000000080433e        0x0
                [!provide]                        PROVIDE (__noinit_start, .)
 *(.noinit*)
                [!provide]                        PROVIDE (__noinit_end, .)
                0x000000000080433e                _end = .
                0x000000000080433e                PROVIDE (__heap_start, .)

.eeprom         0x0000000000810000      0x164
 *(.eeprom*)
 .eeprom        0x0000000000810000      0x164 src/eeprommanager.o
                0x0000000000810000                _ZN13EepromManager7ee_varsE
                0x0000000000810164                __eeprom_end = .

.fuse
 *(.fuse)
 *(.lfuse)
 *(.hfuse)
 *(.efuse)

.lock
 *(.lock*)

.signature
 *(.signature*)

.user_signatures
 *(.user_signatures*)

.stab
 *(.stab)

.stabstr
 *(.stabstr)

.stab.excl
 *(.stab.excl)

.stab.exclstr
 *(.stab.exclstr)

.stab.index
 *(.stab.index)

.stab.indexstr
 *(.stab.indexstr)

.comment        0x0000000000000000       0x5c
 *(.comment)
 .comment       0x0000000000000000       0x30 atmel_start.o
                                         0x31 (size before relaxing)
 .comment       0x0000000000000030       0x31 main.o
 .comment       0x0000000000000030       0x31 src/adc.o
 .comment       0x0000000000000030       0x31 src/binio.o
 .comment       0x0000000000000030       0x31 src/bod.o
 .comment       0x0000000000000030       0x31 src/CircularStringBuff.o
 .comment       0x0000000000000030       0x31 src/clkctrl.o
 .comment       0x0000000000000030       0x31 src/cpuint.o
 .comment       0x0000000000000030       0x31 src/dac0.o
 .comment       0x0000000000000030       0x31 src/display.o
 .comment       0x0000000000000030       0x31 src/driver_init.o
 .comment       0x0000000000000030       0x31 src/eeprommanager.o
 .comment       0x0000000000000030       0x31 src/Goertzel.o
 .comment       0x0000000000000030       0x31 src/i2c.o
 .comment       0x0000000000000030       0x31 src/leds.o
 .comment       0x0000000000000030       0x31 src/rtc.o
 .comment       0x0000000000000030       0x31 src/si5351.o
 .comment       0x0000000000000030       0x31 src/slpctrl.o
 .comment       0x0000000000000030       0x31 src/tca.o
 .comment       0x0000000000000030       0x31 src/tcb.o
 .comment       0x0000000000000030       0x31 src/receiver.o
 .comment       0x0000000000000030       0x31 src/util.o
 .comment       0x0000000000000030       0x31 c:/program files (x86)/atmel/studio/7.0/toolchain/avr8/avr8-gnu-toolchain/bin/../lib/gcc/avr/7.3.0/../../../../avr/lib/avrxmega4\libc.a(malloc.o)
 .comment       0x0000000000000030       0x31 c:/program files (x86)/atmel/studio/7.0/toolchain/avr8/avr8-gnu-toolchain/bin/../lib/gcc/avr/7.3.0/../../../../avr/lib/avrxmega4\libc.a(snprintf.o)
 .comment       0x0000000000000030       0x31 c:/program files (x86)/atmel/studio/7.0/toolchain/avr8/avr8-gnu-toolchain/bin/../lib/gcc/avr/7.3.0/../../../../avr/lib/avrxmega4\libc.a(sprintf.o)
 .comment       0x0000000000000030       0x31 c:/program files (x86)/atmel/studio/7.0/toolchain/avr8/avr8-gnu-toolchain/bin/../lib/gcc/avr/7.3.0/../../../../avr/lib/avrxmega4\libc.a(set_system_time.o)
 .comment       0x0000000000000030       0x31 c:/program files (x86)/atmel/studio/7.0/toolchain/avr8/avr8-gnu-toolchain/bin/../lib/gcc/avr/7.3.0/../../../../avr/lib/avrxmega4\libc.a(system_time.o)
 .comment       0x0000000000000030       0x31 c:/program files (x86)/atmel/studio/7.0/toolchain/avr8/avr8-gnu-toolchain/bin/../lib/gcc/avr/7.3.0/../../../../avr/lib/avrxmega4\libc.a(time.o)
 .comment       0x0000000000000030       0x2c c:/program files (x86)/atmel/studio/7.0/toolchain/avr8/avr8-gnu-toolchain/bin/../lib/gcc/avr/7.3.0/../../../../avr/lib/avrxmega4\libc.a(vfprintf_std.o)
                                         0x2d (size before relaxing)
 .comment       0x000000000000005c       0x31 c:/program files (x86)/atmel/studio/7.0/toolchain/avr8/avr8-gnu-toolchain/bin/../lib/gcc/avr/7.3.0/../../../../avr/lib/avrxmega4\libc.a(fputc.o)

.note.gnu.avr.deviceinfo
                0x0000000000000000       0x40
 .note.gnu.avr.deviceinfo
                0x0000000000000000       0x40 C:/Program Files (x86)/Atmel/Studio/7.0/Packs/atmel/AVR-Dx_DFP/1.9.103/gcc/dev/avr128da48/avrxmega4/crtavr128da48.o

.note.gnu.build-id
 *(.note.gnu.build-id)

.debug
 *(.debug)

.line
 *(.line)

.debug_srcinfo
 *(.debug_srcinfo)

.debug_sfnames
 *(.debug_sfnames)

.debug_aranges  0x0000000000000000      0x940
 *(.debug_aranges)
 .debug_aranges
                0x0000000000000000       0x20 atmel_start.o
 .debug_aranges
                0x0000000000000020       0xc0 main.o
 .debug_aranges
                0x00000000000000e0       0x70 src/adc.o
 .debug_aranges
                0x0000000000000150       0xc8 src/binio.o
 .debug_aranges
                0x0000000000000218       0x20 src/bod.o
 .debug_aranges
                0x0000000000000238       0x90 src/CircularStringBuff.o
 .debug_aranges
                0x00000000000002c8       0x28 src/clkctrl.o
 .debug_aranges
                0x00000000000002f0       0x20 src/cpuint.o
 .debug_aranges
                0x0000000000000310       0x30 src/dac0.o
 .debug_aranges
                0x0000000000000340       0xb0 src/display.o
 .debug_aranges
                0x00000000000003f0       0x60 src/driver_init.o
 .debug_aranges
                0x0000000000000450       0x68 src/eeprommanager.o
 .debug_aranges
                0x00000000000004b8       0x60 src/Goertzel.o
 .debug_aranges
                0x0000000000000518       0x90 src/i2c.o
 .debug_aranges
                0x00000000000005a8       0x98 src/leds.o
 .debug_aranges
                0x0000000000000640       0x20 src/protected_io.o
 .debug_aranges
                0x0000000000000660       0x58 src/rtc.o
 .debug_aranges
                0x00000000000006b8       0xe0 src/si5351.o
 .debug_aranges
                0x0000000000000798       0x28 src/slpctrl.o
 .debug_aranges
                0x00000000000007c0       0x40 src/tca.o
 .debug_aranges
                0x0000000000000800       0x40 src/tcb.o
 .debug_aranges
                0x0000000000000840       0x58 src/receiver.o
 .debug_aranges
                0x0000000000000898       0x48 src/util.o
 .debug_aranges
                0x00000000000008e0       0x20 C:/Program Files (x86)/Atmel/Studio/7.0/Packs/atmel/AVR-Dx_DFP/1.9.103/gcc/dev/avr128da48/avrxmega4\libavr128da48.a(eerd_byte.o)
 .debug_aranges
                0x0000000000000900       0x20 C:/Program Files (x86)/Atmel/Studio/7.0/Packs/atmel/AVR-Dx_DFP/1.9.103/gcc/dev/avr128da48/avrxmega4\libavr128da48.a(eerd_dword.o)
 .debug_aranges
                0x0000000000000920       0x20 C:/Program Files (x86)/Atmel/Studio/7.0/Packs/atmel/AVR-Dx_DFP/1.9.103/gcc/dev/avr128da48/avrxmega4\libavr128da48.a(eerd_word.o)

.debug_pubnames
 *(.debug_pubnames)

.debug_info     0x0000000000000000     0xf940
 *(.debug_info .gnu.linkonce.wi.*)
 .debug_info    0x0000000000000000     0x2c24 C:/Program Files (x86)/Atmel/Studio/7.0/Packs/atmel/AVR-Dx_DFP/1.9.103/gcc/dev/avr128da48/avrxmega4/crtavr128da48.o
 .debug_info    0x0000000000002c24       0xc5 atmel_start.o
 .debug_info    0x0000000000002ce9     0x2928 main.o
 .debug_info    0x0000000000005611      0xc5d src/adc.o
 .debug_info    0x000000000000626e      0x8bf src/binio.o
 .debug_info    0x0000000000006b2d      0x1d0 src/bod.o
 .debug_info    0x0000000000006cfd      0x6f5 src/CircularStringBuff.o
 .debug_info    0x00000000000073f2      0x2f9 src/clkctrl.o
 .debug_info    0x00000000000076eb       0xd4 src/cpuint.o
 .debug_info    0x00000000000077bf      0x44f src/dac0.o
 .debug_info    0x0000000000007c0e      0xb65 src/display.o
 .debug_info    0x0000000000008773      0x494 src/driver_init.o
 .debug_info    0x0000000000008c07     0x171b src/eeprommanager.o
 .debug_info    0x000000000000a322      0x5a5 src/Goertzel.o
 .debug_info    0x000000000000a8c7      0x888 src/i2c.o
 .debug_info    0x000000000000b14f      0xcb8 src/leds.o
 .debug_info    0x000000000000be07       0x92 src/protected_io.o
 .debug_info    0x000000000000be99      0xe88 src/rtc.o
 .debug_info    0x000000000000cd21      0xf6f src/si5351.o
 .debug_info    0x000000000000dc90      0x180 src/slpctrl.o
 .debug_info    0x000000000000de10      0xbd5 src/tca.o
 .debug_info    0x000000000000e9e5      0x3c7 src/tcb.o
 .debug_info    0x000000000000edac      0x473 src/receiver.o
 .debug_info    0x000000000000f21f      0x543 src/util.o
 .debug_info    0x000000000000f762       0x9f C:/Program Files (x86)/Atmel/Studio/7.0/Packs/atmel/AVR-Dx_DFP/1.9.103/gcc/dev/avr128da48/avrxmega4\libavr128da48.a(eerd_byte.o)
 .debug_info    0x000000000000f801       0xa0 C:/Program Files (x86)/Atmel/Studio/7.0/Packs/atmel/AVR-Dx_DFP/1.9.103/gcc/dev/avr128da48/avrxmega4\libavr128da48.a(eerd_dword.o)
 .debug_info    0x000000000000f8a1       0x9f C:/Program Files (x86)/Atmel/Studio/7.0/Packs/atmel/AVR-Dx_DFP/1.9.103/gcc/dev/avr128da48/avrxmega4\libavr128da48.a(eerd_word.o)

.debug_abbrev   0x0000000000000000     0x5755
 *(.debug_abbrev)
 .debug_abbrev  0x0000000000000000     0x29ce C:/Program Files (x86)/Atmel/Studio/7.0/Packs/atmel/AVR-Dx_DFP/1.9.103/gcc/dev/avr128da48/avrxmega4/crtavr128da48.o
 .debug_abbrev  0x00000000000029ce       0x70 atmel_start.o
 .debug_abbrev  0x0000000000002a3e      0x540 main.o
 .debug_abbrev  0x0000000000002f7e      0x2fe src/adc.o
 .debug_abbrev  0x000000000000327c      0x29a src/binio.o
 .debug_abbrev  0x0000000000003516       0xd2 src/bod.o
 .debug_abbrev  0x00000000000035e8      0x1e9 src/CircularStringBuff.o
 .debug_abbrev  0x00000000000037d1       0xfe src/clkctrl.o
 .debug_abbrev  0x00000000000038cf       0x72 src/cpuint.o
 .debug_abbrev  0x0000000000003941      0x157 src/dac0.o
 .debug_abbrev  0x0000000000003a98      0x314 src/display.o
 .debug_abbrev  0x0000000000003dac      0x1a4 src/driver_init.o
 .debug_abbrev  0x0000000000003f50      0x33b src/eeprommanager.o
 .debug_abbrev  0x000000000000428b      0x227 src/Goertzel.o
 .debug_abbrev  0x00000000000044b2      0x224 src/i2c.o
 .debug_abbrev  0x00000000000046d6      0x340 src/leds.o
 .debug_abbrev  0x0000000000004a16       0x14 src/protected_io.o
 .debug_abbrev  0x0000000000004a2a      0x2af src/rtc.o
 .debug_abbrev  0x0000000000004cd9      0x295 src/si5351.o
 .debug_abbrev  0x0000000000004f6e       0xe7 src/slpctrl.o
 .debug_abbrev  0x0000000000005055      0x206 src/tca.o
 .debug_abbrev  0x000000000000525b      0x175 src/tcb.o
 .debug_abbrev  0x00000000000053d0      0x18e src/receiver.o
 .debug_abbrev  0x000000000000555e      0x1bb src/util.o
 .debug_abbrev  0x0000000000005719       0x14 C:/Program Files (x86)/Atmel/Studio/7.0/Packs/atmel/AVR-Dx_DFP/1.9.103/gcc/dev/avr128da48/avrxmega4\libavr128da48.a(eerd_byte.o)
 .debug_abbrev  0x000000000000572d       0x14 C:/Program Files (x86)/Atmel/Studio/7.0/Packs/atmel/AVR-Dx_DFP/1.9.103/gcc/dev/avr128da48/avrxmega4\libavr128da48.a(eerd_dword.o)
 .debug_abbrev  0x0000000000005741       0x14 C:/Program Files (x86)/Atmel/Studio/7.0/Packs/atmel/AVR-Dx_DFP/1.9.103/gcc/dev/avr128da48/avrxmega4\libavr128da48.a(eerd_word.o)

.debug_line     0x0000000000000000     0x8622
 *(.debug_line .debug_line.* .debug_line_end)
 .debug_line    0x0000000000000000      0x1f3 C:/Program Files (x86)/Atmel/Studio/7.0/Packs/atmel/AVR-Dx_DFP/1.9.103/gcc/dev/avr128da48/avrxmega4/crtavr128da48.o
 .debug_line    0x00000000000001f3      0x11e atmel_start.o
 .debug_line    0x0000000000000311     0x146c main.o
 .debug_line    0x000000000000177d      0x456 src/adc.o
 .debug_line    0x0000000000001bd3      0x7c7 src/binio.o
 .debug_line    0x000000000000239a      0x191 src/bod.o
 .debug_line    0x000000000000252b      0x4ae src/CircularStringBuff.o
 .debug_line    0x00000000000029d9      0x1cd src/clkctrl.o
 .debug_line    0x0000000000002ba6      0x12f src/cpuint.o
 .debug_line    0x0000000000002cd5      0x1e3 src/dac0.o
 .debug_line    0x0000000000002eb8      0x94e src/display.o
 .debug_line    0x0000000000003806      0x38e src/driver_init.o
 .debug_line    0x0000000000003b94     0x11ce src/eeprommanager.o
 .debug_line    0x0000000000004d62      0x321 src/Goertzel.o
 .debug_line    0x0000000000005083      0x7df src/i2c.o
 .debug_line    0x0000000000005862      0x9c3 src/leds.o
 .debug_line    0x0000000000006225       0x5b src/protected_io.o
 .debug_line    0x0000000000006280      0x4b5 src/rtc.o
 .debug_line    0x0000000000006735      0xd0d src/si5351.o
 .debug_line    0x0000000000007442      0x1b1 src/slpctrl.o
 .debug_line    0x00000000000075f3      0x2e1 src/tca.o
 .debug_line    0x00000000000078d4      0x373 src/tcb.o
 .debug_line    0x0000000000007c47      0x2ee src/receiver.o
 .debug_line    0x0000000000007f35      0x5a5 src/util.o
 .debug_line    0x00000000000084da       0x79 C:/Program Files (x86)/Atmel/Studio/7.0/Packs/atmel/AVR-Dx_DFP/1.9.103/gcc/dev/avr128da48/avrxmega4\libavr128da48.a(eerd_byte.o)
 .debug_line    0x0000000000008553       0x6e C:/Program Files (x86)/Atmel/Studio/7.0/Packs/atmel/AVR-Dx_DFP/1.9.103/gcc/dev/avr128da48/avrxmega4\libavr128da48.a(eerd_dword.o)
 .debug_line    0x00000000000085c1       0x61 C:/Program Files (x86)/Atmel/Studio/7.0/Packs/atmel/AVR-Dx_DFP/1.9.103/gcc/dev/avr128da48/avrxmega4\libavr128da48.a(eerd_word.o)

.debug_frame    0x0000000000000000     0x1fa0
 *(.debug_frame)
 .debug_frame   0x0000000000000000       0x34 atmel_start.o
 .debug_frame   0x0000000000000034      0x3f8 main.o
 .debug_frame   0x000000000000042c      0x180 src/adc.o
 .debug_frame   0x00000000000005ac      0x2d4 src/binio.o
 .debug_frame   0x0000000000000880       0x34 src/bod.o
 .debug_frame   0x00000000000008b4      0x200 src/CircularStringBuff.o
 .debug_frame   0x0000000000000ab4       0x54 src/clkctrl.o
 .debug_frame   0x0000000000000b08       0x34 src/cpuint.o
 .debug_frame   0x0000000000000b3c       0x74 src/dac0.o
 .debug_frame   0x0000000000000bb0      0x274 src/display.o
 .debug_frame   0x0000000000000e24      0x134 src/driver_init.o
 .debug_frame   0x0000000000000f58      0x180 src/eeprommanager.o
 .debug_frame   0x00000000000010d8      0x19c src/Goertzel.o
 .debug_frame   0x0000000000001274      0x1f4 src/i2c.o
 .debug_frame   0x0000000000001468      0x25c src/leds.o
 .debug_frame   0x00000000000016c4      0x114 src/rtc.o
 .debug_frame   0x00000000000017d8      0x388 src/si5351.o
 .debug_frame   0x0000000000001b60       0x54 src/slpctrl.o
 .debug_frame   0x0000000000001bb4       0xb4 src/tca.o
 .debug_frame   0x0000000000001c68      0x100 src/tcb.o
 .debug_frame   0x0000000000001d68      0x114 src/receiver.o
 .debug_frame   0x0000000000001e7c      0x124 src/util.o

.debug_str      0x0000000000000000     0x656d
 *(.debug_str)
 .debug_str     0x0000000000000000     0x1320 C:/Program Files (x86)/Atmel/Studio/7.0/Packs/atmel/AVR-Dx_DFP/1.9.103/gcc/dev/avr128da48/avrxmega4/crtavr128da48.o
 .debug_str     0x0000000000001320      0x1e9 atmel_start.o
                                        0x222 (size before relaxing)
 .debug_str     0x0000000000001509     0x23b4 main.o
                                       0x28b7 (size before relaxing)
 .debug_str     0x00000000000038bd      0x786 src/adc.o
                                        0xd22 (size before relaxing)
 .debug_str     0x0000000000004043      0x2e8 src/binio.o
                                        0x6ac (size before relaxing)
 .debug_str     0x000000000000432b       0x80 src/bod.o
                                        0x2d1 (size before relaxing)
 .debug_str     0x00000000000043ab       0x73 src/CircularStringBuff.o
                                        0x516 (size before relaxing)
 .debug_str     0x000000000000441e      0x20c src/clkctrl.o
                                        0x455 (size before relaxing)
 .debug_str     0x000000000000462a       0x1e src/cpuint.o
                                        0x221 (size before relaxing)
 .debug_str     0x0000000000004648       0x6c src/dac0.o
                                        0x4bf (size before relaxing)
 .debug_str     0x00000000000046b4      0x429 src/display.o
                                        0xa42 (size before relaxing)
 .debug_str     0x0000000000004add       0x8a src/driver_init.o
                                        0x3e7 (size before relaxing)
 .debug_str     0x0000000000004b67      0x4c6 src/eeprommanager.o
                                       0x12ac (size before relaxing)
 .debug_str     0x000000000000502d       0xd2 src/Goertzel.o
                                        0x43c (size before relaxing)
 .debug_str     0x00000000000050ff      0x318 src/i2c.o
                                        0x66e (size before relaxing)
 .debug_str     0x0000000000005417      0x1bf src/leds.o
                                        0xa6c (size before relaxing)
 .debug_str     0x00000000000055d6       0xdd src/rtc.o
                                        0xf0c (size before relaxing)
 .debug_str     0x00000000000056b3      0x6b8 src/si5351.o
                                        0xcfa (size before relaxing)
 .debug_str     0x0000000000005d6b       0x71 src/slpctrl.o
                                        0x2e5 (size before relaxing)
 .debug_str     0x0000000000005ddc      0x2fc src/tca.o
                                        0x7ac (size before relaxing)
 .debug_str     0x00000000000060d8      0x12c src/tcb.o
                                        0x40b (size before relaxing)
 .debug_str     0x0000000000006204      0x201 src/receiver.o
                                        0x909 (size before relaxing)
 .debug_str     0x0000000000006405      0x168 src/util.o
                                        0x3fe (size before relaxing)

.debug_loc      0x0000000000000000     0x412f
 *(.debug_loc)
 .debug_loc     0x0000000000000000       0x3b atmel_start.o
 .debug_loc     0x000000000000003b      0x8ae main.o
 .debug_loc     0x00000000000008e9      0x2d6 src/adc.o
 .debug_loc     0x0000000000000bbf      0x5d2 src/binio.o
 .debug_loc     0x0000000000001191       0x3b src/bod.o
 .debug_loc     0x00000000000011cc      0x450 src/CircularStringBuff.o
 .debug_loc     0x000000000000161c       0x83 src/clkctrl.o
 .debug_loc     0x000000000000169f       0x3b src/cpuint.o
 .debug_loc     0x00000000000016da       0xbe src/dac0.o
 .debug_loc     0x0000000000001798      0x551 src/display.o
 .debug_loc     0x0000000000001ce9      0x26e src/driver_init.o
 .debug_loc     0x0000000000001f57      0x334 src/eeprommanager.o
 .debug_loc     0x000000000000228b      0x388 src/Goertzel.o
 .debug_loc     0x0000000000002613      0x3e5 src/i2c.o
 .debug_loc     0x00000000000029f8      0x534 src/leds.o
 .debug_loc     0x0000000000002f2c      0x20a src/rtc.o
 .debug_loc     0x0000000000003136      0x79e src/si5351.o
 .debug_loc     0x00000000000038d4       0x83 src/slpctrl.o
 .debug_loc     0x0000000000003957      0x14c src/tca.o
 .debug_loc     0x0000000000003aa3      0x204 src/tcb.o
 .debug_loc     0x0000000000003ca7      0x20c src/receiver.o
 .debug_loc     0x0000000000003eb3      0x27c src/util.o

.debug_macinfo
 *(.debug_macinfo)

.debug_weaknames
 *(.debug_weaknames)

.debug_funcnames
 *(.debug_funcnames)

.debug_typenames
 *(.debug_typenames)

.debug_varnames
 *(.debug_varnames)

.debug_pubtypes
 *(.debug_pubtypes)

.debug_ranges   0x0000000000000000      0x790
 *(.debug_ranges)
 .debug_ranges  0x0000000000000000       0x10 atmel_start.o
 .debug_ranges  0x0000000000000010       0xe0 main.o
 .debug_ranges  0x00000000000000f0       0x60 src/adc.o
 .debug_ranges  0x0000000000000150       0xb8 src/binio.o
 .debug_ranges  0x0000000000000208       0x10 src/bod.o
 .debug_ranges  0x0000000000000218       0x80 src/CircularStringBuff.o
 .debug_ranges  0x0000000000000298       0x18 src/clkctrl.o
 .debug_ranges  0x00000000000002b0       0x10 src/cpuint.o
 .debug_ranges  0x00000000000002c0       0x20 src/dac0.o
 .debug_ranges  0x00000000000002e0       0xa0 src/display.o
 .debug_ranges  0x0000000000000380       0x50 src/driver_init.o
 .debug_ranges  0x00000000000003d0       0x58 src/eeprommanager.o
 .debug_ranges  0x0000000000000428       0x50 src/Goertzel.o
 .debug_ranges  0x0000000000000478       0x80 src/i2c.o
 .debug_ranges  0x00000000000004f8       0x88 src/leds.o
 .debug_ranges  0x0000000000000580       0x48 src/rtc.o
 .debug_ranges  0x00000000000005c8       0xd0 src/si5351.o
 .debug_ranges  0x0000000000000698       0x18 src/slpctrl.o
 .debug_ranges  0x00000000000006b0       0x30 src/tca.o
 .debug_ranges  0x00000000000006e0       0x30 src/tcb.o
 .debug_ranges  0x0000000000000710       0x48 src/receiver.o
 .debug_ranges  0x0000000000000758       0x38 src/util.o

.debug_macro
 *(.debug_macro)
OUTPUT(SignalSnagger.elf elf32-avr)
LOAD linker stubs
