Archive member included to satisfy reference by file (symbol)

c:/program files (x86)/atmel/studio/7.0/toolchain/avr8/avr8-gnu-toolchain/bin/../lib/gcc/avr/7.3.0/../../../../avr/lib/avrxmega4\libm.a(addsf3.o)
                              main.o (__subsf3)
c:/program files (x86)/atmel/studio/7.0/toolchain/avr8/avr8-gnu-toolchain/bin/../lib/gcc/avr/7.3.0/../../../../avr/lib/avrxmega4\libm.a(addsf3x.o)
                              c:/program files (x86)/atmel/studio/7.0/toolchain/avr8/avr8-gnu-toolchain/bin/../lib/gcc/avr/7.3.0/../../../../avr/lib/avrxmega4\libm.a(addsf3.o) (__addsf3x)
c:/program files (x86)/atmel/studio/7.0/toolchain/avr8/avr8-gnu-toolchain/bin/../lib/gcc/avr/7.3.0/../../../../avr/lib/avrxmega4\libm.a(ceil.o)
                              src/util.o (ceil)
c:/program files (x86)/atmel/studio/7.0/toolchain/avr8/avr8-gnu-toolchain/bin/../lib/gcc/avr/7.3.0/../../../../avr/lib/avrxmega4\libm.a(cmpsf2.o)
                              src/eeprommanager.o (__nesf2)
c:/program files (x86)/atmel/studio/7.0/toolchain/avr8/avr8-gnu-toolchain/bin/../lib/gcc/avr/7.3.0/../../../../avr/lib/avrxmega4\libm.a(cos.o)
                              src/Goertzel.o (cos)
c:/program files (x86)/atmel/studio/7.0/toolchain/avr8/avr8-gnu-toolchain/bin/../lib/gcc/avr/7.3.0/../../../../avr/lib/avrxmega4\libm.a(divsf3.o)
                              main.o (__divsf3)
c:/program files (x86)/atmel/studio/7.0/toolchain/avr8/avr8-gnu-toolchain/bin/../lib/gcc/avr/7.3.0/../../../../avr/lib/avrxmega4\libm.a(divsf3x.o)
                              c:/program files (x86)/atmel/studio/7.0/toolchain/avr8/avr8-gnu-toolchain/bin/../lib/gcc/avr/7.3.0/../../../../avr/lib/avrxmega4\libm.a(divsf3.o) (__divsf3x)
c:/program files (x86)/atmel/studio/7.0/toolchain/avr8/avr8-gnu-toolchain/bin/../lib/gcc/avr/7.3.0/../../../../avr/lib/avrxmega4\libm.a(fixsfsi.o)
                              main.o (__fixsfsi)
c:/program files (x86)/atmel/studio/7.0/toolchain/avr8/avr8-gnu-toolchain/bin/../lib/gcc/avr/7.3.0/../../../../avr/lib/avrxmega4\libm.a(fixunssfsi.o)
                              main.o (__fixunssfsi)
c:/program files (x86)/atmel/studio/7.0/toolchain/avr8/avr8-gnu-toolchain/bin/../lib/gcc/avr/7.3.0/../../../../avr/lib/avrxmega4\libm.a(floatsisf.o)
                              main.o (__floatunsisf)
c:/program files (x86)/atmel/studio/7.0/toolchain/avr8/avr8-gnu-toolchain/bin/../lib/gcc/avr/7.3.0/../../../../avr/lib/avrxmega4\libm.a(fp_cmp.o)
                              c:/program files (x86)/atmel/studio/7.0/toolchain/avr8/avr8-gnu-toolchain/bin/../lib/gcc/avr/7.3.0/../../../../avr/lib/avrxmega4\libm.a(cmpsf2.o) (__fp_cmp)
c:/program files (x86)/atmel/studio/7.0/toolchain/avr8/avr8-gnu-toolchain/bin/../lib/gcc/avr/7.3.0/../../../../avr/lib/avrxmega4\libm.a(fp_inf.o)
                              c:/program files (x86)/atmel/studio/7.0/toolchain/avr8/avr8-gnu-toolchain/bin/../lib/gcc/avr/7.3.0/../../../../avr/lib/avrxmega4\libm.a(addsf3x.o) (__fp_inf)
c:/program files (x86)/atmel/studio/7.0/toolchain/avr8/avr8-gnu-toolchain/bin/../lib/gcc/avr/7.3.0/../../../../avr/lib/avrxmega4\libm.a(fp_mintl.o)
                              c:/program files (x86)/atmel/studio/7.0/toolchain/avr8/avr8-gnu-toolchain/bin/../lib/gcc/avr/7.3.0/../../../../avr/lib/avrxmega4\libm.a(ceil.o) (__fp_mintl)
c:/program files (x86)/atmel/studio/7.0/toolchain/avr8/avr8-gnu-toolchain/bin/../lib/gcc/avr/7.3.0/../../../../avr/lib/avrxmega4\libm.a(fp_mpack.o)
                              c:/program files (x86)/atmel/studio/7.0/toolchain/avr8/avr8-gnu-toolchain/bin/../lib/gcc/avr/7.3.0/../../../../avr/lib/avrxmega4\libm.a(ceil.o) (__fp_mpack)
c:/program files (x86)/atmel/studio/7.0/toolchain/avr8/avr8-gnu-toolchain/bin/../lib/gcc/avr/7.3.0/../../../../avr/lib/avrxmega4\libm.a(fp_nan.o)
                              c:/program files (x86)/atmel/studio/7.0/toolchain/avr8/avr8-gnu-toolchain/bin/../lib/gcc/avr/7.3.0/../../../../avr/lib/avrxmega4\libm.a(addsf3x.o) (__fp_nan)
c:/program files (x86)/atmel/studio/7.0/toolchain/avr8/avr8-gnu-toolchain/bin/../lib/gcc/avr/7.3.0/../../../../avr/lib/avrxmega4\libm.a(fp_pscA.o)
                              c:/program files (x86)/atmel/studio/7.0/toolchain/avr8/avr8-gnu-toolchain/bin/../lib/gcc/avr/7.3.0/../../../../avr/lib/avrxmega4\libm.a(addsf3x.o) (__fp_pscA)
c:/program files (x86)/atmel/studio/7.0/toolchain/avr8/avr8-gnu-toolchain/bin/../lib/gcc/avr/7.3.0/../../../../avr/lib/avrxmega4\libm.a(fp_pscB.o)
                              c:/program files (x86)/atmel/studio/7.0/toolchain/avr8/avr8-gnu-toolchain/bin/../lib/gcc/avr/7.3.0/../../../../avr/lib/avrxmega4\libm.a(addsf3x.o) (__fp_pscB)
c:/program files (x86)/atmel/studio/7.0/toolchain/avr8/avr8-gnu-toolchain/bin/../lib/gcc/avr/7.3.0/../../../../avr/lib/avrxmega4\libm.a(fp_rempio2.o)
                              c:/program files (x86)/atmel/studio/7.0/toolchain/avr8/avr8-gnu-toolchain/bin/../lib/gcc/avr/7.3.0/../../../../avr/lib/avrxmega4\libm.a(cos.o) (__fp_rempio2)
[...]
Memory Configuration

Name             Origin             Length             Attributes
text             0x0000000000000000 0x0000000000020000 xr
data             0x0000000000804000 0x0000000000004000 rw !x
eeprom           0x0000000000810000 0x0000000000000200 rw !x
fuse             0x0000000000820000 0x0000000000000010 rw !x
lock             0x0000000000830000 0x0000000000000400 rw !x
signature        0x0000000000840000 0x0000000000000400 rw !x
user_signatures  0x0000000000850000 0x0000000000000400 rw !x
*default*        0x0000000000000000 0xffffffffffffffff

Linker script and memory map

Address of section .data set to 0x804000
                0x0000000000008000                __RODATA_PM_OFFSET__ = 0x8000
LOAD C:/Program Files (x86)/Atmel/Studio/7.0/Packs/atmel/AVR-Dx_DFP/1.9.103/gcc/dev/avr128da48/avrxmega4/crtavr128da48.o
LOAD atmel_start.o
LOAD main.o
LOAD src/adc.o
LOAD src/binio.o
LOAD src/bod.o
LOAD src/CircularStringBuff.o
LOAD src/clkctrl.o
LOAD src/cpuint.o
LOAD src/dac0.o
LOAD src/display.o
LOAD src/driver_init.o
LOAD src/eeprommanager.o
LOAD src/Goertzel.o
LOAD src/i2c.o
LOAD src/leds.o
LOAD src/morse.o
LOAD src/protected_io.o
LOAD src/rtc.o
LOAD src/si5351.o
LOAD src/slpctrl.o
LOAD src/tca.o
LOAD src/tcb.o
LOAD src/receiver.o
LOAD src/util.o
START GROUP
LOAD c:/program files (x86)/atmel/studio/7.0/toolchain/avr8/avr8-gnu-toolchain/bin/../lib/gcc/avr/7.3.0/../../../../avr/lib/avrxmega4\libm.a
END GROUP
LOAD c:/program files (x86)/atmel/studio/7.0/toolchain/avr8/avr8-gnu-toolchain/bin/../lib/gcc/avr/7.3.0/avrxmega4\libgcc.a
LOAD c:/program files (x86)/atmel/studio/7.0/toolchain/avr8/avr8-gnu-toolchain/bin/../lib/gcc/avr/7.3.0/../../../../avr/lib/avrxmega4\libm.a
START GROUP
LOAD c:/program files (x86)/atmel/studio/7.0/toolchain/avr8/avr8-gnu-toolchain/bin/../lib/gcc/avr/7.3.0/avrxmega4\libgcc.a
LOAD c:/program files (x86)/atmel/studio/7.0/toolchain/avr8/avr8-gnu-toolchain/bin/../lib/gcc/avr/7.3.0/../../../../avr/lib/avrxmega4\libm.a
LOAD c:/program files (x86)/atmel/studio/7.0/toolchain/avr8/avr8-gnu-toolchain/bin/../lib/gcc/avr/7.3.0/../../../../avr/lib/avrxmega4\libc.a
LOAD C:/Program Files (x86)/Atmel/Studio/7.0/Packs/atmel/AVR-Dx_DFP/1.9.103/gcc/dev/avr128da48/avrxmega4\libavr128da48.a
END GROUP
                [0x0000000000000000]                __TEXT_REGION_ORIGIN__ = DEFINED (__TEXT_REGION_ORIGIN__)?__TEXT_REGION_ORIGIN__:0x0
                [0x0000000000804000]                __DATA_REGION_ORIGIN__ = DEFINED (__DATA_REGION_ORIGIN__)?__DATA_REGION_ORIGIN__:0x802000
                [0x0000000000020000]                __TEXT_REGION_LENGTH__ = DEFINED (__TEXT_REGION_LENGTH__)?__TEXT_REGION_LENGTH__:0x100000
                [0x0000000000004000]                __DATA_REGION_LENGTH__ = DEFINED (__DATA_REGION_LENGTH__)?__DATA_REGION_LENGTH__:0xffa0
                [0x0000000000000200]                __EEPROM_REGION_LENGTH__ = DEFINED (__EEPROM_REGION_LENGTH__)?__EEPROM_REGION_LENGTH__:0x10000
                [0x0000000000000010]                __FUSE_REGION_LENGTH__ = DEFINED (__FUSE_REGION_LENGTH__)?__FUSE_REGION_LENGTH__:0x400
                0x0000000000000400                __LOCK_REGION_LENGTH__ = DEFINED (__LOCK_REGION_LENGTH__)?__LOCK_REGION_LENGTH__:0x400
                0x0000000000000400                __SIGNATURE_REGION_LENGTH__ = DEFINED (__SIGNATURE_REGION_LENGTH__)?__SIGNATURE_REGION_LENGTH__:0x400
                0x0000000000000400                __USER_SIGNATURE_REGION_LENGTH__ = DEFINED (__USER_SIGNATURE_REGION_LENGTH__)?__USER_SIGNATURE_REGION_LENGTH__:0x400

.hash
 *(.hash)

.dynsym
 *(.dynsym)

.dynstr
 *(.dynstr)

.gnu.version
 *(.gnu.version)

.gnu.version_d
 *(.gnu.version_d)

.gnu.version_r
 *(.gnu.version_r)

.rel.init
 *(.rel.init)

.rela.init
 *(.rela.init)

.rel.text
 *(.rel.text)
 *(.rel.text.*)
 *(.rel.gnu.linkonce.t*)

.rela.text
 *(.rela.text)
 *(.rela.text.*)
 *(.rela.gnu.linkonce.t*)

.rel.fini
 *(.rel.fini)

.rela.fini
 *(.rela.fini)

.rel.rodata
 *(.rel.rodata)
 *(.rel.rodata.*)
 *(.rel.gnu.linkonce.r*)

.rela.rodata
 *(.rela.rodata)
 *(.rela.rodata.*)
 *(.rela.gnu.linkonce.r*)

.rel.data
 *(.rel.data)
 *(.rel.data.*)
 *(.rel.gnu.linkonce.d*)

.rela.data
 *(.rela.data)
 *(.rela.data.*)
 *(.rela.gnu.linkonce.d*)

.rel.ctors
 *(.rel.ctors)

.rela.ctors
 *(.rela.ctors)

.rel.dtors
 *(.rel.dtors)

.rela.dtors
 *(.rela.dtors)

.rel.got
 *(.rel.got)

.rela.got
 *(.rela.got)

.rel.bss
 *(.rel.bss)

.rela.bss
 *(.rela.bss)

.rel.plt
 *(.rel.plt)

.rela.plt
 *(.rela.plt)

.text           0x0000000000000000     0xc408
 *(.vectors)
 .vectors       0x0000000000000000       0xe8 C:/Program Files (x86)/Atmel/Studio/7.0/Packs/atmel/AVR-Dx_DFP/1.9.103/gcc/dev/avr128da48/avrxmega4/crtavr128da48.o
                0x0000000000000000                __vector_default
                0x0000000000000000                __vectors
 *(.vectors)
 *(.progmem.gcc*)
 .progmem.gcc_fplib
                0x00000000000000e8       0x1e c:/program files (x86)/atmel/studio/7.0/toolchain/avr8/avr8-gnu-toolchain/bin/../lib/gcc/avr/7.3.0/../../../../avr/lib/avrxmega4\libm.a(fp_sinus.o)
 .progmem.gcc_fplib
                0x0000000000000106       0x5a c:/program files (x86)/atmel/studio/7.0/toolchain/avr8/avr8-gnu-toolchain/bin/../lib/gcc/avr/7.3.0/../../../../avr/lib/avrxmega4\libm.a(log.o)
                0x0000000000000160                . = ALIGN (0x2)
                0x0000000000000160                __trampolines_start = .
 *(.trampolines)
 .trampolines   0x0000000000000160        0x0 linker stubs
 *(.trampolines*)
                0x0000000000000160                __trampolines_end = .
 *libprintf_flt.a:*(.progmem.data)
 *libc.a:*(.progmem.data)
 .progmem.data  0x0000000000000160       0xfa c:/program files (x86)/atmel/studio/7.0/toolchain/avr8/avr8-gnu-toolchain/bin/../lib/gcc/avr/7.3.0/../../../../avr/lib/avrxmega4\libc.a(ftoa_engine.o)
 *(.progmem*)
                0x000000000000025a                . = ALIGN (0x2)
 *(.jumptables)
 *(.jumptables*)
 *(.lowtext)
 *(.lowtext*)
                0x000000000000025a                __ctors_start = .
 *(.ctors)
 .ctors         0x000000000000025a        0x2 main.o
 .ctors         0x000000000000025c        0x2 src/adc.o
                0x000000000000025e                __ctors_end = .
                0x000000000000025e                __dtors_start = .
 *(.dtors)
 .dtors         0x000000000000025e        0x2 main.o
 .dtors         0x0000000000000260        0x2 src/adc.o
                0x0000000000000262                __dtors_end = .
 SORT(*)(.ctors)
 SORT(*)(.dtors)
 *(.init0)
 .init0         0x0000000000000262        0x0 C:/Program Files (x86)/Atmel/Studio/7.0/Packs/atmel/AVR-Dx_DFP/1.9.103/gcc/dev/avr128da48/avrxmega4/crtavr128da48.o
                0x0000000000000262                __init
 *(.init0)
 *(.init1)
 *(.init1)
 *(.init2)
 .init2         0x0000000000000262        0xc C:/Program Files (x86)/Atmel/Studio/7.0/Packs/atmel/AVR-Dx_DFP/1.9.103/gcc/dev/avr128da48/avrxmega4/crtavr128da48.o
 *(.init2)
 *(.init3)
 *(.init3)
 *(.init4)
 .init4         0x000000000000026e       0x1a c:/program files (x86)/atmel/studio/7.0/toolchain/avr8/avr8-gnu-toolchain/bin/../lib/gcc/avr/7.3.0/avrxmega4\libgcc.a(_copy_data.o)
                0x000000000000026e                __do_copy_data
 .init4         0x0000000000000288       0x10 c:/program files (x86)/atmel/studio/7.0/toolchain/avr8/avr8-gnu-toolchain/bin/../lib/gcc/avr/7.3.0/avrxmega4\libgcc.a(_clear_bss.o)
                0x0000000000000288                __do_clear_bss
 *(.init4)
 *(.init5)
 *(.init5)
 *(.init6)
 .init6         0x0000000000000298       0x16 c:/program files (x86)/atmel/studio/7.0/toolchain/avr8/avr8-gnu-toolchain/bin/../lib/gcc/avr/7.3.0/avrxmega4\libgcc.a(_ctors.o)
                0x0000000000000298                __do_global_ctors
 *(.init6)
 *(.init7)
 *(.init7)
 *(.init8)
 *(.init8)
 *(.init9)
 .init9         0x00000000000002ae        0x8 C:/Program Files (x86)/Atmel/Studio/7.0/Packs/atmel/AVR-Dx_DFP/1.9.103/gcc/dev/avr128da48/avrxmega4/crtavr128da48.o
 *(.init9)
 *(.text)
 .text          0x00000000000002b6        0x4 C:/Program Files (x86)/Atmel/Studio/7.0/Packs/atmel/AVR-Dx_DFP/1.9.103/gcc/dev/avr128da48/avrxmega4/crtavr128da48.o
                0x00000000000002b6                __vector_38
                0x00000000000002b6                __vector_22
                0x00000000000002b6                __vector_28
                0x00000000000002b6                __vector_1
                0x00000000000002b6                __vector_32
                0x00000000000002b6                __vector_55
                0x00000000000002b6                __vector_46
                0x00000000000002b6                __bad_interrupt
                0x00000000000002b6                __vector_31
                0x00000000000002b6                __vector_35
                0x00000000000002b6                __vector_39
                0x00000000000002b6                __vector_23
                0x00000000000002b6                __vector_45
                0x00000000000002b6                __vector_25
                0x00000000000002b6                __vector_11
                0x00000000000002b6                __vector_54
                0x00000000000002b6                __vector_17
                0x00000000000002b6                __vector_19
                0x00000000000002b6                __vector_56
                0x00000000000002b6                __vector_7
                0x00000000000002b6                __vector_49
                0x00000000000002b6                __vector_43
                0x00000000000002b6                __vector_27
                0x00000000000002b6                __vector_5
                0x00000000000002b6                __vector_33
                0x00000000000002b6                __vector_47
                0x00000000000002b6                __vector_52
                0x00000000000002b6                __vector_37
                0x00000000000002b6                __vector_4
                0x00000000000002b6                __vector_44
                0x00000000000002b6                __vector_51
                0x00000000000002b6                __vector_9
                0x00000000000002b6                __vector_2
                0x00000000000002b6                __vector_21
                0x00000000000002b6                __vector_15
                0x00000000000002b6                __vector_36
                0x00000000000002b6                __vector_29
                0x00000000000002b6                __vector_40
                0x00000000000002b6                __vector_8
                0x00000000000002b6                __vector_26
                0x00000000000002b6                __vector_48
                0x00000000000002b6                __vector_14
                0x00000000000002b6                __vector_57
                0x00000000000002b6                __vector_53
                0x00000000000002b6                __vector_10
                0x00000000000002b6                __vector_50
                0x00000000000002b6                __vector_16
                0x00000000000002b6                __vector_18
                0x00000000000002b6                __vector_20
                0x00000000000002b6                __vector_42
 .text          0x00000000000002ba       0x18 c:/program files (x86)/atmel/studio/7.0/toolchain/avr8/avr8-gnu-toolchain/bin/../lib/gcc/avr/7.3.0/../../../../avr/lib/avrxmega4\libc.a(set_system_time.o)
                0x00000000000002ba                set_system_time
 .text          0x00000000000002d2       0x26 c:/program files (x86)/atmel/studio/7.0/toolchain/avr8/avr8-gnu-toolchain/bin/../lib/gcc/avr/7.3.0/../../../../avr/lib/avrxmega4\libc.a(time.o)
                0x00000000000002d2                time
 .text          0x00000000000002f8       0x38 c:/program files (x86)/atmel/studio/7.0/toolchain/avr8/avr8-gnu-toolchain/bin/../lib/gcc/avr/7.3.0/../../../../avr/lib/avrxmega4\libc.a(system_tick.o)
                0x00000000000002f8                system_tick
                0x0000000000000330                . = ALIGN (0x2)
 *(.text.*)
 .text.atmel_start_init
                0x0000000000000330       0x14 atmel_start.o
                0x0000000000000330                atmel_start_init
 .text.PORTA_set_pin_level
                0x0000000000000344       0x78 main.o
 .text.__vector_3
                0x00000000000003bc      0x16a main.o
                0x00000000000003bc                __vector_3
 .text.__vector_24
                0x0000000000000526      0x19c main.o
                0x0000000000000526                __vector_24
 .text.__vector_12
                0x00000000000006c2      0xa36 main.o
                0x00000000000006c2                __vector_12
 .text.__vector_6
                0x00000000000010f8       0x56 main.o
                0x00000000000010f8                __vector_6
 .text.__vector_34
                0x000000000000114e      0x124 main.o
                0x000000000000114e                __vector_34
 .text._ZL12sineWaveInitv
                0x0000000000001272       0xc8 main.o
 .text._Z9powerdownv
                0x000000000000133a       0x5c main.o
                0x000000000000133a                _Z9powerdownv
 .text._Z7setMenu11MenuState_t
                0x0000000000001396       0xe8 main.o
                0x0000000000001396                _Z7setMenu11MenuState_t
 .text.main     0x000000000000147e     0x2324 main.o
                0x000000000000147e                main
 .text._Z15externBatStringbPf
                0x00000000000037a2      0x20c main.o
                0x00000000000037a2                _Z15externBatStringbPf
 .text._Z14trimwhitespacePc
                0x00000000000039ae       0xa0 main.o
                0x00000000000039ae                _Z14trimwhitespacePc
 .text._Z16nextActiveMemoryhb
                0x0000000000003a4e       0xd8 main.o
                0x0000000000003a4e                _Z16nextActiveMemoryhb
 .text._Z41__static_initialization_and_destruction_0ii
                0x0000000000003b26       0x7e main.o
 .text._GLOBAL__sub_I_g_channel_name
                0x0000000000003ba4       0x1a main.o
 .text._GLOBAL__sub_D_g_channel_name
                0x0000000000003bbe       0x1a main.o
 .text._Z20ADC0_startConversionv
                0x0000000000003bd8       0x26 src/adc.o
                0x0000000000003bd8                _Z20ADC0_startConversionv
 .text._Z19ADC0_conversionDonev
                0x0000000000003bfe       0x28 src/adc.o
                0x0000000000003bfe                _Z19ADC0_conversionDonev
 .text._ZL9PORT_initv
                0x0000000000003c26      0x18a src/adc.o
 .text._ZL17ADC0_Freerun_Initb
                0x0000000000003db0       0x86 src/adc.o
 .text._ZL16ADC0_Single_Initb
                0x0000000000003e36       0x9e src/adc.o
 .text._Z16ADC0_SYSTEM_initbb
                0x0000000000003ed4       0x92 src/adc.o
                0x0000000000003ed4                _Z16ADC0_SYSTEM_initbb
 .text._Z41__static_initialization_and_destruction_0ii
                0x0000000000003f66       0x6a src/adc.o
 .text._GLOBAL__sub_I_g_adcVal
                0x0000000000003fd0       0x1a src/adc.o
 .text._GLOBAL__sub_D_g_adcVal
                0x0000000000003fea       0x1a src/adc.o
 .text.PORTA_set_pin_pull_mode
                0x0000000000004004       0x6a src/binio.o
 .text.PORTA_set_pin_dir
                0x000000000000406e       0xb0 src/binio.o
 .text.PORTA_set_pin_level
                0x000000000000411e       0x78 src/binio.o
 .text.PORTA_get_port_level
                0x0000000000004196       0x16 src/binio.o
 .text.PORTB_set_pin_dir
                0x00000000000041ac       0xb0 src/binio.o
 .text.PORTB_set_pin_level
                0x000000000000425c       0x78 src/binio.o
 .text.PORTC_set_pin_pull_mode
                0x00000000000042d4       0x6a src/binio.o
 .text.PORTC_set_pin_dir
                0x000000000000433e       0xb0 src/binio.o
 .text.PORTC_set_pin_level
                0x00000000000043ee       0x78 src/binio.o
 .text.PORTE_set_pin_dir
                0x0000000000004466       0xb0 src/binio.o
 .text.PORTE_set_pin_level
                0x0000000000004516       0x78 src/binio.o
 .text.PORTF_set_pin_pull_mode
                0x000000000000458e       0x6a src/binio.o
 .text.PORTF_set_pin_dir
                0x00000000000045f8       0xb0 src/binio.o
 .text.PORTF_set_pin_level
                0x00000000000046a8       0x78 src/binio.o
 .text.PORTF_get_port_level
                0x0000000000004720       0x16 src/binio.o
 .text._Z8debouncev
                0x0000000000004736       0x98 src/binio.o
                0x0000000000004736                _Z8debouncev
 .text._Z18portAdebouncedValsv
                0x00000000000047ce       0x12 src/binio.o
                0x00000000000047ce                _Z18portAdebouncedValsv
 .text._Z10BINIO_initv
                0x00000000000047e0      0x1be src/binio.o
                0x00000000000047e0                _Z10BINIO_initv
 .text._Z11BINIO_sleepv
                0x000000000000499e      0x18c src/binio.o
                0x000000000000499e                _Z11BINIO_sleepv
 .text.BOD_init
                0x0000000000004b2a       0x18 src/bod.o
                0x0000000000004b2a                BOD_init
 .text._ZN18CircularStringBuffC2Ej
                0x0000000000004b42       0x68 src/CircularStringBuff.o
                0x0000000000004b42                _ZN18CircularStringBuffC1Ej
                0x0000000000004b42                _ZN18CircularStringBuffC2Ej
 .text._ZN18CircularStringBuffD2Ev
                0x0000000000004baa       0x28 src/CircularStringBuff.o
                0x0000000000004baa                _ZN18CircularStringBuffD2Ev
                0x0000000000004baa                _ZN18CircularStringBuffD1Ev
 .text._ZN18CircularStringBuff5resetEv
                0x0000000000004bd2       0x3e src/CircularStringBuff.o
                0x0000000000004bd2                _ZN18CircularStringBuff5resetEv
 .text._ZNK18CircularStringBuff5emptyEv
                0x0000000000004c10       0x48 src/CircularStringBuff.o
                0x0000000000004c10                _ZNK18CircularStringBuff5emptyEv
 .text._ZNK18CircularStringBuff8capacityEv
                0x0000000000004c58       0x22 src/CircularStringBuff.o
                0x0000000000004c58                _ZNK18CircularStringBuff8capacityEv
 .text._ZNK18CircularStringBuff4sizeEv
                0x0000000000004c7a       0xa4 src/CircularStringBuff.o
                0x0000000000004c7a                _ZNK18CircularStringBuff4sizeEv
 .text._ZNK18CircularStringBuff9remainingEv
                0x0000000000004d1e       0x5a src/CircularStringBuff.o
                0x0000000000004d1e                _ZNK18CircularStringBuff9remainingEv
 .text._ZN18CircularStringBuff3putEc
                0x0000000000004d78       0xc8 src/CircularStringBuff.o
                0x0000000000004d78                _ZN18CircularStringBuff3putEc
 .text._ZN18CircularStringBuff3getEv
                0x0000000000004e40       0x80 src/CircularStringBuff.o
                0x0000000000004e40                _ZN18CircularStringBuff3getEv
 .text._ZN18CircularStringBuff9putStringEPc
                0x0000000000004ec0       0xc6 src/CircularStringBuff.o
                0x0000000000004ec0                _ZN18CircularStringBuff9putStringEPc
 .text._ZN18CircularStringBuff9getStringEPcPj
                0x0000000000004f86       0xa6 src/CircularStringBuff.o
                0x0000000000004f86                _ZN18CircularStringBuff9getStringEPcPj
 .text.ccp_write_io
                0x000000000000502c       0x2c src/clkctrl.o
 .text.CLKCTRL_init
                0x0000000000005058       0x24 src/clkctrl.o
                0x0000000000005058                CLKCTRL_init
 .text.CPUINT_init
                0x000000000000507c       0x12 src/cpuint.o
                0x000000000000507c                CPUINT_init
 .text._ZL9VREF_initv
                0x000000000000508e       0x1a src/dac0.o
 .text._Z9DAC0_initv
                0x00000000000050a8       0x54 src/dac0.o
                0x00000000000050a8                _Z9DAC0_initv
 .text._Z11DAC0_setValj
                0x00000000000050fc       0x42 src/dac0.o
                0x00000000000050fc                _Z11DAC0_setValj
 .text.PORTB_set_pin_level
                0x000000000000513e       0x78 src/display.o
 .text._ZN7DisplayC2Ev
                0x00000000000051b6       0x32 src/display.o
                0x00000000000051b6                _ZN7DisplayC2Ev
                0x00000000000051b6                _ZN7DisplayC1Ev
 .text._ZN7Display5beginE9display_t
                0x00000000000051e8       0xd6 src/display.o
                0x00000000000051e8                _ZN7Display5beginE9display_t
 .text._ZN7Display5resetEv
                0x00000000000052be       0x4e src/display.o
                0x00000000000052be                _ZN7Display5resetEv
 .text._ZN7Display4initEv
                0x000000000000530c       0xfa src/display.o
                0x000000000000530c                _ZN7Display4initEv
 .text._ZN7Display3clsEv
                0x0000000000005406       0x24 src/display.o
                0x0000000000005406                _ZN7Display3clsEv
 .text._ZN7Display6locateEhh
                0x000000000000542a       0x48 src/display.o
                0x000000000000542a                _ZN7Display6locateEhh
 .text._ZN7Display5writeEh
                0x0000000000005472       0x2c src/display.o
                0x0000000000005472                _ZN7Display5writeEh
 .text._ZN7Display5writeEPhj
                0x000000000000549e       0x3c src/display.o
                0x000000000000549e                _ZN7Display5writeEPhj
 .text._ZN7Display11sendCommandEh
                0x00000000000054da       0x44 src/display.o
                0x00000000000054da                _ZN7Display11sendCommandEh
 .text._ZN7Display8sendDataEh
                0x000000000000551e       0x44 src/display.o
                0x000000000000551e                _ZN7Display8sendDataEh
 .text._ZN7Display10sendBufferEPhj
                0x0000000000005562       0x44 src/display.o
                0x0000000000005562                _ZN7Display10sendBufferEPhj
 .text._ZN7Display18display_write_bulkEhPhh
                0x00000000000055a6       0x70 src/display.o
                0x00000000000055a6                _ZN7Display18display_write_bulkEhPhh
 .text.PORTC_set_pin_dir
                0x0000000000005616       0xb0 src/driver_init.o
 .text.PORTC_set_pin_level
                0x00000000000056c6       0x78 src/driver_init.o
 .text._ZL15LED_set_RED_dir8port_dir
                0x000000000000573e       0x26 src/driver_init.o
 .text._ZL17LED_set_GREEN_dir8port_dir
                0x0000000000005764       0x26 src/driver_init.o
 .text._ZL17LED_set_RED_levelb
                0x000000000000578a       0x1e src/driver_init.o
 .text._ZL19LED_set_GREEN_levelb
                0x00000000000057a8       0x1e src/driver_init.o
 .text.mcu_init
                0x00000000000057c6       0x72 src/driver_init.o
                0x00000000000057c6                mcu_init
 .text.system_init
                0x0000000000005838       0x30 src/driver_init.o
                0x0000000000005838                system_init
 .text.system_sleep_settings
                0x0000000000005868       0x38 src/driver_init.o
                0x0000000000005868                system_sleep_settings
 .text._ZN13EepromManagerC2Ev
                0x00000000000058a0       0x1a src/eeprommanager.o
                0x00000000000058a0                _ZN13EepromManagerC1Ev
                0x00000000000058a0                _ZN13EepromManagerC2Ev
 .text._ZN13EepromManagerD2Ev
                0x00000000000058ba       0x1a src/eeprommanager.o
                0x00000000000058ba                _ZN13EepromManagerD1Ev
                0x00000000000058ba                _ZN13EepromManagerD2Ev
 .text._Z21avr_eeprom_write_bytejh
                0x00000000000058d4       0x5e src/eeprommanager.o
                0x00000000000058d4                _Z21avr_eeprom_write_bytejh
 .text._Z21avr_eeprom_write_wordjj
                0x0000000000005932       0x66 src/eeprommanager.o
                0x0000000000005932                _Z21avr_eeprom_write_wordjj
 .text._Z22avr_eeprom_write_dwordjm
                0x0000000000005998       0x74 src/eeprommanager.o
                0x0000000000005998                _Z22avr_eeprom_write_dwordjm
 .text._Z22avr_eeprom_write_floatjf
                0x0000000000005a0c       0x74 src/eeprommanager.o
                0x0000000000005a0c                _Z22avr_eeprom_write_floatjf
 .text._ZN13EepromManager15updateEEPROMVarE8EE_var_tPv
                0x0000000000005a80      0xbd6 src/eeprommanager.o
                0x0000000000005a80                _ZN13EepromManager15updateEEPROMVarE8EE_var_tPv
 .text._ZN13EepromManager13saveAllEEPROMEv
                0x0000000000006656      0x24a src/eeprommanager.o
                0x0000000000006656                _ZN13EepromManager13saveAllEEPROMEv
 .text._ZN13EepromManager11readNonVolsEv
                0x00000000000068a0      0xe7e src/eeprommanager.o
                0x00000000000068a0                _ZN13EepromManager11readNonVolsEv
 .text._ZN13EepromManager20initializeEEPROMVarsEv
                0x000000000000771e      0x63a src/eeprommanager.o
                0x000000000000771e                _ZN13EepromManager20initializeEEPROMVarsEv
 .text._ZN8GoertzelC2Eff
                0x0000000000007d58      0x130 src/Goertzel.o
                0x0000000000007d58                _ZN8GoertzelC1Eff
                0x0000000000007d58                _ZN8GoertzelC2Eff
 .text._ZN8GoertzelD2Ev
                0x0000000000007e88       0x26 src/Goertzel.o
                0x0000000000007e88                _ZN8GoertzelD2Ev
                0x0000000000007e88                _ZN8GoertzelD1Ev
 .text._ZN8Goertzel18SetTargetFrequencyEf
                0x0000000000007eae      0x164 src/Goertzel.o
                0x0000000000007eae                _ZN8Goertzel18SetTargetFrequencyEf
 .text._ZN8Goertzel13ResetGoertzelEv
                0x0000000000008012       0x3e src/Goertzel.o
                0x0000000000008012                _ZN8Goertzel13ResetGoertzelEv
 .text._ZN8Goertzel13ProcessSampleEi
                0x0000000000008050      0x116 src/Goertzel.o
                0x0000000000008050                _ZN8Goertzel13ProcessSampleEi
 .text._ZN8Goertzel9DataPointEi
                0x0000000000008166       0x92 src/Goertzel.o
                0x0000000000008166                _ZN8Goertzel9DataPointEi
 .text._ZN8Goertzel12SamplesReadyEv
                0x00000000000081f8       0x1c src/Goertzel.o
                0x00000000000081f8                _ZN8Goertzel12SamplesReadyEv
 .text._ZN8Goertzel10Magnitude2EPi
                0x0000000000008214      0x19e src/Goertzel.o
                0x0000000000008214                _ZN8Goertzel10Magnitude2EPi
 .text.I2C_0_Shutdown
                0x00000000000083b2       0x22 src/i2c.o
                0x00000000000083b2                I2C_0_Shutdown
 .text.I2C_0_Init
                0x00000000000083d4       0x62 src/i2c.o
                0x00000000000083d4                I2C_0_Init
 .text._ZL11i2c_0_WaitWv
                0x0000000000008436       0xbc src/i2c.o
 .text._ZL11i2c_0_WaitRv
                0x00000000000084f2       0x82 src/i2c.o
 .text.I2C_0_SendData
                0x0000000000008574       0xd0 src/i2c.o
                0x0000000000008574                I2C_0_SendData
 .text.I2C_0_GetData
                0x0000000000008644       0xfc src/i2c.o
                0x0000000000008644                I2C_0_GetData
 .text.I2C_0_EndSession
                0x0000000000008740       0x1a src/i2c.o
                0x0000000000008740                I2C_0_EndSession
 .text.PORTC_set_pin_level
                0x000000000000875a       0x78 src/leds.o
 .text._ZL17LED_set_RED_levelb
                0x00000000000087d2       0x1e src/leds.o
 .text._ZL19LED_set_GREEN_levelb
                0x00000000000087f0       0x1e src/leds.o
 .text._ZN4ledsC2Ev
                0x000000000000880e       0x1a src/leds.o
                0x000000000000880e                _ZN4ledsC2Ev
                0x000000000000880e                _ZN4ledsC1Ev
 .text._ZN4ledsD2Ev
                0x0000000000008828       0x1a src/leds.o
                0x0000000000008828                _ZN4ledsD2Ev
                0x0000000000008828                _ZN4ledsD1Ev
 .text.__vector_41
                0x0000000000008842      0x302 src/leds.o
                0x0000000000008842                __vector_41
 .text._ZN4leds10deactivateEv
                0x0000000000008b44       0x5c src/leds.o
                0x0000000000008b44                _ZN4leds10deactivateEv
 .text._ZN4leds5blinkE7Blink_t
                0x0000000000008ba0       0x32 src/leds.o
                0x0000000000008ba0                _ZN4leds5blinkE7Blink_t
 .text._ZN4leds5blinkE7Blink_tb
                0x0000000000008bd2      0x52a src/leds.o
                0x0000000000008bd2                _ZN4leds5blinkE7Blink_tb
 .text.protected_write_io
                0x00000000000090fc        0xa src/protected_io.o
                0x00000000000090fc                protected_write_io
 .text.ccp_write_io
                0x0000000000009106       0x2c src/rtc.o
 .text._Z8RTC_initj
                0x0000000000009132      0x122 src/rtc.o
                0x0000000000009132                _Z8RTC_initj
 .text._Z15RTC_init_backupv
                0x0000000000009254       0x18 src/rtc.o
                0x0000000000009254                _Z15RTC_init_backupv
 .text._Z15RTC_init_backupj
                0x000000000000926c      0x130 src/rtc.o
                0x000000000000926c                _Z15RTC_init_backupj
 .text._Z19RTC_set_calibrationj
                0x000000000000939c       0x50 src/rtc.o
                0x000000000000939c                _Z19RTC_set_calibrationj
 .text.si5351_shutdown
                0x00000000000093ec       0x9e src/si5351.o
                0x00000000000093ec                si5351_shutdown
 .text.si5351_init_for_quad
                0x000000000000948a      0x6f0 src/si5351.o
                0x000000000000948a                si5351_init_for_quad
 .text.si5351_set_quad_frequency
                0x0000000000009b7a      0x364 src/si5351.o
                0x0000000000009b7a                si5351_set_quad_frequency
 .text.si5351_shutdown_comms
                0x0000000000009ede       0x14 src/si5351.o
                0x0000000000009ede                si5351_shutdown_comms
 .text.si5351_init
                0x0000000000009ef2      0x19e src/si5351.o
                0x0000000000009ef2                si5351_init
 .text.si5351_get_frequency
                0x000000000000a090       0x36 src/si5351.o
                0x000000000000a090                si5351_get_frequency
 .text._Z16si5351_pll_reset10si5351_pll
                0x000000000000a0c6       0x7e src/si5351.o
                0x000000000000a0c6                _Z16si5351_pll_reset10si5351_pll
 .text.si5351_clock_enable
                0x000000000000a144       0x9e src/si5351.o
                0x000000000000a144                si5351_clock_enable
 .text.si5351_drive_strength
                0x000000000000a1e2       0xc2 src/si5351.o
                0x000000000000a1e2                si5351_drive_strength
 .text._Z13reduce_by_gcdPmS_
                0x000000000000a2a4      0x166 src/si5351.o
                0x000000000000a2a4                _Z13reduce_by_gcdPmS_
 .text._Z17si5351_write_bulkhPhh
                0x000000000000a40a       0x64 src/si5351.o
                0x000000000000a40a                _Z17si5351_write_bulkhPhh
 .text._Z16si5351_read_bulkhPhh
                0x000000000000a46e       0x64 src/si5351.o
                0x000000000000a46e                _Z16si5351_read_bulkhPhh
 .text._Z31set_multisynth_registers_source12si5351_clock10si5351_pll
                0x000000000000a4d2       0x82 src/si5351.o
                0x000000000000a4d2                _Z31set_multisynth_registers_source12si5351_clock10si5351_pll
 .text._Z16set_integer_mode12si5351_clockb
                0x000000000000a554       0x6c src/si5351.o
                0x000000000000a554                _Z16set_integer_mode12si5351_clockb
 .text._Z21si5351_set_CLK1_phaseh
                0x000000000000a5c0       0x58 src/si5351.o
                0x000000000000a5c0                _Z21si5351_set_CLK1_phaseh
 .text.si5351_get_status
                0x000000000000a618       0x32 src/si5351.o
                0x000000000000a618                si5351_get_status
 .text.SLPCTRL_init
                0x000000000000a64a       0x18 src/slpctrl.o
                0x000000000000a64a                SLPCTRL_init
 .text.SLPCTRL_set_sleep_mode
                0x000000000000a662       0x36 src/slpctrl.o
                0x000000000000a662                SLPCTRL_set_sleep_mode
 .text.PORTE_set_pin_pull_mode
                0x000000000000a698       0x6a src/tca.o
 .text.PORTE_set_pin_dir
                0x000000000000a702       0xb0 src/tca.o
 .text.TIMERA_init
                0x000000000000a7b2       0x68 src/tca.o
                0x000000000000a7b2                TIMERA_init
 .text.setPWM   0x000000000000a81a       0x68 src/tca.o
                0x000000000000a81a                setPWM
 .text.getPWM   0x000000000000a882       0x12 src/tca.o
                0x000000000000a882                getPWM
 .text.TIMERB_init
                0x000000000000a894       0xd4 src/tcb.o
                0x000000000000a894                TIMERB_init
 .text.util_delay_ms
                0x000000000000a968      0x176 src/tcb.o
                0x000000000000a968                util_delay_ms
 .text.__vector_30
                0x000000000000aade       0xb0 src/tcb.o
                0x000000000000aade                __vector_30
 .text.__vector_13
                0x000000000000ab8e       0xb4 src/tcb.o
                0x000000000000ab8e                __vector_13
 .text.TIMERB_sleep
                0x000000000000ac42       0x50 src/tcb.o
                0x000000000000ac42                TIMERB_sleep
 .text._Z17shutdown_receiverv
                0x000000000000ac92       0x18 src/receiver.o
                0x000000000000ac92                _Z17shutdown_receiverv
 .text._Z13init_receiverm
                0x000000000000acaa       0x3c src/receiver.o
                0x000000000000acaa                _Z13init_receiverm
 .text._Z13init_receiverv
                0x000000000000ace6      0x154 src/receiver.o
                0x000000000000ace6                _Z13init_receiverv
 .text._Z15frequencyStringPcm
                0x000000000000ae3a      0x114 src/util.o
                0x000000000000ae3a                _Z15frequencyStringPcm
 .text.avr-libc.fplib
                0x000000000000af4e        0xe c:/program files (x86)/atmel/studio/7.0/toolchain/avr8/avr8-gnu-toolchain/bin/../lib/gcc/avr/7.3.0/../../../../avr/lib/avrxmega4\libm.a(addsf3.o)
                0x000000000000af4e                __subsf3
                0x000000000000af50                __addsf3
 .text.avr-libc.fplib
                0x000000000000af5c       0xcc c:/program files (x86)/atmel/studio/7.0/toolchain/avr8/avr8-gnu-toolchain/bin/../lib/gcc/avr/7.3.0/../../../../avr/lib/avrxmega4\libm.a(addsf3x.o)
                0x000000000000af7e                __addsf3x
 .text.avr-libc.fplib
                0x000000000000b028        0xa c:/program files (x86)/atmel/studio/7.0/toolchain/avr8/avr8-gnu-toolchain/bin/../lib/gcc/avr/7.3.0/../../../../avr/lib/avrxmega4\libm.a(cmpsf2.o)
                0x000000000000b028                __nesf2
                0x000000000000b028                __eqsf2
                0x000000000000b028                __cmpsf2
                0x000000000000b028                __ltsf2
                0x000000000000b028                __lesf2
 .text.avr-libc.fplib
                0x000000000000b032        0xa c:/program files (x86)/atmel/studio/7.0/toolchain/avr8/avr8-gnu-toolchain/bin/../lib/gcc/avr/7.3.0/../../../../avr/lib/avrxmega4\libm.a(cos.o)
                0x000000000000b032                cos
 .text.avr-libc.fplib
                0x000000000000b03c        0x8 c:/program files (x86)/atmel/studio/7.0/toolchain/avr8/avr8-gnu-toolchain/bin/../lib/gcc/avr/7.3.0/../../../../avr/lib/avrxmega4\libm.a(divsf3.o)
                0x000000000000b03c                __divsf3
 .text.avr-libc.fplib
                0x000000000000b044       0xdc c:/program files (x86)/atmel/studio/7.0/toolchain/avr8/avr8-gnu-toolchain/bin/../lib/gcc/avr/7.3.0/../../../../avr/lib/avrxmega4\libm.a(divsf3x.o)
                0x000000000000b064                __divsf3x
                0x000000000000b06a                __divsf3_pse
 .text.avr-libc.fplib
                0x000000000000b120        0xe c:/program files (x86)/atmel/studio/7.0/toolchain/avr8/avr8-gnu-toolchain/bin/../lib/gcc/avr/7.3.0/../../../../avr/lib/avrxmega4\libm.a(fixsfsi.o)
                0x000000000000b120                __fixsfsi
 .text.avr-libc.fplib
                0x000000000000b12e       0x5e c:/program files (x86)/atmel/studio/7.0/toolchain/avr8/avr8-gnu-toolchain/bin/../lib/gcc/avr/7.3.0/../../../../avr/lib/avrxmega4\libm.a(fixunssfsi.o)
                0x000000000000b12e                __fixunssfsi
 .text.avr-libc.fplib
                0x000000000000b18c       0x7a c:/program files (x86)/atmel/studio/7.0/toolchain/avr8/avr8-gnu-toolchain/bin/../lib/gcc/avr/7.3.0/../../../../avr/lib/avrxmega4\libm.a(floatsisf.o)
                0x000000000000b18c                __floatunsisf
                0x000000000000b190                __floatsisf
 .text.avr-libc.fplib
                0x000000000000b206       0x48 c:/program files (x86)/atmel/studio/7.0/toolchain/avr8/avr8-gnu-toolchain/bin/../lib/gcc/avr/7.3.0/../../../../avr/lib/avrxmega4\libm.a(fp_cmp.o)
                0x000000000000b206                __fp_cmp
 .text.avr-libc.fplib
                0x000000000000b24e        0xc c:/program files (x86)/atmel/studio/7.0/toolchain/avr8/avr8-gnu-toolchain/bin/../lib/gcc/avr/7.3.0/../../../../avr/lib/avrxmega4\libm.a(fp_inf.o)
                0x000000000000b24e                __fp_inf
 .text.avr-libc.fplib
                0x000000000000b25a       0x1c c:/program files (x86)/atmel/studio/7.0/toolchain/avr8/avr8-gnu-toolchain/bin/../lib/gcc/avr/7.3.0/../../../../avr/lib/avrxmega4\libm.a(fp_mpack.o)
                0x000000000000b25a                __fp_mpack
                0x000000000000b25e                __fp_mpack_finite
 .text.avr-libc.fplib
                0x000000000000b276        0x6 c:/program files (x86)/atmel/studio/7.0/toolchain/avr8/avr8-gnu-toolchain/bin/../lib/gcc/avr/7.3.0/../../../../avr/lib/avrxmega4\libm.a(fp_nan.o)
                0x000000000000b276                __fp_nan
 .text.avr-libc.fplib
                0x000000000000b27c        0xe c:/program files (x86)/atmel/studio/7.0/toolchain/avr8/avr8-gnu-toolchain/bin/../lib/gcc/avr/7.3.0/../../../../avr/lib/avrxmega4\libm.a(fp_pscA.o)
                0x000000000000b27c                __fp_pscA
 .text.avr-libc.fplib
                0x000000000000b28a        0xe c:/program files (x86)/atmel/studio/7.0/toolchain/avr8/avr8-gnu-toolchain/bin/../lib/gcc/avr/7.3.0/../../../../avr/lib/avrxmega4\libm.a(fp_pscB.o)
                0x000000000000b28a                __fp_pscB
 .text.avr-libc.fplib
                0x000000000000b298       0x56 c:/program files (x86)/atmel/studio/7.0/toolchain/avr8/avr8-gnu-toolchain/bin/../lib/gcc/avr/7.3.0/../../../../avr/lib/avrxmega4\libm.a(fp_rempio2.o)
                0x000000000000b29c                __fp_rempio2
 .text.avr-libc.fplib
                0x000000000000b2ee       0x22 c:/program files (x86)/atmel/studio/7.0/toolchain/avr8/avr8-gnu-toolchain/bin/../lib/gcc/avr/7.3.0/../../../../avr/lib/avrxmega4\libm.a(fp_round.o)
                0x000000000000b2ee                __fp_round
 .text.avr-libc.fplib
                0x000000000000b310       0x28 c:/program files (x86)/atmel/studio/7.0/toolchain/avr8/avr8-gnu-toolchain/bin/../lib/gcc/avr/7.3.0/../../../../avr/lib/avrxmega4\libm.a(fp_sinus.o)
                0x000000000000b310                __fp_sinus
 .text.avr-libc.fplib
                0x000000000000b338       0x44 c:/program files (x86)/atmel/studio/7.0/toolchain/avr8/avr8-gnu-toolchain/bin/../lib/gcc/avr/7.3.0/../../../../avr/lib/avrxmega4\libm.a(fp_split3.o)
                0x000000000000b338                __fp_split3
                0x000000000000b348                __fp_splitA
 .text.avr-libc.fplib
                0x000000000000b37c        0xe c:/program files (x86)/atmel/studio/7.0/toolchain/avr8/avr8-gnu-toolchain/bin/../lib/gcc/avr/7.3.0/../../../../avr/lib/avrxmega4\libm.a(fp_zero.o)
                0x000000000000b37c                __fp_zero
                0x000000000000b37e                __fp_szero
 .text.avr-libc.fplib
                0x000000000000b38a        0xa c:/program files (x86)/atmel/studio/7.0/toolchain/avr8/avr8-gnu-toolchain/bin/../lib/gcc/avr/7.3.0/../../../../avr/lib/avrxmega4\libm.a(gesf2.o)
                0x000000000000b38a                __gesf2
                0x000000000000b38a                __gtsf2
 .text.avr-libc.fplib
                0x000000000000b394       0x10 c:/program files (x86)/atmel/studio/7.0/toolchain/avr8/avr8-gnu-toolchain/bin/../lib/gcc/avr/7.3.0/../../../../avr/lib/avrxmega4\libm.a(log10.o)
                0x000000000000b394                log10
 .text.avr-libc.fplib
                0x000000000000b3a4       0xa0 c:/program files (x86)/atmel/studio/7.0/toolchain/avr8/avr8-gnu-toolchain/bin/../lib/gcc/avr/7.3.0/../../../../avr/lib/avrxmega4\libm.a(log.o)
                0x000000000000b3b4                log
 .text.avr-libc.fplib
                0x000000000000b444        0x8 c:/program files (x86)/atmel/studio/7.0/toolchain/avr8/avr8-gnu-toolchain/bin/../lib/gcc/avr/7.3.0/../../../../avr/lib/avrxmega4\libm.a(mulsf3.o)
                0x000000000000b444                __mulsf3
 .text.avr-libc.fplib
                0x000000000000b44c       0xd2 c:/program files (x86)/atmel/studio/7.0/toolchain/avr8/avr8-gnu-toolchain/bin/../lib/gcc/avr/7.3.0/../../../../avr/lib/avrxmega4\libm.a(mulsf3x.o)
                0x000000000000b46a                __mulsf3x
                0x000000000000b470                __mulsf3_pse
 .text.avr-libc.fplib
                0x000000000000b51e       0x10 c:/program files (x86)/atmel/studio/7.0/toolchain/avr8/avr8-gnu-toolchain/bin/../lib/gcc/avr/7.3.0/../../../../avr/lib/avrxmega4\libm.a(sin.o)
                0x000000000000b51e                sin
 .text.avr-libc.fplib
                0x000000000000b52e       0x4e c:/program files (x86)/atmel/studio/7.0/toolchain/avr8/avr8-gnu-toolchain/bin/../lib/gcc/avr/7.3.0/../../../../avr/lib/avrxmega4\libm.a(fp_powser.o)
                0x000000000000b52e                __fp_powser
 .text.avr-libc.fplib
                0x000000000000b57c       0x28 c:/program files (x86)/atmel/studio/7.0/toolchain/avr8/avr8-gnu-toolchain/bin/../lib/gcc/avr/7.3.0/../../../../avr/lib/avrxmega4\libm.a(fp_powsodd.o)
                0x000000000000b57c                __fp_powsodd
 .text.libgcc.mul
                0x000000000000b5a4       0x20 c:/program files (x86)/atmel/studio/7.0/toolchain/avr8/avr8-gnu-toolchain/bin/../lib/gcc/avr/7.3.0/avrxmega4\libgcc.a(_mulsi3.o)
                0x000000000000b5a4                __mulsi3
 .text.libgcc.div
                0x000000000000b5c4       0x28 c:/program files (x86)/atmel/studio/7.0/toolchain/avr8/avr8-gnu-toolchain/bin/../lib/gcc/avr/7.3.0/avrxmega4\libgcc.a(_udivmodhi4.o)
                0x000000000000b5c4                __udivmodhi4
 .text.libgcc.div
                0x000000000000b5ec       0x44 c:/program files (x86)/atmel/studio/7.0/toolchain/avr8/avr8-gnu-toolchain/bin/../lib/gcc/avr/7.3.0/avrxmega4\libgcc.a(_udivmodsi4.o)
                0x000000000000b5ec                __udivmodsi4
 .text.libgcc   0x000000000000b630       0x12 c:/program files (x86)/atmel/studio/7.0/toolchain/avr8/avr8-gnu-toolchain/bin/../lib/gcc/avr/7.3.0/avrxmega4\libgcc.a(_tablejump2.o)
                0x000000000000b630                __tablejump2__
 .text.libgcc.mul
                0x000000000000b642       0x16 c:/program files (x86)/atmel/studio/7.0/toolchain/avr8/avr8-gnu-toolchain/bin/../lib/gcc/avr/7.3.0/avrxmega4\libgcc.a(_muluhisi3.o)
                0x000000000000b642                __muluhisi3
 .text.libgcc.mul
                0x000000000000b658       0x1e c:/program files (x86)/atmel/studio/7.0/toolchain/avr8/avr8-gnu-toolchain/bin/../lib/gcc/avr/7.3.0/avrxmega4\libgcc.a(_umulhisi3.o)
                0x000000000000b658                __umulhisi3
 .text.avr-libc
                0x000000000000b676       0x3c c:/program files (x86)/atmel/studio/7.0/toolchain/avr8/avr8-gnu-toolchain/bin/../lib/gcc/avr/7.3.0/../../../../avr/lib/avrxmega4\libc.a(dtostrf.o)
                0x000000000000b676                dtostrf
 .text.avr-libc
                0x000000000000b6b2      0x24a c:/program files (x86)/atmel/studio/7.0/toolchain/avr8/avr8-gnu-toolchain/bin/../lib/gcc/avr/7.3.0/../../../../avr/lib/avrxmega4\libc.a(malloc.o)
                0x000000000000b6b2                malloc
                0x000000000000b7ea                free
 .text.avr-libc
                0x000000000000b8fc       0x12 c:/program files (x86)/atmel/studio/7.0/toolchain/avr8/avr8-gnu-toolchain/bin/../lib/gcc/avr/7.3.0/../../../../avr/lib/avrxmega4\libc.a(isspace.o)
                0x000000000000b8fc                isspace
 .text.avr-libc
                0x000000000000b90e       0x12 c:/program files (x86)/atmel/studio/7.0/toolchain/avr8/avr8-gnu-toolchain/bin/../lib/gcc/avr/7.3.0/../../../../avr/lib/avrxmega4\libc.a(strlen.o)
                0x000000000000b90e                strlen
 .text.avr-libc
                0x000000000000b920       0x6e c:/program files (x86)/atmel/studio/7.0/toolchain/avr8/avr8-gnu-toolchain/bin/../lib/gcc/avr/7.3.0/../../../../avr/lib/avrxmega4\libc.a(snprintf.o)
                0x000000000000b920                snprintf
 .text.avr-libc
                0x000000000000b98e       0x54 c:/program files (x86)/atmel/studio/7.0/toolchain/avr8/avr8-gnu-toolchain/bin/../lib/gcc/avr/7.3.0/../../../../avr/lib/avrxmega4\libc.a(sprintf.o)
                0x000000000000b98e                sprintf
 .text.avr-libc
                0x000000000000b9e2      0x3fa c:/program files (x86)/atmel/studio/7.0/toolchain/avr8/avr8-gnu-toolchain/bin/../lib/gcc/avr/7.3.0/../../../../avr/lib/avrxmega4\libc.a(vfprintf_std.o)
                0x000000000000b9e2                vfprintf
 .text.avr-libc
                0x000000000000bddc      0x2ec c:/program files (x86)/atmel/studio/7.0/toolchain/avr8/avr8-gnu-toolchain/bin/../lib/gcc/avr/7.3.0/../../../../avr/lib/avrxmega4\libc.a(dtoa_prf.o)
                0x000000000000bddc                dtoa_prf
 .text.avr-libc
                0x000000000000c0c8      0x1b0 c:/program files (x86)/atmel/studio/7.0/toolchain/avr8/avr8-gnu-toolchain/bin/../lib/gcc/avr/7.3.0/../../../../avr/lib/avrxmega4\libc.a(ftoa_engine.o)
                0x000000000000c0c8                __ftoa_engine
 .text.avr-libc
                0x000000000000c278        0x6 c:/program files (x86)/atmel/studio/7.0/toolchain/avr8/avr8-gnu-toolchain/bin/../lib/gcc/avr/7.3.0/../../../../avr/lib/avrxmega4\libc.a(cty_isfalse.o)
                0x000000000000c278                __ctype_isfalse
                0x000000000000c27c                __ctype_istrue
 .text.avr-libc
                0x000000000000c27e       0x16 c:/program files (x86)/atmel/studio/7.0/toolchain/avr8/avr8-gnu-toolchain/bin/../lib/gcc/avr/7.3.0/../../../../avr/lib/avrxmega4\libc.a(strnlen_P.o)
                0x000000000000c27e                strnlen_P
 .text.avr-libc
                0x000000000000c294       0x16 c:/program files (x86)/atmel/studio/7.0/toolchain/avr8/avr8-gnu-toolchain/bin/../lib/gcc/avr/7.3.0/../../../../avr/lib/avrxmega4\libc.a(strnlen.o)
                0x000000000000c294                strnlen
 .text.avr-libc
                0x000000000000c2aa       0x60 c:/program files (x86)/atmel/studio/7.0/toolchain/avr8/avr8-gnu-toolchain/bin/../lib/gcc/avr/7.3.0/../../../../avr/lib/avrxmega4\libc.a(fputc.o)
                0x000000000000c2aa                fputc
 .text.avr-libc
                0x000000000000c30a       0xbc c:/program files (x86)/atmel/studio/7.0/toolchain/avr8/avr8-gnu-toolchain/bin/../lib/gcc/avr/7.3.0/../../../../avr/lib/avrxmega4\libc.a(ultoa_invert.o)
                0x000000000000c30a                __ultoa_invert
 .text.avr-libc
                0x000000000000c3c6       0x10 C:/Program Files (x86)/Atmel/Studio/7.0/Packs/atmel/AVR-Dx_DFP/1.9.103/gcc/dev/avr128da48/avrxmega4\libavr128da48.a(eerd_byte.o)
                0x000000000000c3c6                eeprom_read_byte
                0x000000000000c3ce                eeprom_mapen
 .text.avr-libc
                0x000000000000c3d6        0xe C:/Program Files (x86)/Atmel/Studio/7.0/Packs/atmel/AVR-Dx_DFP/1.9.103/gcc/dev/avr128da48/avrxmega4\libavr128da48.a(eerd_dword.o)
                0x000000000000c3d6                eeprom_read_float
                0x000000000000c3d6                eeprom_read_dword
 .text.avr-libc
                0x000000000000c3e4        0xa C:/Program Files (x86)/Atmel/Studio/7.0/Packs/atmel/AVR-Dx_DFP/1.9.103/gcc/dev/avr128da48/avrxmega4\libavr128da48.a(eerd_word.o)
                0x000000000000c3e4                eeprom_read_word
                0x000000000000c3ee                . = ALIGN (0x2)
 *(.fini9)
 .fini9         0x000000000000c3ee        0x0 c:/program files (x86)/atmel/studio/7.0/toolchain/avr8/avr8-gnu-toolchain/bin/../lib/gcc/avr/7.3.0/avrxmega4\libgcc.a(_exit.o)
                0x000000000000c3ee                _exit
                0x000000000000c3ee                exit
 *(.fini9)
 *(.fini8)
 *(.fini8)
 *(.fini7)
 *(.fini7)
 *(.fini6)
 .fini6         0x000000000000c3ee       0x16 c:/program files (x86)/atmel/studio/7.0/toolchain/avr8/avr8-gnu-toolchain/bin/../lib/gcc/avr/7.3.0/avrxmega4\libgcc.a(_dtors.o)
                0x000000000000c3ee                __do_global_dtors
 *(.fini6)
 *(.fini5)
 *(.fini5)
 *(.fini4)
 *(.fini4)
 *(.fini3)
 *(.fini3)
 *(.fini2)
 *(.fini2)
 *(.fini1)
 *(.fini1)
 *(.fini0)
 .fini0         0x000000000000c404        0x4 c:/program files (x86)/atmel/studio/7.0/toolchain/avr8/avr8-gnu-toolchain/bin/../lib/gcc/avr/7.3.0/avrxmega4\libgcc.a(_exit.o)
 *(.fini0)
                0x000000000000c408                _etext = .

.data           0x0000000000804000      0x2e2 load address 0x000000000000c408
                0x0000000000804000                PROVIDE (__data_start, .)
 *(.data)
 .data          0x0000000000804000        0x6 c:/program files (x86)/atmel/studio/7.0/toolchain/avr8/avr8-gnu-toolchain/bin/../lib/gcc/avr/7.3.0/../../../../avr/lib/avrxmega4\libc.a(malloc.o)
                0x0000000000804000                __malloc_heap_end
                0x0000000000804002                __malloc_heap_start
                0x0000000000804004                __malloc_margin
 *(.data*)
 .data._ZL19g_powerdown_seconds
                0x0000000000804006        0x2 main.o
 .data._ZL17g_rf_gain_setting
                0x0000000000804008        0x1 main.o
 .data.g_inactivity_power_off
                0x0000000000804009        0x4 main.o
                0x0000000000804009                g_inactivity_power_off
 .data._ZL12g_awakenedBy
                0x000000000080400d        0x2 main.o
 .data._ZL17g_adcChannel2Slot
                0x000000000080400f       0x10 main.o
 .data._ZL19g_active_ADC_sample
                0x000000000080401f        0x2 main.o
 .data.g_audio_gain
                0x0000000000804021        0x2 main.o
                0x0000000000804021                g_audio_gain
 .data.g_enable_audio_feedthrough
                0x0000000000804023        0x1 main.o
                0x0000000000804023                g_enable_audio_feedthrough
 .data._ZZ11__vector_12E7fiftyMS
                0x0000000000804024        0x1 main.o
 .data._ZZ11__vector_12E17doublesenseAction
                0x0000000000804025        0x2 main.o
 .data._ZZ11__vector_12E15leftsenseAction
                0x0000000000804027        0x2 main.o
 .data._ZZ11__vector_12E16rightsenseAction
                0x0000000000804029        0x2 main.o
 .data._ZZ11__vector_12E19encoderswitchAction
                0x000000000080402b        0x2 main.o
 .data._ZZ11__vector_12E25leftsenseLongPressEnabled
                0x000000000080402d        0x1 main.o
 .data._ZZ11__vector_12E26rightsenseLongPressEnabled
                0x000000000080402e        0x1 main.o
 .data._ZZ11__vector_12E23encoderLongPressEnabled
                0x000000000080402f        0x1 main.o
 .data._ZZ11__vector_12E27doublesenseLongPressEnabled
                0x0000000000804030        0x1 main.o
 .data._ZZ4mainE4init
                0x0000000000804031        0x1 main.o
 .data._ZZ4mainE13minPitchLevel
                0x0000000000804032        0x4 main.o
 .data._ZZ15externBatStringbPfE8filtered
                0x0000000000804036        0x4 main.o
 .data._ZZ15externBatStringbPfE3str
                0x000000000080403a        0x7 main.o
 .data.g_fox    0x0000000000804041        0xa src/eeprommanager.o
                0x0000000000804041                g_fox
 .data.g_battery_capacity
                0x000000000080404b        0x2 src/eeprommanager.o
                0x000000000080404b                g_battery_capacity
 .data.g_i2c0_timeout_ticks
                0x000000000080404d        0x2 src/i2c.o
                0x000000000080404d                g_i2c0_timeout_ticks
 .data.g_i2c1_timeout_ticks
                0x000000000080404f        0x2 src/i2c.o
                0x000000000080404f                g_i2c1_timeout_ticks
 .data._ZL17led_timeout_count
                0x0000000000804051        0x4 src/leds.o
 .data.g_clock_calibration
                0x0000000000804055        0x2 src/rtc.o
                0x0000000000804055                g_clock_calibration
 .data._ZL11g_xtal_freq
                0x0000000000804057        0x4 src/si5351.o
 .data.g_rx_frequency
                0x000000000080405b        0x4 src/receiver.o
                0x000000000080405b                g_rx_frequency
 .data.g_frequency_low
                0x000000000080405f        0x4 src/receiver.o
                0x000000000080405f                g_frequency_low
 .data.g_frequency_med
                0x0000000000804063        0x4 src/receiver.o
                0x0000000000804063                g_frequency_med
 .data.g_frequency_hi
                0x0000000000804067        0x4 src/receiver.o
                0x0000000000804067                g_frequency_hi
 .data.g_frequency_beacon
                0x000000000080406b        0x4 src/receiver.o
                0x000000000080406b                g_frequency_beacon
 *(.gnu.linkonce.d*)
 *(.rodata)
 .rodata        0x000000000080406f      0x115 main.o
 .rodata        0x0000000000804184        0xc src/eeprommanager.o
 .rodata        0x0000000000804190       0x38 src/util.o
 *(.rodata*)
 .rodata._ZL9menuTitle
                0x00000000008041c8       0x46 main.o
 .rodata._ZL8clearRow
                0x000000000080420e        0xb main.o
 .rodata._ZL12channelNames
                0x0000000000804219       0xa8 main.o
 .rodata._ZTV7Display
                0x00000000008042c1        0xa src/display.o
                0x00000000008042c1                _ZTV7Display
 .rodata._ZL16rf_gain_settings
                0x00000000008042cb       0x16 src/tca.o
 *(.gnu.linkonce.r*)
                0x00000000008042e2                . = ALIGN (0x2)
 *fill*         0x00000000008042e1        0x1 
                0x00000000008042e2                _edata = .
                0x00000000008042e2                PROVIDE (__data_end, .)

.bss            0x00000000008042e2      0x25d
                0x00000000008042e2                PROVIDE (__bss_start, .)
 *(.bss)
 *(.bss*)
 .bss.g_channel_name
                0x00000000008042e2       0x14 main.o
                0x00000000008042e2                g_channel_name
 .bss._ZL9g_tempStr
                0x00000000008042f6       0x64 main.o
 .bss._ZL21g_headphones_detected
                0x000000000080435a        0x1 main.o
 .bss._ZL16g_hardware_error
                0x000000000080435b        0x2 main.o
 .bss._ZL15g_rotary_enable
                0x000000000080435d        0x1 main.o
 .bss._ZL14g_rotary_count
                0x000000000080435e        0x2 main.o
 .bss._ZL14g_rotary_edges
                0x0000000000804360        0x2 main.o
 .bss.g_seconds_transition
                0x0000000000804362        0x1 main.o
                0x0000000000804362                g_seconds_transition
 .bss.g_seconds_since_poweron
                0x0000000000804363        0x4 main.o
                0x0000000000804363                g_seconds_since_poweron
 .bss.g_display_active
                0x0000000000804367        0x1 main.o
                0x0000000000804367                g_display_active
 .bss._ZL17g_go_to_sleep_now
                0x0000000000804368        0x1 main.o
 .bss._ZL10g_sleeping
                0x0000000000804369        0x1 main.o
 .bss._ZL22g_lastConversionResult
                0x000000000080436a        0x2 main.o
 .bss.g_goertzel_rssi
                0x000000000080436c        0x4 main.o
                0x000000000080436c                g_goertzel_rssi
 .bss._ZL23g_leftsense_closed_time
                0x0000000000804370        0x2 main.o
 .bss._ZL24g_rightsense_closed_time
                0x0000000000804372        0x2 main.o
 .bss._ZL21g_encoder_closed_time
                0x0000000000804374        0x2 main.o
 .bss._ZL25g_doublesense_closed_time
                0x0000000000804376        0x2 main.o
 .bss._ZL34g_handle_counted_leftsense_presses
                0x0000000000804378        0x2 main.o
 .bss._ZL35g_handle_counted_rightsense_presses
                0x000000000080437a        0x2 main.o
 .bss._ZL32g_handle_counted_encoder_presses
                0x000000000080437c        0x2 main.o
 .bss._ZL36g_handle_counted_doublesense_presses
                0x000000000080437e        0x2 main.o
 .bss._ZL25g_leftsense_presses_count
                0x0000000000804380        0x2 main.o
 .bss._ZL26g_rightsense_presses_count
                0x0000000000804382        0x2 main.o
 .bss._ZL23g_encoder_presses_count
                0x0000000000804384        0x2 main.o
 .bss._ZL27g_doublesense_presses_count
                0x0000000000804386        0x2 main.o
 .bss._ZL22g_long_leftsense_press
                0x0000000000804388        0x1 main.o
 .bss._ZL23g_long_rightsense_press
                0x0000000000804389        0x1 main.o
 .bss._ZL24g_long_doublesense_press
                0x000000000080438a        0x1 main.o
 .bss._ZL20g_long_encoder_press
                0x000000000080438b        0x1 main.o
 .bss._ZL19g_leftsense_pressed
                0x000000000080438c        0x1 main.o
 .bss._ZL20g_rightsense_pressed
                0x000000000080438d        0x1 main.o
 .bss._ZL21g_doublesense_pressed
                0x000000000080438e        0x1 main.o
 .bss._ZL23g_encoderswitch_pressed
                0x000000000080438f        0x1 main.o
 .bss.display   0x0000000000804390        0xb main.o
                0x0000000000804390                display
 .bss.LEDS      0x000000000080439b        0x1 main.o
                0x000000000080439b                LEDS
 .bss.g_text_buff
                0x000000000080439c        0xa main.o
                0x000000000080439c                g_text_buff
 .bss.EEPromMgr
                0x00000000008043a6        0x1 main.o
                0x00000000008043a6                EEPromMgr
 .bss.sineWave  0x00000000008043a7       0x32 main.o
                0x00000000008043a7                sineWave
 .bss._ZL6g_beep
                0x00000000008043d9        0x2 main.o
 .bss._ZL6g_tick
                0x00000000008043db        0x1 main.o
 .bss._ZZ11__vector_24E9sineIndex
                0x00000000008043dc        0x1 main.o
 .bss._ZZ11__vector_12E33doublesense_closures_count_period
                0x00000000008043dd        0x2 main.o
 .bss._ZZ11__vector_12E31leftsense_closures_count_period
                0x00000000008043df        0x2 main.o
 .bss._ZZ11__vector_12E32rightsense_closures_count_period
                0x00000000008043e1        0x2 main.o
 .bss._ZZ11__vector_12E29encoder_closures_count_period
                0x00000000008043e3        0x2 main.o
 .bss._ZZ11__vector_12E15holdRotaryEdges
                0x00000000008043e5        0x2 main.o
 .bss._ZZ11__vector_12E23rotaryNoMotionCountdown
                0x00000000008043e7        0x2 main.o
 .bss.prev_state
                0x00000000008043e9        0x1 main.o
                0x00000000008043e9                prev_state
 .bss._ZZ7setMenu11MenuState_tE9menuIndex
                0x00000000008043ea        0x2 main.o
 .bss._ZZ7setMenu11MenuState_tE14menuStateTrace
                0x00000000008043ec       0x28 main.o
 .bss._ZZ4mainE13maxPitchLevel
                0x0000000000804414        0x4 main.o
 .bss.g_goertzel
                0x0000000000804418        0x1 src/adc.o
                0x0000000000804418                g_goertzel
 .bss._ZL20g_adc_initialization
                0x0000000000804419        0x2 src/adc.o
 .bss.portApinReadings
                0x000000000080441b        0x3 src/binio.o
                0x000000000080441b                portApinReadings
 .bss.portFpinReadings
                0x000000000080441e        0x3 src/binio.o
                0x000000000080441e                portFpinReadings
 .bss.portAdebounced
                0x0000000000804421        0x1 src/binio.o
                0x0000000000804421                portAdebounced
 .bss.portFdebounced
                0x0000000000804422        0x1 src/binio.o
                0x0000000000804422                portFdebounced
 .bss.g_isMaster
                0x0000000000804423        0x1 src/eeprommanager.o
                0x0000000000804423                g_isMaster
 .bss.g_utc_offset
                0x0000000000804424        0x1 src/eeprommanager.o
                0x0000000000804424                g_utc_offset
 .bss.g_unlockCode
                0x0000000000804425        0xa src/eeprommanager.o
                0x0000000000804425                g_unlockCode
 .bss.g_rtty_offset
                0x000000000080442f        0x4 src/eeprommanager.o
                0x000000000080442f                g_rtty_offset
 .bss.g_event   0x0000000000804433        0x2 src/eeprommanager.o
                0x0000000000804433                g_event
 .bss.g_frequency_mode
                0x0000000000804435        0x2 src/eeprommanager.o
                0x0000000000804435                g_frequency_mode
 .bss.g_messages_text
                0x0000000000804437       0x3f src/eeprommanager.o
                0x0000000000804437                g_messages_text
 .bss.g_event_start_epoch
                0x0000000000804476        0x4 src/eeprommanager.o
                0x0000000000804476                g_event_start_epoch
 .bss.g_event_finish_epoch
                0x000000000080447a        0x4 src/eeprommanager.o
                0x000000000080447a                g_event_finish_epoch
 .bss.g_80m_power_level_mW
                0x000000000080447e        0x2 src/eeprommanager.o
                0x000000000080447e                g_80m_power_level_mW
 .bss.g_id_codespeed
                0x0000000000804480        0x1 src/eeprommanager.o
                0x0000000000804480                g_id_codespeed
 .bss.g_pattern_codespeed
                0x0000000000804481        0x1 src/eeprommanager.o
                0x0000000000804481                g_pattern_codespeed
 .bss.g_foxoring_pattern_codespeed
                0x0000000000804482        0x1 src/eeprommanager.o
                0x0000000000804482                g_foxoring_pattern_codespeed
 .bss.g_off_air_seconds
                0x0000000000804483        0x2 src/eeprommanager.o
                0x0000000000804483                g_off_air_seconds
 .bss.g_on_air_seconds
                0x0000000000804485        0x2 src/eeprommanager.o
                0x0000000000804485                g_on_air_seconds
 .bss.g_ID_period_seconds
                0x0000000000804487        0x2 src/eeprommanager.o
                0x0000000000804487                g_ID_period_seconds
 .bss.g_intra_cycle_delay_time
                0x0000000000804489        0x2 src/eeprommanager.o
                0x0000000000804489                g_intra_cycle_delay_time
 .bss.g_voltage_threshold
                0x000000000080448b        0x4 src/eeprommanager.o
                0x000000000080448b                g_voltage_threshold
 .bss.g_days_to_run
                0x000000000080448f        0x1 src/eeprommanager.o
                0x000000000080448f                g_days_to_run
 .bss.g_i2c_failure_count
                0x0000000000804490        0x2 src/eeprommanager.o
                0x0000000000804490                g_i2c_failure_count
 .bss._SAMPLING_FREQUENCY
                0x0000000000804492        0x4 src/Goertzel.o
                0x0000000000804492                _SAMPLING_FREQUENCY
 .bss._TARGET_FREQUENCY
                0x0000000000804496        0x4 src/Goertzel.o
                0x0000000000804496                _TARGET_FREQUENCY
 .bss._N        0x000000000080449a        0x2 src/Goertzel.o
                0x000000000080449a                _N
 .bss.g_coeff   0x000000000080449c        0x4 src/Goertzel.o
                0x000000000080449c                g_coeff
 .bss.Q1        0x00000000008044a0        0x4 src/Goertzel.o
                0x00000000008044a0                Q1
 .bss.Q2        0x00000000008044a4        0x4 src/Goertzel.o
                0x00000000008044a4                Q2
 .bss._index    0x00000000008044a8        0x2 src/Goertzel.o
                0x00000000008044a8                _index
 .bss._samplesReady
                0x00000000008044aa        0x1 src/Goertzel.o
                0x00000000008044aa                _samplesReady
 .bss.highValueCount
                0x00000000008044ab        0x2 src/Goertzel.o
                0x00000000008044ab                highValueCount
 .bss.testData  0x00000000008044ad        0x2 src/Goertzel.o
                0x00000000008044ad                testData
 .bss._ZL23timer_red_blink_inhibit
                0x00000000008044af        0x1 src/leds.o
 .bss._ZL25timer_green_blink_inhibit
                0x00000000008044b0        0x1 src/leds.o
 .bss._ZL19lastRedBlinkSetting
                0x00000000008044b1        0x2 src/leds.o
 .bss._ZL21lastGreenBlinkSetting
                0x00000000008044b3        0x2 src/leds.o
 .bss._ZL20lastBothBlinkSetting
                0x00000000008044b5        0x2 src/leds.o
 .bss._ZL19red_blink_on_period
                0x00000000008044b7        0x2 src/leds.o
 .bss._ZL20red_blink_off_period
                0x00000000008044b9        0x2 src/leds.o
 .bss._ZL21green_blink_on_period
                0x00000000008044bb        0x2 src/leds.o
 .bss._ZL22green_blink_off_period
                0x00000000008044bd        0x2 src/leds.o
 .bss._ZL15red_blink_count
                0x00000000008044bf        0x2 src/leds.o
 .bss._ZL17green_blink_count
                0x00000000008044c1        0x2 src/leds.o
 .bss._ZL18red_led_configured
                0x00000000008044c3        0x1 src/leds.o
 .bss._ZL20green_led_configured
                0x00000000008044c4        0x1 src/leds.o
 .bss.isRed     0x00000000008044c5        0x1 src/leds.o
                0x00000000008044c5                isRed
 .bss.isGreen   0x00000000008044c6        0x1 src/leds.o
                0x00000000008044c6                isGreen
 .bss.isBoth    0x00000000008044c7        0x1 src/leds.o
                0x00000000008044c7                isBoth
 .bss._ZL16use_backup_clock
                0x00000000008044c8        0x1 src/rtc.o
 .bss._ZL8freqVCOB
                0x00000000008044c9        0x4 src/si5351.o
 .bss._ZL17enabledClocksMask
                0x00000000008044cd        0x1 src/si5351.o
 .bss._ZL9clock_out
                0x00000000008044ce        0xc src/si5351.o
 .bss.g_si5351_initialized
                0x00000000008044da        0x1 src/si5351.o
                0x00000000008044da                g_si5351_initialized
 .bss._ZZ11si5351_initE3err
                0x00000000008044db        0x1 src/si5351.o
 .bss.g_pwm_setting
                0x00000000008044dc        0x1 src/tca.o
                0x00000000008044dc                g_pwm_setting
 .bss._ZL12g_ms_counter
                0x00000000008044dd        0x4 src/tcb.o
 .bss._ZZ13util_delay_msE14countdownValue
                0x00000000008044e1        0x4 src/tcb.o
 .bss._ZZ13util_delay_msE8counting
                0x00000000008044e5        0x1 src/tcb.o
 .bss._ZL16g_rx_initialized
                0x00000000008044e6        0x1 src/receiver.o
 .bss.g_channel_frequency
                0x00000000008044e7       0x50 src/receiver.o
                0x00000000008044e7                g_channel_frequency
 *(COMMON)
 COMMON         0x0000000000804537        0x4 c:/program files (x86)/atmel/studio/7.0/toolchain/avr8/avr8-gnu-toolchain/bin/../lib/gcc/avr/7.3.0/../../../../avr/lib/avrxmega4\libc.a(malloc.o)
                0x0000000000804537                __brkval
                0x0000000000804539                __flp
 COMMON         0x000000000080453b        0x4 c:/program files (x86)/atmel/studio/7.0/toolchain/avr8/avr8-gnu-toolchain/bin/../lib/gcc/avr/7.3.0/../../../../avr/lib/avrxmega4\libc.a(system_time.o)
                0x000000000080453b                __system_time
                0x000000000080453f                PROVIDE (__bss_end, .)
                0x000000000000c408                __data_load_start = LOADADDR (.data)
                0x000000000000c6ea                __data_load_end = (__data_load_start + SIZEOF (.data))

.noinit         0x000000000080453f        0x0
                [!provide]                        PROVIDE (__noinit_start, .)
 *(.noinit*)
                [!provide]                        PROVIDE (__noinit_end, .)
                0x000000000080453f                _end = .
                0x000000000080453f                PROVIDE (__heap_start, .)

.eeprom         0x0000000000810000      0x17a
 *(.eeprom*)
 .eeprom        0x0000000000810000      0x17a src/eeprommanager.o
                0x0000000000810000                _ZN13EepromManager7ee_varsE
                0x000000000081017a                __eeprom_end = .

.fuse
 *(.fuse)
 *(.lfuse)
 *(.hfuse)
 *(.efuse)

.lock
 *(.lock*)

.signature
 *(.signature*)

.user_signatures
 *(.user_signatures*)

.stab
 *(.stab)

.stabstr
 *(.stabstr)

.stab.excl
 *(.stab.excl)

.stab.exclstr
 *(.stab.exclstr)

.stab.index
 *(.stab.index)

.stab.indexstr
 *(.stab.indexstr)

.comment        0x0000000000000000       0x5c
 *(.comment)
 .comment       0x0000000000000000       0x30 atmel_start.o
                                         0x31 (size before relaxing)
 .comment       0x0000000000000030       0x31 main.o
 .comment       0x0000000000000030       0x31 src/adc.o
 .comment       0x0000000000000030       0x31 src/binio.o
 .comment       0x0000000000000030       0x31 src/bod.o
 .comment       0x0000000000000030       0x31 src/CircularStringBuff.o
 .comment       0x0000000000000030       0x31 src/clkctrl.o
 .comment       0x0000000000000030       0x31 src/cpuint.o
 .comment       0x0000000000000030       0x31 src/dac0.o
 .comment       0x0000000000000030       0x31 src/display.o
 .comment       0x0000000000000030       0x31 src/driver_init.o
 .comment       0x0000000000000030       0x31 src/eeprommanager.o
 .comment       0x0000000000000030       0x31 src/Goertzel.o
 .comment       0x0000000000000030       0x31 src/i2c.o
 .comment       0x0000000000000030       0x31 src/leds.o
 .comment       0x0000000000000030       0x31 src/rtc.o
 .comment       0x0000000000000030       0x31 src/si5351.o
 .comment       0x0000000000000030       0x31 src/slpctrl.o
 .comment       0x0000000000000030       0x31 src/tca.o
 .comment       0x0000000000000030       0x31 src/tcb.o
 .comment       0x0000000000000030       0x31 src/receiver.o
 .comment       0x0000000000000030       0x31 src/util.o
 .comment       0x0000000000000030       0x31 c:/program files (x86)/atmel/studio/7.0/toolchain/avr8/avr8-gnu-toolchain/bin/../lib/gcc/avr/7.3.0/../../../../avr/lib/avrxmega4\libc.a(dtostrf.o)
 .comment       0x0000000000000030       0x31 c:/program files (x86)/atmel/studio/7.0/toolchain/avr8/avr8-gnu-toolchain/bin/../lib/gcc/avr/7.3.0/../../../../avr/lib/avrxmega4\libc.a(malloc.o)
 .comment       0x0000000000000030       0x31 c:/program files (x86)/atmel/studio/7.0/toolchain/avr8/avr8-gnu-toolchain/bin/../lib/gcc/avr/7.3.0/../../../../avr/lib/avrxmega4\libc.a(snprintf.o)
 .comment       0x0000000000000030       0x31 c:/program files (x86)/atmel/studio/7.0/toolchain/avr8/avr8-gnu-toolchain/bin/../lib/gcc/avr/7.3.0/../../../../avr/lib/avrxmega4\libc.a(sprintf.o)
 .comment       0x0000000000000030       0x31 c:/program files (x86)/atmel/studio/7.0/toolchain/avr8/avr8-gnu-toolchain/bin/../lib/gcc/avr/7.3.0/../../../../avr/lib/avrxmega4\libc.a(set_system_time.o)
 .comment       0x0000000000000030       0x31 c:/program files (x86)/atmel/studio/7.0/toolchain/avr8/avr8-gnu-toolchain/bin/../lib/gcc/avr/7.3.0/../../../../avr/lib/avrxmega4\libc.a(system_time.o)
 .comment       0x0000000000000030       0x31 c:/program files (x86)/atmel/studio/7.0/toolchain/avr8/avr8-gnu-toolchain/bin/../lib/gcc/avr/7.3.0/../../../../avr/lib/avrxmega4\libc.a(time.o)
 .comment       0x0000000000000030       0x2c c:/program files (x86)/atmel/studio/7.0/toolchain/avr8/avr8-gnu-toolchain/bin/../lib/gcc/avr/7.3.0/../../../../avr/lib/avrxmega4\libc.a(vfprintf_std.o)
                                         0x2d (size before relaxing)
 .comment       0x000000000000005c       0x31 c:/program files (x86)/atmel/studio/7.0/toolchain/avr8/avr8-gnu-toolchain/bin/../lib/gcc/avr/7.3.0/../../../../avr/lib/avrxmega4\libc.a(dtoa_prf.o)
 .comment       0x000000000000005c       0x31 c:/program files (x86)/atmel/studio/7.0/toolchain/avr8/avr8-gnu-toolchain/bin/../lib/gcc/avr/7.3.0/../../../../avr/lib/avrxmega4\libc.a(fputc.o)

.note.gnu.avr.deviceinfo
                0x0000000000000000       0x40
 .note.gnu.avr.deviceinfo
                0x0000000000000000       0x40 C:/Program Files (x86)/Atmel/Studio/7.0/Packs/atmel/AVR-Dx_DFP/1.9.103/gcc/dev/avr128da48/avrxmega4/crtavr128da48.o

.note.gnu.build-id
 *(.note.gnu.build-id)

.debug
 *(.debug)

.line
 *(.line)

.debug_srcinfo
 *(.debug_srcinfo)

.debug_sfnames
 *(.debug_sfnames)

.debug_aranges  0x0000000000000000      0x940
 *(.debug_aranges)
 .debug_aranges
                0x0000000000000000       0x20 atmel_start.o
 .debug_aranges
                0x0000000000000020       0xb0 main.o
 .debug_aranges
                0x00000000000000d0       0x78 src/adc.o
 .debug_aranges
                0x0000000000000148       0xc8 src/binio.o
 .debug_aranges
                0x0000000000000210       0x20 src/bod.o
 .debug_aranges
                0x0000000000000230       0x90 src/CircularStringBuff.o
 .debug_aranges
                0x00000000000002c0       0x28 src/clkctrl.o
 .debug_aranges
                0x00000000000002e8       0x20 src/cpuint.o
 .debug_aranges
                0x0000000000000308       0x30 src/dac0.o
 .debug_aranges
                0x0000000000000338       0xb0 src/display.o
 .debug_aranges
                0x00000000000003e8       0x60 src/driver_init.o
 .debug_aranges
                0x0000000000000448       0x68 src/eeprommanager.o
 .debug_aranges
                0x00000000000004b0       0x60 src/Goertzel.o
 .debug_aranges
                0x0000000000000510       0x90 src/i2c.o
 .debug_aranges
                0x00000000000005a0       0x98 src/leds.o
 .debug_aranges
                0x0000000000000638       0x20 src/protected_io.o
 .debug_aranges
                0x0000000000000658       0x58 src/rtc.o
 .debug_aranges
                0x00000000000006b0       0xe8 src/si5351.o
 .debug_aranges
                0x0000000000000798       0x28 src/slpctrl.o
 .debug_aranges
                0x00000000000007c0       0x40 src/tca.o
 .debug_aranges
                0x0000000000000800       0x40 src/tcb.o
 .debug_aranges
                0x0000000000000840       0x58 src/receiver.o
 .debug_aranges
                0x0000000000000898       0x48 src/util.o
 .debug_aranges
                0x00000000000008e0       0x20 C:/Program Files (x86)/Atmel/Studio/7.0/Packs/atmel/AVR-Dx_DFP/1.9.103/gcc/dev/avr128da48/avrxmega4\libavr128da48.a(eerd_byte.o)
 .debug_aranges
                0x0000000000000900       0x20 C:/Program Files (x86)/Atmel/Studio/7.0/Packs/atmel/AVR-Dx_DFP/1.9.103/gcc/dev/avr128da48/avrxmega4\libavr128da48.a(eerd_dword.o)
 .debug_aranges
                0x0000000000000920       0x20 C:/Program Files (x86)/Atmel/Studio/7.0/Packs/atmel/AVR-Dx_DFP/1.9.103/gcc/dev/avr128da48/avrxmega4\libavr128da48.a(eerd_word.o)

.debug_pubnames
 *(.debug_pubnames)

.debug_info     0x0000000000000000    0x10392
 *(.debug_info .gnu.linkonce.wi.*)
 .debug_info    0x0000000000000000     0x2c24 C:/Program Files (x86)/Atmel/Studio/7.0/Packs/atmel/AVR-Dx_DFP/1.9.103/gcc/dev/avr128da48/avrxmega4/crtavr128da48.o
 .debug_info    0x0000000000002c24       0xc5 atmel_start.o
 .debug_info    0x0000000000002ce9     0x2e18 main.o
 .debug_info    0x0000000000005b01      0xc92 src/adc.o
 .debug_info    0x0000000000006793      0x8bf src/binio.o
 .debug_info    0x0000000000007052      0x1d0 src/bod.o
 .debug_info    0x0000000000007222      0x6f5 src/CircularStringBuff.o
 .debug_info    0x0000000000007917      0x2f9 src/clkctrl.o
 .debug_info    0x0000000000007c10       0xd4 src/cpuint.o
 .debug_info    0x0000000000007ce4      0x44f src/dac0.o
 .debug_info    0x0000000000008133      0xb65 src/display.o
 .debug_info    0x0000000000008c98      0x494 src/driver_init.o
 .debug_info    0x000000000000912c     0x19d5 src/eeprommanager.o
 .debug_info    0x000000000000ab01      0x5a5 src/Goertzel.o
 .debug_info    0x000000000000b0a6      0x888 src/i2c.o
 .debug_info    0x000000000000b92e      0xcb8 src/leds.o
 .debug_info    0x000000000000c5e6       0x92 src/protected_io.o
 .debug_info    0x000000000000c678     0x10bd src/rtc.o
 .debug_info    0x000000000000d735      0xf9b src/si5351.o
 .debug_info    0x000000000000e6d0      0x180 src/slpctrl.o
 .debug_info    0x000000000000e850      0xbe7 src/tca.o
 .debug_info    0x000000000000f437      0x3c7 src/tcb.o
 .debug_info    0x000000000000f7fe      0x473 src/receiver.o
 .debug_info    0x000000000000fc71      0x543 src/util.o
 .debug_info    0x00000000000101b4       0x9f C:/Program Files (x86)/Atmel/Studio/7.0/Packs/atmel/AVR-Dx_DFP/1.9.103/gcc/dev/avr128da48/avrxmega4\libavr128da48.a(eerd_byte.o)
 .debug_info    0x0000000000010253       0xa0 C:/Program Files (x86)/Atmel/Studio/7.0/Packs/atmel/AVR-Dx_DFP/1.9.103/gcc/dev/avr128da48/avrxmega4\libavr128da48.a(eerd_dword.o)
 .debug_info    0x00000000000102f3       0x9f C:/Program Files (x86)/Atmel/Studio/7.0/Packs/atmel/AVR-Dx_DFP/1.9.103/gcc/dev/avr128da48/avrxmega4\libavr128da48.a(eerd_word.o)

.debug_abbrev   0x0000000000000000     0x5735
 *(.debug_abbrev)
 .debug_abbrev  0x0000000000000000     0x29ce C:/Program Files (x86)/Atmel/Studio/7.0/Packs/atmel/AVR-Dx_DFP/1.9.103/gcc/dev/avr128da48/avrxmega4/crtavr128da48.o
 .debug_abbrev  0x00000000000029ce       0x70 atmel_start.o
 .debug_abbrev  0x0000000000002a3e      0x506 main.o
 .debug_abbrev  0x0000000000002f44      0x2fe src/adc.o
 .debug_abbrev  0x0000000000003242      0x29a src/binio.o
 .debug_abbrev  0x00000000000034dc       0xd2 src/bod.o
 .debug_abbrev  0x00000000000035ae      0x1e9 src/CircularStringBuff.o
 .debug_abbrev  0x0000000000003797       0xfe src/clkctrl.o
 .debug_abbrev  0x0000000000003895       0x72 src/cpuint.o
 .debug_abbrev  0x0000000000003907      0x157 src/dac0.o
 .debug_abbrev  0x0000000000003a5e      0x314 src/display.o
 .debug_abbrev  0x0000000000003d72      0x1a4 src/driver_init.o
 .debug_abbrev  0x0000000000003f16      0x33b src/eeprommanager.o
 .debug_abbrev  0x0000000000004251      0x227 src/Goertzel.o
 .debug_abbrev  0x0000000000004478      0x224 src/i2c.o
 .debug_abbrev  0x000000000000469c      0x340 src/leds.o
 .debug_abbrev  0x00000000000049dc       0x14 src/protected_io.o
 .debug_abbrev  0x00000000000049f0      0x2af src/rtc.o
 .debug_abbrev  0x0000000000004c9f      0x2af src/si5351.o
 .debug_abbrev  0x0000000000004f4e       0xe7 src/slpctrl.o
 .debug_abbrev  0x0000000000005035      0x206 src/tca.o
 .debug_abbrev  0x000000000000523b      0x175 src/tcb.o
 .debug_abbrev  0x00000000000053b0      0x18e src/receiver.o
 .debug_abbrev  0x000000000000553e      0x1bb src/util.o
 .debug_abbrev  0x00000000000056f9       0x14 C:/Program Files (x86)/Atmel/Studio/7.0/Packs/atmel/AVR-Dx_DFP/1.9.103/gcc/dev/avr128da48/avrxmega4\libavr128da48.a(eerd_byte.o)
 .debug_abbrev  0x000000000000570d       0x14 C:/Program Files (x86)/Atmel/Studio/7.0/Packs/atmel/AVR-Dx_DFP/1.9.103/gcc/dev/avr128da48/avrxmega4\libavr128da48.a(eerd_dword.o)
 .debug_abbrev  0x0000000000005721       0x14 C:/Program Files (x86)/Atmel/Studio/7.0/Packs/atmel/AVR-Dx_DFP/1.9.103/gcc/dev/avr128da48/avrxmega4\libavr128da48.a(eerd_word.o)

.debug_line     0x0000000000000000     0x8fbc
 *(.debug_line .debug_line.* .debug_line_end)
 .debug_line    0x0000000000000000      0x1f3 C:/Program Files (x86)/Atmel/Studio/7.0/Packs/atmel/AVR-Dx_DFP/1.9.103/gcc/dev/avr128da48/avrxmega4/crtavr128da48.o
 .debug_line    0x00000000000001f3      0x11e atmel_start.o
 .debug_line    0x0000000000000311     0x1ba5 main.o
 .debug_line    0x0000000000001eb6      0x50f src/adc.o
 .debug_line    0x00000000000023c5      0x7c7 src/binio.o
 .debug_line    0x0000000000002b8c      0x191 src/bod.o
 .debug_line    0x0000000000002d1d      0x4ae src/CircularStringBuff.o
 .debug_line    0x00000000000031cb      0x1cd src/clkctrl.o
 .debug_line    0x0000000000003398      0x12f src/cpuint.o
 .debug_line    0x00000000000034c7      0x1e3 src/dac0.o
 .debug_line    0x00000000000036aa      0x94e src/display.o
 .debug_line    0x0000000000003ff8      0x38e src/driver_init.o
 .debug_line    0x0000000000004386     0x1304 src/eeprommanager.o
 .debug_line    0x000000000000568a      0x321 src/Goertzel.o
 .debug_line    0x00000000000059ab      0x7df src/i2c.o
 .debug_line    0x000000000000618a      0x9d9 src/leds.o
 .debug_line    0x0000000000006b63       0x5b src/protected_io.o
 .debug_line    0x0000000000006bbe      0x4b5 src/rtc.o
 .debug_line    0x0000000000007073      0xd6c src/si5351.o
 .debug_line    0x0000000000007ddf      0x1b1 src/slpctrl.o
 .debug_line    0x0000000000007f90      0x2d8 src/tca.o
 .debug_line    0x0000000000008268      0x373 src/tcb.o
 .debug_line    0x00000000000085db      0x2f4 src/receiver.o
 .debug_line    0x00000000000088cf      0x5a5 src/util.o
 .debug_line    0x0000000000008e74       0x79 C:/Program Files (x86)/Atmel/Studio/7.0/Packs/atmel/AVR-Dx_DFP/1.9.103/gcc/dev/avr128da48/avrxmega4\libavr128da48.a(eerd_byte.o)
 .debug_line    0x0000000000008eed       0x6e C:/Program Files (x86)/Atmel/Studio/7.0/Packs/atmel/AVR-Dx_DFP/1.9.103/gcc/dev/avr128da48/avrxmega4\libavr128da48.a(eerd_dword.o)
 .debug_line    0x0000000000008f5b       0x61 C:/Program Files (x86)/Atmel/Studio/7.0/Packs/atmel/AVR-Dx_DFP/1.9.103/gcc/dev/avr128da48/avrxmega4\libavr128da48.a(eerd_word.o)

.debug_frame    0x0000000000000000     0x1fc0
 *(.debug_frame)
 .debug_frame   0x0000000000000000       0x34 atmel_start.o
 .debug_frame   0x0000000000000034      0x3d8 main.o
 .debug_frame   0x000000000000040c      0x1a0 src/adc.o
 .debug_frame   0x00000000000005ac      0x2d4 src/binio.o
 .debug_frame   0x0000000000000880       0x34 src/bod.o
 .debug_frame   0x00000000000008b4      0x200 src/CircularStringBuff.o
 .debug_frame   0x0000000000000ab4       0x54 src/clkctrl.o
 .debug_frame   0x0000000000000b08       0x34 src/cpuint.o
 .debug_frame   0x0000000000000b3c       0x74 src/dac0.o
 .debug_frame   0x0000000000000bb0      0x274 src/display.o
 .debug_frame   0x0000000000000e24      0x134 src/driver_init.o
 .debug_frame   0x0000000000000f58      0x180 src/eeprommanager.o
 .debug_frame   0x00000000000010d8      0x19c src/Goertzel.o
 .debug_frame   0x0000000000001274      0x1f4 src/i2c.o
 .debug_frame   0x0000000000001468      0x25c src/leds.o
 .debug_frame   0x00000000000016c4      0x114 src/rtc.o
 .debug_frame   0x00000000000017d8      0x3a8 src/si5351.o
 .debug_frame   0x0000000000001b80       0x54 src/slpctrl.o
 .debug_frame   0x0000000000001bd4       0xb4 src/tca.o
 .debug_frame   0x0000000000001c88      0x100 src/tcb.o
 .debug_frame   0x0000000000001d88      0x114 src/receiver.o
 .debug_frame   0x0000000000001e9c      0x124 src/util.o

.debug_str      0x0000000000000000     0x6a0e
 *(.debug_str)
 .debug_str     0x0000000000000000     0x1320 C:/Program Files (x86)/Atmel/Studio/7.0/Packs/atmel/AVR-Dx_DFP/1.9.103/gcc/dev/avr128da48/avrxmega4/crtavr128da48.o
 .debug_str     0x0000000000001320      0x1e9 atmel_start.o
                                        0x222 (size before relaxing)
 .debug_str     0x0000000000001509     0x2813 main.o
                                       0x2d71 (size before relaxing)
 .debug_str     0x0000000000003d1c      0x7a5 src/adc.o
                                        0xd3c (size before relaxing)
 .debug_str     0x00000000000044c1      0x2e8 src/binio.o
                                        0x6ac (size before relaxing)
 .debug_str     0x00000000000047a9       0x80 src/bod.o
                                        0x2d1 (size before relaxing)
 .debug_str     0x0000000000004829       0x73 src/CircularStringBuff.o
                                        0x516 (size before relaxing)
 .debug_str     0x000000000000489c      0x206 src/clkctrl.o
                                        0x455 (size before relaxing)
 .debug_str     0x0000000000004aa2       0x1e src/cpuint.o
                                        0x221 (size before relaxing)
 .debug_str     0x0000000000004ac0       0x6c src/dac0.o
                                        0x4bf (size before relaxing)
 .debug_str     0x0000000000004b2c      0x429 src/display.o
                                        0xa42 (size before relaxing)
 .debug_str     0x0000000000004f55       0x8a src/driver_init.o
                                        0x3e7 (size before relaxing)
 .debug_str     0x0000000000004fdf      0x4d0 src/eeprommanager.o
                                       0x16f0 (size before relaxing)
 .debug_str     0x00000000000054af       0xd2 src/Goertzel.o
                                        0x43c (size before relaxing)
 .debug_str     0x0000000000005581      0x318 src/i2c.o
                                        0x66e (size before relaxing)
 .debug_str     0x0000000000005899      0x1bf src/leds.o
                                        0xa6c (size before relaxing)
 .debug_str     0x0000000000005a58       0xdd src/rtc.o
                                       0x1323 (size before relaxing)
 .debug_str     0x0000000000005b35      0x6c8 src/si5351.o
                                        0xd0a (size before relaxing)
 .debug_str     0x00000000000061fd       0x71 src/slpctrl.o
                                        0x2e5 (size before relaxing)
 .debug_str     0x000000000000626e      0x306 src/tca.o
                                        0x7ad (size before relaxing)
 .debug_str     0x0000000000006574      0x12c src/tcb.o
                                        0x40b (size before relaxing)
 .debug_str     0x00000000000066a0      0x206 src/receiver.o
                                        0x90a (size before relaxing)
 .debug_str     0x00000000000068a6      0x168 src/util.o
                                        0x3fe (size before relaxing)

.debug_loc      0x0000000000000000     0x41b2
 *(.debug_loc)
 .debug_loc     0x0000000000000000       0x3b atmel_start.o
 .debug_loc     0x000000000000003b      0x8a0 main.o
 .debug_loc     0x00000000000008db      0x31e src/adc.o
 .debug_loc     0x0000000000000bf9      0x5d2 src/binio.o
 .debug_loc     0x00000000000011cb       0x3b src/bod.o
 .debug_loc     0x0000000000001206      0x450 src/CircularStringBuff.o
 .debug_loc     0x0000000000001656       0x83 src/clkctrl.o
 .debug_loc     0x00000000000016d9       0x3b src/cpuint.o
 .debug_loc     0x0000000000001714       0xbe src/dac0.o
 .debug_loc     0x00000000000017d2      0x551 src/display.o
 .debug_loc     0x0000000000001d23      0x26e src/driver_init.o
 .debug_loc     0x0000000000001f91      0x335 src/eeprommanager.o
 .debug_loc     0x00000000000022c6      0x388 src/Goertzel.o
 .debug_loc     0x000000000000264e      0x3e5 src/i2c.o
 .debug_loc     0x0000000000002a33      0x534 src/leds.o
 .debug_loc     0x0000000000002f67      0x20a src/rtc.o
 .debug_loc     0x0000000000003171      0x7e6 src/si5351.o
 .debug_loc     0x0000000000003957       0x83 src/slpctrl.o
 .debug_loc     0x00000000000039da      0x14c src/tca.o
 .debug_loc     0x0000000000003b26      0x204 src/tcb.o
 .debug_loc     0x0000000000003d2a      0x20c src/receiver.o
 .debug_loc     0x0000000000003f36      0x27c src/util.o

.debug_macinfo
 *(.debug_macinfo)

.debug_weaknames
 *(.debug_weaknames)

.debug_funcnames
 *(.debug_funcnames)

.debug_typenames
 *(.debug_typenames)

.debug_varnames
 *(.debug_varnames)

.debug_pubtypes
 *(.debug_pubtypes)

.debug_ranges   0x0000000000000000      0x790
 *(.debug_ranges)
 .debug_ranges  0x0000000000000000       0x10 atmel_start.o
 .debug_ranges  0x0000000000000010       0xd0 main.o
 .debug_ranges  0x00000000000000e0       0x68 src/adc.o
 .debug_ranges  0x0000000000000148       0xb8 src/binio.o
 .debug_ranges  0x0000000000000200       0x10 src/bod.o
 .debug_ranges  0x0000000000000210       0x80 src/CircularStringBuff.o
 .debug_ranges  0x0000000000000290       0x18 src/clkctrl.o
 .debug_ranges  0x00000000000002a8       0x10 src/cpuint.o
 .debug_ranges  0x00000000000002b8       0x20 src/dac0.o
 .debug_ranges  0x00000000000002d8       0xa0 src/display.o
 .debug_ranges  0x0000000000000378       0x50 src/driver_init.o
 .debug_ranges  0x00000000000003c8       0x58 src/eeprommanager.o
 .debug_ranges  0x0000000000000420       0x50 src/Goertzel.o
 .debug_ranges  0x0000000000000470       0x80 src/i2c.o
 .debug_ranges  0x00000000000004f0       0x88 src/leds.o
 .debug_ranges  0x0000000000000578       0x48 src/rtc.o
 .debug_ranges  0x00000000000005c0       0xd8 src/si5351.o
 .debug_ranges  0x0000000000000698       0x18 src/slpctrl.o
 .debug_ranges  0x00000000000006b0       0x30 src/tca.o
 .debug_ranges  0x00000000000006e0       0x30 src/tcb.o
 .debug_ranges  0x0000000000000710       0x48 src/receiver.o
 .debug_ranges  0x0000000000000758       0x38 src/util.o

.debug_macro
 *(.debug_macro)
OUTPUT(SignalSnagger.elf elf32-avr)
LOAD linker stubs
