Archive member included to satisfy reference by file (symbol)

c:/program files (x86)/atmel/studio/7.0/toolchain/avr8/avr8-gnu-toolchain/bin/../lib/gcc/avr/7.3.0/../../../../avr/lib/avrxmega4\libm.a(addsf3.o)
                              main.o (__subsf3)
c:/program files (x86)/atmel/studio/7.0/toolchain/avr8/avr8-gnu-toolchain/bin/../lib/gcc/avr/7.3.0/../../../../avr/lib/avrxmega4\libm.a(addsf3x.o)
                              c:/program files (x86)/atmel/studio/7.0/toolchain/avr8/avr8-gnu-toolchain/bin/../lib/gcc/avr/7.3.0/../../../../avr/lib/avrxmega4\libm.a(addsf3.o) (__addsf3x)
c:/program files (x86)/atmel/studio/7.0/toolchain/avr8/avr8-gnu-toolchain/bin/../lib/gcc/avr/7.3.0/../../../../avr/lib/avrxmega4\libm.a(ceil.o)
                              src/util.o (ceil)
c:/program files (x86)/atmel/studio/7.0/toolchain/avr8/avr8-gnu-toolchain/bin/../lib/gcc/avr/7.3.0/../../../../avr/lib/avrxmega4\libm.a(cmpsf2.o)
                              src/eeprommanager.o (__nesf2)
c:/program files (x86)/atmel/studio/7.0/toolchain/avr8/avr8-gnu-toolchain/bin/../lib/gcc/avr/7.3.0/../../../../avr/lib/avrxmega4\libm.a(cos.o)
                              src/Goertzel.o (cos)
c:/program files (x86)/atmel/studio/7.0/toolchain/avr8/avr8-gnu-toolchain/bin/../lib/gcc/avr/7.3.0/../../../../avr/lib/avrxmega4\libm.a(divsf3.o)
                              main.o (__divsf3)
c:/program files (x86)/atmel/studio/7.0/toolchain/avr8/avr8-gnu-toolchain/bin/../lib/gcc/avr/7.3.0/../../../../avr/lib/avrxmega4\libm.a(divsf3x.o)
                              c:/program files (x86)/atmel/studio/7.0/toolchain/avr8/avr8-gnu-toolchain/bin/../lib/gcc/avr/7.3.0/../../../../avr/lib/avrxmega4\libm.a(divsf3.o) (__divsf3x)
c:/program files (x86)/atmel/studio/7.0/toolchain/avr8/avr8-gnu-toolchain/bin/../lib/gcc/avr/7.3.0/../../../../avr/lib/avrxmega4\libm.a(fixsfsi.o)
                              src/Goertzel.o (__fixsfsi)
c:/program files (x86)/atmel/studio/7.0/toolchain/avr8/avr8-gnu-toolchain/bin/../lib/gcc/avr/7.3.0/../../../../avr/lib/avrxmega4\libm.a(fixunssfsi.o)
                              main.o (__fixunssfsi)
c:/program files (x86)/atmel/studio/7.0/toolchain/avr8/avr8-gnu-toolchain/bin/../lib/gcc/avr/7.3.0/../../../../avr/lib/avrxmega4\libm.a(floatsisf.o)
                              main.o (__floatunsisf)
c:/program files (x86)/atmel/studio/7.0/toolchain/avr8/avr8-gnu-toolchain/bin/../lib/gcc/avr/7.3.0/../../../../avr/lib/avrxmega4\libm.a(fp_cmp.o)
                              c:/program files (x86)/atmel/studio/7.0/toolchain/avr8/avr8-gnu-toolchain/bin/../lib/gcc/avr/7.3.0/../../../../avr/lib/avrxmega4\libm.a(cmpsf2.o) (__fp_cmp)
c:/program files (x86)/atmel/studio/7.0/toolchain/avr8/avr8-gnu-toolchain/bin/../lib/gcc/avr/7.3.0/../../../../avr/lib/avrxmega4\libm.a(fp_inf.o)
                              c:/program files (x86)/atmel/studio/7.0/toolchain/avr8/avr8-gnu-toolchain/bin/../lib/gcc/avr/7.3.0/../../../../avr/lib/avrxmega4\libm.a(addsf3x.o) (__fp_inf)
c:/program files (x86)/atmel/studio/7.0/toolchain/avr8/avr8-gnu-toolchain/bin/../lib/gcc/avr/7.3.0/../../../../avr/lib/avrxmega4\libm.a(fp_mintl.o)
                              c:/program files (x86)/atmel/studio/7.0/toolchain/avr8/avr8-gnu-toolchain/bin/../lib/gcc/avr/7.3.0/../../../../avr/lib/avrxmega4\libm.a(ceil.o) (__fp_mintl)
c:/program files (x86)/atmel/studio/7.0/toolchain/avr8/avr8-gnu-toolchain/bin/../lib/gcc/avr/7.3.0/../../../../avr/lib/avrxmega4\libm.a(fp_mpack.o)
                              c:/program files (x86)/atmel/studio/7.0/toolchain/avr8/avr8-gnu-toolchain/bin/../lib/gcc/avr/7.3.0/../../../../avr/lib/avrxmega4\libm.a(ceil.o) (__fp_mpack)
c:/program files (x86)/atmel/studio/7.0/toolchain/avr8/avr8-gnu-toolchain/bin/../lib/gcc/avr/7.3.0/../../../../avr/lib/avrxmega4\libm.a(fp_nan.o)
                              c:/program files (x86)/atmel/studio/7.0/toolchain/avr8/avr8-gnu-toolchain/bin/../lib/gcc/avr/7.3.0/../../../../avr/lib/avrxmega4\libm.a(addsf3x.o) (__fp_nan)
c:/program files (x86)/atmel/studio/7.0/toolchain/avr8/avr8-gnu-toolchain/bin/../lib/gcc/avr/7.3.0/../../../../avr/lib/avrxmega4\libm.a(fp_pscA.o)
                              c:/program files (x86)/atmel/studio/7.0/toolchain/avr8/avr8-gnu-toolchain/bin/../lib/gcc/avr/7.3.0/../../../../avr/lib/avrxmega4\libm.a(addsf3x.o) (__fp_pscA)
c:/program files (x86)/atmel/studio/7.0/toolchain/avr8/avr8-gnu-toolchain/bin/../lib/gcc/avr/7.3.0/../../../../avr/lib/avrxmega4\libm.a(fp_pscB.o)
                              c:/program files (x86)/atmel/studio/7.0/toolchain/avr8/avr8-gnu-toolchain/bin/../lib/gcc/avr/7.3.0/../../../../avr/lib/avrxmega4\libm.a(addsf3x.o) (__fp_pscB)
c:/program files (x86)/atmel/studio/7.0/toolchain/avr8/avr8-gnu-toolchain/bin/../lib/gcc/avr/7.3.0/../../../../avr/lib/avrxmega4\libm.a(fp_rempio2.o)
[...]
Memory Configuration

Name             Origin             Length             Attributes
text             0x0000000000000000 0x0000000000020000 xr
data             0x0000000000804000 0x0000000000004000 rw !x
eeprom           0x0000000000810000 0x0000000000000200 rw !x
fuse             0x0000000000820000 0x0000000000000010 rw !x
lock             0x0000000000830000 0x0000000000000400 rw !x
signature        0x0000000000840000 0x0000000000000400 rw !x
user_signatures  0x0000000000850000 0x0000000000000400 rw !x
*default*        0x0000000000000000 0xffffffffffffffff

Linker script and memory map

Address of section .data set to 0x804000
                0x0000000000008000                __RODATA_PM_OFFSET__ = 0x8000
LOAD C:/Program Files (x86)/Atmel/Studio/7.0/Packs/atmel/AVR-Dx_DFP/1.9.103/gcc/dev/avr128da48/avrxmega4/crtavr128da48.o
LOAD atmel_start.o
LOAD main.o
LOAD src/adc.o
LOAD src/binio.o
LOAD src/bod.o
LOAD src/CircularFloatBuff.o
LOAD src/CircularStringBuff.o
LOAD src/CircularUintBuff.o
LOAD src/clkctrl.o
LOAD src/cpuint.o
LOAD src/dac0.o
LOAD src/display.o
LOAD src/driver_init.o
LOAD src/eeprommanager.o
LOAD src/Goertzel.o
LOAD src/i2c.o
LOAD src/leds.o
LOAD src/morse.o
LOAD src/protected_io.o
LOAD src/rtc.o
LOAD src/si5351.o
LOAD src/slpctrl.o
LOAD src/tca.o
LOAD src/tcb.o
LOAD src/receiver.o
LOAD src/util.o
START GROUP
LOAD c:/program files (x86)/atmel/studio/7.0/toolchain/avr8/avr8-gnu-toolchain/bin/../lib/gcc/avr/7.3.0/../../../../avr/lib/avrxmega4\libm.a
END GROUP
LOAD c:/program files (x86)/atmel/studio/7.0/toolchain/avr8/avr8-gnu-toolchain/bin/../lib/gcc/avr/7.3.0/avrxmega4\libgcc.a
LOAD c:/program files (x86)/atmel/studio/7.0/toolchain/avr8/avr8-gnu-toolchain/bin/../lib/gcc/avr/7.3.0/../../../../avr/lib/avrxmega4\libm.a
START GROUP
LOAD c:/program files (x86)/atmel/studio/7.0/toolchain/avr8/avr8-gnu-toolchain/bin/../lib/gcc/avr/7.3.0/avrxmega4\libgcc.a
LOAD c:/program files (x86)/atmel/studio/7.0/toolchain/avr8/avr8-gnu-toolchain/bin/../lib/gcc/avr/7.3.0/../../../../avr/lib/avrxmega4\libm.a
LOAD c:/program files (x86)/atmel/studio/7.0/toolchain/avr8/avr8-gnu-toolchain/bin/../lib/gcc/avr/7.3.0/../../../../avr/lib/avrxmega4\libc.a
LOAD C:/Program Files (x86)/Atmel/Studio/7.0/Packs/atmel/AVR-Dx_DFP/1.9.103/gcc/dev/avr128da48/avrxmega4\libavr128da48.a
END GROUP
                [0x0000000000000000]                __TEXT_REGION_ORIGIN__ = DEFINED (__TEXT_REGION_ORIGIN__)?__TEXT_REGION_ORIGIN__:0x0
                [0x0000000000804000]                __DATA_REGION_ORIGIN__ = DEFINED (__DATA_REGION_ORIGIN__)?__DATA_REGION_ORIGIN__:0x802000
                [0x0000000000020000]                __TEXT_REGION_LENGTH__ = DEFINED (__TEXT_REGION_LENGTH__)?__TEXT_REGION_LENGTH__:0x100000
                [0x0000000000004000]                __DATA_REGION_LENGTH__ = DEFINED (__DATA_REGION_LENGTH__)?__DATA_REGION_LENGTH__:0xffa0
                [0x0000000000000200]                __EEPROM_REGION_LENGTH__ = DEFINED (__EEPROM_REGION_LENGTH__)?__EEPROM_REGION_LENGTH__:0x10000
                [0x0000000000000010]                __FUSE_REGION_LENGTH__ = DEFINED (__FUSE_REGION_LENGTH__)?__FUSE_REGION_LENGTH__:0x400
                0x0000000000000400                __LOCK_REGION_LENGTH__ = DEFINED (__LOCK_REGION_LENGTH__)?__LOCK_REGION_LENGTH__:0x400
                0x0000000000000400                __SIGNATURE_REGION_LENGTH__ = DEFINED (__SIGNATURE_REGION_LENGTH__)?__SIGNATURE_REGION_LENGTH__:0x400
                0x0000000000000400                __USER_SIGNATURE_REGION_LENGTH__ = DEFINED (__USER_SIGNATURE_REGION_LENGTH__)?__USER_SIGNATURE_REGION_LENGTH__:0x400

.hash
 *(.hash)

.dynsym
 *(.dynsym)

.dynstr
 *(.dynstr)

.gnu.version
 *(.gnu.version)

.gnu.version_d
 *(.gnu.version_d)

.gnu.version_r
 *(.gnu.version_r)

.rel.init
 *(.rel.init)

.rela.init
 *(.rela.init)

.rel.text
 *(.rel.text)
 *(.rel.text.*)
 *(.rel.gnu.linkonce.t*)

.rela.text
 *(.rela.text)
 *(.rela.text.*)
 *(.rela.gnu.linkonce.t*)

.rel.fini
 *(.rel.fini)

.rela.fini
 *(.rela.fini)

.rel.rodata
 *(.rel.rodata)
 *(.rel.rodata.*)
 *(.rel.gnu.linkonce.r*)

.rela.rodata
 *(.rela.rodata)
 *(.rela.rodata.*)
 *(.rela.gnu.linkonce.r*)

.rel.data
 *(.rel.data)
 *(.rel.data.*)
 *(.rel.gnu.linkonce.d*)

.rela.data
 *(.rela.data)
 *(.rela.data.*)
 *(.rela.gnu.linkonce.d*)

.rel.ctors
 *(.rel.ctors)

.rela.ctors
 *(.rela.ctors)

.rel.dtors
 *(.rel.dtors)

.rela.dtors
 *(.rela.dtors)

.rel.got
 *(.rel.got)

.rela.got
 *(.rela.got)

.rel.bss
 *(.rel.bss)

.rela.bss
 *(.rela.bss)

.rel.plt
 *(.rel.plt)

.rela.plt
 *(.rela.plt)

.text           0x0000000000000000     0xde3c
 *(.vectors)
 .vectors       0x0000000000000000       0xe8 C:/Program Files (x86)/Atmel/Studio/7.0/Packs/atmel/AVR-Dx_DFP/1.9.103/gcc/dev/avr128da48/avrxmega4/crtavr128da48.o
                0x0000000000000000                __vector_default
                0x0000000000000000                __vectors
 *(.vectors)
 *(.progmem.gcc*)
 .progmem.gcc_fplib
                0x00000000000000e8       0x1e c:/program files (x86)/atmel/studio/7.0/toolchain/avr8/avr8-gnu-toolchain/bin/../lib/gcc/avr/7.3.0/../../../../avr/lib/avrxmega4\libm.a(fp_sinus.o)
 .progmem.gcc_fplib
                0x0000000000000106       0x5a c:/program files (x86)/atmel/studio/7.0/toolchain/avr8/avr8-gnu-toolchain/bin/../lib/gcc/avr/7.3.0/../../../../avr/lib/avrxmega4\libm.a(log.o)
                0x0000000000000160                . = ALIGN (0x2)
                0x0000000000000160                __trampolines_start = .
 *(.trampolines)
 .trampolines   0x0000000000000160        0x0 linker stubs
 *(.trampolines*)
                0x0000000000000160                __trampolines_end = .
 *libprintf_flt.a:*(.progmem.data)
 *libc.a:*(.progmem.data)
 .progmem.data  0x0000000000000160       0xfa c:/program files (x86)/atmel/studio/7.0/toolchain/avr8/avr8-gnu-toolchain/bin/../lib/gcc/avr/7.3.0/../../../../avr/lib/avrxmega4\libc.a(ftoa_engine.o)
 *(.progmem*)
                0x000000000000025a                . = ALIGN (0x2)
 *(.jumptables)
 *(.jumptables*)
 *(.lowtext)
 *(.lowtext*)
                0x000000000000025a                __ctors_start = .
 *(.ctors)
 .ctors         0x000000000000025a        0x2 main.o
 .ctors         0x000000000000025c        0x2 src/adc.o
                0x000000000000025e                __ctors_end = .
                0x000000000000025e                __dtors_start = .
 *(.dtors)
 .dtors         0x000000000000025e        0x2 main.o
 .dtors         0x0000000000000260        0x2 src/adc.o
                0x0000000000000262                __dtors_end = .
 SORT(*)(.ctors)
 SORT(*)(.dtors)
 *(.init0)
 .init0         0x0000000000000262        0x0 C:/Program Files (x86)/Atmel/Studio/7.0/Packs/atmel/AVR-Dx_DFP/1.9.103/gcc/dev/avr128da48/avrxmega4/crtavr128da48.o
                0x0000000000000262                __init
 *(.init0)
 *(.init1)
 *(.init1)
 *(.init2)
 .init2         0x0000000000000262        0xc C:/Program Files (x86)/Atmel/Studio/7.0/Packs/atmel/AVR-Dx_DFP/1.9.103/gcc/dev/avr128da48/avrxmega4/crtavr128da48.o
 *(.init2)
 *(.init3)
 *(.init3)
 *(.init4)
 .init4         0x000000000000026e       0x1a c:/program files (x86)/atmel/studio/7.0/toolchain/avr8/avr8-gnu-toolchain/bin/../lib/gcc/avr/7.3.0/avrxmega4\libgcc.a(_copy_data.o)
                0x000000000000026e                __do_copy_data
 .init4         0x0000000000000288       0x10 c:/program files (x86)/atmel/studio/7.0/toolchain/avr8/avr8-gnu-toolchain/bin/../lib/gcc/avr/7.3.0/avrxmega4\libgcc.a(_clear_bss.o)
                0x0000000000000288                __do_clear_bss
 *(.init4)
 *(.init5)
 *(.init5)
 *(.init6)
 .init6         0x0000000000000298       0x16 c:/program files (x86)/atmel/studio/7.0/toolchain/avr8/avr8-gnu-toolchain/bin/../lib/gcc/avr/7.3.0/avrxmega4\libgcc.a(_ctors.o)
                0x0000000000000298                __do_global_ctors
 *(.init6)
 *(.init7)
 *(.init7)
 *(.init8)
 *(.init8)
 *(.init9)
 .init9         0x00000000000002ae        0x8 C:/Program Files (x86)/Atmel/Studio/7.0/Packs/atmel/AVR-Dx_DFP/1.9.103/gcc/dev/avr128da48/avrxmega4/crtavr128da48.o
 *(.init9)
 *(.text)
 .text          0x00000000000002b6        0x4 C:/Program Files (x86)/Atmel/Studio/7.0/Packs/atmel/AVR-Dx_DFP/1.9.103/gcc/dev/avr128da48/avrxmega4/crtavr128da48.o
                0x00000000000002b6                __vector_38
                0x00000000000002b6                __vector_22
                0x00000000000002b6                __vector_28
                0x00000000000002b6                __vector_1
                0x00000000000002b6                __vector_32
                0x00000000000002b6                __vector_55
                0x00000000000002b6                __vector_46
                0x00000000000002b6                __bad_interrupt
                0x00000000000002b6                __vector_31
                0x00000000000002b6                __vector_35
                0x00000000000002b6                __vector_39
                0x00000000000002b6                __vector_23
                0x00000000000002b6                __vector_45
                0x00000000000002b6                __vector_25
                0x00000000000002b6                __vector_11
                0x00000000000002b6                __vector_54
                0x00000000000002b6                __vector_17
                0x00000000000002b6                __vector_19
                0x00000000000002b6                __vector_56
                0x00000000000002b6                __vector_7
                0x00000000000002b6                __vector_49
                0x00000000000002b6                __vector_43
                0x00000000000002b6                __vector_27
                0x00000000000002b6                __vector_5
                0x00000000000002b6                __vector_33
                0x00000000000002b6                __vector_47
                0x00000000000002b6                __vector_52
                0x00000000000002b6                __vector_37
                0x00000000000002b6                __vector_4
                0x00000000000002b6                __vector_44
                0x00000000000002b6                __vector_51
                0x00000000000002b6                __vector_9
                0x00000000000002b6                __vector_2
                0x00000000000002b6                __vector_21
                0x00000000000002b6                __vector_15
                0x00000000000002b6                __vector_36
                0x00000000000002b6                __vector_29
                0x00000000000002b6                __vector_40
                0x00000000000002b6                __vector_8
                0x00000000000002b6                __vector_26
                0x00000000000002b6                __vector_48
                0x00000000000002b6                __vector_14
                0x00000000000002b6                __vector_57
                0x00000000000002b6                __vector_53
                0x00000000000002b6                __vector_10
                0x00000000000002b6                __vector_50
                0x00000000000002b6                __vector_16
                0x00000000000002b6                __vector_18
                0x00000000000002b6                __vector_20
                0x00000000000002b6                __vector_42
 .text          0x00000000000002ba       0x18 c:/program files (x86)/atmel/studio/7.0/toolchain/avr8/avr8-gnu-toolchain/bin/../lib/gcc/avr/7.3.0/../../../../avr/lib/avrxmega4\libc.a(set_system_time.o)
                0x00000000000002ba                set_system_time
 .text          0x00000000000002d2       0x26 c:/program files (x86)/atmel/studio/7.0/toolchain/avr8/avr8-gnu-toolchain/bin/../lib/gcc/avr/7.3.0/../../../../avr/lib/avrxmega4\libc.a(time.o)
                0x00000000000002d2                time
 .text          0x00000000000002f8       0x38 c:/program files (x86)/atmel/studio/7.0/toolchain/avr8/avr8-gnu-toolchain/bin/../lib/gcc/avr/7.3.0/../../../../avr/lib/avrxmega4\libc.a(system_tick.o)
                0x00000000000002f8                system_tick
                0x0000000000000330                . = ALIGN (0x2)
 *(.text.*)
 .text.atmel_start_init
                0x0000000000000330       0x14 atmel_start.o
                0x0000000000000330                atmel_start_init
 .text.PORTA_set_pin_level
                0x0000000000000344       0x78 main.o
 .text.__vector_3
                0x00000000000003bc      0x118 main.o
                0x00000000000003bc                __vector_3
 .text.__vector_24
                0x00000000000004d4      0x23e main.o
                0x00000000000004d4                __vector_24
 .text.__vector_12
                0x0000000000000712      0xa5c main.o
                0x0000000000000712                __vector_12
 .text.__vector_6
                0x000000000000116e       0x56 main.o
                0x000000000000116e                __vector_6
 .text.__vector_34
                0x00000000000011c4      0x124 main.o
                0x00000000000011c4                __vector_34
 .text._ZL12sineWaveIniti
                0x00000000000012e8      0x122 main.o
 .text._Z9powerdownv
                0x000000000000140a       0x5c main.o
                0x000000000000140a                _Z9powerdownv
 .text._Z7setMenu11MenuState_t
                0x0000000000001466       0xe8 main.o
                0x0000000000001466                _Z7setMenu11MenuState_t
 .text.main     0x000000000000154e     0x2a8e main.o
                0x000000000000154e                main
 .text._Z21batteryTimeLeftStringPf
                0x0000000000003fdc      0x1ae main.o
                0x0000000000003fdc                _Z21batteryTimeLeftStringPf
 .text._Z20batteryPercentStringfPf
                0x000000000000418a       0xfe main.o
                0x000000000000418a                _Z20batteryPercentStringfPf
 .text._Z18batteryVoltsStringbPf
                0x0000000000004288      0x20c main.o
                0x0000000000004288                _Z18batteryVoltsStringbPf
 .text._Z14trimwhitespacePc
                0x0000000000004494       0xa0 main.o
                0x0000000000004494                _Z14trimwhitespacePc
 .text._Z16nextActiveMemoryhb
                0x0000000000004534       0xd8 main.o
                0x0000000000004534                _Z16nextActiveMemoryhb
 .text._Z41__static_initialization_and_destruction_0ii
                0x000000000000460c       0xba main.o
 .text._GLOBAL__sub_I_g_channel_name
                0x00000000000046c6       0x1a main.o
 .text._GLOBAL__sub_D_g_channel_name
                0x00000000000046e0       0x1a main.o
 .text._Z20ADC0_startConversionv
                0x00000000000046fa       0x26 src/adc.o
                0x00000000000046fa                _Z20ADC0_startConversionv
 .text._Z19ADC0_conversionDonev
                0x0000000000004720       0x28 src/adc.o
                0x0000000000004720                _Z19ADC0_conversionDonev
 .text._ZL9PORT_initv
                0x0000000000004748      0x18a src/adc.o
 .text._ZL17ADC0_Freerun_Initb
                0x00000000000048d2       0x86 src/adc.o
 .text._ZL16ADC0_Single_Initb
                0x0000000000004958       0x9e src/adc.o
 .text._Z16ADC0_SYSTEM_initbb
                0x00000000000049f6       0x92 src/adc.o
                0x00000000000049f6                _Z16ADC0_SYSTEM_initbb
 .text._Z41__static_initialization_and_destruction_0ii
                0x0000000000004a88       0x6a src/adc.o
 .text._GLOBAL__sub_I_g_adcVal
                0x0000000000004af2       0x1a src/adc.o
 .text._GLOBAL__sub_D_g_adcVal
                0x0000000000004b0c       0x1a src/adc.o
 .text.PORTA_set_pin_pull_mode
                0x0000000000004b26       0x6a src/binio.o
 .text.PORTA_set_pin_dir
                0x0000000000004b90       0xb0 src/binio.o
 .text.PORTA_set_pin_level
                0x0000000000004c40       0x78 src/binio.o
 .text.PORTA_get_port_level
                0x0000000000004cb8       0x16 src/binio.o
 .text.PORTB_set_pin_dir
                0x0000000000004cce       0xb0 src/binio.o
 .text.PORTB_set_pin_level
                0x0000000000004d7e       0x78 src/binio.o
 .text.PORTC_set_pin_pull_mode
                0x0000000000004df6       0x6a src/binio.o
 .text.PORTC_set_pin_dir
                0x0000000000004e60       0xb0 src/binio.o
 .text.PORTC_set_pin_level
                0x0000000000004f10       0x78 src/binio.o
 .text.PORTE_set_pin_dir
                0x0000000000004f88       0xb0 src/binio.o
 .text.PORTE_set_pin_level
                0x0000000000005038       0x78 src/binio.o
 .text.PORTF_set_pin_pull_mode
                0x00000000000050b0       0x6a src/binio.o
 .text.PORTF_set_pin_dir
                0x000000000000511a       0xb0 src/binio.o
 .text.PORTF_set_pin_level
                0x00000000000051ca       0x78 src/binio.o
 .text.PORTF_get_port_level
                0x0000000000005242       0x16 src/binio.o
 .text._Z8debouncev
                0x0000000000005258       0x98 src/binio.o
                0x0000000000005258                _Z8debouncev
 .text._Z18portAdebouncedValsv
                0x00000000000052f0       0x12 src/binio.o
                0x00000000000052f0                _Z18portAdebouncedValsv
 .text._Z10BINIO_initv
                0x0000000000005302      0x1be src/binio.o
                0x0000000000005302                _Z10BINIO_initv
 .text._Z11BINIO_sleepv
                0x00000000000054c0      0x18c src/binio.o
                0x00000000000054c0                _Z11BINIO_sleepv
 .text.BOD_init
                0x000000000000564c       0x18 src/bod.o
                0x000000000000564c                BOD_init
 .text._ZN17CircularFloatBuffC2Ej
                0x0000000000005664       0x70 src/CircularFloatBuff.o
                0x0000000000005664                _ZN17CircularFloatBuffC2Ej
                0x0000000000005664                _ZN17CircularFloatBuffC1Ej
 .text._ZN17CircularFloatBuffD2Ev
                0x00000000000056d4       0x28 src/CircularFloatBuff.o
                0x00000000000056d4                _ZN17CircularFloatBuffD1Ev
                0x00000000000056d4                _ZN17CircularFloatBuffD2Ev
 .text._ZN17CircularFloatBuff3putEf
                0x00000000000056fc       0xe4 src/CircularFloatBuff.o
                0x00000000000056fc                _ZN17CircularFloatBuff3putEf
 .text._ZN17CircularFloatBuff7olympicEv
                0x00000000000057e0      0x1f8 src/CircularFloatBuff.o
                0x00000000000057e0                _ZN17CircularFloatBuff7olympicEv
 .text._ZN18CircularStringBuffC2Ej
                0x00000000000059d8       0x68 src/CircularStringBuff.o
                0x00000000000059d8                _ZN18CircularStringBuffC1Ej
                0x00000000000059d8                _ZN18CircularStringBuffC2Ej
 .text._ZN18CircularStringBuffD2Ev
                0x0000000000005a40       0x28 src/CircularStringBuff.o
                0x0000000000005a40                _ZN18CircularStringBuffD2Ev
                0x0000000000005a40                _ZN18CircularStringBuffD1Ev
 .text._ZN18CircularStringBuff5resetEv
                0x0000000000005a68       0x3e src/CircularStringBuff.o
                0x0000000000005a68                _ZN18CircularStringBuff5resetEv
 .text._ZNK18CircularStringBuff5emptyEv
                0x0000000000005aa6       0x48 src/CircularStringBuff.o
                0x0000000000005aa6                _ZNK18CircularStringBuff5emptyEv
 .text._ZNK18CircularStringBuff8capacityEv
                0x0000000000005aee       0x22 src/CircularStringBuff.o
                0x0000000000005aee                _ZNK18CircularStringBuff8capacityEv
 .text._ZNK18CircularStringBuff4sizeEv
                0x0000000000005b10       0xa4 src/CircularStringBuff.o
                0x0000000000005b10                _ZNK18CircularStringBuff4sizeEv
 .text._ZNK18CircularStringBuff9remainingEv
                0x0000000000005bb4       0x5a src/CircularStringBuff.o
                0x0000000000005bb4                _ZNK18CircularStringBuff9remainingEv
 .text._ZN18CircularStringBuff3putEc
                0x0000000000005c0e       0xc8 src/CircularStringBuff.o
                0x0000000000005c0e                _ZN18CircularStringBuff3putEc
 .text._ZN18CircularStringBuff3getEv
                0x0000000000005cd6       0x80 src/CircularStringBuff.o
                0x0000000000005cd6                _ZN18CircularStringBuff3getEv
 .text._ZN18CircularStringBuff9putStringEPc
                0x0000000000005d56       0xc6 src/CircularStringBuff.o
                0x0000000000005d56                _ZN18CircularStringBuff9putStringEPc
 .text._ZN18CircularStringBuff9getStringEPcPj
                0x0000000000005e1c       0xb8 src/CircularStringBuff.o
                0x0000000000005e1c                _ZN18CircularStringBuff9getStringEPcPj
 .text._ZN16CircularUintBuffC2Ej
                0x0000000000005ed4       0x6c src/CircularUintBuff.o
                0x0000000000005ed4                _ZN16CircularUintBuffC1Ej
                0x0000000000005ed4                _ZN16CircularUintBuffC2Ej
 .text._ZN16CircularUintBuffD2Ev
                0x0000000000005f40       0x28 src/CircularUintBuff.o
                0x0000000000005f40                _ZN16CircularUintBuffD1Ev
                0x0000000000005f40                _ZN16CircularUintBuffD2Ev
 .text._ZN16CircularUintBuff3putEj
                0x0000000000005f68       0xd2 src/CircularUintBuff.o
                0x0000000000005f68                _ZN16CircularUintBuff3putEj
 .text._ZN16CircularUintBuff7olympicEv
                0x000000000000603a      0x1ce src/CircularUintBuff.o
                0x000000000000603a                _ZN16CircularUintBuff7olympicEv
 .text.ccp_write_io
                0x0000000000006208       0x2c src/clkctrl.o
 .text.CLKCTRL_init
                0x0000000000006234       0x24 src/clkctrl.o
                0x0000000000006234                CLKCTRL_init
 .text.CPUINT_init
                0x0000000000006258       0x12 src/cpuint.o
                0x0000000000006258                CPUINT_init
 .text._ZL9VREF_initv
                0x000000000000626a       0x1a src/dac0.o
 .text._Z9DAC0_initv
                0x0000000000006284       0x54 src/dac0.o
                0x0000000000006284                _Z9DAC0_initv
 .text._Z11DAC0_setValj
                0x00000000000062d8       0x42 src/dac0.o
                0x00000000000062d8                _Z11DAC0_setValj
 .text.PORTB_set_pin_level
                0x000000000000631a       0x78 src/display.o
 .text._ZN7DisplayC2Ev
                0x0000000000006392       0x32 src/display.o
                0x0000000000006392                _ZN7DisplayC2Ev
                0x0000000000006392                _ZN7DisplayC1Ev
 .text._ZN7Display5beginE9display_t
                0x00000000000063c4       0xd6 src/display.o
                0x00000000000063c4                _ZN7Display5beginE9display_t
 .text._ZN7Display5resetEv
                0x000000000000649a       0x4e src/display.o
                0x000000000000649a                _ZN7Display5resetEv
 .text._ZN7Display4initEv
                0x00000000000064e8       0xfa src/display.o
                0x00000000000064e8                _ZN7Display4initEv
 .text._ZN7Display3clsEv
                0x00000000000065e2       0x24 src/display.o
                0x00000000000065e2                _ZN7Display3clsEv
 .text._ZN7Display6locateEhh
                0x0000000000006606       0x48 src/display.o
                0x0000000000006606                _ZN7Display6locateEhh
 .text._ZN7Display7displayE10dispmode_t
                0x000000000000664e      0x5c4 src/display.o
                0x000000000000664e                _ZN7Display7displayE10dispmode_t
 .text._ZN7Display5writeEh
                0x0000000000006c12       0x2c src/display.o
                0x0000000000006c12                _ZN7Display5writeEh
 .text._ZN7Display5writeEPhj
                0x0000000000006c3e       0x3c src/display.o
                0x0000000000006c3e                _ZN7Display5writeEPhj
 .text._ZN7Display13finishCommandEv
                0x0000000000006c7a       0x3c src/display.o
                0x0000000000006c7a                _ZN7Display13finishCommandEv
 .text._ZN7Display11sendCommandEh
                0x0000000000006cb6       0x44 src/display.o
                0x0000000000006cb6                _ZN7Display11sendCommandEh
 .text._ZN7Display8sendDataEh
                0x0000000000006cfa       0x44 src/display.o
                0x0000000000006cfa                _ZN7Display8sendDataEh
 .text._ZN7Display10sendBufferEPhj
                0x0000000000006d3e       0x44 src/display.o
                0x0000000000006d3e                _ZN7Display10sendBufferEPhj
 .text._ZN7Display18display_write_bulkEhPhh
                0x0000000000006d82       0x70 src/display.o
                0x0000000000006d82                _ZN7Display18display_write_bulkEhPhh
 .text.PORTC_set_pin_dir
                0x0000000000006df2       0xb0 src/driver_init.o
 .text.PORTC_set_pin_level
                0x0000000000006ea2       0x78 src/driver_init.o
 .text._ZL15LED_set_RED_dir8port_dir
                0x0000000000006f1a       0x26 src/driver_init.o
 .text._ZL17LED_set_GREEN_dir8port_dir
                0x0000000000006f40       0x26 src/driver_init.o
 .text._ZL17LED_set_RED_levelb
                0x0000000000006f66       0x1e src/driver_init.o
 .text._ZL19LED_set_GREEN_levelb
                0x0000000000006f84       0x1e src/driver_init.o
 .text.mcu_init
                0x0000000000006fa2       0x72 src/driver_init.o
                0x0000000000006fa2                mcu_init
 .text.system_init
                0x0000000000007014       0x30 src/driver_init.o
                0x0000000000007014                system_init
 .text.system_sleep_settings
                0x0000000000007044       0x38 src/driver_init.o
                0x0000000000007044                system_sleep_settings
 .text._ZN13EepromManagerC2Ev
                0x000000000000707c       0x1a src/eeprommanager.o
                0x000000000000707c                _ZN13EepromManagerC1Ev
                0x000000000000707c                _ZN13EepromManagerC2Ev
 .text._ZN13EepromManagerD2Ev
                0x0000000000007096       0x1a src/eeprommanager.o
                0x0000000000007096                _ZN13EepromManagerD1Ev
                0x0000000000007096                _ZN13EepromManagerD2Ev
 .text._Z21avr_eeprom_write_bytejh
                0x00000000000070b0       0x5e src/eeprommanager.o
                0x00000000000070b0                _Z21avr_eeprom_write_bytejh
 .text._Z21avr_eeprom_write_wordjj
                0x000000000000710e       0x66 src/eeprommanager.o
                0x000000000000710e                _Z21avr_eeprom_write_wordjj
 .text._Z22avr_eeprom_write_dwordjm
                0x0000000000007174       0x74 src/eeprommanager.o
                0x0000000000007174                _Z22avr_eeprom_write_dwordjm
 .text._Z22avr_eeprom_write_floatjf
                0x00000000000071e8       0x74 src/eeprommanager.o
                0x00000000000071e8                _Z22avr_eeprom_write_floatjf
 .text._ZN13EepromManager15updateEEPROMVarE8EE_var_tPv
                0x000000000000725c      0xda4 src/eeprommanager.o
                0x000000000000725c                _ZN13EepromManager15updateEEPROMVarE8EE_var_tPv
 .text._ZN13EepromManager13saveAllEEPROMEv
                0x0000000000008000      0x26a src/eeprommanager.o
                0x0000000000008000                _ZN13EepromManager13saveAllEEPROMEv
 .text._ZN13EepromManager11readNonVolsEv
                0x000000000000826a      0xea6 src/eeprommanager.o
                0x000000000000826a                _ZN13EepromManager11readNonVolsEv
 .text._ZN13EepromManager20initializeEEPROMVarsEv
                0x0000000000009110      0x60c src/eeprommanager.o
                0x0000000000009110                _ZN13EepromManager20initializeEEPROMVarsEv
 .text._ZN8GoertzelC2Eff
                0x000000000000971c      0x130 src/Goertzel.o
                0x000000000000971c                _ZN8GoertzelC1Eff
                0x000000000000971c                _ZN8GoertzelC2Eff
 .text._ZN8GoertzelD2Ev
                0x000000000000984c       0x26 src/Goertzel.o
                0x000000000000984c                _ZN8GoertzelD2Ev
                0x000000000000984c                _ZN8GoertzelD1Ev
 .text._ZN8Goertzel18SetTargetFrequencyEf
                0x0000000000009872      0x164 src/Goertzel.o
                0x0000000000009872                _ZN8Goertzel18SetTargetFrequencyEf
 .text._ZN8Goertzel13ResetGoertzelEv
                0x00000000000099d6       0x3e src/Goertzel.o
                0x00000000000099d6                _ZN8Goertzel13ResetGoertzelEv
 .text._ZN8Goertzel13ProcessSampleEi
                0x0000000000009a14      0x116 src/Goertzel.o
                0x0000000000009a14                _ZN8Goertzel13ProcessSampleEi
 .text._ZN8Goertzel9DataPointEi
                0x0000000000009b2a       0x92 src/Goertzel.o
                0x0000000000009b2a                _ZN8Goertzel9DataPointEi
 .text._ZN8Goertzel12SamplesReadyEv
                0x0000000000009bbc       0x1c src/Goertzel.o
                0x0000000000009bbc                _ZN8Goertzel12SamplesReadyEv
 .text._ZN8Goertzel10Magnitude2EPi
                0x0000000000009bd8      0x19e src/Goertzel.o
                0x0000000000009bd8                _ZN8Goertzel10Magnitude2EPi
 .text.I2C_0_Shutdown
                0x0000000000009d76       0x22 src/i2c.o
                0x0000000000009d76                I2C_0_Shutdown
 .text.I2C_0_Init
                0x0000000000009d98       0x62 src/i2c.o
                0x0000000000009d98                I2C_0_Init
 .text._ZL11i2c_0_WaitWv
                0x0000000000009dfa       0xbc src/i2c.o
 .text._ZL11i2c_0_WaitRv
                0x0000000000009eb6       0x82 src/i2c.o
 .text.I2C_0_SendData
                0x0000000000009f38       0xd0 src/i2c.o
                0x0000000000009f38                I2C_0_SendData
 .text.I2C_0_GetData
                0x000000000000a008       0xfc src/i2c.o
                0x000000000000a008                I2C_0_GetData
 .text.I2C_0_EndSession
                0x000000000000a104       0x1a src/i2c.o
                0x000000000000a104                I2C_0_EndSession
 .text.PORTC_set_pin_level
                0x000000000000a11e       0x78 src/leds.o
 .text._ZL17LED_set_RED_levelb
                0x000000000000a196       0x1e src/leds.o
 .text._ZL19LED_set_GREEN_levelb
                0x000000000000a1b4       0x1e src/leds.o
 .text._ZN4ledsC2Ev
                0x000000000000a1d2       0x1a src/leds.o
                0x000000000000a1d2                _ZN4ledsC2Ev
                0x000000000000a1d2                _ZN4ledsC1Ev
 .text._ZN4ledsD2Ev
                0x000000000000a1ec       0x1a src/leds.o
                0x000000000000a1ec                _ZN4ledsD2Ev
                0x000000000000a1ec                _ZN4ledsD1Ev
 .text.__vector_41
                0x000000000000a206      0x302 src/leds.o
                0x000000000000a206                __vector_41
 .text._ZN4leds10deactivateEv
                0x000000000000a508       0x5c src/leds.o
                0x000000000000a508                _ZN4leds10deactivateEv
 .text._ZN4leds5blinkE7Blink_t
                0x000000000000a564       0x32 src/leds.o
                0x000000000000a564                _ZN4leds5blinkE7Blink_t
 .text._ZN4leds5blinkE7Blink_tb
                0x000000000000a596      0x52a src/leds.o
                0x000000000000a596                _ZN4leds5blinkE7Blink_tb
 .text.protected_write_io
                0x000000000000aac0        0xa src/protected_io.o
                0x000000000000aac0                protected_write_io
 .text.ccp_write_io
                0x000000000000aaca       0x2c src/rtc.o
 .text._Z8RTC_initj
                0x000000000000aaf6      0x122 src/rtc.o
                0x000000000000aaf6                _Z8RTC_initj
 .text._Z15RTC_init_backupv
                0x000000000000ac18       0x18 src/rtc.o
                0x000000000000ac18                _Z15RTC_init_backupv
 .text._Z15RTC_init_backupj
                0x000000000000ac30      0x130 src/rtc.o
                0x000000000000ac30                _Z15RTC_init_backupj
 .text._Z19RTC_set_calibrationj
                0x000000000000ad60       0x50 src/rtc.o
                0x000000000000ad60                _Z19RTC_set_calibrationj
 .text.si5351_shutdown
                0x000000000000adb0       0x9e src/si5351.o
                0x000000000000adb0                si5351_shutdown
 .text.si5351_init_for_quad
                0x000000000000ae4e      0x6f0 src/si5351.o
                0x000000000000ae4e                si5351_init_for_quad
 .text.si5351_set_quad_frequency
                0x000000000000b53e      0x364 src/si5351.o
                0x000000000000b53e                si5351_set_quad_frequency
 .text.si5351_shutdown_comms
                0x000000000000b8a2       0x14 src/si5351.o
                0x000000000000b8a2                si5351_shutdown_comms
 .text.si5351_init
                0x000000000000b8b6      0x19e src/si5351.o
                0x000000000000b8b6                si5351_init
 .text.si5351_get_frequency
                0x000000000000ba54       0x36 src/si5351.o
                0x000000000000ba54                si5351_get_frequency
 .text._Z16si5351_pll_reset10si5351_pll
                0x000000000000ba8a       0x7e src/si5351.o
                0x000000000000ba8a                _Z16si5351_pll_reset10si5351_pll
 .text.si5351_clock_enable
                0x000000000000bb08       0x9e src/si5351.o
                0x000000000000bb08                si5351_clock_enable
 .text.si5351_drive_strength
                0x000000000000bba6       0xc2 src/si5351.o
                0x000000000000bba6                si5351_drive_strength
 .text._Z13reduce_by_gcdPmS_
                0x000000000000bc68      0x166 src/si5351.o
                0x000000000000bc68                _Z13reduce_by_gcdPmS_
 .text._Z17si5351_write_bulkhPhh
                0x000000000000bdce       0x64 src/si5351.o
                0x000000000000bdce                _Z17si5351_write_bulkhPhh
 .text._Z16si5351_read_bulkhPhh
                0x000000000000be32       0x64 src/si5351.o
                0x000000000000be32                _Z16si5351_read_bulkhPhh
 .text._Z31set_multisynth_registers_source12si5351_clock10si5351_pll
                0x000000000000be96       0x82 src/si5351.o
                0x000000000000be96                _Z31set_multisynth_registers_source12si5351_clock10si5351_pll
 .text._Z16set_integer_mode12si5351_clockb
                0x000000000000bf18       0x6c src/si5351.o
                0x000000000000bf18                _Z16set_integer_mode12si5351_clockb
 .text._Z21si5351_set_CLK1_phaseh
                0x000000000000bf84       0x58 src/si5351.o
                0x000000000000bf84                _Z21si5351_set_CLK1_phaseh
 .text.si5351_get_status
                0x000000000000bfdc       0x32 src/si5351.o
                0x000000000000bfdc                si5351_get_status
 .text.SLPCTRL_init
                0x000000000000c00e       0x18 src/slpctrl.o
                0x000000000000c00e                SLPCTRL_init
 .text.SLPCTRL_set_sleep_mode
                0x000000000000c026       0x36 src/slpctrl.o
                0x000000000000c026                SLPCTRL_set_sleep_mode
 .text.PORTE_set_pin_pull_mode
                0x000000000000c05c       0x6a src/tca.o
 .text.PORTE_set_pin_dir
                0x000000000000c0c6       0xb0 src/tca.o
 .text.TIMERA_init
                0x000000000000c176       0x68 src/tca.o
                0x000000000000c176                TIMERA_init
 .text.setPWM   0x000000000000c1de       0x68 src/tca.o
                0x000000000000c1de                setPWM
 .text.getPWM   0x000000000000c246       0x12 src/tca.o
                0x000000000000c246                getPWM
 .text.TIMERB_init
                0x000000000000c258       0xd4 src/tcb.o
                0x000000000000c258                TIMERB_init
 .text.util_delay_ms
                0x000000000000c32c      0x176 src/tcb.o
                0x000000000000c32c                util_delay_ms
 .text.__vector_30
                0x000000000000c4a2       0xb0 src/tcb.o
                0x000000000000c4a2                __vector_30
 .text.__vector_13
                0x000000000000c552       0xb4 src/tcb.o
                0x000000000000c552                __vector_13
 .text.TIMERB_sleep
                0x000000000000c606       0x50 src/tcb.o
                0x000000000000c606                TIMERB_sleep
 .text._Z17shutdown_receiverv
                0x000000000000c656       0x18 src/receiver.o
                0x000000000000c656                _Z17shutdown_receiverv
 .text._Z13init_receiverm
                0x000000000000c66e       0x3c src/receiver.o
                0x000000000000c66e                _Z13init_receiverm
 .text._Z13init_receiverv
                0x000000000000c6aa      0x154 src/receiver.o
                0x000000000000c6aa                _Z13init_receiverv
 .text._Z13isDisplayablePci
                0x000000000000c7fe       0x70 src/util.o
                0x000000000000c7fe                _Z13isDisplayablePci
 .text._Z15frequencyStringPcm
                0x000000000000c86e      0x114 src/util.o
                0x000000000000c86e                _Z15frequencyStringPcm
 .text.avr-libc.fplib
                0x000000000000c982        0xe c:/program files (x86)/atmel/studio/7.0/toolchain/avr8/avr8-gnu-toolchain/bin/../lib/gcc/avr/7.3.0/../../../../avr/lib/avrxmega4\libm.a(addsf3.o)
                0x000000000000c982                __subsf3
                0x000000000000c984                __addsf3
 .text.avr-libc.fplib
                0x000000000000c990       0xcc c:/program files (x86)/atmel/studio/7.0/toolchain/avr8/avr8-gnu-toolchain/bin/../lib/gcc/avr/7.3.0/../../../../avr/lib/avrxmega4\libm.a(addsf3x.o)
                0x000000000000c9b2                __addsf3x
 .text.avr-libc.fplib
                0x000000000000ca5c        0xa c:/program files (x86)/atmel/studio/7.0/toolchain/avr8/avr8-gnu-toolchain/bin/../lib/gcc/avr/7.3.0/../../../../avr/lib/avrxmega4\libm.a(cmpsf2.o)
                0x000000000000ca5c                __nesf2
                0x000000000000ca5c                __eqsf2
                0x000000000000ca5c                __cmpsf2
                0x000000000000ca5c                __ltsf2
                0x000000000000ca5c                __lesf2
 .text.avr-libc.fplib
                0x000000000000ca66        0xa c:/program files (x86)/atmel/studio/7.0/toolchain/avr8/avr8-gnu-toolchain/bin/../lib/gcc/avr/7.3.0/../../../../avr/lib/avrxmega4\libm.a(cos.o)
                0x000000000000ca66                cos
 .text.avr-libc.fplib
                0x000000000000ca70        0x8 c:/program files (x86)/atmel/studio/7.0/toolchain/avr8/avr8-gnu-toolchain/bin/../lib/gcc/avr/7.3.0/../../../../avr/lib/avrxmega4\libm.a(divsf3.o)
                0x000000000000ca70                __divsf3
 .text.avr-libc.fplib
                0x000000000000ca78       0xdc c:/program files (x86)/atmel/studio/7.0/toolchain/avr8/avr8-gnu-toolchain/bin/../lib/gcc/avr/7.3.0/../../../../avr/lib/avrxmega4\libm.a(divsf3x.o)
                0x000000000000ca98                __divsf3x
                0x000000000000ca9e                __divsf3_pse
 .text.avr-libc.fplib
                0x000000000000cb54        0xe c:/program files (x86)/atmel/studio/7.0/toolchain/avr8/avr8-gnu-toolchain/bin/../lib/gcc/avr/7.3.0/../../../../avr/lib/avrxmega4\libm.a(fixsfsi.o)
                0x000000000000cb54                __fixsfsi
 .text.avr-libc.fplib
                0x000000000000cb62       0x5e c:/program files (x86)/atmel/studio/7.0/toolchain/avr8/avr8-gnu-toolchain/bin/../lib/gcc/avr/7.3.0/../../../../avr/lib/avrxmega4\libm.a(fixunssfsi.o)
                0x000000000000cb62                __fixunssfsi
 .text.avr-libc.fplib
                0x000000000000cbc0       0x7a c:/program files (x86)/atmel/studio/7.0/toolchain/avr8/avr8-gnu-toolchain/bin/../lib/gcc/avr/7.3.0/../../../../avr/lib/avrxmega4\libm.a(floatsisf.o)
                0x000000000000cbc0                __floatunsisf
                0x000000000000cbc4                __floatsisf
 .text.avr-libc.fplib
                0x000000000000cc3a       0x48 c:/program files (x86)/atmel/studio/7.0/toolchain/avr8/avr8-gnu-toolchain/bin/../lib/gcc/avr/7.3.0/../../../../avr/lib/avrxmega4\libm.a(fp_cmp.o)
                0x000000000000cc3a                __fp_cmp
 .text.avr-libc.fplib
                0x000000000000cc82        0xc c:/program files (x86)/atmel/studio/7.0/toolchain/avr8/avr8-gnu-toolchain/bin/../lib/gcc/avr/7.3.0/../../../../avr/lib/avrxmega4\libm.a(fp_inf.o)
                0x000000000000cc82                __fp_inf
 .text.avr-libc.fplib
                0x000000000000cc8e       0x1c c:/program files (x86)/atmel/studio/7.0/toolchain/avr8/avr8-gnu-toolchain/bin/../lib/gcc/avr/7.3.0/../../../../avr/lib/avrxmega4\libm.a(fp_mpack.o)
                0x000000000000cc8e                __fp_mpack
                0x000000000000cc92                __fp_mpack_finite
 .text.avr-libc.fplib
                0x000000000000ccaa        0x6 c:/program files (x86)/atmel/studio/7.0/toolchain/avr8/avr8-gnu-toolchain/bin/../lib/gcc/avr/7.3.0/../../../../avr/lib/avrxmega4\libm.a(fp_nan.o)
                0x000000000000ccaa                __fp_nan
 .text.avr-libc.fplib
                0x000000000000ccb0        0xe c:/program files (x86)/atmel/studio/7.0/toolchain/avr8/avr8-gnu-toolchain/bin/../lib/gcc/avr/7.3.0/../../../../avr/lib/avrxmega4\libm.a(fp_pscA.o)
                0x000000000000ccb0                __fp_pscA
 .text.avr-libc.fplib
                0x000000000000ccbe        0xe c:/program files (x86)/atmel/studio/7.0/toolchain/avr8/avr8-gnu-toolchain/bin/../lib/gcc/avr/7.3.0/../../../../avr/lib/avrxmega4\libm.a(fp_pscB.o)
                0x000000000000ccbe                __fp_pscB
 .text.avr-libc.fplib
                0x000000000000cccc       0x56 c:/program files (x86)/atmel/studio/7.0/toolchain/avr8/avr8-gnu-toolchain/bin/../lib/gcc/avr/7.3.0/../../../../avr/lib/avrxmega4\libm.a(fp_rempio2.o)
                0x000000000000ccd0                __fp_rempio2
 .text.avr-libc.fplib
                0x000000000000cd22       0x22 c:/program files (x86)/atmel/studio/7.0/toolchain/avr8/avr8-gnu-toolchain/bin/../lib/gcc/avr/7.3.0/../../../../avr/lib/avrxmega4\libm.a(fp_round.o)
                0x000000000000cd22                __fp_round
 .text.avr-libc.fplib
                0x000000000000cd44       0x28 c:/program files (x86)/atmel/studio/7.0/toolchain/avr8/avr8-gnu-toolchain/bin/../lib/gcc/avr/7.3.0/../../../../avr/lib/avrxmega4\libm.a(fp_sinus.o)
                0x000000000000cd44                __fp_sinus
 .text.avr-libc.fplib
                0x000000000000cd6c       0x44 c:/program files (x86)/atmel/studio/7.0/toolchain/avr8/avr8-gnu-toolchain/bin/../lib/gcc/avr/7.3.0/../../../../avr/lib/avrxmega4\libm.a(fp_split3.o)
                0x000000000000cd6c                __fp_split3
                0x000000000000cd7c                __fp_splitA
 .text.avr-libc.fplib
                0x000000000000cdb0        0xe c:/program files (x86)/atmel/studio/7.0/toolchain/avr8/avr8-gnu-toolchain/bin/../lib/gcc/avr/7.3.0/../../../../avr/lib/avrxmega4\libm.a(fp_zero.o)
                0x000000000000cdb0                __fp_zero
                0x000000000000cdb2                __fp_szero
 .text.avr-libc.fplib
                0x000000000000cdbe        0xa c:/program files (x86)/atmel/studio/7.0/toolchain/avr8/avr8-gnu-toolchain/bin/../lib/gcc/avr/7.3.0/../../../../avr/lib/avrxmega4\libm.a(gesf2.o)
                0x000000000000cdbe                __gesf2
                0x000000000000cdbe                __gtsf2
 .text.avr-libc.fplib
                0x000000000000cdc8       0x10 c:/program files (x86)/atmel/studio/7.0/toolchain/avr8/avr8-gnu-toolchain/bin/../lib/gcc/avr/7.3.0/../../../../avr/lib/avrxmega4\libm.a(log10.o)
                0x000000000000cdc8                log10
 .text.avr-libc.fplib
                0x000000000000cdd8       0xa0 c:/program files (x86)/atmel/studio/7.0/toolchain/avr8/avr8-gnu-toolchain/bin/../lib/gcc/avr/7.3.0/../../../../avr/lib/avrxmega4\libm.a(log.o)
                0x000000000000cde8                log
 .text.avr-libc.fplib
                0x000000000000ce78        0x8 c:/program files (x86)/atmel/studio/7.0/toolchain/avr8/avr8-gnu-toolchain/bin/../lib/gcc/avr/7.3.0/../../../../avr/lib/avrxmega4\libm.a(mulsf3.o)
                0x000000000000ce78                __mulsf3
 .text.avr-libc.fplib
                0x000000000000ce80       0xd2 c:/program files (x86)/atmel/studio/7.0/toolchain/avr8/avr8-gnu-toolchain/bin/../lib/gcc/avr/7.3.0/../../../../avr/lib/avrxmega4\libm.a(mulsf3x.o)
                0x000000000000ce9e                __mulsf3x
                0x000000000000cea4                __mulsf3_pse
 .text.avr-libc.fplib
                0x000000000000cf52       0x10 c:/program files (x86)/atmel/studio/7.0/toolchain/avr8/avr8-gnu-toolchain/bin/../lib/gcc/avr/7.3.0/../../../../avr/lib/avrxmega4\libm.a(sin.o)
                0x000000000000cf52                sin
 .text.avr-libc.fplib
                0x000000000000cf62       0x4e c:/program files (x86)/atmel/studio/7.0/toolchain/avr8/avr8-gnu-toolchain/bin/../lib/gcc/avr/7.3.0/../../../../avr/lib/avrxmega4\libm.a(fp_powser.o)
                0x000000000000cf62                __fp_powser
 .text.avr-libc.fplib
                0x000000000000cfb0       0x28 c:/program files (x86)/atmel/studio/7.0/toolchain/avr8/avr8-gnu-toolchain/bin/../lib/gcc/avr/7.3.0/../../../../avr/lib/avrxmega4\libm.a(fp_powsodd.o)
                0x000000000000cfb0                __fp_powsodd
 .text.libgcc.mul
                0x000000000000cfd8       0x20 c:/program files (x86)/atmel/studio/7.0/toolchain/avr8/avr8-gnu-toolchain/bin/../lib/gcc/avr/7.3.0/avrxmega4\libgcc.a(_mulsi3.o)
                0x000000000000cfd8                __mulsi3
 .text.libgcc.div
                0x000000000000cff8       0x28 c:/program files (x86)/atmel/studio/7.0/toolchain/avr8/avr8-gnu-toolchain/bin/../lib/gcc/avr/7.3.0/avrxmega4\libgcc.a(_udivmodhi4.o)
                0x000000000000cff8                __udivmodhi4
 .text.libgcc.div
                0x000000000000d020       0x44 c:/program files (x86)/atmel/studio/7.0/toolchain/avr8/avr8-gnu-toolchain/bin/../lib/gcc/avr/7.3.0/avrxmega4\libgcc.a(_udivmodsi4.o)
                0x000000000000d020                __udivmodsi4
 .text.libgcc   0x000000000000d064       0x12 c:/program files (x86)/atmel/studio/7.0/toolchain/avr8/avr8-gnu-toolchain/bin/../lib/gcc/avr/7.3.0/avrxmega4\libgcc.a(_tablejump2.o)
                0x000000000000d064                __tablejump2__
 .text.libgcc.mul
                0x000000000000d076       0x16 c:/program files (x86)/atmel/studio/7.0/toolchain/avr8/avr8-gnu-toolchain/bin/../lib/gcc/avr/7.3.0/avrxmega4\libgcc.a(_muluhisi3.o)
                0x000000000000d076                __muluhisi3
 .text.libgcc.mul
                0x000000000000d08c       0x1e c:/program files (x86)/atmel/studio/7.0/toolchain/avr8/avr8-gnu-toolchain/bin/../lib/gcc/avr/7.3.0/avrxmega4\libgcc.a(_umulhisi3.o)
                0x000000000000d08c                __umulhisi3
 .text.avr-libc
                0x000000000000d0aa       0x3c c:/program files (x86)/atmel/studio/7.0/toolchain/avr8/avr8-gnu-toolchain/bin/../lib/gcc/avr/7.3.0/../../../../avr/lib/avrxmega4\libc.a(dtostrf.o)
                0x000000000000d0aa                dtostrf
 .text.avr-libc
                0x000000000000d0e6      0x24a c:/program files (x86)/atmel/studio/7.0/toolchain/avr8/avr8-gnu-toolchain/bin/../lib/gcc/avr/7.3.0/../../../../avr/lib/avrxmega4\libc.a(malloc.o)
                0x000000000000d0e6                malloc
                0x000000000000d21e                free
 .text.avr-libc
                0x000000000000d330       0x12 c:/program files (x86)/atmel/studio/7.0/toolchain/avr8/avr8-gnu-toolchain/bin/../lib/gcc/avr/7.3.0/../../../../avr/lib/avrxmega4\libc.a(isspace.o)
                0x000000000000d330                isspace
 .text.avr-libc
                0x000000000000d342       0x12 c:/program files (x86)/atmel/studio/7.0/toolchain/avr8/avr8-gnu-toolchain/bin/../lib/gcc/avr/7.3.0/../../../../avr/lib/avrxmega4\libc.a(strlen.o)
                0x000000000000d342                strlen
 .text.avr-libc
                0x000000000000d354       0x6e c:/program files (x86)/atmel/studio/7.0/toolchain/avr8/avr8-gnu-toolchain/bin/../lib/gcc/avr/7.3.0/../../../../avr/lib/avrxmega4\libc.a(snprintf.o)
                0x000000000000d354                snprintf
 .text.avr-libc
                0x000000000000d3c2       0x54 c:/program files (x86)/atmel/studio/7.0/toolchain/avr8/avr8-gnu-toolchain/bin/../lib/gcc/avr/7.3.0/../../../../avr/lib/avrxmega4\libc.a(sprintf.o)
                0x000000000000d3c2                sprintf
 .text.avr-libc
                0x000000000000d416      0x3fa c:/program files (x86)/atmel/studio/7.0/toolchain/avr8/avr8-gnu-toolchain/bin/../lib/gcc/avr/7.3.0/../../../../avr/lib/avrxmega4\libc.a(vfprintf_std.o)
                0x000000000000d416                vfprintf
 .text.avr-libc
                0x000000000000d810      0x2ec c:/program files (x86)/atmel/studio/7.0/toolchain/avr8/avr8-gnu-toolchain/bin/../lib/gcc/avr/7.3.0/../../../../avr/lib/avrxmega4\libc.a(dtoa_prf.o)
                0x000000000000d810                dtoa_prf
 .text.avr-libc
                0x000000000000dafc      0x1b0 c:/program files (x86)/atmel/studio/7.0/toolchain/avr8/avr8-gnu-toolchain/bin/../lib/gcc/avr/7.3.0/../../../../avr/lib/avrxmega4\libc.a(ftoa_engine.o)
                0x000000000000dafc                __ftoa_engine
 .text.avr-libc
                0x000000000000dcac        0x6 c:/program files (x86)/atmel/studio/7.0/toolchain/avr8/avr8-gnu-toolchain/bin/../lib/gcc/avr/7.3.0/../../../../avr/lib/avrxmega4\libc.a(cty_isfalse.o)
                0x000000000000dcac                __ctype_isfalse
                0x000000000000dcb0                __ctype_istrue
 .text.avr-libc
                0x000000000000dcb2       0x16 c:/program files (x86)/atmel/studio/7.0/toolchain/avr8/avr8-gnu-toolchain/bin/../lib/gcc/avr/7.3.0/../../../../avr/lib/avrxmega4\libc.a(strnlen_P.o)
                0x000000000000dcb2                strnlen_P
 .text.avr-libc
                0x000000000000dcc8       0x16 c:/program files (x86)/atmel/studio/7.0/toolchain/avr8/avr8-gnu-toolchain/bin/../lib/gcc/avr/7.3.0/../../../../avr/lib/avrxmega4\libc.a(strnlen.o)
                0x000000000000dcc8                strnlen
 .text.avr-libc
                0x000000000000dcde       0x60 c:/program files (x86)/atmel/studio/7.0/toolchain/avr8/avr8-gnu-toolchain/bin/../lib/gcc/avr/7.3.0/../../../../avr/lib/avrxmega4\libc.a(fputc.o)
                0x000000000000dcde                fputc
 .text.avr-libc
                0x000000000000dd3e       0xbc c:/program files (x86)/atmel/studio/7.0/toolchain/avr8/avr8-gnu-toolchain/bin/../lib/gcc/avr/7.3.0/../../../../avr/lib/avrxmega4\libc.a(ultoa_invert.o)
                0x000000000000dd3e                __ultoa_invert
 .text.avr-libc
                0x000000000000ddfa       0x10 C:/Program Files (x86)/Atmel/Studio/7.0/Packs/atmel/AVR-Dx_DFP/1.9.103/gcc/dev/avr128da48/avrxmega4\libavr128da48.a(eerd_byte.o)
                0x000000000000ddfa                eeprom_read_byte
                0x000000000000de02                eeprom_mapen
 .text.avr-libc
                0x000000000000de0a        0xe C:/Program Files (x86)/Atmel/Studio/7.0/Packs/atmel/AVR-Dx_DFP/1.9.103/gcc/dev/avr128da48/avrxmega4\libavr128da48.a(eerd_dword.o)
                0x000000000000de0a                eeprom_read_float
                0x000000000000de0a                eeprom_read_dword
 .text.avr-libc
                0x000000000000de18        0xa C:/Program Files (x86)/Atmel/Studio/7.0/Packs/atmel/AVR-Dx_DFP/1.9.103/gcc/dev/avr128da48/avrxmega4\libavr128da48.a(eerd_word.o)
                0x000000000000de18                eeprom_read_word
                0x000000000000de22                . = ALIGN (0x2)
 *(.fini9)
 .fini9         0x000000000000de22        0x0 c:/program files (x86)/atmel/studio/7.0/toolchain/avr8/avr8-gnu-toolchain/bin/../lib/gcc/avr/7.3.0/avrxmega4\libgcc.a(_exit.o)
                0x000000000000de22                _exit
                0x000000000000de22                exit
 *(.fini9)
 *(.fini8)
 *(.fini8)
 *(.fini7)
 *(.fini7)
 *(.fini6)
 .fini6         0x000000000000de22       0x16 c:/program files (x86)/atmel/studio/7.0/toolchain/avr8/avr8-gnu-toolchain/bin/../lib/gcc/avr/7.3.0/avrxmega4\libgcc.a(_dtors.o)
                0x000000000000de22                __do_global_dtors
 *(.fini6)
 *(.fini5)
 *(.fini5)
 *(.fini4)
 *(.fini4)
 *(.fini3)
 *(.fini3)
 *(.fini2)
 *(.fini2)
 *(.fini1)
 *(.fini1)
 *(.fini0)
 .fini0         0x000000000000de38        0x4 c:/program files (x86)/atmel/studio/7.0/toolchain/avr8/avr8-gnu-toolchain/bin/../lib/gcc/avr/7.3.0/avrxmega4\libgcc.a(_exit.o)
 *(.fini0)
                0x000000000000de3c                _etext = .

.data           0x0000000000804000      0x32c load address 0x000000000000de3c
                0x0000000000804000                PROVIDE (__data_start, .)
 *(.data)
 .data          0x0000000000804000        0x6 c:/program files (x86)/atmel/studio/7.0/toolchain/avr8/avr8-gnu-toolchain/bin/../lib/gcc/avr/7.3.0/../../../../avr/lib/avrxmega4\libc.a(malloc.o)
                0x0000000000804000                __malloc_heap_end
                0x0000000000804002                __malloc_heap_start
                0x0000000000804004                __malloc_margin
 *(.data*)
 .data._ZL19g_powerdown_seconds
                0x0000000000804006        0x2 main.o
 .data._ZL17g_rf_gain_setting
                0x0000000000804008        0x1 main.o
 .data._ZL12g_awakenedBy
                0x0000000000804009        0x2 main.o
 .data._ZL17g_adcChannel2Slot
                0x000000000080400b       0x10 main.o
 .data._ZL19g_active_ADC_sample
                0x000000000080401b        0x2 main.o
 .data.g_audio_gain
                0x000000000080401d        0x2 main.o
                0x000000000080401d                g_audio_gain
 .data.g_enable_audio_feedthrough
                0x000000000080401f        0x1 main.o
                0x000000000080401f                g_enable_audio_feedthrough
 .data.g_rssi_countdown
                0x0000000000804020        0x2 main.o
                0x0000000000804020                g_rssi_countdown
 .data._ZL19g_sine_period_steps
                0x0000000000804022        0x1 main.o
 .data._ZZ11__vector_12E7fiftyMS
                0x0000000000804023        0x1 main.o
 .data._ZZ11__vector_12E17headphones_filter
                0x0000000000804024        0x1 main.o
 .data._ZZ11__vector_12E17doublesenseAction
                0x0000000000804025        0x2 main.o
 .data._ZZ11__vector_12E15leftsenseAction
                0x0000000000804027        0x2 main.o
 .data._ZZ11__vector_12E16rightsenseAction
                0x0000000000804029        0x2 main.o
 .data._ZZ11__vector_12E19encoderswitchAction
                0x000000000080402b        0x2 main.o
 .data._ZZ11__vector_12E25leftsenseLongPressEnabled
                0x000000000080402d        0x1 main.o
 .data._ZZ11__vector_12E26rightsenseLongPressEnabled
                0x000000000080402e        0x1 main.o
 .data._ZZ11__vector_12E23encoderLongPressEnabled
                0x000000000080402f        0x1 main.o
 .data._ZZ11__vector_12E27doublesenseLongPressEnabled
                0x0000000000804030        0x1 main.o
 .data._ZZ4mainE4init
                0x0000000000804031        0x1 main.o
 .data._ZZ4mainE9low_water
                0x0000000000804032        0x4 main.o
 .data._ZZ4mainE7holdPWM
                0x0000000000804036        0x1 main.o
 .data._ZZ21batteryTimeLeftStringPfE3str
                0x0000000000804037        0x7 main.o
 .data._ZZ20batteryPercentStringfPfE3str
                0x000000000080403e        0x7 main.o
 .data._ZZ18batteryVoltsStringbPfE8filtered
                0x0000000000804045        0x4 main.o
 .data._ZZ18batteryVoltsStringbPfE3str
                0x0000000000804049        0x7 main.o
 .data.g_fox    0x0000000000804050        0x5 src/eeprommanager.o
                0x0000000000804050                g_fox
 .data.g_battery_capacity
                0x0000000000804055        0x1 src/eeprommanager.o
                0x0000000000804055                g_battery_capacity
 .data.g_battery_warning_threshold
                0x0000000000804056        0x1 src/eeprommanager.o
                0x0000000000804056                g_battery_warning_threshold
 .data.g_i2c0_timeout_ticks
                0x0000000000804057        0x2 src/i2c.o
                0x0000000000804057                g_i2c0_timeout_ticks
 .data.g_i2c1_timeout_ticks
                0x0000000000804059        0x2 src/i2c.o
                0x0000000000804059                g_i2c1_timeout_ticks
 .data._ZL17led_timeout_count
                0x000000000080405b        0x4 src/leds.o
 .data.g_clock_calibration
                0x000000000080405f        0x2 src/rtc.o
                0x000000000080405f                g_clock_calibration
 .data._ZL11g_xtal_freq
                0x0000000000804061        0x4 src/si5351.o
 .data.g_rx_frequency
                0x0000000000804065        0x4 src/receiver.o
                0x0000000000804065                g_rx_frequency
 .data.g_frequency_low
                0x0000000000804069        0x4 src/receiver.o
                0x0000000000804069                g_frequency_low
 .data.g_frequency_med
                0x000000000080406d        0x4 src/receiver.o
                0x000000000080406d                g_frequency_med
 .data.g_frequency_hi
                0x0000000000804071        0x4 src/receiver.o
                0x0000000000804071                g_frequency_hi
 .data.g_frequency_beacon
                0x0000000000804075        0x4 src/receiver.o
                0x0000000000804075                g_frequency_beacon
 *(.gnu.linkonce.d*)
 *(.rodata)
 .rodata        0x0000000000804079      0x155 main.o
 .rodata        0x00000000008041ce        0xc src/eeprommanager.o
 .rodata        0x00000000008041da       0x38 src/util.o
 *(.rodata*)
 .rodata._ZL9menuTitle
                0x0000000000804212       0x46 main.o
 .rodata._ZL8clearRow
                0x0000000000804258        0xb main.o
 .rodata._ZL12channelNames
                0x0000000000804263       0xa8 main.o
 .rodata._ZTV7Display
                0x000000000080430b        0xa src/display.o
                0x000000000080430b                _ZTV7Display
 .rodata._ZL16rf_gain_settings
                0x0000000000804315       0x16 src/tca.o
 *(.gnu.linkonce.r*)
                0x000000000080432c                . = ALIGN (0x2)
 *fill*         0x000000000080432b        0x1 
                0x000000000080432c                _edata = .
                0x000000000080432c                PROVIDE (__data_end, .)

.bss            0x000000000080432c      0x3ea
                0x000000000080432c                PROVIDE (__bss_start, .)
 *(.bss)
 *(.bss*)
 .bss.g_channel_name
                0x000000000080432c       0x14 main.o
                0x000000000080432c                g_channel_name
 .bss._ZL9g_tempStr
                0x0000000000804340       0x64 main.o
 .bss._ZL21g_headphones_detected
                0x00000000008043a4        0x1 main.o
 .bss._ZL16g_hardware_error
                0x00000000008043a5        0x2 main.o
 .bss._ZL15g_rotary_enable
                0x00000000008043a7        0x1 main.o
 .bss._ZL14g_rotary_count
                0x00000000008043a8        0x2 main.o
 .bss._ZL14g_rotary_edges
                0x00000000008043aa        0x2 main.o
 .bss.g_seconds_transition
                0x00000000008043ac        0x1 main.o
                0x00000000008043ac                g_seconds_transition
 .bss.g_seconds_since_poweron
                0x00000000008043ad        0x4 main.o
                0x00000000008043ad                g_seconds_since_poweron
 .bss.g_display_active_countdown
                0x00000000008043b1        0x1 main.o
                0x00000000008043b1                g_display_active_countdown
 .bss._ZL17g_go_to_sleep_now
                0x00000000008043b2        0x1 main.o
 .bss._ZL10g_sleeping
                0x00000000008043b3        0x1 main.o
 .bss._ZL22g_lastConversionResult
                0x00000000008043b4        0x2 main.o
 .bss.g_goertzel_rssi
                0x00000000008043b6        0x2 main.o
                0x00000000008043b6                g_goertzel_rssi
 .bss._ZL23g_leftsense_closed_time
                0x00000000008043b8        0x2 main.o
 .bss._ZL24g_rightsense_closed_time
                0x00000000008043ba        0x2 main.o
 .bss._ZL21g_encoder_closed_time
                0x00000000008043bc        0x2 main.o
 .bss._ZL25g_doublesense_closed_time
                0x00000000008043be        0x2 main.o
 .bss._ZL34g_handle_counted_leftsense_presses
                0x00000000008043c0        0x2 main.o
 .bss._ZL35g_handle_counted_rightsense_presses
                0x00000000008043c2        0x2 main.o
 .bss._ZL32g_handle_counted_encoder_presses
                0x00000000008043c4        0x2 main.o
 .bss._ZL36g_handle_counted_doublesense_presses
                0x00000000008043c6        0x2 main.o
 .bss._ZL25g_leftsense_presses_count
                0x00000000008043c8        0x2 main.o
 .bss._ZL26g_rightsense_presses_count
                0x00000000008043ca        0x2 main.o
 .bss._ZL23g_encoder_presses_count
                0x00000000008043cc        0x2 main.o
 .bss._ZL27g_doublesense_presses_count
                0x00000000008043ce        0x2 main.o
 .bss._ZL22g_long_leftsense_press
                0x00000000008043d0        0x1 main.o
 .bss._ZL23g_long_rightsense_press
                0x00000000008043d1        0x1 main.o
 .bss._ZL24g_long_doublesense_press
                0x00000000008043d2        0x1 main.o
 .bss._ZL20g_long_encoder_press
                0x00000000008043d3        0x1 main.o
 .bss._ZL19g_leftsense_pressed
                0x00000000008043d4        0x1 main.o
 .bss._ZL20g_rightsense_pressed
                0x00000000008043d5        0x1 main.o
 .bss._ZL21g_doublesense_pressed
                0x00000000008043d6        0x1 main.o
 .bss._ZL23g_encoderswitch_pressed
                0x00000000008043d7        0x1 main.o
 .bss.display   0x00000000008043d8        0xb main.o
                0x00000000008043d8                display
 .bss.LEDS      0x00000000008043e3        0x1 main.o
                0x00000000008043e3                LEDS
 .bss.g_text_buff
                0x00000000008043e4        0xa main.o
                0x00000000008043e4                g_text_buff
 .bss._ZL14g_nominal_buff
                0x00000000008043ee        0xa main.o
 .bss._ZL17g_high_water_buff
                0x00000000008043f8        0xa main.o
 .bss._ZL11g_rssi_buff
                0x0000000000804402        0xa main.o
 .bss.EEPromMgr
                0x000000000080440c        0x1 main.o
                0x000000000080440c                EEPromMgr
 .bss.g_audio_test
                0x000000000080440d        0x1 main.o
                0x000000000080440d                g_audio_test
 .bss.sineWave  0x000000000080440e      0x192 main.o
                0x000000000080440e                sineWave
 .bss._ZL6g_beep
                0x00000000008045a0        0x2 main.o
 .bss._ZL6g_tick
                0x00000000008045a2        0x1 main.o
 .bss._ZZ11__vector_24E9sineIndex
                0x00000000008045a3        0x1 main.o
 .bss._ZZ11__vector_12E33doublesense_closures_count_period
                0x00000000008045a4        0x2 main.o
 .bss._ZZ11__vector_12E31leftsense_closures_count_period
                0x00000000008045a6        0x2 main.o
 .bss._ZZ11__vector_12E32rightsense_closures_count_period
                0x00000000008045a8        0x2 main.o
 .bss._ZZ11__vector_12E29encoder_closures_count_period
                0x00000000008045aa        0x2 main.o
 .bss._ZZ11__vector_12E15holdRotaryEdges
                0x00000000008045ac        0x2 main.o
 .bss._ZZ11__vector_12E23rotaryNoMotionCountdown
                0x00000000008045ae        0x2 main.o
 .bss.prev_state
                0x00000000008045b0        0x1 main.o
                0x00000000008045b0                prev_state
 .bss._ZZ7setMenu11MenuState_tE9menuIndex
                0x00000000008045b1        0x2 main.o
 .bss._ZZ7setMenu11MenuState_tE14menuStateTrace
                0x00000000008045b3       0x28 main.o
 .bss._ZZ4mainE14filtered_float
                0x00000000008045db        0x4 main.o
 .bss._ZZ4mainE22highSigDetectThreshold
                0x00000000008045df        0x4 main.o
 .bss._ZZ4mainE7nominal
                0x00000000008045e3        0x4 main.o
 .bss._ZZ4mainE10high_water
                0x00000000008045e7        0x4 main.o
 .bss._ZZ4mainE17consecutiveDetect
                0x00000000008045eb        0x2 main.o
 .bss._ZZ4mainE16consecutiveNoise
                0x00000000008045ed        0x2 main.o
 .bss.g_goertzel
                0x00000000008045ef        0x1 src/adc.o
                0x00000000008045ef                g_goertzel
 .bss._ZL20g_adc_initialization
                0x00000000008045f0        0x2 src/adc.o
 .bss.portApinReadings
                0x00000000008045f2        0x3 src/binio.o
                0x00000000008045f2                portApinReadings
 .bss.portFpinReadings
                0x00000000008045f5        0x3 src/binio.o
                0x00000000008045f5                portFpinReadings
 .bss.portAdebounced
                0x00000000008045f8        0x1 src/binio.o
                0x00000000008045f8                portAdebounced
 .bss.portFdebounced
                0x00000000008045f9        0x1 src/binio.o
                0x00000000008045f9                portFdebounced
 .bss.g_isMaster
                0x00000000008045fa        0x1 src/eeprommanager.o
                0x00000000008045fa                g_isMaster
 .bss.g_utc_offset
                0x00000000008045fb        0x1 src/eeprommanager.o
                0x00000000008045fb                g_utc_offset
 .bss.g_unlockCode
                0x00000000008045fc        0xa src/eeprommanager.o
                0x00000000008045fc                g_unlockCode
 .bss.g_rtty_offset
                0x0000000000804606        0x4 src/eeprommanager.o
                0x0000000000804606                g_rtty_offset
 .bss.g_event   0x000000000080460a        0x2 src/eeprommanager.o
                0x000000000080460a                g_event
 .bss.g_frequency_mode
                0x000000000080460c        0x1 src/eeprommanager.o
                0x000000000080460c                g_frequency_mode
 .bss.g_active_memory
                0x000000000080460d        0x1 src/eeprommanager.o
                0x000000000080460d                g_active_memory
 .bss.g_messages_text
                0x000000000080460e       0x3f src/eeprommanager.o
                0x000000000080460e                g_messages_text
 .bss.g_event_start_epoch
                0x000000000080464d        0x4 src/eeprommanager.o
                0x000000000080464d                g_event_start_epoch
 .bss.g_event_finish_epoch
                0x0000000000804651        0x4 src/eeprommanager.o
                0x0000000000804651                g_event_finish_epoch
 .bss.g_80m_power_level_mW
                0x0000000000804655        0x2 src/eeprommanager.o
                0x0000000000804655                g_80m_power_level_mW
 .bss.g_id_codespeed
                0x0000000000804657        0x1 src/eeprommanager.o
                0x0000000000804657                g_id_codespeed
 .bss.g_pattern_codespeed
                0x0000000000804658        0x1 src/eeprommanager.o
                0x0000000000804658                g_pattern_codespeed
 .bss.g_foxoring_pattern_codespeed
                0x0000000000804659        0x1 src/eeprommanager.o
                0x0000000000804659                g_foxoring_pattern_codespeed
 .bss.g_off_air_seconds
                0x000000000080465a        0x2 src/eeprommanager.o
                0x000000000080465a                g_off_air_seconds
 .bss.g_on_air_seconds
                0x000000000080465c        0x2 src/eeprommanager.o
                0x000000000080465c                g_on_air_seconds
 .bss.g_ID_period_seconds
                0x000000000080465e        0x2 src/eeprommanager.o
                0x000000000080465e                g_ID_period_seconds
 .bss.g_intra_cycle_delay_time
                0x0000000000804660        0x2 src/eeprommanager.o
                0x0000000000804660                g_intra_cycle_delay_time
 .bss.g_voltage_threshold
                0x0000000000804662        0x4 src/eeprommanager.o
                0x0000000000804662                g_voltage_threshold
 .bss.g_days_to_run
                0x0000000000804666        0x1 src/eeprommanager.o
                0x0000000000804666                g_days_to_run
 .bss.g_i2c_failure_count
                0x0000000000804667        0x2 src/eeprommanager.o
                0x0000000000804667                g_i2c_failure_count
 .bss._SAMPLING_FREQUENCY
                0x0000000000804669        0x4 src/Goertzel.o
                0x0000000000804669                _SAMPLING_FREQUENCY
 .bss._TARGET_FREQUENCY
                0x000000000080466d        0x4 src/Goertzel.o
                0x000000000080466d                _TARGET_FREQUENCY
 .bss._N        0x0000000000804671        0x2 src/Goertzel.o
                0x0000000000804671                _N
 .bss.g_coeff   0x0000000000804673        0x4 src/Goertzel.o
                0x0000000000804673                g_coeff
 .bss.Q1        0x0000000000804677        0x4 src/Goertzel.o
                0x0000000000804677                Q1
 .bss.Q2        0x000000000080467b        0x4 src/Goertzel.o
                0x000000000080467b                Q2
 .bss._index    0x000000000080467f        0x2 src/Goertzel.o
                0x000000000080467f                _index
 .bss._samplesReady
                0x0000000000804681        0x1 src/Goertzel.o
                0x0000000000804681                _samplesReady
 .bss.highValueCount
                0x0000000000804682        0x2 src/Goertzel.o
                0x0000000000804682                highValueCount
 .bss.testData  0x0000000000804684        0x2 src/Goertzel.o
                0x0000000000804684                testData
 .bss._ZL23timer_red_blink_inhibit
                0x0000000000804686        0x1 src/leds.o
 .bss._ZL25timer_green_blink_inhibit
                0x0000000000804687        0x1 src/leds.o
 .bss._ZL19lastRedBlinkSetting
                0x0000000000804688        0x2 src/leds.o
 .bss._ZL21lastGreenBlinkSetting
                0x000000000080468a        0x2 src/leds.o
 .bss._ZL20lastBothBlinkSetting
                0x000000000080468c        0x2 src/leds.o
 .bss._ZL19red_blink_on_period
                0x000000000080468e        0x2 src/leds.o
 .bss._ZL20red_blink_off_period
                0x0000000000804690        0x2 src/leds.o
 .bss._ZL21green_blink_on_period
                0x0000000000804692        0x2 src/leds.o
 .bss._ZL22green_blink_off_period
                0x0000000000804694        0x2 src/leds.o
 .bss._ZL15red_blink_count
                0x0000000000804696        0x2 src/leds.o
 .bss._ZL17green_blink_count
                0x0000000000804698        0x2 src/leds.o
 .bss._ZL18red_led_configured
                0x000000000080469a        0x1 src/leds.o
 .bss._ZL20green_led_configured
                0x000000000080469b        0x1 src/leds.o
 .bss.isRed     0x000000000080469c        0x1 src/leds.o
                0x000000000080469c                isRed
 .bss.isGreen   0x000000000080469d        0x1 src/leds.o
                0x000000000080469d                isGreen
 .bss.isBoth    0x000000000080469e        0x1 src/leds.o
                0x000000000080469e                isBoth
 .bss._ZL16use_backup_clock
                0x000000000080469f        0x1 src/rtc.o
 .bss._ZL8freqVCOB
                0x00000000008046a0        0x4 src/si5351.o
 .bss._ZL17enabledClocksMask
                0x00000000008046a4        0x1 src/si5351.o
 .bss._ZL9clock_out
                0x00000000008046a5        0xc src/si5351.o
 .bss.g_si5351_initialized
                0x00000000008046b1        0x1 src/si5351.o
                0x00000000008046b1                g_si5351_initialized
 .bss._ZZ11si5351_initE3err
                0x00000000008046b2        0x1 src/si5351.o
 .bss.g_pwm_setting
                0x00000000008046b3        0x1 src/tca.o
                0x00000000008046b3                g_pwm_setting
 .bss._ZL12g_ms_counter
                0x00000000008046b4        0x4 src/tcb.o
 .bss._ZZ13util_delay_msE14countdownValue
                0x00000000008046b8        0x4 src/tcb.o
 .bss._ZZ13util_delay_msE8counting
                0x00000000008046bc        0x1 src/tcb.o
 .bss._ZL16g_rx_initialized
                0x00000000008046bd        0x1 src/receiver.o
 .bss.g_channel_frequency
                0x00000000008046be       0x50 src/receiver.o
                0x00000000008046be                g_channel_frequency
 *(COMMON)
 COMMON         0x000000000080470e        0x4 c:/program files (x86)/atmel/studio/7.0/toolchain/avr8/avr8-gnu-toolchain/bin/../lib/gcc/avr/7.3.0/../../../../avr/lib/avrxmega4\libc.a(malloc.o)
                0x000000000080470e                __brkval
                0x0000000000804710                __flp
 COMMON         0x0000000000804712        0x4 c:/program files (x86)/atmel/studio/7.0/toolchain/avr8/avr8-gnu-toolchain/bin/../lib/gcc/avr/7.3.0/../../../../avr/lib/avrxmega4\libc.a(system_time.o)
                0x0000000000804712                __system_time
                0x0000000000804716                PROVIDE (__bss_end, .)
                0x000000000000de3c                __data_load_start = LOADADDR (.data)
                0x000000000000e168                __data_load_end = (__data_load_start + SIZEOF (.data))

.noinit         0x0000000000804716        0x0
                [!provide]                        PROVIDE (__noinit_start, .)
 *(.noinit*)
                [!provide]                        PROVIDE (__noinit_end, .)
                0x0000000000804716                _end = .
                0x0000000000804716                PROVIDE (__heap_start, .)

.eeprom         0x0000000000810000      0x175
 *(.eeprom*)
 .eeprom        0x0000000000810000      0x175 src/eeprommanager.o
                0x0000000000810000                _ZN13EepromManager7ee_varsE
                0x0000000000810175                __eeprom_end = .

.fuse
 *(.fuse)
 *(.lfuse)
 *(.hfuse)
 *(.efuse)

.lock
 *(.lock*)

.signature
 *(.signature*)

.user_signatures
 *(.user_signatures*)

.stab
 *(.stab)

.stabstr
 *(.stabstr)

.stab.excl
 *(.stab.excl)

.stab.exclstr
 *(.stab.exclstr)

.stab.index
 *(.stab.index)

.stab.indexstr
 *(.stab.indexstr)

.comment        0x0000000000000000       0x5c
 *(.comment)
 .comment       0x0000000000000000       0x30 atmel_start.o
                                         0x31 (size before relaxing)
 .comment       0x0000000000000030       0x31 main.o
 .comment       0x0000000000000030       0x31 src/adc.o
 .comment       0x0000000000000030       0x31 src/binio.o
 .comment       0x0000000000000030       0x31 src/bod.o
 .comment       0x0000000000000030       0x31 src/CircularFloatBuff.o
 .comment       0x0000000000000030       0x31 src/CircularStringBuff.o
 .comment       0x0000000000000030       0x31 src/CircularUintBuff.o
 .comment       0x0000000000000030       0x31 src/clkctrl.o
 .comment       0x0000000000000030       0x31 src/cpuint.o
 .comment       0x0000000000000030       0x31 src/dac0.o
 .comment       0x0000000000000030       0x31 src/display.o
 .comment       0x0000000000000030       0x31 src/driver_init.o
 .comment       0x0000000000000030       0x31 src/eeprommanager.o
 .comment       0x0000000000000030       0x31 src/Goertzel.o
 .comment       0x0000000000000030       0x31 src/i2c.o
 .comment       0x0000000000000030       0x31 src/leds.o
 .comment       0x0000000000000030       0x31 src/rtc.o
 .comment       0x0000000000000030       0x31 src/si5351.o
 .comment       0x0000000000000030       0x31 src/slpctrl.o
 .comment       0x0000000000000030       0x31 src/tca.o
 .comment       0x0000000000000030       0x31 src/tcb.o
 .comment       0x0000000000000030       0x31 src/receiver.o
 .comment       0x0000000000000030       0x31 src/util.o
 .comment       0x0000000000000030       0x31 c:/program files (x86)/atmel/studio/7.0/toolchain/avr8/avr8-gnu-toolchain/bin/../lib/gcc/avr/7.3.0/../../../../avr/lib/avrxmega4\libc.a(dtostrf.o)
 .comment       0x0000000000000030       0x31 c:/program files (x86)/atmel/studio/7.0/toolchain/avr8/avr8-gnu-toolchain/bin/../lib/gcc/avr/7.3.0/../../../../avr/lib/avrxmega4\libc.a(malloc.o)
 .comment       0x0000000000000030       0x31 c:/program files (x86)/atmel/studio/7.0/toolchain/avr8/avr8-gnu-toolchain/bin/../lib/gcc/avr/7.3.0/../../../../avr/lib/avrxmega4\libc.a(snprintf.o)
 .comment       0x0000000000000030       0x31 c:/program files (x86)/atmel/studio/7.0/toolchain/avr8/avr8-gnu-toolchain/bin/../lib/gcc/avr/7.3.0/../../../../avr/lib/avrxmega4\libc.a(sprintf.o)
 .comment       0x0000000000000030       0x31 c:/program files (x86)/atmel/studio/7.0/toolchain/avr8/avr8-gnu-toolchain/bin/../lib/gcc/avr/7.3.0/../../../../avr/lib/avrxmega4\libc.a(set_system_time.o)
 .comment       0x0000000000000030       0x31 c:/program files (x86)/atmel/studio/7.0/toolchain/avr8/avr8-gnu-toolchain/bin/../lib/gcc/avr/7.3.0/../../../../avr/lib/avrxmega4\libc.a(system_time.o)
 .comment       0x0000000000000030       0x31 c:/program files (x86)/atmel/studio/7.0/toolchain/avr8/avr8-gnu-toolchain/bin/../lib/gcc/avr/7.3.0/../../../../avr/lib/avrxmega4\libc.a(time.o)
 .comment       0x0000000000000030       0x2c c:/program files (x86)/atmel/studio/7.0/toolchain/avr8/avr8-gnu-toolchain/bin/../lib/gcc/avr/7.3.0/../../../../avr/lib/avrxmega4\libc.a(vfprintf_std.o)
                                         0x2d (size before relaxing)
 .comment       0x000000000000005c       0x31 c:/program files (x86)/atmel/studio/7.0/toolchain/avr8/avr8-gnu-toolchain/bin/../lib/gcc/avr/7.3.0/../../../../avr/lib/avrxmega4\libc.a(dtoa_prf.o)
 .comment       0x000000000000005c       0x31 c:/program files (x86)/atmel/studio/7.0/toolchain/avr8/avr8-gnu-toolchain/bin/../lib/gcc/avr/7.3.0/../../../../avr/lib/avrxmega4\libc.a(fputc.o)

.note.gnu.avr.deviceinfo
                0x0000000000000000       0x40
 .note.gnu.avr.deviceinfo
                0x0000000000000000       0x40 C:/Program Files (x86)/Atmel/Studio/7.0/Packs/atmel/AVR-Dx_DFP/1.9.103/gcc/dev/avr128da48/avrxmega4/crtavr128da48.o

.note.gnu.build-id
 *(.note.gnu.build-id)

.debug
 *(.debug)

.line
 *(.line)

.debug_srcinfo
 *(.debug_srcinfo)

.debug_sfnames
 *(.debug_sfnames)

.debug_aranges  0x0000000000000000      0xa68
 *(.debug_aranges)
 .debug_aranges
                0x0000000000000000       0x20 atmel_start.o
 .debug_aranges
                0x0000000000000020       0xc0 main.o
 .debug_aranges
                0x00000000000000e0       0x78 src/adc.o
 .debug_aranges
                0x0000000000000158       0xc8 src/binio.o
 .debug_aranges
                0x0000000000000220       0x20 src/bod.o
 .debug_aranges
                0x0000000000000240       0x88 src/CircularFloatBuff.o
 .debug_aranges
                0x00000000000002c8       0x90 src/CircularStringBuff.o
 .debug_aranges
                0x0000000000000358       0x88 src/CircularUintBuff.o
 .debug_aranges
                0x00000000000003e0       0x28 src/clkctrl.o
 .debug_aranges
                0x0000000000000408       0x20 src/cpuint.o
 .debug_aranges
                0x0000000000000428       0x30 src/dac0.o
 .debug_aranges
                0x0000000000000458       0xb0 src/display.o
 .debug_aranges
                0x0000000000000508       0x60 src/driver_init.o
 .debug_aranges
                0x0000000000000568       0x68 src/eeprommanager.o
 .debug_aranges
                0x00000000000005d0       0x60 src/Goertzel.o
 .debug_aranges
                0x0000000000000630       0x90 src/i2c.o
 .debug_aranges
                0x00000000000006c0       0x98 src/leds.o
 .debug_aranges
                0x0000000000000758       0x20 src/protected_io.o
 .debug_aranges
                0x0000000000000778       0x58 src/rtc.o
 .debug_aranges
                0x00000000000007d0       0xe8 src/si5351.o
 .debug_aranges
                0x00000000000008b8       0x28 src/slpctrl.o
 .debug_aranges
                0x00000000000008e0       0x40 src/tca.o
 .debug_aranges
                0x0000000000000920       0x40 src/tcb.o
 .debug_aranges
                0x0000000000000960       0x58 src/receiver.o
 .debug_aranges
                0x00000000000009b8       0x50 src/util.o
 .debug_aranges
                0x0000000000000a08       0x20 C:/Program Files (x86)/Atmel/Studio/7.0/Packs/atmel/AVR-Dx_DFP/1.9.103/gcc/dev/avr128da48/avrxmega4\libavr128da48.a(eerd_byte.o)
 .debug_aranges
                0x0000000000000a28       0x20 C:/Program Files (x86)/Atmel/Studio/7.0/Packs/atmel/AVR-Dx_DFP/1.9.103/gcc/dev/avr128da48/avrxmega4\libavr128da48.a(eerd_dword.o)
 .debug_aranges
                0x0000000000000a48       0x20 C:/Program Files (x86)/Atmel/Studio/7.0/Packs/atmel/AVR-Dx_DFP/1.9.103/gcc/dev/avr128da48/avrxmega4\libavr128da48.a(eerd_word.o)

.debug_pubnames
 *(.debug_pubnames)

.debug_info     0x0000000000000000    0x11b35
 *(.debug_info .gnu.linkonce.wi.*)
 .debug_info    0x0000000000000000     0x2c24 C:/Program Files (x86)/Atmel/Studio/7.0/Packs/atmel/AVR-Dx_DFP/1.9.103/gcc/dev/avr128da48/avrxmega4/crtavr128da48.o
 .debug_info    0x0000000000002c24       0xc5 atmel_start.o
 .debug_info    0x0000000000002ce9     0x3689 main.o
 .debug_info    0x0000000000006372      0xc92 src/adc.o
 .debug_info    0x0000000000007004      0x8bf src/binio.o
 .debug_info    0x00000000000078c3      0x1d0 src/bod.o
 .debug_info    0x0000000000007a93      0x6c3 src/CircularFloatBuff.o
 .debug_info    0x0000000000008156      0x6f5 src/CircularStringBuff.o
 .debug_info    0x000000000000884b      0x6d9 src/CircularUintBuff.o
 .debug_info    0x0000000000008f24      0x2f9 src/clkctrl.o
 .debug_info    0x000000000000921d       0xd4 src/cpuint.o
 .debug_info    0x00000000000092f1      0x44f src/dac0.o
 .debug_info    0x0000000000009740      0xb65 src/display.o
 .debug_info    0x000000000000a2a5      0x494 src/driver_init.o
 .debug_info    0x000000000000a739     0x1a98 src/eeprommanager.o
 .debug_info    0x000000000000c1d1      0x5a5 src/Goertzel.o
 .debug_info    0x000000000000c776      0x888 src/i2c.o
 .debug_info    0x000000000000cffe      0xcb8 src/leds.o
 .debug_info    0x000000000000dcb6       0x92 src/protected_io.o
 .debug_info    0x000000000000dd48     0x1147 src/rtc.o
 .debug_info    0x000000000000ee8f      0xf9b src/si5351.o
 .debug_info    0x000000000000fe2a      0x180 src/slpctrl.o
 .debug_info    0x000000000000ffaa      0xbe7 src/tca.o
 .debug_info    0x0000000000010b91      0x3c7 src/tcb.o
 .debug_info    0x0000000000010f58      0x473 src/receiver.o
 .debug_info    0x00000000000113cb      0x58c src/util.o
 .debug_info    0x0000000000011957       0x9f C:/Program Files (x86)/Atmel/Studio/7.0/Packs/atmel/AVR-Dx_DFP/1.9.103/gcc/dev/avr128da48/avrxmega4\libavr128da48.a(eerd_byte.o)
 .debug_info    0x00000000000119f6       0xa0 C:/Program Files (x86)/Atmel/Studio/7.0/Packs/atmel/AVR-Dx_DFP/1.9.103/gcc/dev/avr128da48/avrxmega4\libavr128da48.a(eerd_dword.o)
 .debug_info    0x0000000000011a96       0x9f C:/Program Files (x86)/Atmel/Studio/7.0/Packs/atmel/AVR-Dx_DFP/1.9.103/gcc/dev/avr128da48/avrxmega4\libavr128da48.a(eerd_word.o)

.debug_abbrev   0x0000000000000000     0x5aef
 *(.debug_abbrev)
 .debug_abbrev  0x0000000000000000     0x29ce C:/Program Files (x86)/Atmel/Studio/7.0/Packs/atmel/AVR-Dx_DFP/1.9.103/gcc/dev/avr128da48/avrxmega4/crtavr128da48.o
 .debug_abbrev  0x00000000000029ce       0x70 atmel_start.o
 .debug_abbrev  0x0000000000002a3e      0x506 main.o
 .debug_abbrev  0x0000000000002f44      0x2fe src/adc.o
 .debug_abbrev  0x0000000000003242      0x29a src/binio.o
 .debug_abbrev  0x00000000000034dc       0xd2 src/bod.o
 .debug_abbrev  0x00000000000035ae      0x1ec src/CircularFloatBuff.o
 .debug_abbrev  0x000000000000379a      0x1e9 src/CircularStringBuff.o
 .debug_abbrev  0x0000000000003983      0x1ec src/CircularUintBuff.o
 .debug_abbrev  0x0000000000003b6f       0xfe src/clkctrl.o
 .debug_abbrev  0x0000000000003c6d       0x72 src/cpuint.o
 .debug_abbrev  0x0000000000003cdf      0x157 src/dac0.o
 .debug_abbrev  0x0000000000003e36      0x314 src/display.o
 .debug_abbrev  0x000000000000414a      0x1a4 src/driver_init.o
 .debug_abbrev  0x00000000000042ee      0x31d src/eeprommanager.o
 .debug_abbrev  0x000000000000460b      0x227 src/Goertzel.o
 .debug_abbrev  0x0000000000004832      0x224 src/i2c.o
 .debug_abbrev  0x0000000000004a56      0x340 src/leds.o
 .debug_abbrev  0x0000000000004d96       0x14 src/protected_io.o
 .debug_abbrev  0x0000000000004daa      0x2af src/rtc.o
 .debug_abbrev  0x0000000000005059      0x2af src/si5351.o
 .debug_abbrev  0x0000000000005308       0xe7 src/slpctrl.o
 .debug_abbrev  0x00000000000053ef      0x206 src/tca.o
 .debug_abbrev  0x00000000000055f5      0x175 src/tcb.o
 .debug_abbrev  0x000000000000576a      0x18e src/receiver.o
 .debug_abbrev  0x00000000000058f8      0x1bb src/util.o
 .debug_abbrev  0x0000000000005ab3       0x14 C:/Program Files (x86)/Atmel/Studio/7.0/Packs/atmel/AVR-Dx_DFP/1.9.103/gcc/dev/avr128da48/avrxmega4\libavr128da48.a(eerd_byte.o)
 .debug_abbrev  0x0000000000005ac7       0x14 C:/Program Files (x86)/Atmel/Studio/7.0/Packs/atmel/AVR-Dx_DFP/1.9.103/gcc/dev/avr128da48/avrxmega4\libavr128da48.a(eerd_dword.o)
 .debug_abbrev  0x0000000000005adb       0x14 C:/Program Files (x86)/Atmel/Studio/7.0/Packs/atmel/AVR-Dx_DFP/1.9.103/gcc/dev/avr128da48/avrxmega4\libavr128da48.a(eerd_word.o)

.debug_line     0x0000000000000000     0x9e1e
 *(.debug_line .debug_line.* .debug_line_end)
 .debug_line    0x0000000000000000      0x1f3 C:/Program Files (x86)/Atmel/Studio/7.0/Packs/atmel/AVR-Dx_DFP/1.9.103/gcc/dev/avr128da48/avrxmega4/crtavr128da48.o
 .debug_line    0x00000000000001f3      0x11e atmel_start.o
 .debug_line    0x0000000000000311     0x211e main.o
 .debug_line    0x000000000000242f      0x50f src/adc.o
 .debug_line    0x000000000000293e      0x7c7 src/binio.o
 .debug_line    0x0000000000003105      0x191 src/bod.o
 .debug_line    0x0000000000003296      0x447 src/CircularFloatBuff.o
 .debug_line    0x00000000000036dd      0x4b4 src/CircularStringBuff.o
 .debug_line    0x0000000000003b91      0x40b src/CircularUintBuff.o
 .debug_line    0x0000000000003f9c      0x1cd src/clkctrl.o
 .debug_line    0x0000000000004169      0x12f src/cpuint.o
 .debug_line    0x0000000000004298      0x1e3 src/dac0.o
 .debug_line    0x000000000000447b      0x94e src/display.o
 .debug_line    0x0000000000004dc9      0x38e src/driver_init.o
 .debug_line    0x0000000000005157     0x132a src/eeprommanager.o
 .debug_line    0x0000000000006481      0x321 src/Goertzel.o
 .debug_line    0x00000000000067a2      0x7df src/i2c.o
 .debug_line    0x0000000000006f81      0x9d9 src/leds.o
 .debug_line    0x000000000000795a       0x5b src/protected_io.o
 .debug_line    0x00000000000079b5      0x4b5 src/rtc.o
 .debug_line    0x0000000000007e6a      0xd6c src/si5351.o
 .debug_line    0x0000000000008bd6      0x1b1 src/slpctrl.o
 .debug_line    0x0000000000008d87      0x2d8 src/tca.o
 .debug_line    0x000000000000905f      0x373 src/tcb.o
 .debug_line    0x00000000000093d2      0x2f4 src/receiver.o
 .debug_line    0x00000000000096c6      0x610 src/util.o
 .debug_line    0x0000000000009cd6       0x79 C:/Program Files (x86)/Atmel/Studio/7.0/Packs/atmel/AVR-Dx_DFP/1.9.103/gcc/dev/avr128da48/avrxmega4\libavr128da48.a(eerd_byte.o)
 .debug_line    0x0000000000009d4f       0x6e C:/Program Files (x86)/Atmel/Studio/7.0/Packs/atmel/AVR-Dx_DFP/1.9.103/gcc/dev/avr128da48/avrxmega4\libavr128da48.a(eerd_dword.o)
 .debug_line    0x0000000000009dbd       0x61 C:/Program Files (x86)/Atmel/Studio/7.0/Packs/atmel/AVR-Dx_DFP/1.9.103/gcc/dev/avr128da48/avrxmega4\libavr128da48.a(eerd_word.o)

.debug_frame    0x0000000000000000     0x2434
 *(.debug_frame)
 .debug_frame   0x0000000000000000       0x34 atmel_start.o
 .debug_frame   0x0000000000000034      0x458 main.o
 .debug_frame   0x000000000000048c      0x1a0 src/adc.o
 .debug_frame   0x000000000000062c      0x2d4 src/binio.o
 .debug_frame   0x0000000000000900       0x34 src/bod.o
 .debug_frame   0x0000000000000934      0x1e0 src/CircularFloatBuff.o
 .debug_frame   0x0000000000000b14      0x200 src/CircularStringBuff.o
 .debug_frame   0x0000000000000d14      0x1f4 src/CircularUintBuff.o
 .debug_frame   0x0000000000000f08       0x54 src/clkctrl.o
 .debug_frame   0x0000000000000f5c       0x34 src/cpuint.o
 .debug_frame   0x0000000000000f90       0x74 src/dac0.o
 .debug_frame   0x0000000000001004      0x274 src/display.o
 .debug_frame   0x0000000000001278      0x134 src/driver_init.o
 .debug_frame   0x00000000000013ac      0x180 src/eeprommanager.o
 .debug_frame   0x000000000000152c      0x19c src/Goertzel.o
 .debug_frame   0x00000000000016c8      0x1f4 src/i2c.o
 .debug_frame   0x00000000000018bc      0x25c src/leds.o
 .debug_frame   0x0000000000001b18      0x114 src/rtc.o
 .debug_frame   0x0000000000001c2c      0x3a8 src/si5351.o
 .debug_frame   0x0000000000001fd4       0x54 src/slpctrl.o
 .debug_frame   0x0000000000002028       0xb4 src/tca.o
 .debug_frame   0x00000000000020dc      0x100 src/tcb.o
 .debug_frame   0x00000000000021dc      0x114 src/receiver.o
 .debug_frame   0x00000000000022f0      0x144 src/util.o

.debug_str      0x0000000000000000     0x714d
 *(.debug_str)
 .debug_str     0x0000000000000000     0x1320 C:/Program Files (x86)/Atmel/Studio/7.0/Packs/atmel/AVR-Dx_DFP/1.9.103/gcc/dev/avr128da48/avrxmega4/crtavr128da48.o
 .debug_str     0x0000000000001320      0x1e9 atmel_start.o
                                        0x222 (size before relaxing)
 .debug_str     0x0000000000001509     0x2fc7 main.o
                                       0x3553 (size before relaxing)
 .debug_str     0x00000000000044d0      0x7a5 src/adc.o
                                        0xd3c (size before relaxing)
 .debug_str     0x0000000000004c75      0x2e8 src/binio.o
                                        0x6ac (size before relaxing)
 .debug_str     0x0000000000004f5d       0x80 src/bod.o
                                        0x2d1 (size before relaxing)
 .debug_str     0x0000000000004fdd       0x63 src/CircularFloatBuff.o
                                        0x4c6 (size before relaxing)
 .debug_str     0x0000000000005040       0x69 src/CircularStringBuff.o
                                        0x516 (size before relaxing)
 .debug_str     0x00000000000050a9       0x50 src/CircularUintBuff.o
                                        0x4c5 (size before relaxing)
 .debug_str     0x00000000000050f9      0x206 src/clkctrl.o
                                        0x455 (size before relaxing)
 .debug_str     0x00000000000052ff       0x1e src/cpuint.o
                                        0x221 (size before relaxing)
 .debug_str     0x000000000000531d       0x6c src/dac0.o
                                        0x4bf (size before relaxing)
 .debug_str     0x0000000000005389      0x2fb src/display.o
                                        0xa42 (size before relaxing)
 .debug_str     0x0000000000005684       0x8a src/driver_init.o
                                        0x3e7 (size before relaxing)
 .debug_str     0x000000000000570e      0x4c3 src/eeprommanager.o
                                       0x184a (size before relaxing)
 .debug_str     0x0000000000005bd1       0xd2 src/Goertzel.o
                                        0x43c (size before relaxing)
 .debug_str     0x0000000000005ca3      0x318 src/i2c.o
                                        0x66e (size before relaxing)
 .debug_str     0x0000000000005fbb      0x1bf src/leds.o
                                        0xa6c (size before relaxing)
 .debug_str     0x000000000000617a       0xdd src/rtc.o
                                       0x143a (size before relaxing)
 .debug_str     0x0000000000006257      0x6c2 src/si5351.o
                                        0xd0a (size before relaxing)
 .debug_str     0x0000000000006919       0x71 src/slpctrl.o
                                        0x2e5 (size before relaxing)
 .debug_str     0x000000000000698a      0x306 src/tca.o
                                        0x7ad (size before relaxing)
 .debug_str     0x0000000000006c90      0x12c src/tcb.o
                                        0x40b (size before relaxing)
 .debug_str     0x0000000000006dbc      0x206 src/receiver.o
                                        0x90a (size before relaxing)
 .debug_str     0x0000000000006fc2      0x18b src/util.o
                                        0x421 (size before relaxing)

.debug_loc      0x0000000000000000     0x4b64
 *(.debug_loc)
 .debug_loc     0x0000000000000000       0x3b atmel_start.o
 .debug_loc     0x000000000000003b      0x9ca main.o
 .debug_loc     0x0000000000000a05      0x31e src/adc.o
 .debug_loc     0x0000000000000d23      0x5d2 src/binio.o
 .debug_loc     0x00000000000012f5       0x3b src/bod.o
 .debug_loc     0x0000000000001330      0x406 src/CircularFloatBuff.o
 .debug_loc     0x0000000000001736      0x450 src/CircularStringBuff.o
 .debug_loc     0x0000000000001b86      0x43b src/CircularUintBuff.o
 .debug_loc     0x0000000000001fc1       0x83 src/clkctrl.o
 .debug_loc     0x0000000000002044       0x3b src/cpuint.o
 .debug_loc     0x000000000000207f       0xbe src/dac0.o
 .debug_loc     0x000000000000213d      0x551 src/display.o
 .debug_loc     0x000000000000268e      0x26e src/driver_init.o
 .debug_loc     0x00000000000028fc      0x335 src/eeprommanager.o
 .debug_loc     0x0000000000002c31      0x388 src/Goertzel.o
 .debug_loc     0x0000000000002fb9      0x3e5 src/i2c.o
 .debug_loc     0x000000000000339e      0x534 src/leds.o
 .debug_loc     0x00000000000038d2      0x20a src/rtc.o
 .debug_loc     0x0000000000003adc      0x7e6 src/si5351.o
 .debug_loc     0x00000000000042c2       0x83 src/slpctrl.o
 .debug_loc     0x0000000000004345      0x14c src/tca.o
 .debug_loc     0x0000000000004491      0x204 src/tcb.o
 .debug_loc     0x0000000000004695      0x20c src/receiver.o
 .debug_loc     0x00000000000048a1      0x2c3 src/util.o

.debug_macinfo
 *(.debug_macinfo)

.debug_weaknames
 *(.debug_weaknames)
