Archive member included to satisfy reference by file (symbol)

c:/program files (x86)/atmel/studio/7.0/toolchain/avr8/avr8-gnu-toolchain/bin/../lib/gcc/avr/7.3.0/../../../../avr/lib/avrxmega4\libm.a(addsf3.o)
                              main.o (__subsf3)
c:/program files (x86)/atmel/studio/7.0/toolchain/avr8/avr8-gnu-toolchain/bin/../lib/gcc/avr/7.3.0/../../../../avr/lib/avrxmega4\libm.a(addsf3x.o)
                              c:/program files (x86)/atmel/studio/7.0/toolchain/avr8/avr8-gnu-toolchain/bin/../lib/gcc/avr/7.3.0/../../../../avr/lib/avrxmega4\libm.a(addsf3.o) (__addsf3x)
c:/program files (x86)/atmel/studio/7.0/toolchain/avr8/avr8-gnu-toolchain/bin/../lib/gcc/avr/7.3.0/../../../../avr/lib/avrxmega4\libm.a(ceil.o)
                              src/util.o (ceil)
c:/program files (x86)/atmel/studio/7.0/toolchain/avr8/avr8-gnu-toolchain/bin/../lib/gcc/avr/7.3.0/../../../../avr/lib/avrxmega4\libm.a(cmpsf2.o)
                              main.o (__ltsf2)
c:/program files (x86)/atmel/studio/7.0/toolchain/avr8/avr8-gnu-toolchain/bin/../lib/gcc/avr/7.3.0/../../../../avr/lib/avrxmega4\libm.a(cos.o)
                              src/Goertzel.o (cos)
c:/program files (x86)/atmel/studio/7.0/toolchain/avr8/avr8-gnu-toolchain/bin/../lib/gcc/avr/7.3.0/../../../../avr/lib/avrxmega4\libm.a(divsf3.o)
                              main.o (__divsf3)
c:/program files (x86)/atmel/studio/7.0/toolchain/avr8/avr8-gnu-toolchain/bin/../lib/gcc/avr/7.3.0/../../../../avr/lib/avrxmega4\libm.a(divsf3x.o)
                              c:/program files (x86)/atmel/studio/7.0/toolchain/avr8/avr8-gnu-toolchain/bin/../lib/gcc/avr/7.3.0/../../../../avr/lib/avrxmega4\libm.a(divsf3.o) (__divsf3x)
c:/program files (x86)/atmel/studio/7.0/toolchain/avr8/avr8-gnu-toolchain/bin/../lib/gcc/avr/7.3.0/../../../../avr/lib/avrxmega4\libm.a(fixsfsi.o)
                              src/Goertzel.o (__fixsfsi)
c:/program files (x86)/atmel/studio/7.0/toolchain/avr8/avr8-gnu-toolchain/bin/../lib/gcc/avr/7.3.0/../../../../avr/lib/avrxmega4\libm.a(fixunssfsi.o)
                              main.o (__fixunssfsi)
c:/program files (x86)/atmel/studio/7.0/toolchain/avr8/avr8-gnu-toolchain/bin/../lib/gcc/avr/7.3.0/../../../../avr/lib/avrxmega4\libm.a(floatsisf.o)
                              main.o (__floatunsisf)
c:/program files (x86)/atmel/studio/7.0/toolchain/avr8/avr8-gnu-toolchain/bin/../lib/gcc/avr/7.3.0/../../../../avr/lib/avrxmega4\libm.a(fp_cmp.o)
                              c:/program files (x86)/atmel/studio/7.0/toolchain/avr8/avr8-gnu-toolchain/bin/../lib/gcc/avr/7.3.0/../../../../avr/lib/avrxmega4\libm.a(cmpsf2.o) (__fp_cmp)
c:/program files (x86)/atmel/studio/7.0/toolchain/avr8/avr8-gnu-toolchain/bin/../lib/gcc/avr/7.3.0/../../../../avr/lib/avrxmega4\libm.a(fp_inf.o)
                              c:/program files (x86)/atmel/studio/7.0/toolchain/avr8/avr8-gnu-toolchain/bin/../lib/gcc/avr/7.3.0/../../../../avr/lib/avrxmega4\libm.a(addsf3x.o) (__fp_inf)
c:/program files (x86)/atmel/studio/7.0/toolchain/avr8/avr8-gnu-toolchain/bin/../lib/gcc/avr/7.3.0/../../../../avr/lib/avrxmega4\libm.a(fp_mintl.o)
                              c:/program files (x86)/atmel/studio/7.0/toolchain/avr8/avr8-gnu-toolchain/bin/../lib/gcc/avr/7.3.0/../../../../avr/lib/avrxmega4\libm.a(ceil.o) (__fp_mintl)
c:/program files (x86)/atmel/studio/7.0/toolchain/avr8/avr8-gnu-toolchain/bin/../lib/gcc/avr/7.3.0/../../../../avr/lib/avrxmega4\libm.a(fp_mpack.o)
                              c:/program files (x86)/atmel/studio/7.0/toolchain/avr8/avr8-gnu-toolchain/bin/../lib/gcc/avr/7.3.0/../../../../avr/lib/avrxmega4\libm.a(ceil.o) (__fp_mpack)
c:/program files (x86)/atmel/studio/7.0/toolchain/avr8/avr8-gnu-toolchain/bin/../lib/gcc/avr/7.3.0/../../../../avr/lib/avrxmega4\libm.a(fp_nan.o)
                              c:/program files (x86)/atmel/studio/7.0/toolchain/avr8/avr8-gnu-toolchain/bin/../lib/gcc/avr/7.3.0/../../../../avr/lib/avrxmega4\libm.a(addsf3x.o) (__fp_nan)
c:/program files (x86)/atmel/studio/7.0/toolchain/avr8/avr8-gnu-toolchain/bin/../lib/gcc/avr/7.3.0/../../../../avr/lib/avrxmega4\libm.a(fp_pscA.o)
                              c:/program files (x86)/atmel/studio/7.0/toolchain/avr8/avr8-gnu-toolchain/bin/../lib/gcc/avr/7.3.0/../../../../avr/lib/avrxmega4\libm.a(addsf3x.o) (__fp_pscA)
c:/program files (x86)/atmel/studio/7.0/toolchain/avr8/avr8-gnu-toolchain/bin/../lib/gcc/avr/7.3.0/../../../../avr/lib/avrxmega4\libm.a(fp_pscB.o)
                              c:/program files (x86)/atmel/studio/7.0/toolchain/avr8/avr8-gnu-toolchain/bin/../lib/gcc/avr/7.3.0/../../../../avr/lib/avrxmega4\libm.a(addsf3x.o) (__fp_pscB)
c:/program files (x86)/atmel/studio/7.0/toolchain/avr8/avr8-gnu-toolchain/bin/../lib/gcc/avr/7.3.0/../../../../avr/lib/avrxmega4\libm.a(fp_rempio2.o)
                              c:/program files (x86)/atmel/studio/7.0/toolchain/avr8/avr8-gnu-toolchain/bin/../lib/gcc/avr/7.3.0/../../../../avr/lib/avrxmega4\libm.a(cos.o) (__fp_rempio2)
[...]
Memory Configuration

Name             Origin             Length             Attributes
text             0x0000000000000000 0x0000000000020000 xr
data             0x0000000000804000 0x0000000000004000 rw !x
eeprom           0x0000000000810000 0x0000000000000200 rw !x
fuse             0x0000000000820000 0x0000000000000010 rw !x
lock             0x0000000000830000 0x0000000000000400 rw !x
signature        0x0000000000840000 0x0000000000000400 rw !x
user_signatures  0x0000000000850000 0x0000000000000400 rw !x
*default*        0x0000000000000000 0xffffffffffffffff

Linker script and memory map

Address of section .data set to 0x804000
                0x0000000000008000                __RODATA_PM_OFFSET__ = 0x8000
LOAD C:/Program Files (x86)/Atmel/Studio/7.0/Packs/atmel/AVR-Dx_DFP/1.9.103/gcc/dev/avr128da48/avrxmega4/crtavr128da48.o
LOAD atmel_start.o
LOAD main.o
LOAD src/adc.o
LOAD src/binio.o
LOAD src/bod.o
LOAD src/CircularStringBuff.o
LOAD src/clkctrl.o
LOAD src/cpuint.o
LOAD src/dac0.o
LOAD src/display.o
LOAD src/driver_init.o
LOAD src/eeprommanager.o
LOAD src/Goertzel.o
LOAD src/i2c.o
LOAD src/leds.o
LOAD src/morse.o
LOAD src/protected_io.o
LOAD src/rtc.o
LOAD src/si5351.o
LOAD src/slpctrl.o
LOAD src/tca.o
LOAD src/tcb.o
LOAD src/receiver.o
LOAD src/util.o
START GROUP
LOAD c:/program files (x86)/atmel/studio/7.0/toolchain/avr8/avr8-gnu-toolchain/bin/../lib/gcc/avr/7.3.0/../../../../avr/lib/avrxmega4\libm.a
END GROUP
LOAD c:/program files (x86)/atmel/studio/7.0/toolchain/avr8/avr8-gnu-toolchain/bin/../lib/gcc/avr/7.3.0/avrxmega4\libgcc.a
LOAD c:/program files (x86)/atmel/studio/7.0/toolchain/avr8/avr8-gnu-toolchain/bin/../lib/gcc/avr/7.3.0/../../../../avr/lib/avrxmega4\libm.a
START GROUP
LOAD c:/program files (x86)/atmel/studio/7.0/toolchain/avr8/avr8-gnu-toolchain/bin/../lib/gcc/avr/7.3.0/avrxmega4\libgcc.a
LOAD c:/program files (x86)/atmel/studio/7.0/toolchain/avr8/avr8-gnu-toolchain/bin/../lib/gcc/avr/7.3.0/../../../../avr/lib/avrxmega4\libm.a
LOAD c:/program files (x86)/atmel/studio/7.0/toolchain/avr8/avr8-gnu-toolchain/bin/../lib/gcc/avr/7.3.0/../../../../avr/lib/avrxmega4\libc.a
LOAD C:/Program Files (x86)/Atmel/Studio/7.0/Packs/atmel/AVR-Dx_DFP/1.9.103/gcc/dev/avr128da48/avrxmega4\libavr128da48.a
END GROUP
                [0x0000000000000000]                __TEXT_REGION_ORIGIN__ = DEFINED (__TEXT_REGION_ORIGIN__)?__TEXT_REGION_ORIGIN__:0x0
                [0x0000000000804000]                __DATA_REGION_ORIGIN__ = DEFINED (__DATA_REGION_ORIGIN__)?__DATA_REGION_ORIGIN__:0x802000
                [0x0000000000020000]                __TEXT_REGION_LENGTH__ = DEFINED (__TEXT_REGION_LENGTH__)?__TEXT_REGION_LENGTH__:0x100000
                [0x0000000000004000]                __DATA_REGION_LENGTH__ = DEFINED (__DATA_REGION_LENGTH__)?__DATA_REGION_LENGTH__:0xffa0
                [0x0000000000000200]                __EEPROM_REGION_LENGTH__ = DEFINED (__EEPROM_REGION_LENGTH__)?__EEPROM_REGION_LENGTH__:0x10000
                [0x0000000000000010]                __FUSE_REGION_LENGTH__ = DEFINED (__FUSE_REGION_LENGTH__)?__FUSE_REGION_LENGTH__:0x400
                0x0000000000000400                __LOCK_REGION_LENGTH__ = DEFINED (__LOCK_REGION_LENGTH__)?__LOCK_REGION_LENGTH__:0x400
                0x0000000000000400                __SIGNATURE_REGION_LENGTH__ = DEFINED (__SIGNATURE_REGION_LENGTH__)?__SIGNATURE_REGION_LENGTH__:0x400
                0x0000000000000400                __USER_SIGNATURE_REGION_LENGTH__ = DEFINED (__USER_SIGNATURE_REGION_LENGTH__)?__USER_SIGNATURE_REGION_LENGTH__:0x400

.hash
 *(.hash)

.dynsym
 *(.dynsym)

.dynstr
 *(.dynstr)

.gnu.version
 *(.gnu.version)

.gnu.version_d
 *(.gnu.version_d)

.gnu.version_r
 *(.gnu.version_r)

.rel.init
 *(.rel.init)

.rela.init
 *(.rela.init)

.rel.text
 *(.rel.text)
 *(.rel.text.*)
 *(.rel.gnu.linkonce.t*)

.rela.text
 *(.rela.text)
 *(.rela.text.*)
 *(.rela.gnu.linkonce.t*)

.rel.fini
 *(.rel.fini)

.rela.fini
 *(.rela.fini)

.rel.rodata
 *(.rel.rodata)
 *(.rel.rodata.*)
 *(.rel.gnu.linkonce.r*)

.rela.rodata
 *(.rela.rodata)
 *(.rela.rodata.*)
 *(.rela.gnu.linkonce.r*)

.rel.data
 *(.rel.data)
 *(.rel.data.*)
 *(.rel.gnu.linkonce.d*)

.rela.data
 *(.rela.data)
 *(.rela.data.*)
 *(.rela.gnu.linkonce.d*)

.rel.ctors
 *(.rel.ctors)

.rela.ctors
 *(.rela.ctors)

.rel.dtors
 *(.rel.dtors)

.rela.dtors
 *(.rela.dtors)

.rel.got
 *(.rel.got)

.rela.got
 *(.rela.got)

.rel.bss
 *(.rel.bss)

.rela.bss
 *(.rela.bss)

.rel.plt
 *(.rel.plt)

.rela.plt
 *(.rela.plt)

.text           0x0000000000000000     0x7d6e
 *(.vectors)
 .vectors       0x0000000000000000       0xe8 C:/Program Files (x86)/Atmel/Studio/7.0/Packs/atmel/AVR-Dx_DFP/1.9.103/gcc/dev/avr128da48/avrxmega4/crtavr128da48.o
                0x0000000000000000                __vector_default
                0x0000000000000000                __vectors
 *(.vectors)
 *(.progmem.gcc*)
 .progmem.gcc_fplib
                0x00000000000000e8       0x1e c:/program files (x86)/atmel/studio/7.0/toolchain/avr8/avr8-gnu-toolchain/bin/../lib/gcc/avr/7.3.0/../../../../avr/lib/avrxmega4\libm.a(fp_sinus.o)
                0x0000000000000106                . = ALIGN (0x2)
                0x0000000000000106                __trampolines_start = .
 *(.trampolines)
 .trampolines   0x0000000000000106        0x0 linker stubs
 *(.trampolines*)
                0x0000000000000106                __trampolines_end = .
 *libprintf_flt.a:*(.progmem.data)
 *libc.a:*(.progmem.data)
 *(.progmem*)
                0x0000000000000106                . = ALIGN (0x2)
 *(.jumptables)
 *(.jumptables*)
 *(.lowtext)
 *(.lowtext*)
                0x0000000000000106                __ctors_start = .
 *(.ctors)
 .ctors         0x0000000000000106        0x2 main.o
 .ctors         0x0000000000000108        0x2 src/adc.o
                0x000000000000010a                __ctors_end = .
                0x000000000000010a                __dtors_start = .
 *(.dtors)
 .dtors         0x000000000000010a        0x2 main.o
 .dtors         0x000000000000010c        0x2 src/adc.o
                0x000000000000010e                __dtors_end = .
 SORT(*)(.ctors)
 SORT(*)(.dtors)
 *(.init0)
 .init0         0x000000000000010e        0x0 C:/Program Files (x86)/Atmel/Studio/7.0/Packs/atmel/AVR-Dx_DFP/1.9.103/gcc/dev/avr128da48/avrxmega4/crtavr128da48.o
                0x000000000000010e                __init
 *(.init0)
 *(.init1)
 *(.init1)
 *(.init2)
 .init2         0x000000000000010e        0xc C:/Program Files (x86)/Atmel/Studio/7.0/Packs/atmel/AVR-Dx_DFP/1.9.103/gcc/dev/avr128da48/avrxmega4/crtavr128da48.o
 *(.init2)
 *(.init3)
 *(.init3)
 *(.init4)
 .init4         0x000000000000011a       0x1a c:/program files (x86)/atmel/studio/7.0/toolchain/avr8/avr8-gnu-toolchain/bin/../lib/gcc/avr/7.3.0/avrxmega4\libgcc.a(_copy_data.o)
                0x000000000000011a                __do_copy_data
 .init4         0x0000000000000134       0x10 c:/program files (x86)/atmel/studio/7.0/toolchain/avr8/avr8-gnu-toolchain/bin/../lib/gcc/avr/7.3.0/avrxmega4\libgcc.a(_clear_bss.o)
                0x0000000000000134                __do_clear_bss
 *(.init4)
 *(.init5)
 *(.init5)
 *(.init6)
 .init6         0x0000000000000144       0x16 c:/program files (x86)/atmel/studio/7.0/toolchain/avr8/avr8-gnu-toolchain/bin/../lib/gcc/avr/7.3.0/avrxmega4\libgcc.a(_ctors.o)
                0x0000000000000144                __do_global_ctors
 *(.init6)
 *(.init7)
 *(.init7)
 *(.init8)
 *(.init8)
 *(.init9)
 .init9         0x000000000000015a        0x8 C:/Program Files (x86)/Atmel/Studio/7.0/Packs/atmel/AVR-Dx_DFP/1.9.103/gcc/dev/avr128da48/avrxmega4/crtavr128da48.o
 *(.init9)
 *(.text)
 .text          0x0000000000000162        0x4 C:/Program Files (x86)/Atmel/Studio/7.0/Packs/atmel/AVR-Dx_DFP/1.9.103/gcc/dev/avr128da48/avrxmega4/crtavr128da48.o
                0x0000000000000162                __vector_38
                0x0000000000000162                __vector_22
                0x0000000000000162                __vector_28
                0x0000000000000162                __vector_1
                0x0000000000000162                __vector_32
                0x0000000000000162                __vector_55
                0x0000000000000162                __bad_interrupt
                0x0000000000000162                __vector_31
                0x0000000000000162                __vector_35
                0x0000000000000162                __vector_39
                0x0000000000000162                __vector_23
                0x0000000000000162                __vector_45
                0x0000000000000162                __vector_25
                0x0000000000000162                __vector_11
                0x0000000000000162                __vector_54
                0x0000000000000162                __vector_17
                0x0000000000000162                __vector_19
                0x0000000000000162                __vector_56
                0x0000000000000162                __vector_7
                0x0000000000000162                __vector_49
                0x0000000000000162                __vector_43
                0x0000000000000162                __vector_27
                0x0000000000000162                __vector_5
                0x0000000000000162                __vector_33
                0x0000000000000162                __vector_47
                0x0000000000000162                __vector_52
                0x0000000000000162                __vector_37
                0x0000000000000162                __vector_4
                0x0000000000000162                __vector_44
                0x0000000000000162                __vector_51
                0x0000000000000162                __vector_9
                0x0000000000000162                __vector_2
                0x0000000000000162                __vector_21
                0x0000000000000162                __vector_15
                0x0000000000000162                __vector_36
                0x0000000000000162                __vector_29
                0x0000000000000162                __vector_40
                0x0000000000000162                __vector_8
                0x0000000000000162                __vector_26
                0x0000000000000162                __vector_48
                0x0000000000000162                __vector_14
                0x0000000000000162                __vector_57
                0x0000000000000162                __vector_53
                0x0000000000000162                __vector_10
                0x0000000000000162                __vector_50
                0x0000000000000162                __vector_16
                0x0000000000000162                __vector_18
                0x0000000000000162                __vector_20
                0x0000000000000162                __vector_42
 .text          0x0000000000000166       0x18 c:/program files (x86)/atmel/studio/7.0/toolchain/avr8/avr8-gnu-toolchain/bin/../lib/gcc/avr/7.3.0/../../../../avr/lib/avrxmega4\libc.a(set_system_time.o)
                0x0000000000000166                set_system_time
 .text          0x000000000000017e       0x26 c:/program files (x86)/atmel/studio/7.0/toolchain/avr8/avr8-gnu-toolchain/bin/../lib/gcc/avr/7.3.0/../../../../avr/lib/avrxmega4\libc.a(time.o)
                0x000000000000017e                time
 .text          0x00000000000001a4       0x38 c:/program files (x86)/atmel/studio/7.0/toolchain/avr8/avr8-gnu-toolchain/bin/../lib/gcc/avr/7.3.0/../../../../avr/lib/avrxmega4\libc.a(system_tick.o)
                0x00000000000001a4                system_tick
                0x00000000000001dc                . = ALIGN (0x2)
 *(.text.*)
 .text.atmel_start_init
                0x00000000000001dc       0x14 atmel_start.o
                0x00000000000001dc                atmel_start_init
 .text.PORTA_set_pin_level
                0x00000000000001f0       0x78 main.o
 .text.__vector_3
                0x0000000000000268       0xfe main.o
                0x0000000000000268                __vector_3
 .text.__vector_46
                0x0000000000000366      0x380 main.o
                0x0000000000000366                __vector_46
 .text.__vector_24
                0x00000000000006e6      0x18a main.o
                0x00000000000006e6                __vector_24
 .text.__vector_12
                0x0000000000000870      0x766 main.o
                0x0000000000000870                __vector_12
 .text.__vector_6
                0x0000000000000fd6       0x56 main.o
                0x0000000000000fd6                __vector_6
 .text.__vector_34
                0x000000000000102c      0x124 main.o
                0x000000000000102c                __vector_34
 .text._Z11powerDown5Vv
                0x0000000000001150       0x18 main.o
                0x0000000000001150                _Z11powerDown5Vv
 .text._Z9powerUp5Vv
                0x0000000000001168       0x18 main.o
                0x0000000000001168                _Z9powerUp5Vv
 .text._ZL12sineWaveInitv
                0x0000000000001180       0xc8 main.o
 .text.main     0x0000000000001248      0xc8e main.o
                0x0000000000001248                main
 .text._Z41__static_initialization_and_destruction_0ii
                0x0000000000001ed6       0x7e main.o
 .text._GLOBAL__sub_I_g_seconds_transition
                0x0000000000001f54       0x1a main.o
 .text._GLOBAL__sub_D_g_seconds_transition
                0x0000000000001f6e       0x1a main.o
 .text._Z18ADC0_setADCChannel20ADC_Active_Channel_t
                0x0000000000001f88      0x14c src/adc.o
                0x0000000000001f88                _Z18ADC0_setADCChannel20ADC_Active_Channel_t
 .text._Z20ADC0_startConversionv
                0x00000000000020d4       0x26 src/adc.o
                0x00000000000020d4                _Z20ADC0_startConversionv
 .text._Z19ADC0_conversionDonev
                0x00000000000020fa       0x28 src/adc.o
                0x00000000000020fa                _Z19ADC0_conversionDonev
 .text._Z9ADC0_readv
                0x0000000000002122       0x18 src/adc.o
                0x0000000000002122                _Z9ADC0_readv
 .text._ZL9PORT_initv
                0x000000000000213a       0xe8 src/adc.o
 .text._ZL10VREF0_initv
                0x0000000000002222       0x1a src/adc.o
 .text._ZL9ADC0_initb
                0x000000000000223c       0x66 src/adc.o
 .text._ZL16ADC0_SYSTEM_initb
                0x00000000000022a2       0x24 src/adc.o
 .text._ZL20ADC0_SYSTEM_shutdownv
                0x00000000000022c6       0x28 src/adc.o
 .text._Z41__static_initialization_and_destruction_0ii
                0x00000000000022ee       0x6a src/adc.o
 .text._GLOBAL__sub_I_g_adcVal
                0x0000000000002358       0x1a src/adc.o
 .text._GLOBAL__sub_D_g_adcVal
                0x0000000000002372       0x1a src/adc.o
 .text.PORTA_set_pin_pull_mode
                0x000000000000238c       0x6a src/binio.o
 .text.PORTA_set_pin_dir
                0x00000000000023f6       0xb0 src/binio.o
 .text.PORTA_set_pin_level
                0x00000000000024a6       0x78 src/binio.o
 .text.PORTA_get_port_level
                0x000000000000251e       0x16 src/binio.o
 .text.PORTB_set_pin_dir
                0x0000000000002534       0xb0 src/binio.o
 .text.PORTB_set_pin_level
                0x00000000000025e4       0x78 src/binio.o
 .text.PORTC_set_pin_pull_mode
                0x000000000000265c       0x6a src/binio.o
 .text.PORTC_set_pin_dir
                0x00000000000026c6       0xb0 src/binio.o
 .text.PORTC_set_pin_level
                0x0000000000002776       0x78 src/binio.o
 .text.PORTE_set_pin_dir
                0x00000000000027ee       0xb0 src/binio.o
 .text.PORTE_set_pin_level
                0x000000000000289e       0x78 src/binio.o
 .text.PORTF_set_pin_pull_mode
                0x0000000000002916       0x6a src/binio.o
 .text.PORTF_set_pin_dir
                0x0000000000002980       0xb0 src/binio.o
 .text.PORTF_set_pin_level
                0x0000000000002a30       0x78 src/binio.o
 .text.PORTF_get_port_level
                0x0000000000002aa8       0x16 src/binio.o
 .text._Z8debouncev
                0x0000000000002abe       0x98 src/binio.o
                0x0000000000002abe                _Z8debouncev
 .text._Z18portAdebouncedValsv
                0x0000000000002b56       0x12 src/binio.o
                0x0000000000002b56                _Z18portAdebouncedValsv
 .text._Z10BINIO_initv
                0x0000000000002b68      0x1be src/binio.o
                0x0000000000002b68                _Z10BINIO_initv
 .text._Z11BINIO_sleepv
                0x0000000000002d26      0x18c src/binio.o
                0x0000000000002d26                _Z11BINIO_sleepv
 .text.BOD_init
                0x0000000000002eb2       0x18 src/bod.o
                0x0000000000002eb2                BOD_init
 .text._ZN18CircularStringBuffC2Ej
                0x0000000000002eca       0x68 src/CircularStringBuff.o
                0x0000000000002eca                _ZN18CircularStringBuffC1Ej
                0x0000000000002eca                _ZN18CircularStringBuffC2Ej
 .text._ZN18CircularStringBuffD2Ev
                0x0000000000002f32       0x28 src/CircularStringBuff.o
                0x0000000000002f32                _ZN18CircularStringBuffD2Ev
                0x0000000000002f32                _ZN18CircularStringBuffD1Ev
 .text._ZN18CircularStringBuff5resetEv
                0x0000000000002f5a       0x3e src/CircularStringBuff.o
                0x0000000000002f5a                _ZN18CircularStringBuff5resetEv
 .text._ZNK18CircularStringBuff5emptyEv
                0x0000000000002f98       0x48 src/CircularStringBuff.o
                0x0000000000002f98                _ZNK18CircularStringBuff5emptyEv
 .text._ZNK18CircularStringBuff8capacityEv
                0x0000000000002fe0       0x22 src/CircularStringBuff.o
                0x0000000000002fe0                _ZNK18CircularStringBuff8capacityEv
 .text._ZNK18CircularStringBuff4sizeEv
                0x0000000000003002       0xa4 src/CircularStringBuff.o
                0x0000000000003002                _ZNK18CircularStringBuff4sizeEv
 .text._ZNK18CircularStringBuff9remainingEv
                0x00000000000030a6       0x5a src/CircularStringBuff.o
                0x00000000000030a6                _ZNK18CircularStringBuff9remainingEv
 .text._ZN18CircularStringBuff3putEc
                0x0000000000003100       0xc8 src/CircularStringBuff.o
                0x0000000000003100                _ZN18CircularStringBuff3putEc
 .text._ZN18CircularStringBuff3getEv
                0x00000000000031c8       0x80 src/CircularStringBuff.o
                0x00000000000031c8                _ZN18CircularStringBuff3getEv
 .text._ZN18CircularStringBuff9putStringEPc
                0x0000000000003248       0xc6 src/CircularStringBuff.o
                0x0000000000003248                _ZN18CircularStringBuff9putStringEPc
 .text._ZN18CircularStringBuff9getStringEPcPj
                0x000000000000330e       0xa6 src/CircularStringBuff.o
                0x000000000000330e                _ZN18CircularStringBuff9getStringEPcPj
 .text.ccp_write_io
                0x00000000000033b4       0x2c src/clkctrl.o
 .text.CLKCTRL_init
                0x00000000000033e0       0x24 src/clkctrl.o
                0x00000000000033e0                CLKCTRL_init
 .text.CPUINT_init
                0x0000000000003404       0x12 src/cpuint.o
                0x0000000000003404                CPUINT_init
 .text._ZL9VREF_initv
                0x0000000000003416       0x1a src/dac0.o
 .text._Z9DAC0_initv
                0x0000000000003430       0x54 src/dac0.o
                0x0000000000003430                _Z9DAC0_initv
 .text._Z11DAC0_setValj
                0x0000000000003484       0x42 src/dac0.o
                0x0000000000003484                _Z11DAC0_setValj
 .text.PORTB_set_pin_level
                0x00000000000034c6       0x78 src/display.o
 .text._ZN7DisplayC2Ev
                0x000000000000353e       0x32 src/display.o
                0x000000000000353e                _ZN7DisplayC2Ev
                0x000000000000353e                _ZN7DisplayC1Ev
 .text._ZN7Display5beginE9display_t
                0x0000000000003570       0xd6 src/display.o
                0x0000000000003570                _ZN7Display5beginE9display_t
 .text._ZN7Display5resetEv
                0x0000000000003646       0x4e src/display.o
                0x0000000000003646                _ZN7Display5resetEv
 .text._ZN7Display4initEv
                0x0000000000003694       0xfa src/display.o
                0x0000000000003694                _ZN7Display4initEv
 .text._ZN7Display3clsEv
                0x000000000000378e       0x24 src/display.o
                0x000000000000378e                _ZN7Display3clsEv
 .text._ZN7Display6locateEhh
                0x00000000000037b2       0x48 src/display.o
                0x00000000000037b2                _ZN7Display6locateEhh
 .text._ZN7Display5writeEh
                0x00000000000037fa       0x2c src/display.o
                0x00000000000037fa                _ZN7Display5writeEh
 .text._ZN7Display5writeEPhj
                0x0000000000003826       0x3c src/display.o
                0x0000000000003826                _ZN7Display5writeEPhj
 .text._ZN7Display11sendCommandEh
                0x0000000000003862       0x44 src/display.o
                0x0000000000003862                _ZN7Display11sendCommandEh
 .text._ZN7Display8sendDataEh
                0x00000000000038a6       0x44 src/display.o
                0x00000000000038a6                _ZN7Display8sendDataEh
 .text._ZN7Display10sendBufferEPhj
                0x00000000000038ea       0x44 src/display.o
                0x00000000000038ea                _ZN7Display10sendBufferEPhj
 .text._ZN7Display18display_write_bulkEhPhh
                0x000000000000392e       0x70 src/display.o
                0x000000000000392e                _ZN7Display18display_write_bulkEhPhh
 .text.PORTC_set_pin_dir
                0x000000000000399e       0xb0 src/driver_init.o
 .text.PORTC_set_pin_level
                0x0000000000003a4e       0x78 src/driver_init.o
 .text._ZL15LED_set_RED_dir8port_dir
                0x0000000000003ac6       0x26 src/driver_init.o
 .text._ZL17LED_set_GREEN_dir8port_dir
                0x0000000000003aec       0x26 src/driver_init.o
 .text._ZL17LED_set_RED_levelb
                0x0000000000003b12       0x1e src/driver_init.o
 .text._ZL19LED_set_GREEN_levelb
                0x0000000000003b30       0x1e src/driver_init.o
 .text.mcu_init
                0x0000000000003b4e       0x72 src/driver_init.o
                0x0000000000003b4e                mcu_init
 .text.system_init
                0x0000000000003bc0       0x30 src/driver_init.o
                0x0000000000003bc0                system_init
 .text.system_sleep_settings
                0x0000000000003bf0       0x38 src/driver_init.o
                0x0000000000003bf0                system_sleep_settings
 .text._ZN13EepromManagerC2Ev
                0x0000000000003c28       0x1a src/eeprommanager.o
                0x0000000000003c28                _ZN13EepromManagerC1Ev
                0x0000000000003c28                _ZN13EepromManagerC2Ev
 .text._ZN13EepromManagerD2Ev
                0x0000000000003c42       0x1a src/eeprommanager.o
                0x0000000000003c42                _ZN13EepromManagerD1Ev
                0x0000000000003c42                _ZN13EepromManagerD2Ev
 .text._ZN13EepromManager15updateEEPROMVarE8EE_var_tPv
                0x0000000000003c5c       0x26 src/eeprommanager.o
                0x0000000000003c5c                _ZN13EepromManager15updateEEPROMVarE8EE_var_tPv
 .text._ZN8GoertzelC2Eff
                0x0000000000003c82      0x130 src/Goertzel.o
                0x0000000000003c82                _ZN8GoertzelC1Eff
                0x0000000000003c82                _ZN8GoertzelC2Eff
 .text._ZN8GoertzelD2Ev
                0x0000000000003db2       0x26 src/Goertzel.o
                0x0000000000003db2                _ZN8GoertzelD2Ev
                0x0000000000003db2                _ZN8GoertzelD1Ev
 .text._ZN8Goertzel18SetTargetFrequencyEf
                0x0000000000003dd8      0x164 src/Goertzel.o
                0x0000000000003dd8                _ZN8Goertzel18SetTargetFrequencyEf
 .text._ZN8Goertzel13ResetGoertzelEv
                0x0000000000003f3c       0x3e src/Goertzel.o
                0x0000000000003f3c                _ZN8Goertzel13ResetGoertzelEv
 .text._ZN8Goertzel13ProcessSampleEi
                0x0000000000003f7a      0x116 src/Goertzel.o
                0x0000000000003f7a                _ZN8Goertzel13ProcessSampleEi
 .text._ZN8Goertzel9DataPointEi
                0x0000000000004090       0x92 src/Goertzel.o
                0x0000000000004090                _ZN8Goertzel9DataPointEi
 .text._ZN8Goertzel12SamplesReadyEv
                0x0000000000004122       0x1c src/Goertzel.o
                0x0000000000004122                _ZN8Goertzel12SamplesReadyEv
 .text._ZN8Goertzel10Magnitude2EPi
                0x000000000000413e      0x19e src/Goertzel.o
                0x000000000000413e                _ZN8Goertzel10Magnitude2EPi
 .text.I2C_0_Init
                0x00000000000042dc       0x62 src/i2c.o
                0x00000000000042dc                I2C_0_Init
 .text._ZL11i2c_0_WaitWv
                0x000000000000433e       0xbc src/i2c.o
 .text._ZL11i2c_0_WaitRv
                0x00000000000043fa       0x82 src/i2c.o
 .text.I2C_0_SendData
                0x000000000000447c       0xd0 src/i2c.o
                0x000000000000447c                I2C_0_SendData
 .text.I2C_0_GetData
                0x000000000000454c       0xfc src/i2c.o
                0x000000000000454c                I2C_0_GetData
 .text.I2C_0_EndSession
                0x0000000000004648       0x1a src/i2c.o
                0x0000000000004648                I2C_0_EndSession
 .text.PORTC_set_pin_level
                0x0000000000004662       0x78 src/leds.o
 .text._ZL17LED_set_RED_levelb
                0x00000000000046da       0x1e src/leds.o
 .text._ZL19LED_set_GREEN_levelb
                0x00000000000046f8       0x1e src/leds.o
 .text._ZN4ledsC2Ev
                0x0000000000004716       0x1a src/leds.o
                0x0000000000004716                _ZN4ledsC2Ev
                0x0000000000004716                _ZN4ledsC1Ev
 .text._ZN4ledsD2Ev
                0x0000000000004730       0x1a src/leds.o
                0x0000000000004730                _ZN4ledsD2Ev
                0x0000000000004730                _ZN4ledsD1Ev
 .text.__vector_41
                0x000000000000474a      0x302 src/leds.o
                0x000000000000474a                __vector_41
 .text._ZN4leds6activeEv
                0x0000000000004a4c       0x4a src/leds.o
                0x0000000000004a4c                _ZN4leds6activeEv
 .text._ZN4leds10deactivateEv
                0x0000000000004a96       0x5c src/leds.o
                0x0000000000004a96                _ZN4leds10deactivateEv
 .text._ZN4leds5resetEv
                0x0000000000004af2       0x4e src/leds.o
                0x0000000000004af2                _ZN4leds5resetEv
 .text._ZN4leds4initEv
                0x0000000000004b40       0x26 src/leds.o
                0x0000000000004b40                _ZN4leds4initEv
 .text._ZN4leds4initE7Blink_t
                0x0000000000004b66       0x66 src/leds.o
                0x0000000000004b66                _ZN4leds4initE7Blink_t
 .text._ZN4leds5blinkE7Blink_t
                0x0000000000004bcc       0x32 src/leds.o
                0x0000000000004bcc                _ZN4leds5blinkE7Blink_t
 .text._ZN4leds5blinkE7Blink_tb
                0x0000000000004bfe      0x4fc src/leds.o
                0x0000000000004bfe                _ZN4leds5blinkE7Blink_tb
 .text.protected_write_io
                0x00000000000050fa        0xa src/protected_io.o
                0x00000000000050fa                protected_write_io
 .text.ccp_write_io
                0x0000000000005104       0x2c src/rtc.o
 .text._Z8RTC_initj
                0x0000000000005130      0x122 src/rtc.o
                0x0000000000005130                _Z8RTC_initj
 .text._Z15RTC_init_backupv
                0x0000000000005252       0x18 src/rtc.o
                0x0000000000005252                _Z15RTC_init_backupv
 .text._Z15RTC_init_backupj
                0x000000000000526a      0x130 src/rtc.o
                0x000000000000526a                _Z15RTC_init_backupj
 .text._Z19RTC_set_calibrationj
                0x000000000000539a       0x50 src/rtc.o
                0x000000000000539a                _Z19RTC_set_calibrationj
 .text.si5351_init_for_quad
                0x00000000000053ea      0x6f0 src/si5351.o
                0x00000000000053ea                si5351_init_for_quad
 .text.si5351_set_quad_frequency
                0x0000000000005ada      0x364 src/si5351.o
                0x0000000000005ada                si5351_set_quad_frequency
 .text.si5351_init
                0x0000000000005e3e      0x19e src/si5351.o
                0x0000000000005e3e                si5351_init
 .text.si5351_get_frequency
                0x0000000000005fdc       0x36 src/si5351.o
                0x0000000000005fdc                si5351_get_frequency
 .text._Z16si5351_pll_reset10si5351_pll
                0x0000000000006012       0x7e src/si5351.o
                0x0000000000006012                _Z16si5351_pll_reset10si5351_pll
 .text.si5351_clock_enable
                0x0000000000006090       0x9e src/si5351.o
                0x0000000000006090                si5351_clock_enable
 .text.si5351_drive_strength
                0x000000000000612e       0xc2 src/si5351.o
                0x000000000000612e                si5351_drive_strength
 .text._Z13reduce_by_gcdPmS_
                0x00000000000061f0      0x166 src/si5351.o
                0x00000000000061f0                _Z13reduce_by_gcdPmS_
 .text._Z17si5351_write_bulkhPhh
                0x0000000000006356       0x64 src/si5351.o
                0x0000000000006356                _Z17si5351_write_bulkhPhh
 .text._Z16si5351_read_bulkhPhh
                0x00000000000063ba       0x64 src/si5351.o
                0x00000000000063ba                _Z16si5351_read_bulkhPhh
 .text._Z31set_multisynth_registers_source12si5351_clock10si5351_pll
                0x000000000000641e       0x82 src/si5351.o
                0x000000000000641e                _Z31set_multisynth_registers_source12si5351_clock10si5351_pll
 .text._Z16set_integer_mode12si5351_clockb
                0x00000000000064a0       0x6c src/si5351.o
                0x00000000000064a0                _Z16set_integer_mode12si5351_clockb
 .text._Z21si5351_set_CLK1_phaseh
                0x000000000000650c       0x58 src/si5351.o
                0x000000000000650c                _Z21si5351_set_CLK1_phaseh
 .text.si5351_get_status
                0x0000000000006564       0x32 src/si5351.o
                0x0000000000006564                si5351_get_status
 .text.SLPCTRL_init
                0x0000000000006596       0x18 src/slpctrl.o
                0x0000000000006596                SLPCTRL_init
 .text.SLPCTRL_set_sleep_mode
                0x00000000000065ae       0x36 src/slpctrl.o
                0x00000000000065ae                SLPCTRL_set_sleep_mode
 .text.PORTE_set_pin_pull_mode
                0x00000000000065e4       0x6a src/tca.o
 .text.PORTE_set_pin_dir
                0x000000000000664e       0xb0 src/tca.o
 .text.TIMERA_init
                0x00000000000066fe       0x5c src/tca.o
                0x00000000000066fe                TIMERA_init
 .text.setPWM   0x000000000000675a       0xc0 src/tca.o
                0x000000000000675a                setPWM
 .text.getPWM   0x000000000000681a       0x16 src/tca.o
                0x000000000000681a                getPWM
 .text.TIMERB_init
                0x0000000000006830       0xd4 src/tcb.o
                0x0000000000006830                TIMERB_init
 .text.util_delay_ms
                0x0000000000006904      0x176 src/tcb.o
                0x0000000000006904                util_delay_ms
 .text.__vector_30
                0x0000000000006a7a       0xb0 src/tcb.o
                0x0000000000006a7a                __vector_30
 .text.__vector_13
                0x0000000000006b2a       0xb4 src/tcb.o
                0x0000000000006b2a                __vector_13
 .text.TIMERB_sleep
                0x0000000000006bde       0x50 src/tcb.o
                0x0000000000006bde                TIMERB_sleep
 .text._Z13init_receiverm
                0x0000000000006c2e       0x3c src/receiver.o
                0x0000000000006c2e                _Z13init_receiverm
 .text._Z13init_receiverv
                0x0000000000006c6a      0x154 src/receiver.o
                0x0000000000006c6a                _Z13init_receiverv
 .text._Z15frequencyStringPcm
                0x0000000000006dbe      0x12c src/util.o
                0x0000000000006dbe                _Z15frequencyStringPcm
 .text.avr-libc.fplib
                0x0000000000006eea        0xe c:/program files (x86)/atmel/studio/7.0/toolchain/avr8/avr8-gnu-toolchain/bin/../lib/gcc/avr/7.3.0/../../../../avr/lib/avrxmega4\libm.a(addsf3.o)
                0x0000000000006eea                __subsf3
                0x0000000000006eec                __addsf3
 .text.avr-libc.fplib
                0x0000000000006ef8       0xcc c:/program files (x86)/atmel/studio/7.0/toolchain/avr8/avr8-gnu-toolchain/bin/../lib/gcc/avr/7.3.0/../../../../avr/lib/avrxmega4\libm.a(addsf3x.o)
                0x0000000000006f1a                __addsf3x
 .text.avr-libc.fplib
                0x0000000000006fc4        0xa c:/program files (x86)/atmel/studio/7.0/toolchain/avr8/avr8-gnu-toolchain/bin/../lib/gcc/avr/7.3.0/../../../../avr/lib/avrxmega4\libm.a(cmpsf2.o)
                0x0000000000006fc4                __nesf2
                0x0000000000006fc4                __eqsf2
                0x0000000000006fc4                __cmpsf2
                0x0000000000006fc4                __ltsf2
                0x0000000000006fc4                __lesf2
 .text.avr-libc.fplib
                0x0000000000006fce        0xa c:/program files (x86)/atmel/studio/7.0/toolchain/avr8/avr8-gnu-toolchain/bin/../lib/gcc/avr/7.3.0/../../../../avr/lib/avrxmega4\libm.a(cos.o)
                0x0000000000006fce                cos
 .text.avr-libc.fplib
                0x0000000000006fd8        0x8 c:/program files (x86)/atmel/studio/7.0/toolchain/avr8/avr8-gnu-toolchain/bin/../lib/gcc/avr/7.3.0/../../../../avr/lib/avrxmega4\libm.a(divsf3.o)
                0x0000000000006fd8                __divsf3
 .text.avr-libc.fplib
                0x0000000000006fe0       0xdc c:/program files (x86)/atmel/studio/7.0/toolchain/avr8/avr8-gnu-toolchain/bin/../lib/gcc/avr/7.3.0/../../../../avr/lib/avrxmega4\libm.a(divsf3x.o)
                0x0000000000007000                __divsf3x
                0x0000000000007006                __divsf3_pse
 .text.avr-libc.fplib
                0x00000000000070bc        0xe c:/program files (x86)/atmel/studio/7.0/toolchain/avr8/avr8-gnu-toolchain/bin/../lib/gcc/avr/7.3.0/../../../../avr/lib/avrxmega4\libm.a(fixsfsi.o)
                0x00000000000070bc                __fixsfsi
 .text.avr-libc.fplib
                0x00000000000070ca       0x5e c:/program files (x86)/atmel/studio/7.0/toolchain/avr8/avr8-gnu-toolchain/bin/../lib/gcc/avr/7.3.0/../../../../avr/lib/avrxmega4\libm.a(fixunssfsi.o)
                0x00000000000070ca                __fixunssfsi
 .text.avr-libc.fplib
                0x0000000000007128       0x7a c:/program files (x86)/atmel/studio/7.0/toolchain/avr8/avr8-gnu-toolchain/bin/../lib/gcc/avr/7.3.0/../../../../avr/lib/avrxmega4\libm.a(floatsisf.o)
                0x0000000000007128                __floatunsisf
                0x000000000000712c                __floatsisf
 .text.avr-libc.fplib
                0x00000000000071a2       0x48 c:/program files (x86)/atmel/studio/7.0/toolchain/avr8/avr8-gnu-toolchain/bin/../lib/gcc/avr/7.3.0/../../../../avr/lib/avrxmega4\libm.a(fp_cmp.o)
                0x00000000000071a2                __fp_cmp
 .text.avr-libc.fplib
                0x00000000000071ea        0xc c:/program files (x86)/atmel/studio/7.0/toolchain/avr8/avr8-gnu-toolchain/bin/../lib/gcc/avr/7.3.0/../../../../avr/lib/avrxmega4\libm.a(fp_inf.o)
                0x00000000000071ea                __fp_inf
 .text.avr-libc.fplib
                0x00000000000071f6       0x1c c:/program files (x86)/atmel/studio/7.0/toolchain/avr8/avr8-gnu-toolchain/bin/../lib/gcc/avr/7.3.0/../../../../avr/lib/avrxmega4\libm.a(fp_mpack.o)
                0x00000000000071f6                __fp_mpack
                0x00000000000071fa                __fp_mpack_finite
 .text.avr-libc.fplib
                0x0000000000007212        0x6 c:/program files (x86)/atmel/studio/7.0/toolchain/avr8/avr8-gnu-toolchain/bin/../lib/gcc/avr/7.3.0/../../../../avr/lib/avrxmega4\libm.a(fp_nan.o)
                0x0000000000007212                __fp_nan
 .text.avr-libc.fplib
                0x0000000000007218        0xe c:/program files (x86)/atmel/studio/7.0/toolchain/avr8/avr8-gnu-toolchain/bin/../lib/gcc/avr/7.3.0/../../../../avr/lib/avrxmega4\libm.a(fp_pscA.o)
                0x0000000000007218                __fp_pscA
 .text.avr-libc.fplib
                0x0000000000007226        0xe c:/program files (x86)/atmel/studio/7.0/toolchain/avr8/avr8-gnu-toolchain/bin/../lib/gcc/avr/7.3.0/../../../../avr/lib/avrxmega4\libm.a(fp_pscB.o)
                0x0000000000007226                __fp_pscB
 .text.avr-libc.fplib
                0x0000000000007234       0x56 c:/program files (x86)/atmel/studio/7.0/toolchain/avr8/avr8-gnu-toolchain/bin/../lib/gcc/avr/7.3.0/../../../../avr/lib/avrxmega4\libm.a(fp_rempio2.o)
                0x0000000000007238                __fp_rempio2
 .text.avr-libc.fplib
                0x000000000000728a       0x22 c:/program files (x86)/atmel/studio/7.0/toolchain/avr8/avr8-gnu-toolchain/bin/../lib/gcc/avr/7.3.0/../../../../avr/lib/avrxmega4\libm.a(fp_round.o)
                0x000000000000728a                __fp_round
 .text.avr-libc.fplib
                0x00000000000072ac       0x28 c:/program files (x86)/atmel/studio/7.0/toolchain/avr8/avr8-gnu-toolchain/bin/../lib/gcc/avr/7.3.0/../../../../avr/lib/avrxmega4\libm.a(fp_sinus.o)
                0x00000000000072ac                __fp_sinus
 .text.avr-libc.fplib
                0x00000000000072d4       0x44 c:/program files (x86)/atmel/studio/7.0/toolchain/avr8/avr8-gnu-toolchain/bin/../lib/gcc/avr/7.3.0/../../../../avr/lib/avrxmega4\libm.a(fp_split3.o)
                0x00000000000072d4                __fp_split3
                0x00000000000072e4                __fp_splitA
 .text.avr-libc.fplib
                0x0000000000007318        0xe c:/program files (x86)/atmel/studio/7.0/toolchain/avr8/avr8-gnu-toolchain/bin/../lib/gcc/avr/7.3.0/../../../../avr/lib/avrxmega4\libm.a(fp_zero.o)
                0x0000000000007318                __fp_zero
                0x000000000000731a                __fp_szero
 .text.avr-libc.fplib
                0x0000000000007326        0xa c:/program files (x86)/atmel/studio/7.0/toolchain/avr8/avr8-gnu-toolchain/bin/../lib/gcc/avr/7.3.0/../../../../avr/lib/avrxmega4\libm.a(gesf2.o)
                0x0000000000007326                __gesf2
                0x0000000000007326                __gtsf2
 .text.avr-libc.fplib
                0x0000000000007330        0x8 c:/program files (x86)/atmel/studio/7.0/toolchain/avr8/avr8-gnu-toolchain/bin/../lib/gcc/avr/7.3.0/../../../../avr/lib/avrxmega4\libm.a(mulsf3.o)
                0x0000000000007330                __mulsf3
 .text.avr-libc.fplib
                0x0000000000007338       0xd2 c:/program files (x86)/atmel/studio/7.0/toolchain/avr8/avr8-gnu-toolchain/bin/../lib/gcc/avr/7.3.0/../../../../avr/lib/avrxmega4\libm.a(mulsf3x.o)
                0x0000000000007356                __mulsf3x
                0x000000000000735c                __mulsf3_pse
 .text.avr-libc.fplib
                0x000000000000740a       0x10 c:/program files (x86)/atmel/studio/7.0/toolchain/avr8/avr8-gnu-toolchain/bin/../lib/gcc/avr/7.3.0/../../../../avr/lib/avrxmega4\libm.a(sin.o)
                0x000000000000740a                sin
 .text.avr-libc.fplib
                0x000000000000741a       0x28 c:/program files (x86)/atmel/studio/7.0/toolchain/avr8/avr8-gnu-toolchain/bin/../lib/gcc/avr/7.3.0/../../../../avr/lib/avrxmega4\libm.a(fp_powsodd.o)
                0x000000000000741a                __fp_powsodd
 .text.avr-libc.fplib
                0x0000000000007442       0x4e c:/program files (x86)/atmel/studio/7.0/toolchain/avr8/avr8-gnu-toolchain/bin/../lib/gcc/avr/7.3.0/../../../../avr/lib/avrxmega4\libm.a(fp_powser.o)
                0x0000000000007442                __fp_powser
 .text.libgcc.mul
                0x0000000000007490       0x20 c:/program files (x86)/atmel/studio/7.0/toolchain/avr8/avr8-gnu-toolchain/bin/../lib/gcc/avr/7.3.0/avrxmega4\libgcc.a(_mulsi3.o)
                0x0000000000007490                __mulsi3
 .text.libgcc.div
                0x00000000000074b0       0x28 c:/program files (x86)/atmel/studio/7.0/toolchain/avr8/avr8-gnu-toolchain/bin/../lib/gcc/avr/7.3.0/avrxmega4\libgcc.a(_udivmodhi4.o)
                0x00000000000074b0                __udivmodhi4
 .text.libgcc.div
                0x00000000000074d8       0x44 c:/program files (x86)/atmel/studio/7.0/toolchain/avr8/avr8-gnu-toolchain/bin/../lib/gcc/avr/7.3.0/avrxmega4\libgcc.a(_udivmodsi4.o)
                0x00000000000074d8                __udivmodsi4
 .text.libgcc   0x000000000000751c       0x12 c:/program files (x86)/atmel/studio/7.0/toolchain/avr8/avr8-gnu-toolchain/bin/../lib/gcc/avr/7.3.0/avrxmega4\libgcc.a(_tablejump2.o)
                0x000000000000751c                __tablejump2__
 .text.libgcc.mul
                0x000000000000752e       0x1e c:/program files (x86)/atmel/studio/7.0/toolchain/avr8/avr8-gnu-toolchain/bin/../lib/gcc/avr/7.3.0/avrxmega4\libgcc.a(_umulhisi3.o)
                0x000000000000752e                __umulhisi3
 .text.libgcc.mul
                0x000000000000754c       0x16 c:/program files (x86)/atmel/studio/7.0/toolchain/avr8/avr8-gnu-toolchain/bin/../lib/gcc/avr/7.3.0/avrxmega4\libgcc.a(_muluhisi3.o)
                0x000000000000754c                __muluhisi3
 .text.avr-libc
                0x0000000000007562      0x24a c:/program files (x86)/atmel/studio/7.0/toolchain/avr8/avr8-gnu-toolchain/bin/../lib/gcc/avr/7.3.0/../../../../avr/lib/avrxmega4\libc.a(malloc.o)
                0x0000000000007562                malloc
                0x000000000000769a                free
 .text.avr-libc
                0x00000000000077ac       0x12 c:/program files (x86)/atmel/studio/7.0/toolchain/avr8/avr8-gnu-toolchain/bin/../lib/gcc/avr/7.3.0/../../../../avr/lib/avrxmega4\libc.a(strlen.o)
                0x00000000000077ac                strlen
 .text.avr-libc
                0x00000000000077be       0x54 c:/program files (x86)/atmel/studio/7.0/toolchain/avr8/avr8-gnu-toolchain/bin/../lib/gcc/avr/7.3.0/../../../../avr/lib/avrxmega4\libc.a(sprintf.o)
                0x00000000000077be                sprintf
 .text.avr-libc
                0x0000000000007812      0x3fa c:/program files (x86)/atmel/studio/7.0/toolchain/avr8/avr8-gnu-toolchain/bin/../lib/gcc/avr/7.3.0/../../../../avr/lib/avrxmega4\libc.a(vfprintf_std.o)
                0x0000000000007812                vfprintf
 .text.avr-libc
                0x0000000000007c0c       0x16 c:/program files (x86)/atmel/studio/7.0/toolchain/avr8/avr8-gnu-toolchain/bin/../lib/gcc/avr/7.3.0/../../../../avr/lib/avrxmega4\libc.a(strnlen_P.o)
                0x0000000000007c0c                strnlen_P
 .text.avr-libc
                0x0000000000007c22       0x16 c:/program files (x86)/atmel/studio/7.0/toolchain/avr8/avr8-gnu-toolchain/bin/../lib/gcc/avr/7.3.0/../../../../avr/lib/avrxmega4\libc.a(strnlen.o)
                0x0000000000007c22                strnlen
 .text.avr-libc
                0x0000000000007c38       0x60 c:/program files (x86)/atmel/studio/7.0/toolchain/avr8/avr8-gnu-toolchain/bin/../lib/gcc/avr/7.3.0/../../../../avr/lib/avrxmega4\libc.a(fputc.o)
                0x0000000000007c38                fputc
 .text.avr-libc
                0x0000000000007c98       0xbc c:/program files (x86)/atmel/studio/7.0/toolchain/avr8/avr8-gnu-toolchain/bin/../lib/gcc/avr/7.3.0/../../../../avr/lib/avrxmega4\libc.a(ultoa_invert.o)
                0x0000000000007c98                __ultoa_invert
                0x0000000000007d54                . = ALIGN (0x2)
 *(.fini9)
 .fini9         0x0000000000007d54        0x0 c:/program files (x86)/atmel/studio/7.0/toolchain/avr8/avr8-gnu-toolchain/bin/../lib/gcc/avr/7.3.0/avrxmega4\libgcc.a(_exit.o)
                0x0000000000007d54                _exit
                0x0000000000007d54                exit
 *(.fini9)
 *(.fini8)
 *(.fini8)
 *(.fini7)
 *(.fini7)
 *(.fini6)
 .fini6         0x0000000000007d54       0x16 c:/program files (x86)/atmel/studio/7.0/toolchain/avr8/avr8-gnu-toolchain/bin/../lib/gcc/avr/7.3.0/avrxmega4\libgcc.a(_dtors.o)
                0x0000000000007d54                __do_global_dtors
 *(.fini6)
 *(.fini5)
 *(.fini5)
 *(.fini4)
 *(.fini4)
 *(.fini3)
 *(.fini3)
 *(.fini2)
 *(.fini2)
 *(.fini1)
 *(.fini1)
 *(.fini0)
 .fini0         0x0000000000007d6a        0x4 c:/program files (x86)/atmel/studio/7.0/toolchain/avr8/avr8-gnu-toolchain/bin/../lib/gcc/avr/7.3.0/avrxmega4\libgcc.a(_exit.o)
 *(.fini0)
                0x0000000000007d6e                _etext = .

.data           0x0000000000804000       0xea load address 0x0000000000007d6e
                0x0000000000804000                PROVIDE (__data_start, .)
 *(.data)
 .data          0x0000000000804000        0x6 c:/program files (x86)/atmel/studio/7.0/toolchain/avr8/avr8-gnu-toolchain/bin/../lib/gcc/avr/7.3.0/../../../../avr/lib/avrxmega4\libc.a(malloc.o)
                0x0000000000804000                __malloc_heap_end
                0x0000000000804002                __malloc_heap_start
                0x0000000000804004                __malloc_margin
 *(.data*)
 .data._ZL17g_rf_gain_setting
                0x0000000000804006        0x1 main.o
 .data._ZL12g_awakenedBy
                0x0000000000804007        0x2 main.o
 .data._ZL17g_adcChannelOrder
                0x0000000000804009        0x6 main.o
 .data._ZL19g_adcCountdownCount
                0x000000000080400f        0x6 main.o
 .data.g_audio_gain
                0x0000000000804015        0x2 main.o
                0x0000000000804015                g_audio_gain
 .data._ZZ11__vector_12E7fiftyMS
                0x0000000000804017        0x1 main.o
 .data._ZZ11__vector_12E25leftsenseLongPressEnabled
                0x0000000000804018        0x1 main.o
 .data._ZZ11__vector_12E26rightsenseLongPressEnabled
                0x0000000000804019        0x1 main.o
 .data._ZZ11__vector_12E23encoderLongPressEnabled
                0x000000000080401a        0x1 main.o
 .data._ZZ4mainE10noiseLevel
                0x000000000080401b        0x4 main.o
 .data.g_i2c0_timeout_ticks
                0x000000000080401f        0x2 src/i2c.o
                0x000000000080401f                g_i2c0_timeout_ticks
 .data.g_i2c1_timeout_ticks
                0x0000000000804021        0x2 src/i2c.o
                0x0000000000804021                g_i2c1_timeout_ticks
 .data._ZL17led_timeout_count
                0x0000000000804023        0x4 src/leds.o
 .data.g_clock_calibration
                0x0000000000804027        0x2 src/rtc.o
                0x0000000000804027                g_clock_calibration
 .data._ZL11g_xtal_freq
                0x0000000000804029        0x4 src/si5351.o
 .data.g_rx_frequency
                0x000000000080402d        0x4 src/receiver.o
                0x000000000080402d                g_rx_frequency
 *(.gnu.linkonce.d*)
 *(.rodata)
 .rodata        0x0000000000804031       0x5d main.o
 .rodata        0x000000000080408e       0x3f src/util.o
 *(.rodata*)
 .rodata._ZL34g_adcChannelConversionPeriod_ticks
                0x00000000008040cd        0x6 main.o
 .rodata._ZL17pitch_frequencies
                0x00000000008040d3        0xc main.o
 .rodata._ZTV7Display
                0x00000000008040df        0xa src/display.o
                0x00000000008040df                _ZTV7Display
 *(.gnu.linkonce.r*)
                0x00000000008040ea                . = ALIGN (0x2)
 *fill*         0x00000000008040e9        0x1 
                0x00000000008040ea                _edata = .
                0x00000000008040ea                PROVIDE (__data_end, .)

.bss            0x00000000008040ea      0x13e
                0x00000000008040ea                PROVIDE (__bss_start, .)
 *(.bss)
 *(.bss*)
 .bss._ZL9g_tempStr
                0x00000000008040ea       0x64 main.o
 .bss._ZL17g_last_error_code
                0x000000000080414e        0x2 main.o
 .bss._ZL18g_last_status_code
                0x0000000000804150        0x2 main.o
 .bss._ZL16g_hardware_error
                0x0000000000804152        0x2 main.o
 .bss._ZL15g_rotary_enable
                0x0000000000804154        0x1 main.o
 .bss._ZL14g_rotary_count
                0x0000000000804155        0x2 main.o
 .bss._ZL14g_rotary_edges
                0x0000000000804157        0x2 main.o
 .bss._ZL22g_rotary_shaft_pressed
                0x0000000000804159        0x1 main.o
 .bss._ZL19g_leftSense_pressed
                0x000000000080415a        0x1 main.o
 .bss._ZL20g_rightSense_pressed
                0x000000000080415b        0x1 main.o
 .bss._ZL19g_bothSense_pressed
                0x000000000080415c        0x1 main.o
 .bss.g_seconds_transition
                0x000000000080415d        0x1 main.o
                0x000000000080415d                g_seconds_transition
 .bss.g_seconds_since_poweron
                0x000000000080415e        0x4 main.o
                0x000000000080415e                g_seconds_since_poweron
 .bss.g_display_active
                0x0000000000804162        0x1 main.o
                0x0000000000804162                g_display_active
 .bss._ZL17g_go_to_sleep_now
                0x0000000000804163        0x1 main.o
 .bss._ZL10g_sleeping
                0x0000000000804164        0x1 main.o
 .bss._ZL12g_adcUpdated
                0x0000000000804165        0x3 main.o
 .bss._ZL22g_lastConversionResult
                0x0000000000804168        0x6 main.o
 .bss.g_goertzel_rssi
                0x000000000080416e        0x2 main.o
                0x000000000080416e                g_goertzel_rssi
 .bss.g_leftsense_closed_time
                0x0000000000804170        0x2 main.o
                0x0000000000804170                g_leftsense_closed_time
 .bss.g_rightsense_closed_time
                0x0000000000804172        0x2 main.o
                0x0000000000804172                g_rightsense_closed_time
 .bss.g_encoder_closed_time
                0x0000000000804174        0x2 main.o
                0x0000000000804174                g_encoder_closed_time
 .bss.g_handle_counted_leftsense_presses
                0x0000000000804176        0x2 main.o
                0x0000000000804176                g_handle_counted_leftsense_presses
 .bss.g_handle_counted_rightsense_presses
                0x0000000000804178        0x2 main.o
                0x0000000000804178                g_handle_counted_rightsense_presses
 .bss.g_handle_counted_encoder_presses
                0x000000000080417a        0x2 main.o
                0x000000000080417a                g_handle_counted_encoder_presses
 .bss.g_leftsense_presses_count
                0x000000000080417c        0x2 main.o
                0x000000000080417c                g_leftsense_presses_count
 .bss.g_rightsense_presses_count
                0x000000000080417e        0x2 main.o
                0x000000000080417e                g_rightsense_presses_count
 .bss.g_encoder_presses_count
                0x0000000000804180        0x2 main.o
                0x0000000000804180                g_encoder_presses_count
 .bss.g_long_leftsense_press
                0x0000000000804182        0x1 main.o
                0x0000000000804182                g_long_leftsense_press
 .bss.g_long_rightsense_press
                0x0000000000804183        0x1 main.o
                0x0000000000804183                g_long_rightsense_press
 .bss.g_long_encoder_press
                0x0000000000804184        0x1 main.o
                0x0000000000804184                g_long_encoder_press
 .bss.display   0x0000000000804185        0xb main.o
                0x0000000000804185                display
 .bss.LEDS      0x0000000000804190        0x1 main.o
                0x0000000000804190                LEDS
 .bss.g_text_buff
                0x0000000000804191        0xa main.o
                0x0000000000804191                g_text_buff
 .bss.g_ee_mgr  0x000000000080419b        0x1 main.o
                0x000000000080419b                g_ee_mgr
 .bss.sineWave  0x000000000080419c        0xc main.o
                0x000000000080419c                sineWave
 .bss._ZL6g_beep
                0x00000000008041a8        0x2 main.o
 .bss._ZZ11__vector_46E3top
                0x00000000008041aa        0x2 main.o
 .bss._ZZ11__vector_46E19conversionInProcess
                0x00000000008041ac        0x1 main.o
 .bss._ZZ11__vector_46E24indexConversionInProcess
                0x00000000008041ad        0x1 main.o
 .bss._ZZ11__vector_46E20holdConversionResult
                0x00000000008041ae        0x2 main.o
 .bss._ZZ11__vector_24E9sineIndex
                0x00000000008041b0        0x1 main.o
 .bss._ZZ11__vector_12E31leftsense_closures_count_period
                0x00000000008041b1        0x2 main.o
 .bss._ZZ11__vector_12E32rightsense_closures_count_period
                0x00000000008041b3        0x2 main.o
 .bss._ZZ11__vector_12E29encoder_closures_count_period
                0x00000000008041b5        0x2 main.o
 .bss._ZZ11__vector_12E17leftsenseReleased
                0x00000000008041b7        0x1 main.o
 .bss._ZZ11__vector_12E18rightsenseReleased
                0x00000000008041b8        0x1 main.o
 .bss._ZZ11__vector_12E15encoderReleased
                0x00000000008041b9        0x1 main.o
 .bss._ZZ11__vector_12E15holdRotaryEdges
                0x00000000008041ba        0x2 main.o
 .bss._ZZ11__vector_12E23rotaryNoMotionCountdown
                0x00000000008041bc        0x2 main.o
 .bss.prev_state
                0x00000000008041be        0x1 main.o
                0x00000000008041be                prev_state
 .bss.g_goertzel
                0x00000000008041bf        0x1 src/adc.o
                0x00000000008041bf                g_goertzel
 .bss._ZL20g_adc_initialization
                0x00000000008041c0        0x2 src/adc.o
 .bss.portApinReadings
                0x00000000008041c2        0x3 src/binio.o
                0x00000000008041c2                portApinReadings
 .bss.portFpinReadings
                0x00000000008041c5        0x3 src/binio.o
                0x00000000008041c5                portFpinReadings
 .bss.portAdebounced
                0x00000000008041c8        0x1 src/binio.o
                0x00000000008041c8                portAdebounced
 .bss.portFdebounced
                0x00000000008041c9        0x1 src/binio.o
                0x00000000008041c9                portFdebounced
 .bss._SAMPLING_FREQUENCY
                0x00000000008041ca        0x4 src/Goertzel.o
                0x00000000008041ca                _SAMPLING_FREQUENCY
 .bss._TARGET_FREQUENCY
                0x00000000008041ce        0x4 src/Goertzel.o
                0x00000000008041ce                _TARGET_FREQUENCY
 .bss._N        0x00000000008041d2        0x2 src/Goertzel.o
                0x00000000008041d2                _N
 .bss.g_coeff   0x00000000008041d4        0x4 src/Goertzel.o
                0x00000000008041d4                g_coeff
 .bss.Q1        0x00000000008041d8        0x4 src/Goertzel.o
                0x00000000008041d8                Q1
 .bss.Q2        0x00000000008041dc        0x4 src/Goertzel.o
                0x00000000008041dc                Q2
 .bss._index    0x00000000008041e0        0x2 src/Goertzel.o
                0x00000000008041e0                _index
 .bss._samplesReady
                0x00000000008041e2        0x1 src/Goertzel.o
                0x00000000008041e2                _samplesReady
 .bss.highValueCount
                0x00000000008041e3        0x2 src/Goertzel.o
                0x00000000008041e3                highValueCount
 .bss.testData  0x00000000008041e5        0x2 src/Goertzel.o
                0x00000000008041e5                testData
 .bss._ZL23timer_red_blink_inhibit
                0x00000000008041e7        0x1 src/leds.o
 .bss._ZL25timer_green_blink_inhibit
                0x00000000008041e8        0x1 src/leds.o
 .bss._ZL19lastRedBlinkSetting
                0x00000000008041e9        0x2 src/leds.o
 .bss._ZL21lastGreenBlinkSetting
                0x00000000008041eb        0x2 src/leds.o
 .bss._ZL20lastBothBlinkSetting
                0x00000000008041ed        0x2 src/leds.o
 .bss._ZL19red_blink_on_period
                0x00000000008041ef        0x2 src/leds.o
 .bss._ZL20red_blink_off_period
                0x00000000008041f1        0x2 src/leds.o
 .bss._ZL21green_blink_on_period
                0x00000000008041f3        0x2 src/leds.o
 .bss._ZL22green_blink_off_period
                0x00000000008041f5        0x2 src/leds.o
 .bss._ZL15red_blink_count
                0x00000000008041f7        0x2 src/leds.o
 .bss._ZL17green_blink_count
                0x00000000008041f9        0x2 src/leds.o
 .bss._ZL18red_led_configured
                0x00000000008041fb        0x1 src/leds.o
 .bss._ZL20green_led_configured
                0x00000000008041fc        0x1 src/leds.o
 .bss.isRed     0x00000000008041fd        0x1 src/leds.o
                0x00000000008041fd                isRed
 .bss.isGreen   0x00000000008041fe        0x1 src/leds.o
                0x00000000008041fe                isGreen
 .bss.isBoth    0x00000000008041ff        0x1 src/leds.o
                0x00000000008041ff                isBoth
 .bss._ZL16use_backup_clock
                0x0000000000804200        0x1 src/rtc.o
 .bss._ZL8freqVCOB
                0x0000000000804201        0x4 src/si5351.o
 .bss._ZL17enabledClocksMask
                0x0000000000804205        0x1 src/si5351.o
 .bss._ZL9clock_out
                0x0000000000804206        0xc src/si5351.o
 .bss.g_si5351_initialized
                0x0000000000804212        0x1 src/si5351.o
                0x0000000000804212                g_si5351_initialized
 .bss._ZZ11si5351_initE3err
                0x0000000000804213        0x1 src/si5351.o
 .bss.g_pwm_setting
                0x0000000000804214        0x2 src/tca.o
                0x0000000000804214                g_pwm_setting
 .bss._ZL12g_ms_counter
                0x0000000000804216        0x4 src/tcb.o
 .bss._ZZ13util_delay_msE14countdownValue
                0x000000000080421a        0x4 src/tcb.o
 .bss._ZZ13util_delay_msE8counting
                0x000000000080421e        0x1 src/tcb.o
 .bss._ZL16g_rx_initialized
                0x000000000080421f        0x1 src/receiver.o
 *(COMMON)
 COMMON         0x0000000000804220        0x4 c:/program files (x86)/atmel/studio/7.0/toolchain/avr8/avr8-gnu-toolchain/bin/../lib/gcc/avr/7.3.0/../../../../avr/lib/avrxmega4\libc.a(malloc.o)
                0x0000000000804220                __brkval
                0x0000000000804222                __flp
 COMMON         0x0000000000804224        0x4 c:/program files (x86)/atmel/studio/7.0/toolchain/avr8/avr8-gnu-toolchain/bin/../lib/gcc/avr/7.3.0/../../../../avr/lib/avrxmega4\libc.a(system_time.o)
                0x0000000000804224                __system_time
                0x0000000000804228                PROVIDE (__bss_end, .)
                0x0000000000007d6e                __data_load_start = LOADADDR (.data)
                0x0000000000007e58                __data_load_end = (__data_load_start + SIZEOF (.data))

.noinit         0x0000000000804228        0x0
                [!provide]                        PROVIDE (__noinit_start, .)
 *(.noinit*)
                [!provide]                        PROVIDE (__noinit_end, .)
                0x0000000000804228                _end = .
                0x0000000000804228                PROVIDE (__heap_start, .)

.eeprom         0x0000000000810000      0x112
 *(.eeprom*)
 .eeprom        0x0000000000810000      0x112 src/eeprommanager.o
                0x0000000000810000                _ZN13EepromManager7ee_varsE
                0x0000000000810112                __eeprom_end = .

.fuse
 *(.fuse)
 *(.lfuse)
 *(.hfuse)
 *(.efuse)

.lock
 *(.lock*)

.signature
 *(.signature*)

.user_signatures
 *(.user_signatures*)

.stab
 *(.stab)

.stabstr
 *(.stabstr)

.stab.excl
 *(.stab.excl)

.stab.exclstr
 *(.stab.exclstr)

.stab.index
 *(.stab.index)

.stab.indexstr
 *(.stab.indexstr)

.comment        0x0000000000000000       0x5c
 *(.comment)
 .comment       0x0000000000000000       0x30 atmel_start.o
                                         0x31 (size before relaxing)
 .comment       0x0000000000000030       0x31 main.o
 .comment       0x0000000000000030       0x31 src/adc.o
 .comment       0x0000000000000030       0x31 src/binio.o
 .comment       0x0000000000000030       0x31 src/bod.o
 .comment       0x0000000000000030       0x31 src/CircularStringBuff.o
 .comment       0x0000000000000030       0x31 src/clkctrl.o
 .comment       0x0000000000000030       0x31 src/cpuint.o
 .comment       0x0000000000000030       0x31 src/dac0.o
 .comment       0x0000000000000030       0x31 src/display.o
 .comment       0x0000000000000030       0x31 src/driver_init.o
 .comment       0x0000000000000030       0x31 src/eeprommanager.o
 .comment       0x0000000000000030       0x31 src/Goertzel.o
 .comment       0x0000000000000030       0x31 src/i2c.o
 .comment       0x0000000000000030       0x31 src/leds.o
 .comment       0x0000000000000030       0x31 src/rtc.o
 .comment       0x0000000000000030       0x31 src/si5351.o
 .comment       0x0000000000000030       0x31 src/slpctrl.o
 .comment       0x0000000000000030       0x31 src/tca.o
 .comment       0x0000000000000030       0x31 src/tcb.o
 .comment       0x0000000000000030       0x31 src/receiver.o
 .comment       0x0000000000000030       0x31 src/util.o
 .comment       0x0000000000000030       0x31 c:/program files (x86)/atmel/studio/7.0/toolchain/avr8/avr8-gnu-toolchain/bin/../lib/gcc/avr/7.3.0/../../../../avr/lib/avrxmega4\libc.a(malloc.o)
 .comment       0x0000000000000030       0x31 c:/program files (x86)/atmel/studio/7.0/toolchain/avr8/avr8-gnu-toolchain/bin/../lib/gcc/avr/7.3.0/../../../../avr/lib/avrxmega4\libc.a(sprintf.o)
 .comment       0x0000000000000030       0x31 c:/program files (x86)/atmel/studio/7.0/toolchain/avr8/avr8-gnu-toolchain/bin/../lib/gcc/avr/7.3.0/../../../../avr/lib/avrxmega4\libc.a(set_system_time.o)
 .comment       0x0000000000000030       0x31 c:/program files (x86)/atmel/studio/7.0/toolchain/avr8/avr8-gnu-toolchain/bin/../lib/gcc/avr/7.3.0/../../../../avr/lib/avrxmega4\libc.a(system_time.o)
 .comment       0x0000000000000030       0x31 c:/program files (x86)/atmel/studio/7.0/toolchain/avr8/avr8-gnu-toolchain/bin/../lib/gcc/avr/7.3.0/../../../../avr/lib/avrxmega4\libc.a(time.o)
 .comment       0x0000000000000030       0x2c c:/program files (x86)/atmel/studio/7.0/toolchain/avr8/avr8-gnu-toolchain/bin/../lib/gcc/avr/7.3.0/../../../../avr/lib/avrxmega4\libc.a(vfprintf_std.o)
                                         0x2d (size before relaxing)
 .comment       0x000000000000005c       0x31 c:/program files (x86)/atmel/studio/7.0/toolchain/avr8/avr8-gnu-toolchain/bin/../lib/gcc/avr/7.3.0/../../../../avr/lib/avrxmega4\libc.a(fputc.o)

.note.gnu.avr.deviceinfo
                0x0000000000000000       0x40
 .note.gnu.avr.deviceinfo
                0x0000000000000000       0x40 C:/Program Files (x86)/Atmel/Studio/7.0/Packs/atmel/AVR-Dx_DFP/1.9.103/gcc/dev/avr128da48/avrxmega4/crtavr128da48.o

.note.gnu.build-id
 *(.note.gnu.build-id)

.debug
 *(.debug)

.line
 *(.line)

.debug_srcinfo
 *(.debug_srcinfo)

.debug_sfnames
 *(.debug_sfnames)

.debug_aranges  0x0000000000000000      0x8f0
 *(.debug_aranges)
 .debug_aranges
                0x0000000000000000       0x20 atmel_start.o
 .debug_aranges
                0x0000000000000020       0xc0 main.o
 .debug_aranges
                0x00000000000000e0       0x80 src/adc.o
 .debug_aranges
                0x0000000000000160       0xc8 src/binio.o
 .debug_aranges
                0x0000000000000228       0x20 src/bod.o
 .debug_aranges
                0x0000000000000248       0x90 src/CircularStringBuff.o
 .debug_aranges
                0x00000000000002d8       0x28 src/clkctrl.o
 .debug_aranges
                0x0000000000000300       0x20 src/cpuint.o
 .debug_aranges
                0x0000000000000320       0x30 src/dac0.o
 .debug_aranges
                0x0000000000000350       0xb0 src/display.o
 .debug_aranges
                0x0000000000000400       0x60 src/driver_init.o
 .debug_aranges
                0x0000000000000460       0x68 src/eeprommanager.o
 .debug_aranges
                0x00000000000004c8       0x60 src/Goertzel.o
 .debug_aranges
                0x0000000000000528       0x90 src/i2c.o
 .debug_aranges
                0x00000000000005b8       0x98 src/leds.o
 .debug_aranges
                0x0000000000000650       0x20 src/protected_io.o
 .debug_aranges
                0x0000000000000670       0x58 src/rtc.o
 .debug_aranges
                0x00000000000006c8       0xe0 src/si5351.o
 .debug_aranges
                0x00000000000007a8       0x28 src/slpctrl.o
 .debug_aranges
                0x00000000000007d0       0x40 src/tca.o
 .debug_aranges
                0x0000000000000810       0x40 src/tcb.o
 .debug_aranges
                0x0000000000000850       0x58 src/receiver.o
 .debug_aranges
                0x00000000000008a8       0x48 src/util.o

.debug_pubnames
 *(.debug_pubnames)

.debug_info     0x0000000000000000     0xf418
 *(.debug_info .gnu.linkonce.wi.*)
 .debug_info    0x0000000000000000     0x2c24 C:/Program Files (x86)/Atmel/Studio/7.0/Packs/atmel/AVR-Dx_DFP/1.9.103/gcc/dev/avr128da48/avrxmega4/crtavr128da48.o
 .debug_info    0x0000000000002c24       0xc5 atmel_start.o
 .debug_info    0x0000000000002ce9     0x2dba main.o
 .debug_info    0x0000000000005aa3      0xcf3 src/adc.o
 .debug_info    0x0000000000006796      0x8bf src/binio.o
 .debug_info    0x0000000000007055      0x1d0 src/bod.o
 .debug_info    0x0000000000007225      0x6f5 src/CircularStringBuff.o
 .debug_info    0x000000000000791a      0x2f9 src/clkctrl.o
 .debug_info    0x0000000000007c13       0xd4 src/cpuint.o
 .debug_info    0x0000000000007ce7      0x44f src/dac0.o
 .debug_info    0x0000000000008136      0xb65 src/display.o
 .debug_info    0x0000000000008c9b      0x494 src/driver_init.o
 .debug_info    0x000000000000912f      0xf74 src/eeprommanager.o
 .debug_info    0x000000000000a0a3      0x5a5 src/Goertzel.o
 .debug_info    0x000000000000a648      0x888 src/i2c.o
 .debug_info    0x000000000000aed0      0xcb8 src/leds.o
 .debug_info    0x000000000000bb88       0x92 src/protected_io.o
 .debug_info    0x000000000000bc1a      0xe1b src/rtc.o
 .debug_info    0x000000000000ca35      0xf6f src/si5351.o
 .debug_info    0x000000000000d9a4      0x180 src/slpctrl.o
 .debug_info    0x000000000000db24      0xbd5 src/tca.o
 .debug_info    0x000000000000e6f9      0x3c7 src/tcb.o
 .debug_info    0x000000000000eac0      0x409 src/receiver.o
 .debug_info    0x000000000000eec9      0x54f src/util.o

.debug_abbrev   0x0000000000000000     0x5718
 *(.debug_abbrev)
 .debug_abbrev  0x0000000000000000     0x29ce C:/Program Files (x86)/Atmel/Studio/7.0/Packs/atmel/AVR-Dx_DFP/1.9.103/gcc/dev/avr128da48/avrxmega4/crtavr128da48.o
 .debug_abbrev  0x00000000000029ce       0x70 atmel_start.o
 .debug_abbrev  0x0000000000002a3e      0x530 main.o
 .debug_abbrev  0x0000000000002f6e      0x337 src/adc.o
 .debug_abbrev  0x00000000000032a5      0x29a src/binio.o
 .debug_abbrev  0x000000000000353f       0xd2 src/bod.o
 .debug_abbrev  0x0000000000003611      0x1e9 src/CircularStringBuff.o
 .debug_abbrev  0x00000000000037fa       0xfe src/clkctrl.o
 .debug_abbrev  0x00000000000038f8       0x72 src/cpuint.o
 .debug_abbrev  0x000000000000396a      0x157 src/dac0.o
 .debug_abbrev  0x0000000000003ac1      0x314 src/display.o
 .debug_abbrev  0x0000000000003dd5      0x1a4 src/driver_init.o
 .debug_abbrev  0x0000000000003f79      0x323 src/eeprommanager.o
 .debug_abbrev  0x000000000000429c      0x227 src/Goertzel.o
 .debug_abbrev  0x00000000000044c3      0x224 src/i2c.o
 .debug_abbrev  0x00000000000046e7      0x340 src/leds.o
 .debug_abbrev  0x0000000000004a27       0x14 src/protected_io.o
 .debug_abbrev  0x0000000000004a3b      0x2af src/rtc.o
 .debug_abbrev  0x0000000000004cea      0x295 src/si5351.o
 .debug_abbrev  0x0000000000004f7f       0xe7 src/slpctrl.o
 .debug_abbrev  0x0000000000005066      0x206 src/tca.o
 .debug_abbrev  0x000000000000526c      0x175 src/tcb.o
 .debug_abbrev  0x00000000000053e1      0x17c src/receiver.o
 .debug_abbrev  0x000000000000555d      0x1bb src/util.o

.debug_line     0x0000000000000000     0x748a
 *(.debug_line .debug_line.* .debug_line_end)
 .debug_line    0x0000000000000000      0x1f3 C:/Program Files (x86)/Atmel/Studio/7.0/Packs/atmel/AVR-Dx_DFP/1.9.103/gcc/dev/avr128da48/avrxmega4/crtavr128da48.o
 .debug_line    0x00000000000001f3      0x11e atmel_start.o
 .debug_line    0x0000000000000311     0x11e4 main.o
 .debug_line    0x00000000000014f5      0x535 src/adc.o
 .debug_line    0x0000000000001a2a      0x7c7 src/binio.o
 .debug_line    0x00000000000021f1      0x191 src/bod.o
 .debug_line    0x0000000000002382      0x4ae src/CircularStringBuff.o
 .debug_line    0x0000000000002830      0x1cd src/clkctrl.o
 .debug_line    0x00000000000029fd      0x12f src/cpuint.o
 .debug_line    0x0000000000002b2c      0x1e3 src/dac0.o
 .debug_line    0x0000000000002d0f      0x94e src/display.o
 .debug_line    0x000000000000365d      0x38e src/driver_init.o
 .debug_line    0x00000000000039eb      0x327 src/eeprommanager.o
 .debug_line    0x0000000000003d12      0x321 src/Goertzel.o
 .debug_line    0x0000000000004033      0x7df src/i2c.o
 .debug_line    0x0000000000004812      0x9c3 src/leds.o
 .debug_line    0x00000000000051d5       0x5b src/protected_io.o
 .debug_line    0x0000000000005230      0x4b5 src/rtc.o
 .debug_line    0x00000000000056e5      0xd0d src/si5351.o
 .debug_line    0x00000000000063f2      0x1b1 src/slpctrl.o
 .debug_line    0x00000000000065a3      0x2dc src/tca.o
 .debug_line    0x000000000000687f      0x373 src/tcb.o
 .debug_line    0x0000000000006bf2      0x2ed src/receiver.o
 .debug_line    0x0000000000006edf      0x5ab src/util.o

.debug_frame    0x0000000000000000     0x1fe8
 *(.debug_frame)
 .debug_frame   0x0000000000000000       0x34 atmel_start.o
 .debug_frame   0x0000000000000034      0x440 main.o
 .debug_frame   0x0000000000000474      0x1c0 src/adc.o
 .debug_frame   0x0000000000000634      0x2d4 src/binio.o
 .debug_frame   0x0000000000000908       0x34 src/bod.o
 .debug_frame   0x000000000000093c      0x200 src/CircularStringBuff.o
 .debug_frame   0x0000000000000b3c       0x54 src/clkctrl.o
 .debug_frame   0x0000000000000b90       0x34 src/cpuint.o
 .debug_frame   0x0000000000000bc4       0x74 src/dac0.o
 .debug_frame   0x0000000000000c38      0x274 src/display.o
 .debug_frame   0x0000000000000eac      0x134 src/driver_init.o
 .debug_frame   0x0000000000000fe0      0x154 src/eeprommanager.o
 .debug_frame   0x0000000000001134      0x19c src/Goertzel.o
 .debug_frame   0x00000000000012d0      0x1f4 src/i2c.o
 .debug_frame   0x00000000000014c4      0x25c src/leds.o
 .debug_frame   0x0000000000001720      0x114 src/rtc.o
 .debug_frame   0x0000000000001834      0x388 src/si5351.o
 .debug_frame   0x0000000000001bbc       0x54 src/slpctrl.o
 .debug_frame   0x0000000000001c10       0xb4 src/tca.o
 .debug_frame   0x0000000000001cc4      0x100 src/tcb.o
 .debug_frame   0x0000000000001dc4      0x114 src/receiver.o
 .debug_frame   0x0000000000001ed8      0x110 src/util.o

.debug_str      0x0000000000000000     0x6419
 *(.debug_str)
 .debug_str     0x0000000000000000     0x1320 C:/Program Files (x86)/Atmel/Studio/7.0/Packs/atmel/AVR-Dx_DFP/1.9.103/gcc/dev/avr128da48/avrxmega4/crtavr128da48.o
 .debug_str     0x0000000000001320      0x1e9 atmel_start.o
                                        0x222 (size before relaxing)
 .debug_str     0x0000000000001509     0x2396 main.o
                                       0x288d (size before relaxing)
 .debug_str     0x000000000000389f      0x7a8 src/adc.o
                                        0xddc (size before relaxing)
 .debug_str     0x0000000000004047      0x2e8 src/binio.o
                                        0x6ac (size before relaxing)
 .debug_str     0x000000000000432f       0x80 src/bod.o
                                        0x2d1 (size before relaxing)
 .debug_str     0x00000000000043af       0x73 src/CircularStringBuff.o
                                        0x516 (size before relaxing)
 .debug_str     0x0000000000004422      0x1f6 src/clkctrl.o
                                        0x455 (size before relaxing)
 .debug_str     0x0000000000004618       0x1e src/cpuint.o
                                        0x221 (size before relaxing)
 .debug_str     0x0000000000004636       0x6c src/dac0.o
                                        0x4bf (size before relaxing)
 .debug_str     0x00000000000046a2      0x429 src/display.o
                                        0xa42 (size before relaxing)
 .debug_str     0x0000000000004acb       0x8a src/driver_init.o
                                        0x3e7 (size before relaxing)
 .debug_str     0x0000000000004b55      0x4bb src/eeprommanager.o
                                       0x1177 (size before relaxing)
 .debug_str     0x0000000000005010       0xdf src/Goertzel.o
                                        0x43c (size before relaxing)
 .debug_str     0x00000000000050ef      0x318 src/i2c.o
                                        0x66e (size before relaxing)
 .debug_str     0x0000000000005407      0x1bf src/leds.o
                                        0xa6c (size before relaxing)
 .debug_str     0x00000000000055c6       0xdd src/rtc.o
                                        0xe79 (size before relaxing)
 .debug_str     0x00000000000056a3      0x6bd src/si5351.o
                                        0xcfa (size before relaxing)
 .debug_str     0x0000000000005d60       0x71 src/slpctrl.o
                                        0x2e5 (size before relaxing)
 .debug_str     0x0000000000005dd1      0x1b3 src/tca.o
                                        0x7ac (size before relaxing)
 .debug_str     0x0000000000005f84      0x12c src/tcb.o
                                        0x40b (size before relaxing)
 .debug_str     0x00000000000060b0      0x201 src/receiver.o
                                        0x8b4 (size before relaxing)
 .debug_str     0x00000000000062b1      0x168 src/util.o
                                        0x3fe (size before relaxing)

.debug_loc      0x0000000000000000     0x41cb
 *(.debug_loc)
 .debug_loc     0x0000000000000000       0x3b atmel_start.o
 .debug_loc     0x000000000000003b      0x964 main.o
 .debug_loc     0x000000000000099f      0x359 src/adc.o
 .debug_loc     0x0000000000000cf8      0x5d2 src/binio.o
 .debug_loc     0x00000000000012ca       0x3b src/bod.o
 .debug_loc     0x0000000000001305      0x450 src/CircularStringBuff.o
 .debug_loc     0x0000000000001755       0x83 src/clkctrl.o
 .debug_loc     0x00000000000017d8       0x3b src/cpuint.o
 .debug_loc     0x0000000000001813       0xbe src/dac0.o
 .debug_loc     0x00000000000018d1      0x551 src/display.o
 .debug_loc     0x0000000000001e22      0x26e src/driver_init.o
 .debug_loc     0x0000000000002090      0x2cb src/eeprommanager.o
 .debug_loc     0x000000000000235b      0x388 src/Goertzel.o
 .debug_loc     0x00000000000026e3      0x3e5 src/i2c.o
 .debug_loc     0x0000000000002ac8      0x534 src/leds.o
 .debug_loc     0x0000000000002ffc      0x20a src/rtc.o
 .debug_loc     0x0000000000003206      0x79e src/si5351.o
 .debug_loc     0x00000000000039a4       0x83 src/slpctrl.o
 .debug_loc     0x0000000000003a27      0x14c src/tca.o
 .debug_loc     0x0000000000003b73      0x204 src/tcb.o
 .debug_loc     0x0000000000003d77      0x20c src/receiver.o
 .debug_loc     0x0000000000003f83      0x248 src/util.o

.debug_macinfo
 *(.debug_macinfo)

.debug_weaknames
 *(.debug_weaknames)

.debug_funcnames
 *(.debug_funcnames)

.debug_typenames
 *(.debug_typenames)

.debug_varnames
 *(.debug_varnames)

.debug_pubtypes
 *(.debug_pubtypes)

.debug_ranges   0x0000000000000000      0x798
 *(.debug_ranges)
 .debug_ranges  0x0000000000000000       0x10 atmel_start.o
 .debug_ranges  0x0000000000000010       0xd8 main.o
 .debug_ranges  0x00000000000000e8       0x70 src/adc.o
 .debug_ranges  0x0000000000000158       0xb8 src/binio.o
 .debug_ranges  0x0000000000000210       0x10 src/bod.o
 .debug_ranges  0x0000000000000220       0x80 src/CircularStringBuff.o
 .debug_ranges  0x00000000000002a0       0x18 src/clkctrl.o
 .debug_ranges  0x00000000000002b8       0x10 src/cpuint.o
 .debug_ranges  0x00000000000002c8       0x20 src/dac0.o
 .debug_ranges  0x00000000000002e8       0xa0 src/display.o
 .debug_ranges  0x0000000000000388       0x50 src/driver_init.o
 .debug_ranges  0x00000000000003d8       0x58 src/eeprommanager.o
 .debug_ranges  0x0000000000000430       0x50 src/Goertzel.o
 .debug_ranges  0x0000000000000480       0x80 src/i2c.o
 .debug_ranges  0x0000000000000500       0x88 src/leds.o
 .debug_ranges  0x0000000000000588       0x48 src/rtc.o
 .debug_ranges  0x00000000000005d0       0xd0 src/si5351.o
 .debug_ranges  0x00000000000006a0       0x18 src/slpctrl.o
 .debug_ranges  0x00000000000006b8       0x30 src/tca.o
 .debug_ranges  0x00000000000006e8       0x30 src/tcb.o
 .debug_ranges  0x0000000000000718       0x48 src/receiver.o
 .debug_ranges  0x0000000000000760       0x38 src/util.o

.debug_macro
 *(.debug_macro)
OUTPUT(SignalSnagger.elf elf32-avr)
LOAD linker stubs
