Archive member included to satisfy reference by file (symbol)

c:/program files (x86)/atmel/studio/7.0/toolchain/avr8/avr8-gnu-toolchain/bin/../lib/gcc/avr/7.3.0/../../../../avr/lib/avrxmega4\libm.a(addsf3.o)
                              src/Goertzel.o (__subsf3)
c:/program files (x86)/atmel/studio/7.0/toolchain/avr8/avr8-gnu-toolchain/bin/../lib/gcc/avr/7.3.0/../../../../avr/lib/avrxmega4\libm.a(addsf3x.o)
                              c:/program files (x86)/atmel/studio/7.0/toolchain/avr8/avr8-gnu-toolchain/bin/../lib/gcc/avr/7.3.0/../../../../avr/lib/avrxmega4\libm.a(addsf3.o) (__addsf3x)
c:/program files (x86)/atmel/studio/7.0/toolchain/avr8/avr8-gnu-toolchain/bin/../lib/gcc/avr/7.3.0/../../../../avr/lib/avrxmega4\libm.a(ceil.o)
                              src/util.o (ceil)
c:/program files (x86)/atmel/studio/7.0/toolchain/avr8/avr8-gnu-toolchain/bin/../lib/gcc/avr/7.3.0/../../../../avr/lib/avrxmega4\libm.a(cmpsf2.o)
                              src/Goertzel.o (__ltsf2)
c:/program files (x86)/atmel/studio/7.0/toolchain/avr8/avr8-gnu-toolchain/bin/../lib/gcc/avr/7.3.0/../../../../avr/lib/avrxmega4\libm.a(cos.o)
                              src/Goertzel.o (cos)
c:/program files (x86)/atmel/studio/7.0/toolchain/avr8/avr8-gnu-toolchain/bin/../lib/gcc/avr/7.3.0/../../../../avr/lib/avrxmega4\libm.a(divsf3.o)
                              main.o (__divsf3)
c:/program files (x86)/atmel/studio/7.0/toolchain/avr8/avr8-gnu-toolchain/bin/../lib/gcc/avr/7.3.0/../../../../avr/lib/avrxmega4\libm.a(divsf3x.o)
                              c:/program files (x86)/atmel/studio/7.0/toolchain/avr8/avr8-gnu-toolchain/bin/../lib/gcc/avr/7.3.0/../../../../avr/lib/avrxmega4\libm.a(divsf3.o) (__divsf3x)
c:/program files (x86)/atmel/studio/7.0/toolchain/avr8/avr8-gnu-toolchain/bin/../lib/gcc/avr/7.3.0/../../../../avr/lib/avrxmega4\libm.a(fixsfsi.o)
                              src/Goertzel.o (__fixsfsi)
c:/program files (x86)/atmel/studio/7.0/toolchain/avr8/avr8-gnu-toolchain/bin/../lib/gcc/avr/7.3.0/../../../../avr/lib/avrxmega4\libm.a(fixunssfsi.o)
                              src/util.o (__fixunssfsi)
c:/program files (x86)/atmel/studio/7.0/toolchain/avr8/avr8-gnu-toolchain/bin/../lib/gcc/avr/7.3.0/../../../../avr/lib/avrxmega4\libm.a(floatsisf.o)
                              main.o (__floatunsisf)
c:/program files (x86)/atmel/studio/7.0/toolchain/avr8/avr8-gnu-toolchain/bin/../lib/gcc/avr/7.3.0/../../../../avr/lib/avrxmega4\libm.a(fp_cmp.o)
                              c:/program files (x86)/atmel/studio/7.0/toolchain/avr8/avr8-gnu-toolchain/bin/../lib/gcc/avr/7.3.0/../../../../avr/lib/avrxmega4\libm.a(cmpsf2.o) (__fp_cmp)
c:/program files (x86)/atmel/studio/7.0/toolchain/avr8/avr8-gnu-toolchain/bin/../lib/gcc/avr/7.3.0/../../../../avr/lib/avrxmega4\libm.a(fp_inf.o)
                              c:/program files (x86)/atmel/studio/7.0/toolchain/avr8/avr8-gnu-toolchain/bin/../lib/gcc/avr/7.3.0/../../../../avr/lib/avrxmega4\libm.a(addsf3x.o) (__fp_inf)
c:/program files (x86)/atmel/studio/7.0/toolchain/avr8/avr8-gnu-toolchain/bin/../lib/gcc/avr/7.3.0/../../../../avr/lib/avrxmega4\libm.a(fp_mintl.o)
                              c:/program files (x86)/atmel/studio/7.0/toolchain/avr8/avr8-gnu-toolchain/bin/../lib/gcc/avr/7.3.0/../../../../avr/lib/avrxmega4\libm.a(ceil.o) (__fp_mintl)
c:/program files (x86)/atmel/studio/7.0/toolchain/avr8/avr8-gnu-toolchain/bin/../lib/gcc/avr/7.3.0/../../../../avr/lib/avrxmega4\libm.a(fp_mpack.o)
                              c:/program files (x86)/atmel/studio/7.0/toolchain/avr8/avr8-gnu-toolchain/bin/../lib/gcc/avr/7.3.0/../../../../avr/lib/avrxmega4\libm.a(ceil.o) (__fp_mpack)
c:/program files (x86)/atmel/studio/7.0/toolchain/avr8/avr8-gnu-toolchain/bin/../lib/gcc/avr/7.3.0/../../../../avr/lib/avrxmega4\libm.a(fp_nan.o)
                              c:/program files (x86)/atmel/studio/7.0/toolchain/avr8/avr8-gnu-toolchain/bin/../lib/gcc/avr/7.3.0/../../../../avr/lib/avrxmega4\libm.a(addsf3x.o) (__fp_nan)
c:/program files (x86)/atmel/studio/7.0/toolchain/avr8/avr8-gnu-toolchain/bin/../lib/gcc/avr/7.3.0/../../../../avr/lib/avrxmega4\libm.a(fp_pscA.o)
                              c:/program files (x86)/atmel/studio/7.0/toolchain/avr8/avr8-gnu-toolchain/bin/../lib/gcc/avr/7.3.0/../../../../avr/lib/avrxmega4\libm.a(addsf3x.o) (__fp_pscA)
c:/program files (x86)/atmel/studio/7.0/toolchain/avr8/avr8-gnu-toolchain/bin/../lib/gcc/avr/7.3.0/../../../../avr/lib/avrxmega4\libm.a(fp_pscB.o)
                              c:/program files (x86)/atmel/studio/7.0/toolchain/avr8/avr8-gnu-toolchain/bin/../lib/gcc/avr/7.3.0/../../../../avr/lib/avrxmega4\libm.a(addsf3x.o) (__fp_pscB)
c:/program files (x86)/atmel/studio/7.0/toolchain/avr8/avr8-gnu-toolchain/bin/../lib/gcc/avr/7.3.0/../../../../avr/lib/avrxmega4\libm.a(fp_rempio2.o)
[...]
Memory Configuration

Name             Origin             Length             Attributes
text             0x0000000000000000 0x0000000000020000 xr
data             0x0000000000804000 0x0000000000004000 rw !x
eeprom           0x0000000000810000 0x0000000000000200 rw !x
fuse             0x0000000000820000 0x0000000000000010 rw !x
lock             0x0000000000830000 0x0000000000000400 rw !x
signature        0x0000000000840000 0x0000000000000400 rw !x
user_signatures  0x0000000000850000 0x0000000000000400 rw !x
*default*        0x0000000000000000 0xffffffffffffffff

Linker script and memory map

Address of section .data set to 0x804000
                0x0000000000008000                __RODATA_PM_OFFSET__ = 0x8000
LOAD C:/Program Files (x86)/Atmel/Studio/7.0/Packs/atmel/AVR-Dx_DFP/1.9.103/gcc/dev/avr128da48/avrxmega4/crtavr128da48.o
LOAD atmel_start.o
LOAD main.o
LOAD src/adc.o
LOAD src/binio.o
LOAD src/bod.o
LOAD src/CircularStringBuff.o
LOAD src/clkctrl.o
LOAD src/cpuint.o
LOAD src/dac0.o
LOAD src/driver_init.o
LOAD src/eeprommanager.o
LOAD src/Goertzel.o
LOAD src/i2c.o
LOAD src/leds.o
LOAD src/morse.o
LOAD src/protected_io.o
LOAD src/si5351.o
LOAD src/slpctrl.o
LOAD src/tcb.o
LOAD src/receiver.o
LOAD src/util.o
START GROUP
LOAD c:/program files (x86)/atmel/studio/7.0/toolchain/avr8/avr8-gnu-toolchain/bin/../lib/gcc/avr/7.3.0/../../../../avr/lib/avrxmega4\libm.a
END GROUP
LOAD c:/program files (x86)/atmel/studio/7.0/toolchain/avr8/avr8-gnu-toolchain/bin/../lib/gcc/avr/7.3.0/avrxmega4\libgcc.a
LOAD c:/program files (x86)/atmel/studio/7.0/toolchain/avr8/avr8-gnu-toolchain/bin/../lib/gcc/avr/7.3.0/../../../../avr/lib/avrxmega4\libm.a
START GROUP
LOAD c:/program files (x86)/atmel/studio/7.0/toolchain/avr8/avr8-gnu-toolchain/bin/../lib/gcc/avr/7.3.0/avrxmega4\libgcc.a
LOAD c:/program files (x86)/atmel/studio/7.0/toolchain/avr8/avr8-gnu-toolchain/bin/../lib/gcc/avr/7.3.0/../../../../avr/lib/avrxmega4\libm.a
LOAD c:/program files (x86)/atmel/studio/7.0/toolchain/avr8/avr8-gnu-toolchain/bin/../lib/gcc/avr/7.3.0/../../../../avr/lib/avrxmega4\libc.a
LOAD C:/Program Files (x86)/Atmel/Studio/7.0/Packs/atmel/AVR-Dx_DFP/1.9.103/gcc/dev/avr128da48/avrxmega4\libavr128da48.a
END GROUP
                [0x0000000000000000]                __TEXT_REGION_ORIGIN__ = DEFINED (__TEXT_REGION_ORIGIN__)?__TEXT_REGION_ORIGIN__:0x0
                [0x0000000000804000]                __DATA_REGION_ORIGIN__ = DEFINED (__DATA_REGION_ORIGIN__)?__DATA_REGION_ORIGIN__:0x802000
                [0x0000000000020000]                __TEXT_REGION_LENGTH__ = DEFINED (__TEXT_REGION_LENGTH__)?__TEXT_REGION_LENGTH__:0x100000
                [0x0000000000004000]                __DATA_REGION_LENGTH__ = DEFINED (__DATA_REGION_LENGTH__)?__DATA_REGION_LENGTH__:0xffa0
                [0x0000000000000200]                __EEPROM_REGION_LENGTH__ = DEFINED (__EEPROM_REGION_LENGTH__)?__EEPROM_REGION_LENGTH__:0x10000
                [0x0000000000000010]                __FUSE_REGION_LENGTH__ = DEFINED (__FUSE_REGION_LENGTH__)?__FUSE_REGION_LENGTH__:0x400
                0x0000000000000400                __LOCK_REGION_LENGTH__ = DEFINED (__LOCK_REGION_LENGTH__)?__LOCK_REGION_LENGTH__:0x400
                0x0000000000000400                __SIGNATURE_REGION_LENGTH__ = DEFINED (__SIGNATURE_REGION_LENGTH__)?__SIGNATURE_REGION_LENGTH__:0x400
                0x0000000000000400                __USER_SIGNATURE_REGION_LENGTH__ = DEFINED (__USER_SIGNATURE_REGION_LENGTH__)?__USER_SIGNATURE_REGION_LENGTH__:0x400

.hash
 *(.hash)

.dynsym
 *(.dynsym)

.dynstr
 *(.dynstr)

.gnu.version
 *(.gnu.version)

.gnu.version_d
 *(.gnu.version_d)

.gnu.version_r
 *(.gnu.version_r)

.rel.init
 *(.rel.init)

.rela.init
 *(.rela.init)

.rel.text
 *(.rel.text)
 *(.rel.text.*)
 *(.rel.gnu.linkonce.t*)

.rela.text
 *(.rela.text)
 *(.rela.text.*)
 *(.rela.gnu.linkonce.t*)

.rel.fini
 *(.rel.fini)

.rela.fini
 *(.rela.fini)

.rel.rodata
 *(.rel.rodata)
 *(.rel.rodata.*)
 *(.rel.gnu.linkonce.r*)

.rela.rodata
 *(.rela.rodata)
 *(.rela.rodata.*)
 *(.rela.gnu.linkonce.r*)

.rel.data
 *(.rel.data)
 *(.rel.data.*)
 *(.rel.gnu.linkonce.d*)

.rela.data
 *(.rela.data)
 *(.rela.data.*)
 *(.rela.gnu.linkonce.d*)

.rel.ctors
 *(.rel.ctors)

.rela.ctors
 *(.rela.ctors)

.rel.dtors
 *(.rel.dtors)

.rela.dtors
 *(.rela.dtors)

.rel.got
 *(.rel.got)

.rela.got
 *(.rela.got)

.rel.bss
 *(.rel.bss)

.rela.bss
 *(.rela.bss)

.rel.plt
 *(.rel.plt)

.rela.plt
 *(.rela.plt)

.text           0x0000000000000000     0x344e
 *(.vectors)
 .vectors       0x0000000000000000       0xe8 C:/Program Files (x86)/Atmel/Studio/7.0/Packs/atmel/AVR-Dx_DFP/1.9.103/gcc/dev/avr128da48/avrxmega4/crtavr128da48.o
                0x0000000000000000                __vector_default
                0x0000000000000000                __vectors
 *(.vectors)
 *(.progmem.gcc*)
                0x00000000000000e8                . = ALIGN (0x2)
                0x00000000000000e8                __trampolines_start = .
 *(.trampolines)
 .trampolines   0x00000000000000e8        0x0 linker stubs
 *(.trampolines*)
                0x00000000000000e8                __trampolines_end = .
 *libprintf_flt.a:*(.progmem.data)
 *libc.a:*(.progmem.data)
 *(.progmem*)
                0x00000000000000e8                . = ALIGN (0x2)
 *(.jumptables)
 *(.jumptables*)
 *(.lowtext)
 *(.lowtext*)
                0x00000000000000e8                __ctors_start = .
 *(.ctors)
 .ctors         0x00000000000000e8        0x2 main.o
 .ctors         0x00000000000000ea        0x2 src/adc.o
                0x00000000000000ec                __ctors_end = .
                0x00000000000000ec                __dtors_start = .
 *(.dtors)
 .dtors         0x00000000000000ec        0x2 main.o
 .dtors         0x00000000000000ee        0x2 src/adc.o
                0x00000000000000f0                __dtors_end = .
 SORT(*)(.ctors)
 SORT(*)(.dtors)
 *(.init0)
 .init0         0x00000000000000f0        0x0 C:/Program Files (x86)/Atmel/Studio/7.0/Packs/atmel/AVR-Dx_DFP/1.9.103/gcc/dev/avr128da48/avrxmega4/crtavr128da48.o
                0x00000000000000f0                __init
 *(.init0)
 *(.init1)
 *(.init1)
 *(.init2)
 .init2         0x00000000000000f0        0xc C:/Program Files (x86)/Atmel/Studio/7.0/Packs/atmel/AVR-Dx_DFP/1.9.103/gcc/dev/avr128da48/avrxmega4/crtavr128da48.o
 *(.init2)
 *(.init3)
 *(.init3)
 *(.init4)
 .init4         0x00000000000000fc       0x1a c:/program files (x86)/atmel/studio/7.0/toolchain/avr8/avr8-gnu-toolchain/bin/../lib/gcc/avr/7.3.0/avrxmega4\libgcc.a(_copy_data.o)
                0x00000000000000fc                __do_copy_data
 .init4         0x0000000000000116       0x10 c:/program files (x86)/atmel/studio/7.0/toolchain/avr8/avr8-gnu-toolchain/bin/../lib/gcc/avr/7.3.0/avrxmega4\libgcc.a(_clear_bss.o)
                0x0000000000000116                __do_clear_bss
 *(.init4)
 *(.init5)
 *(.init5)
 *(.init6)
 .init6         0x0000000000000126       0x16 c:/program files (x86)/atmel/studio/7.0/toolchain/avr8/avr8-gnu-toolchain/bin/../lib/gcc/avr/7.3.0/avrxmega4\libgcc.a(_ctors.o)
                0x0000000000000126                __do_global_ctors
 *(.init6)
 *(.init7)
 *(.init7)
 *(.init8)
 *(.init8)
 *(.init9)
 .init9         0x000000000000013c        0x8 C:/Program Files (x86)/Atmel/Studio/7.0/Packs/atmel/AVR-Dx_DFP/1.9.103/gcc/dev/avr128da48/avrxmega4/crtavr128da48.o
 *(.init9)
 *(.text)
 .text          0x0000000000000144        0x4 C:/Program Files (x86)/Atmel/Studio/7.0/Packs/atmel/AVR-Dx_DFP/1.9.103/gcc/dev/avr128da48/avrxmega4/crtavr128da48.o
                0x0000000000000144                __vector_38
                0x0000000000000144                __vector_22
                0x0000000000000144                __vector_28
                0x0000000000000144                __vector_1
                0x0000000000000144                __vector_32
                0x0000000000000144                __vector_55
                0x0000000000000144                __vector_46
                0x0000000000000144                __bad_interrupt
                0x0000000000000144                __vector_31
                0x0000000000000144                __vector_35
                0x0000000000000144                __vector_39
                0x0000000000000144                __vector_3
                0x0000000000000144                __vector_23
                0x0000000000000144                __vector_45
                0x0000000000000144                __vector_25
                0x0000000000000144                __vector_11
                0x0000000000000144                __vector_54
                0x0000000000000144                __vector_17
                0x0000000000000144                __vector_19
                0x0000000000000144                __vector_56
                0x0000000000000144                __vector_7
                0x0000000000000144                __vector_49
                0x0000000000000144                __vector_43
                0x0000000000000144                __vector_27
                0x0000000000000144                __vector_5
                0x0000000000000144                __vector_33
                0x0000000000000144                __vector_47
                0x0000000000000144                __vector_52
                0x0000000000000144                __vector_37
                0x0000000000000144                __vector_4
                0x0000000000000144                __vector_44
                0x0000000000000144                __vector_51
                0x0000000000000144                __vector_9
                0x0000000000000144                __vector_2
                0x0000000000000144                __vector_21
                0x0000000000000144                __vector_15
                0x0000000000000144                __vector_36
                0x0000000000000144                __vector_29
                0x0000000000000144                __vector_40
                0x0000000000000144                __vector_8
                0x0000000000000144                __vector_26
                0x0000000000000144                __vector_48
                0x0000000000000144                __vector_14
                0x0000000000000144                __vector_57
                0x0000000000000144                __vector_53
                0x0000000000000144                __vector_10
                0x0000000000000144                __vector_50
                0x0000000000000144                __vector_16
                0x0000000000000144                __vector_18
                0x0000000000000144                __vector_20
                0x0000000000000144                __vector_42
                0x0000000000000148                . = ALIGN (0x2)
 *(.text.*)
 .text.atmel_start_init
                0x0000000000000148        0x6 atmel_start.o
                0x0000000000000148                atmel_start_init
 .text.__vector_34
                0x000000000000014e       0x1e main.o
                0x000000000000014e                __vector_34
 .text.__vector_12
                0x000000000000016c      0x532 main.o
                0x000000000000016c                __vector_12
 .text.__vector_6
                0x000000000000069e       0x1c main.o
                0x000000000000069e                __vector_6
 .text._Z11powerDown5Vv
                0x00000000000006ba        0x4 main.o
                0x00000000000006ba                _Z11powerDown5Vv
 .text._Z9powerUp5Vv
                0x00000000000006be        0x4 main.o
                0x00000000000006be                _Z9powerUp5Vv
 .text.main     0x00000000000006c2      0x2d6 main.o
                0x00000000000006c2                main
 .text._GLOBAL__sub_I_g_antenna_connect_state
                0x0000000000000998       0x1e main.o
 .text._GLOBAL__sub_D_g_antenna_connect_state
                0x00000000000009b6       0x1a main.o
 .text._ZL16ADC0_SYSTEM_initb
                0x00000000000009d0       0x90 src/adc.o
 .text._Z18ADC0_setADCChannel20ADC_Active_Channel_t
                0x0000000000000a60      0x104 src/adc.o
                0x0000000000000a60                _Z18ADC0_setADCChannel20ADC_Active_Channel_t
 .text._Z20ADC0_startConversionv
                0x0000000000000b64       0x18 src/adc.o
                0x0000000000000b64                _Z20ADC0_startConversionv
 .text._Z19ADC0_conversionDonev
                0x0000000000000b7c        0x8 src/adc.o
                0x0000000000000b7c                _Z19ADC0_conversionDonev
 .text._Z9ADC0_readv
                0x0000000000000b84        0xa src/adc.o
                0x0000000000000b84                _Z9ADC0_readv
 .text.__vector_24
                0x0000000000000b8e       0x62 src/adc.o
                0x0000000000000b8e                __vector_24
 .text._GLOBAL__sub_I_g_adcVal
                0x0000000000000bf0       0x22 src/adc.o
 .text._GLOBAL__sub_D_g_adcVal
                0x0000000000000c12        0xa src/adc.o
 .text._Z8debouncev
                0x0000000000000c1c       0x56 src/binio.o
                0x0000000000000c1c                _Z8debouncev
 .text._Z18portAdebouncedValsv
                0x0000000000000c72        0x6 src/binio.o
                0x0000000000000c72                _Z18portAdebouncedValsv
 .text._Z10BINIO_initv
                0x0000000000000c78       0xb2 src/binio.o
                0x0000000000000c78                _Z10BINIO_initv
 .text._Z11BINIO_sleepv
                0x0000000000000d2a       0xb2 src/binio.o
                0x0000000000000d2a                _Z11BINIO_sleepv
 .text.BOD_init
                0x0000000000000ddc        0x8 src/bod.o
                0x0000000000000ddc                BOD_init
 .text._ZN18CircularStringBuffC2Ej
                0x0000000000000de4       0x30 src/CircularStringBuff.o
                0x0000000000000de4                _ZN18CircularStringBuffC1Ej
                0x0000000000000de4                _ZN18CircularStringBuffC2Ej
 .text._ZN18CircularStringBuffD2Ev
                0x0000000000000e14        0xc src/CircularStringBuff.o
                0x0000000000000e14                _ZN18CircularStringBuffD2Ev
                0x0000000000000e14                _ZN18CircularStringBuffD1Ev
 .text._ZN18CircularStringBuff5resetEv
                0x0000000000000e20       0x10 src/CircularStringBuff.o
                0x0000000000000e20                _ZN18CircularStringBuff5resetEv
 .text.CLKCTRL_init
                0x0000000000000e30       0x10 src/clkctrl.o
                0x0000000000000e30                CLKCTRL_init
 .text.CPUINT_init
                0x0000000000000e40        0x6 src/cpuint.o
                0x0000000000000e40                CPUINT_init
 .text._Z9DAC0_initv
                0x0000000000000e46       0x34 src/dac0.o
                0x0000000000000e46                _Z9DAC0_initv
 .text.mcu_init
                0x0000000000000e7a       0x6e src/driver_init.o
                0x0000000000000e7a                mcu_init
 .text.system_init
                0x0000000000000ee8       0x22 src/driver_init.o
                0x0000000000000ee8                system_init
 .text.system_sleep_settings
                0x0000000000000f0a       0x16 src/driver_init.o
                0x0000000000000f0a                system_sleep_settings
 .text._ZN13EepromManagerC2Ev
                0x0000000000000f20        0x2 src/eeprommanager.o
                0x0000000000000f20                _ZN13EepromManagerC1Ev
                0x0000000000000f20                _ZN13EepromManagerC2Ev
 .text._ZN13EepromManagerD2Ev
                0x0000000000000f22        0x2 src/eeprommanager.o
                0x0000000000000f22                _ZN13EepromManagerD1Ev
                0x0000000000000f22                _ZN13EepromManagerD2Ev
 .text._ZN8GoertzelC2Eff
                0x0000000000000f24       0xa0 src/Goertzel.o
                0x0000000000000f24                _ZN8GoertzelC1Eff
                0x0000000000000f24                _ZN8GoertzelC2Eff
 .text._ZN8GoertzelD2Ev
                0x0000000000000fc4        0xe src/Goertzel.o
                0x0000000000000fc4                _ZN8GoertzelD2Ev
                0x0000000000000fc4                _ZN8GoertzelD1Ev
 .text._ZN8Goertzel9DataPointEi
                0x0000000000000fd2       0x66 src/Goertzel.o
                0x0000000000000fd2                _ZN8Goertzel9DataPointEi
 .text._ZL11i2c_0_WaitWv
                0x0000000000001038       0x50 src/i2c.o
 .text.I2C_0_Init
                0x0000000000001088       0x24 src/i2c.o
                0x0000000000001088                I2C_0_Init
 .text.I2C_0_SendData
                0x00000000000010ac       0x88 src/i2c.o
                0x00000000000010ac                I2C_0_SendData
 .text.I2C_0_GetData
                0x0000000000001134       0xaa src/i2c.o
                0x0000000000001134                I2C_0_GetData
 .text._ZN4ledsC2Ev
                0x00000000000011de        0x2 src/leds.o
                0x00000000000011de                _ZN4ledsC2Ev
                0x00000000000011de                _ZN4ledsC1Ev
 .text._ZN4ledsD2Ev
                0x00000000000011e0        0x2 src/leds.o
                0x00000000000011e0                _ZN4ledsD2Ev
                0x00000000000011e0                _ZN4ledsD1Ev
 .text.__vector_41
                0x00000000000011e2      0x22a src/leds.o
                0x00000000000011e2                __vector_41
 .text._ZN4leds6activeEv
                0x000000000000140c       0x24 src/leds.o
                0x000000000000140c                _ZN4leds6activeEv
 .text._ZN4leds10deactivateEv
                0x0000000000001430       0x32 src/leds.o
                0x0000000000001430                _ZN4leds10deactivateEv
 .text._ZN4leds5blinkE7Blink_tb
                0x0000000000001462      0x43a src/leds.o
                0x0000000000001462                _ZN4leds5blinkE7Blink_tb
 .text._ZN4leds5blinkE7Blink_t
                0x000000000000189c        0x8 src/leds.o
                0x000000000000189c                _ZN4leds5blinkE7Blink_t
 .text._ZN4leds5resetEv
                0x00000000000018a4       0x32 src/leds.o
                0x00000000000018a4                _ZN4leds5resetEv
 .text._ZN4leds4initE7Blink_t
                0x00000000000018d6       0x46 src/leds.o
                0x00000000000018d6                _ZN4leds4initE7Blink_t
 .text._ZN4leds4initEv
                0x000000000000191c        0xa src/leds.o
                0x000000000000191c                _ZN4leds4initEv
 .text.protected_write_io
                0x0000000000001926        0xa src/protected_io.o
                0x0000000000001926                protected_write_io
 .text._Z13reduce_by_gcdPmS_
                0x0000000000001930       0xe8 src/si5351.o
                0x0000000000001930                _Z13reduce_by_gcdPmS_
 .text._Z8pll_calcmP13u_si5351_regs
                0x0000000000001a18      0x130 src/si5351.o
                0x0000000000001a18                _Z8pll_calcmP13u_si5351_regs
 .text._Z15multisynth_calcmP13u_si5351_regsPbS1_
                0x0000000000001b48      0x17c src/si5351.o
                0x0000000000001b48                _Z15multisynth_calcmP13u_si5351_regsPbS1_
 .text._Z19multisynth_estimatemP13u_si5351_regsPbS1_
                0x0000000000001cc4      0x1fe src/si5351.o
                0x0000000000001cc4                _Z19multisynth_estimatemP13u_si5351_regsPbS1_
 .text._Z17si5351_write_bulkhPhh
                0x0000000000001ec2       0x38 src/si5351.o
                0x0000000000001ec2                _Z17si5351_write_bulkhPhh
 .text._Z7set_pllm10si5351_pll
                0x0000000000001efa       0x82 src/si5351.o
                0x0000000000001efa                _Z7set_pllm10si5351_pll
 .text._Z16si5351_read_bulkhPhh
                0x0000000000001f7c       0x38 src/si5351.o
                0x0000000000001f7c                _Z16si5351_read_bulkhPhh
 .text.si5351_init
                0x0000000000001fb4      0x168 src/si5351.o
                0x0000000000001fb4                si5351_init
 .text.si5351_clock_enable
                0x000000000000211c       0x80 src/si5351.o
                0x000000000000211c                si5351_clock_enable
 .text.si5351_drive_strength
                0x000000000000219c       0x8a src/si5351.o
                0x000000000000219c                si5351_drive_strength
 .text._Z31set_multisynth_registers_source12si5351_clock10si5351_pll
                0x0000000000002226       0x62 src/si5351.o
                0x0000000000002226                _Z31set_multisynth_registers_source12si5351_clock10si5351_pll
 .text._Z16set_integer_mode12si5351_clockb
                0x0000000000002288       0x50 src/si5351.o
                0x0000000000002288                _Z16set_integer_mode12si5351_clockb
 .text._Z6ms_div12si5351_clockhb
                0x00000000000022d8       0x84 src/si5351.o
                0x00000000000022d8                _Z6ms_div12si5351_clockhb
 .text._Z24set_multisynth_registers12si5351_clock13u_si5351_regsbhb
                0x000000000000235c       0xfe src/si5351.o
                0x000000000000235c                _Z24set_multisynth_registers12si5351_clock13u_si5351_regsbhb
 .text.si5351_set_freq
                0x000000000000245a      0x2d8 src/si5351.o
                0x000000000000245a                si5351_set_freq
 .text.SLPCTRL_init
                0x0000000000002732        0x8 src/slpctrl.o
                0x0000000000002732                SLPCTRL_init
 .text.SLPCTRL_set_sleep_mode
                0x000000000000273a       0x10 src/slpctrl.o
                0x000000000000273a                SLPCTRL_set_sleep_mode
 .text.TIMERB_init
                0x000000000000274a       0x5c src/tcb.o
                0x000000000000274a                TIMERB_init
 .text.util_delay_ms
                0x00000000000027a6      0x114 src/tcb.o
                0x00000000000027a6                util_delay_ms
 .text.__vector_30
                0x00000000000028ba       0x66 src/tcb.o
                0x00000000000028ba                __vector_30
 .text.__vector_13
                0x0000000000002920       0x66 src/tcb.o
                0x0000000000002920                __vector_13
 .text.TIMERB_sleep
                0x0000000000002986       0x24 src/tcb.o
                0x0000000000002986                TIMERB_sleep
 .text._Z14rxSetFrequencyPmb
                0x00000000000029aa       0x72 src/receiver.o
                0x00000000000029aa                _Z14rxSetFrequencyPmb
 .text._Z13init_receiverm
                0x0000000000002a1c       0x16 src/receiver.o
                0x0000000000002a1c                _Z13init_receiverm
 .text._Z13init_receiverv
                0x0000000000002a32       0x5e src/receiver.o
                0x0000000000002a32                _Z13init_receiverv
 .text.avr-libc.fplib
                0x0000000000002a90        0xa c:/program files (x86)/atmel/studio/7.0/toolchain/avr8/avr8-gnu-toolchain/bin/../lib/gcc/avr/7.3.0/../../../../avr/lib/avrxmega4\libm.a(cmpsf2.o)
                0x0000000000002a90                __nesf2
                0x0000000000002a90                __eqsf2
                0x0000000000002a90                __cmpsf2
                0x0000000000002a90                __ltsf2
                0x0000000000002a90                __lesf2
 .text.avr-libc.fplib
                0x0000000000002a9a        0xe c:/program files (x86)/atmel/studio/7.0/toolchain/avr8/avr8-gnu-toolchain/bin/../lib/gcc/avr/7.3.0/../../../../avr/lib/avrxmega4\libm.a(fixsfsi.o)
                0x0000000000002a9a                __fixsfsi
 .text.avr-libc.fplib
                0x0000000000002aa8       0x5e c:/program files (x86)/atmel/studio/7.0/toolchain/avr8/avr8-gnu-toolchain/bin/../lib/gcc/avr/7.3.0/../../../../avr/lib/avrxmega4\libm.a(fixunssfsi.o)
                0x0000000000002aa8                __fixunssfsi
 .text.avr-libc.fplib
                0x0000000000002b06       0x48 c:/program files (x86)/atmel/studio/7.0/toolchain/avr8/avr8-gnu-toolchain/bin/../lib/gcc/avr/7.3.0/../../../../avr/lib/avrxmega4\libm.a(fp_cmp.o)
                0x0000000000002b06                __fp_cmp
 .text.avr-libc.fplib
                0x0000000000002b4e       0x44 c:/program files (x86)/atmel/studio/7.0/toolchain/avr8/avr8-gnu-toolchain/bin/../lib/gcc/avr/7.3.0/../../../../avr/lib/avrxmega4\libm.a(fp_split3.o)
                0x0000000000002b4e                __fp_split3
                0x0000000000002b5e                __fp_splitA
 .text.avr-libc.fplib
                0x0000000000002b92        0xe c:/program files (x86)/atmel/studio/7.0/toolchain/avr8/avr8-gnu-toolchain/bin/../lib/gcc/avr/7.3.0/../../../../avr/lib/avrxmega4\libm.a(fp_zero.o)
                0x0000000000002b92                __fp_zero
                0x0000000000002b94                __fp_szero
 .text.avr-libc.fplib
                0x0000000000002ba0        0xa c:/program files (x86)/atmel/studio/7.0/toolchain/avr8/avr8-gnu-toolchain/bin/../lib/gcc/avr/7.3.0/../../../../avr/lib/avrxmega4\libm.a(gesf2.o)
                0x0000000000002ba0                __gesf2
                0x0000000000002ba0                __gtsf2
 .text.libgcc.mul
                0x0000000000002baa       0x20 c:/program files (x86)/atmel/studio/7.0/toolchain/avr8/avr8-gnu-toolchain/bin/../lib/gcc/avr/7.3.0/avrxmega4\libgcc.a(_mulsi3.o)
                0x0000000000002baa                __mulsi3
 .text.libgcc.div
                0x0000000000002bca       0x44 c:/program files (x86)/atmel/studio/7.0/toolchain/avr8/avr8-gnu-toolchain/bin/../lib/gcc/avr/7.3.0/avrxmega4\libgcc.a(_udivmodsi4.o)
                0x0000000000002bca                __udivmodsi4
 .text.libgcc   0x0000000000002c0e       0x12 c:/program files (x86)/atmel/studio/7.0/toolchain/avr8/avr8-gnu-toolchain/bin/../lib/gcc/avr/7.3.0/avrxmega4\libgcc.a(_tablejump2.o)
                0x0000000000002c0e                __tablejump2__
 .text.libgcc.mul
                0x0000000000002c20       0x1e c:/program files (x86)/atmel/studio/7.0/toolchain/avr8/avr8-gnu-toolchain/bin/../lib/gcc/avr/7.3.0/avrxmega4\libgcc.a(_umulhisi3.o)
                0x0000000000002c20                __umulhisi3
 .text.libgcc.mul
                0x0000000000002c3e       0x16 c:/program files (x86)/atmel/studio/7.0/toolchain/avr8/avr8-gnu-toolchain/bin/../lib/gcc/avr/7.3.0/avrxmega4\libgcc.a(_muluhisi3.o)
                0x0000000000002c3e                __muluhisi3
 .text.avr-libc
                0x0000000000002c54      0x24a c:/program files (x86)/atmel/studio/7.0/toolchain/avr8/avr8-gnu-toolchain/bin/../lib/gcc/avr/7.3.0/../../../../avr/lib/avrxmega4\libc.a(malloc.o)
                0x0000000000002c54                malloc
                0x0000000000002d8c                free
 .text.avr-libc
                0x0000000000002e9e       0x54 c:/program files (x86)/atmel/studio/7.0/toolchain/avr8/avr8-gnu-toolchain/bin/../lib/gcc/avr/7.3.0/../../../../avr/lib/avrxmega4\libc.a(sprintf.o)
                0x0000000000002e9e                sprintf
 .text.avr-libc
                0x0000000000002ef2      0x3fa c:/program files (x86)/atmel/studio/7.0/toolchain/avr8/avr8-gnu-toolchain/bin/../lib/gcc/avr/7.3.0/../../../../avr/lib/avrxmega4\libc.a(vfprintf_std.o)
                0x0000000000002ef2                vfprintf
 .text.avr-libc
                0x00000000000032ec       0x16 c:/program files (x86)/atmel/studio/7.0/toolchain/avr8/avr8-gnu-toolchain/bin/../lib/gcc/avr/7.3.0/../../../../avr/lib/avrxmega4\libc.a(strnlen_P.o)
                0x00000000000032ec                strnlen_P
 .text.avr-libc
                0x0000000000003302       0x16 c:/program files (x86)/atmel/studio/7.0/toolchain/avr8/avr8-gnu-toolchain/bin/../lib/gcc/avr/7.3.0/../../../../avr/lib/avrxmega4\libc.a(strnlen.o)
                0x0000000000003302                strnlen
 .text.avr-libc
                0x0000000000003318       0x60 c:/program files (x86)/atmel/studio/7.0/toolchain/avr8/avr8-gnu-toolchain/bin/../lib/gcc/avr/7.3.0/../../../../avr/lib/avrxmega4\libc.a(fputc.o)
                0x0000000000003318                fputc
 .text.avr-libc
                0x0000000000003378       0xbc c:/program files (x86)/atmel/studio/7.0/toolchain/avr8/avr8-gnu-toolchain/bin/../lib/gcc/avr/7.3.0/../../../../avr/lib/avrxmega4\libc.a(ultoa_invert.o)
                0x0000000000003378                __ultoa_invert
                0x0000000000003434                . = ALIGN (0x2)
 *(.fini9)
 .fini9         0x0000000000003434        0x0 c:/program files (x86)/atmel/studio/7.0/toolchain/avr8/avr8-gnu-toolchain/bin/../lib/gcc/avr/7.3.0/avrxmega4\libgcc.a(_exit.o)
                0x0000000000003434                _exit
                0x0000000000003434                exit
 *(.fini9)
 *(.fini8)
 *(.fini8)
 *(.fini7)
 *(.fini7)
 *(.fini6)
 .fini6         0x0000000000003434       0x16 c:/program files (x86)/atmel/studio/7.0/toolchain/avr8/avr8-gnu-toolchain/bin/../lib/gcc/avr/7.3.0/avrxmega4\libgcc.a(_dtors.o)
                0x0000000000003434                __do_global_dtors
 *(.fini6)
 *(.fini5)
 *(.fini5)
 *(.fini4)
 *(.fini4)
 *(.fini3)
 *(.fini3)
 *(.fini2)
 *(.fini2)
 *(.fini1)
 *(.fini1)
 *(.fini0)
 .fini0         0x000000000000344a        0x4 c:/program files (x86)/atmel/studio/7.0/toolchain/avr8/avr8-gnu-toolchain/bin/../lib/gcc/avr/7.3.0/avrxmega4\libgcc.a(_exit.o)
 *(.fini0)
                0x000000000000344e                _etext = .

.data           0x0000000000804000       0x32 load address 0x000000000000344e
                0x0000000000804000                PROVIDE (__data_start, .)
 *(.data)
 .data          0x0000000000804000        0x6 c:/program files (x86)/atmel/studio/7.0/toolchain/avr8/avr8-gnu-toolchain/bin/../lib/gcc/avr/7.3.0/../../../../avr/lib/avrxmega4\libc.a(malloc.o)
                0x0000000000804000                __malloc_heap_end
                0x0000000000804002                __malloc_heap_start
                0x0000000000804004                __malloc_margin
 *(.data*)
 .data._ZZ11__vector_12E23encoderLongPressEnabled
                0x0000000000804006        0x1 main.o
 .data._ZZ11__vector_12E26rightsenseLongPressEnabled
                0x0000000000804007        0x1 main.o
 .data._ZZ11__vector_12E25leftsenseLongPressEnabled
                0x0000000000804008        0x1 main.o
 .data._ZZ11__vector_12E7fiftyMS
                0x0000000000804009        0x1 main.o
 .data._ZL19g_adcCountdownCount
                0x000000000080400a        0x6 main.o
 .data._ZL12g_awakenedBy
                0x0000000000804010        0x2 main.o
 .data.g_i2c1_timeout_ticks
                0x0000000000804012        0x2 src/i2c.o
                0x0000000000804012                g_i2c1_timeout_ticks
 .data.g_i2c0_timeout_ticks
                0x0000000000804014        0x2 src/i2c.o
                0x0000000000804014                g_i2c0_timeout_ticks
 .data._ZL17led_timeout_count
                0x0000000000804016        0x4 src/leds.o
 .data._ZL9xtal_freq
                0x000000000080401a        0x4 src/si5351.o
 .data.g_rx_frequency
                0x000000000080401e        0x4 src/receiver.o
                0x000000000080401e                g_rx_frequency
 *(.gnu.linkonce.d*)
 *(.rodata)
 *(.rodata*)
 .rodata.main.str1.1
                0x0000000000804022        0x3 main.o
 .rodata._ZL34g_adcChannelConversionPeriod_ticks
                0x0000000000804025        0x6 main.o
 .rodata._ZL17g_adcChannelOrder
                0x000000000080402b        0x6 main.o
 *(.gnu.linkonce.r*)
                0x0000000000804032                . = ALIGN (0x2)
 *fill*         0x0000000000804031        0x1 
                0x0000000000804032                _edata = .
                0x0000000000804032                PROVIDE (__data_end, .)

.bss            0x0000000000804032       0xec
                0x0000000000804032                PROVIDE (__bss_start, .)
 *(.bss)
 *(.bss*)
 .bss._ZZ11__vector_12E15encoderReleased
                0x0000000000804032        0x1 main.o
 .bss._ZZ11__vector_12E18rightsenseReleased
                0x0000000000804033        0x1 main.o
 .bss._ZZ11__vector_12E17leftsenseReleased
                0x0000000000804034        0x1 main.o
 .bss._ZZ11__vector_12E29encoder_closures_count_period
                0x0000000000804035        0x2 main.o
 .bss._ZZ11__vector_12E32rightsense_closures_count_period
                0x0000000000804037        0x2 main.o
 .bss._ZZ11__vector_12E31leftsense_closures_count_period
                0x0000000000804039        0x2 main.o
 .bss._ZZ11__vector_12E24indexConversionInProcess
                0x000000000080403b        0x1 main.o
 .bss._ZZ11__vector_12E19conversionInProcess
                0x000000000080403c        0x1 main.o
 .bss.g_ee_mgr  0x000000000080403d        0x1 main.o
                0x000000000080403d                g_ee_mgr
 .bss.g_text_buff
                0x000000000080403e        0xa main.o
                0x000000000080403e                g_text_buff
 .bss.LEDS      0x0000000000804048        0x1 main.o
                0x0000000000804048                LEDS
 .bss.g_long_encoder_press
                0x0000000000804049        0x1 main.o
                0x0000000000804049                g_long_encoder_press
 .bss.g_long_rightsense_press
                0x000000000080404a        0x1 main.o
                0x000000000080404a                g_long_rightsense_press
 .bss.g_long_leftsense_press
                0x000000000080404b        0x1 main.o
                0x000000000080404b                g_long_leftsense_press
 .bss.g_encoder_presses_count
                0x000000000080404c        0x2 main.o
                0x000000000080404c                g_encoder_presses_count
 .bss.g_rightsense_presses_count
                0x000000000080404e        0x2 main.o
                0x000000000080404e                g_rightsense_presses_count
 .bss.g_leftsense_presses_count
                0x0000000000804050        0x2 main.o
                0x0000000000804050                g_leftsense_presses_count
 .bss.g_handle_counted_encoder_presses
                0x0000000000804052        0x2 main.o
                0x0000000000804052                g_handle_counted_encoder_presses
 .bss.g_handle_counted_rightsense_presses
                0x0000000000804054        0x2 main.o
                0x0000000000804054                g_handle_counted_rightsense_presses
 .bss.g_handle_counted_leftsense_presses
                0x0000000000804056        0x2 main.o
                0x0000000000804056                g_handle_counted_leftsense_presses
 .bss.g_encoder_closed_time
                0x0000000000804058        0x2 main.o
                0x0000000000804058                g_encoder_closed_time
 .bss.g_rightsense_closed_time
                0x000000000080405a        0x2 main.o
                0x000000000080405a                g_rightsense_closed_time
 .bss.g_leftsense_closed_time
                0x000000000080405c        0x2 main.o
                0x000000000080405c                g_leftsense_closed_time
 .bss._ZL22g_lastConversionResult
                0x000000000080405e        0x6 main.o
 .bss._ZL12g_adcUpdated
                0x0000000000804064        0x3 main.o
 .bss._ZL10g_sleeping
                0x0000000000804067        0x1 main.o
 .bss._ZL17g_go_to_sleep_now
                0x0000000000804068        0x1 main.o
 .bss._ZL18g_last_status_code
                0x0000000000804069        0x2 main.o
 .bss._ZL17g_last_error_code
                0x000000000080406b        0x2 main.o
 .bss._ZL9g_tempStr
                0x000000000080406d       0x64 main.o
 .bss._ZL20g_adc_initialization
                0x00000000008040d1        0x2 src/adc.o
 .bss.g_goertzel
                0x00000000008040d3        0x1 src/adc.o
                0x00000000008040d3                g_goertzel
 .bss.portFdebounced
                0x00000000008040d4        0x1 src/binio.o
                0x00000000008040d4                portFdebounced
 .bss.portAdebounced
                0x00000000008040d5        0x1 src/binio.o
                0x00000000008040d5                portAdebounced
 .bss.portFpinReadings
                0x00000000008040d6        0x3 src/binio.o
                0x00000000008040d6                portFpinReadings
 .bss.portApinReadings
                0x00000000008040d9        0x3 src/binio.o
                0x00000000008040d9                portApinReadings
 .bss.testData  0x00000000008040dc        0x2 src/Goertzel.o
                0x00000000008040dc                testData
 .bss._samplesReady
                0x00000000008040de        0x1 src/Goertzel.o
                0x00000000008040de                _samplesReady
 .bss._index    0x00000000008040df        0x2 src/Goertzel.o
                0x00000000008040df                _index
 .bss._N        0x00000000008040e1        0x2 src/Goertzel.o
                0x00000000008040e1                _N
 .bss._SAMPLING_FREQUENCY
                0x00000000008040e3        0x4 src/Goertzel.o
                0x00000000008040e3                _SAMPLING_FREQUENCY
 .bss._ZL20green_led_configured
                0x00000000008040e7        0x1 src/leds.o
 .bss._ZL18red_led_configured
                0x00000000008040e8        0x1 src/leds.o
 .bss._ZL17green_blink_count
                0x00000000008040e9        0x2 src/leds.o
 .bss._ZL15red_blink_count
                0x00000000008040eb        0x2 src/leds.o
 .bss._ZL22green_blink_off_period
                0x00000000008040ed        0x2 src/leds.o
 .bss._ZL21green_blink_on_period
                0x00000000008040ef        0x2 src/leds.o
 .bss._ZL20red_blink_off_period
                0x00000000008040f1        0x2 src/leds.o
 .bss._ZL19red_blink_on_period
                0x00000000008040f3        0x2 src/leds.o
 .bss._ZL20lastBothBlinkSetting
                0x00000000008040f5        0x2 src/leds.o
 .bss._ZL21lastGreenBlinkSetting
                0x00000000008040f7        0x2 src/leds.o
 .bss._ZL19lastRedBlinkSetting
                0x00000000008040f9        0x2 src/leds.o
 .bss._ZL25timer_green_blink_inhibit
                0x00000000008040fb        0x1 src/leds.o
 .bss._ZL23timer_red_blink_inhibit
                0x00000000008040fc        0x1 src/leds.o
 .bss._ZZ11si5351_initE3err
                0x00000000008040fd        0x1 src/si5351.o
 .bss.g_si5351_initialized
                0x00000000008040fe        0x1 src/si5351.o
                0x00000000008040fe                g_si5351_initialized
 .bss._ZL9clock_out
                0x00000000008040ff        0xc src/si5351.o
 .bss._ZL17enabledClocksMask
                0x000000000080410b        0x1 src/si5351.o
 .bss._ZL8freqVCOB
                0x000000000080410c        0x4 src/si5351.o
 .bss._ZZ13util_delay_msE8counting
                0x0000000000804110        0x1 src/tcb.o
 .bss._ZZ13util_delay_msE14countdownValue
                0x0000000000804111        0x4 src/tcb.o
 .bss._ZL12g_ms_counter
                0x0000000000804115        0x4 src/tcb.o
 .bss._ZL16g_rx_initialized
                0x0000000000804119        0x1 src/receiver.o
 *(COMMON)
 COMMON         0x000000000080411a        0x4 c:/program files (x86)/atmel/studio/7.0/toolchain/avr8/avr8-gnu-toolchain/bin/../lib/gcc/avr/7.3.0/../../../../avr/lib/avrxmega4\libc.a(malloc.o)
                0x000000000080411a                __brkval
                0x000000000080411c                __flp
                0x000000000080411e                PROVIDE (__bss_end, .)
                0x000000000000344e                __data_load_start = LOADADDR (.data)
                0x0000000000003480                __data_load_end = (__data_load_start + SIZEOF (.data))

.noinit         0x000000000080411e        0x0
                [!provide]                        PROVIDE (__noinit_start, .)
 *(.noinit*)
                [!provide]                        PROVIDE (__noinit_end, .)
                0x000000000080411e                _end = .
                0x000000000080411e                PROVIDE (__heap_start, .)

.eeprom         0x0000000000810000      0x112
 *(.eeprom*)
 .eeprom        0x0000000000810000      0x112 src/eeprommanager.o
                0x0000000000810000                _ZN13EepromManager7ee_varsE
                0x0000000000810112                __eeprom_end = .

.fuse
 *(.fuse)
 *(.lfuse)
 *(.hfuse)
 *(.efuse)

.lock
 *(.lock*)

.signature
 *(.signature*)

.user_signatures
 *(.user_signatures*)

.stab
 *(.stab)

.stabstr
 *(.stabstr)

.stab.excl
 *(.stab.excl)

.stab.exclstr
 *(.stab.exclstr)

.stab.index
 *(.stab.index)

.stab.indexstr
 *(.stab.indexstr)

.comment        0x0000000000000000       0x5c
 *(.comment)
 .comment       0x0000000000000000       0x30 atmel_start.o
                                         0x31 (size before relaxing)
 .comment       0x0000000000000030       0x31 main.o
 .comment       0x0000000000000030       0x31 src/adc.o
 .comment       0x0000000000000030       0x31 src/binio.o
 .comment       0x0000000000000030       0x31 src/bod.o
 .comment       0x0000000000000030       0x31 src/CircularStringBuff.o
 .comment       0x0000000000000030       0x31 src/clkctrl.o
 .comment       0x0000000000000030       0x31 src/cpuint.o
 .comment       0x0000000000000030       0x31 src/dac0.o
 .comment       0x0000000000000030       0x31 src/driver_init.o
 .comment       0x0000000000000030       0x31 src/eeprommanager.o
 .comment       0x0000000000000030       0x31 src/Goertzel.o
 .comment       0x0000000000000030       0x31 src/i2c.o
 .comment       0x0000000000000030       0x31 src/leds.o
 .comment       0x0000000000000030       0x31 src/si5351.o
 .comment       0x0000000000000030       0x31 src/slpctrl.o
 .comment       0x0000000000000030       0x31 src/tcb.o
 .comment       0x0000000000000030       0x31 src/receiver.o
 .comment       0x0000000000000030       0x31 c:/program files (x86)/atmel/studio/7.0/toolchain/avr8/avr8-gnu-toolchain/bin/../lib/gcc/avr/7.3.0/../../../../avr/lib/avrxmega4\libc.a(malloc.o)
 .comment       0x0000000000000030       0x31 c:/program files (x86)/atmel/studio/7.0/toolchain/avr8/avr8-gnu-toolchain/bin/../lib/gcc/avr/7.3.0/../../../../avr/lib/avrxmega4\libc.a(sprintf.o)
 .comment       0x0000000000000030       0x2c c:/program files (x86)/atmel/studio/7.0/toolchain/avr8/avr8-gnu-toolchain/bin/../lib/gcc/avr/7.3.0/../../../../avr/lib/avrxmega4\libc.a(vfprintf_std.o)
                                         0x2d (size before relaxing)
 .comment       0x000000000000005c       0x31 c:/program files (x86)/atmel/studio/7.0/toolchain/avr8/avr8-gnu-toolchain/bin/../lib/gcc/avr/7.3.0/../../../../avr/lib/avrxmega4\libc.a(fputc.o)

.note.gnu.avr.deviceinfo
                0x0000000000000000       0x40
 .note.gnu.avr.deviceinfo
                0x0000000000000000       0x40 C:/Program Files (x86)/Atmel/Studio/7.0/Packs/atmel/AVR-Dx_DFP/1.9.103/gcc/dev/avr128da48/avrxmega4/crtavr128da48.o

.note.gnu.build-id
 *(.note.gnu.build-id)

.debug
 *(.debug)

.line
 *(.line)

.debug_srcinfo
 *(.debug_srcinfo)

.debug_sfnames
 *(.debug_sfnames)

.debug_aranges  0x0000000000000000      0x5f8
 *(.debug_aranges)
 .debug_aranges
                0x0000000000000000       0x20 atmel_start.o
 .debug_aranges
                0x0000000000000020       0x90 main.o
 .debug_aranges
                0x00000000000000b0       0x60 src/adc.o
 .debug_aranges
                0x0000000000000110       0x50 src/binio.o
 .debug_aranges
                0x0000000000000160       0x20 src/bod.o
 .debug_aranges
                0x0000000000000180       0x78 src/CircularStringBuff.o
 .debug_aranges
                0x00000000000001f8       0x20 src/clkctrl.o
 .debug_aranges
                0x0000000000000218       0x20 src/cpuint.o
 .debug_aranges
                0x0000000000000238       0x28 src/dac0.o
 .debug_aranges
                0x0000000000000260       0x30 src/driver_init.o
 .debug_aranges
                0x0000000000000290       0x68 src/eeprommanager.o
 .debug_aranges
                0x00000000000002f8       0x60 src/Goertzel.o
 .debug_aranges
                0x0000000000000358       0x78 src/i2c.o
 .debug_aranges
                0x00000000000003d0       0x80 src/leds.o
 .debug_aranges
                0x0000000000000450       0x20 src/protected_io.o
 .debug_aranges
                0x0000000000000470       0xc8 src/si5351.o
 .debug_aranges
                0x0000000000000538       0x28 src/slpctrl.o
 .debug_aranges
                0x0000000000000560       0x40 src/tcb.o
 .debug_aranges
                0x00000000000005a0       0x58 src/receiver.o

.debug_pubnames
 *(.debug_pubnames)

.debug_info     0x0000000000000000     0xdc63
 *(.debug_info .gnu.linkonce.wi.*)
 .debug_info    0x0000000000000000     0x2c24 C:/Program Files (x86)/Atmel/Studio/7.0/Packs/atmel/AVR-Dx_DFP/1.9.103/gcc/dev/avr128da48/avrxmega4/crtavr128da48.o
 .debug_info    0x0000000000002c24       0xe0 atmel_start.o
 .debug_info    0x0000000000002d04     0x24bd main.o
 .debug_info    0x00000000000051c1      0xeed src/adc.o
 .debug_info    0x00000000000060ae     0x1454 src/binio.o
 .debug_info    0x0000000000007502      0x1d0 src/bod.o
 .debug_info    0x00000000000076d2      0x5ec src/CircularStringBuff.o
 .debug_info    0x0000000000007cbe      0x311 src/clkctrl.o
 .debug_info    0x0000000000007fcf       0xd4 src/cpuint.o
 .debug_info    0x00000000000080a3      0x480 src/dac0.o
 .debug_info    0x0000000000008523      0x692 src/driver_init.o
 .debug_info    0x0000000000008bb5      0xfd1 src/eeprommanager.o
 .debug_info    0x0000000000009b86      0x682 src/Goertzel.o
 .debug_info    0x000000000000a208      0x9bf src/i2c.o
 .debug_info    0x000000000000abc7     0x10df src/leds.o
 .debug_info    0x000000000000bca6       0x92 src/protected_io.o
 .debug_info    0x000000000000bd38     0x14a4 src/si5351.o
 .debug_info    0x000000000000d1dc      0x181 src/slpctrl.o
 .debug_info    0x000000000000d35d      0x3d1 src/tcb.o
 .debug_info    0x000000000000d72e      0x535 src/receiver.o

.debug_abbrev   0x0000000000000000     0x533a
 *(.debug_abbrev)
 .debug_abbrev  0x0000000000000000     0x29ce C:/Program Files (x86)/Atmel/Studio/7.0/Packs/atmel/AVR-Dx_DFP/1.9.103/gcc/dev/avr128da48/avrxmega4/crtavr128da48.o
 .debug_abbrev  0x00000000000029ce       0x8f atmel_start.o
 .debug_abbrev  0x0000000000002a5d      0x585 main.o
 .debug_abbrev  0x0000000000002fe2      0x434 src/adc.o
 .debug_abbrev  0x0000000000003416      0x2c4 src/binio.o
 .debug_abbrev  0x00000000000036da       0xd2 src/bod.o
 .debug_abbrev  0x00000000000037ac      0x23e src/CircularStringBuff.o
 .debug_abbrev  0x00000000000039ea      0x138 src/clkctrl.o
 .debug_abbrev  0x0000000000003b22       0x72 src/cpuint.o
 .debug_abbrev  0x0000000000003b94      0x16f src/dac0.o
 .debug_abbrev  0x0000000000003d03      0x1ba src/driver_init.o
 .debug_abbrev  0x0000000000003ebd      0x327 src/eeprommanager.o
 .debug_abbrev  0x00000000000041e4      0x2d2 src/Goertzel.o
 .debug_abbrev  0x00000000000044b6      0x320 src/i2c.o
 .debug_abbrev  0x00000000000047d6      0x3cb src/leds.o
 .debug_abbrev  0x0000000000004ba1       0x14 src/protected_io.o
 .debug_abbrev  0x0000000000004bb5      0x346 src/si5351.o
 .debug_abbrev  0x0000000000004efb       0xe7 src/slpctrl.o
 .debug_abbrev  0x0000000000004fe2      0x175 src/tcb.o
 .debug_abbrev  0x0000000000005157      0x1e3 src/receiver.o

.debug_line     0x0000000000000000     0x47e6
 *(.debug_line .debug_line.* .debug_line_end)
 .debug_line    0x0000000000000000      0x1f3 C:/Program Files (x86)/Atmel/Studio/7.0/Packs/atmel/AVR-Dx_DFP/1.9.103/gcc/dev/avr128da48/avrxmega4/crtavr128da48.o
 .debug_line    0x00000000000001f3      0x13c atmel_start.o
 .debug_line    0x000000000000032f      0x98a main.o
 .debug_line    0x0000000000000cb9      0x46f src/adc.o
 .debug_line    0x0000000000001128      0x475 src/binio.o
 .debug_line    0x000000000000159d      0x18b src/bod.o
 .debug_line    0x0000000000001728      0x340 src/CircularStringBuff.o
 .debug_line    0x0000000000001a68      0x1b9 src/clkctrl.o
 .debug_line    0x0000000000001c21      0x129 src/cpuint.o
 .debug_line    0x0000000000001d4a      0x1e1 src/dac0.o
 .debug_line    0x0000000000001f2b      0x31f src/driver_init.o
 .debug_line    0x000000000000224a      0x370 src/eeprommanager.o
 .debug_line    0x00000000000025ba      0x301 src/Goertzel.o
 .debug_line    0x00000000000028bb      0x5ee src/i2c.o
 .debug_line    0x0000000000002ea9      0x842 src/leds.o
 .debug_line    0x00000000000036eb       0x5b src/protected_io.o
 .debug_line    0x0000000000003746      0x91d src/si5351.o
 .debug_line    0x0000000000004063      0x1ab src/slpctrl.o
 .debug_line    0x000000000000420e      0x35b src/tcb.o
 .debug_line    0x0000000000004569      0x27d src/receiver.o

.debug_frame    0x0000000000000000     0x10cc
 *(.debug_frame)
 .debug_frame   0x0000000000000000       0x24 atmel_start.o
 .debug_frame   0x0000000000000024      0x208 main.o
 .debug_frame   0x000000000000022c      0x11c src/adc.o
 .debug_frame   0x0000000000000348       0x84 src/binio.o
 .debug_frame   0x00000000000003cc       0x24 src/bod.o
 .debug_frame   0x00000000000003f0      0x10c src/CircularStringBuff.o
 .debug_frame   0x00000000000004fc       0x24 src/clkctrl.o
 .debug_frame   0x0000000000000520       0x24 src/cpuint.o
 .debug_frame   0x0000000000000544       0x34 src/dac0.o
 .debug_frame   0x0000000000000578       0x44 src/driver_init.o
 .debug_frame   0x00000000000005bc       0xb4 src/eeprommanager.o
 .debug_frame   0x0000000000000670      0x184 src/Goertzel.o
 .debug_frame   0x00000000000007f4      0x154 src/i2c.o
 .debug_frame   0x0000000000000948      0x150 src/leds.o
 .debug_frame   0x0000000000000a98      0x48c src/si5351.o
 .debug_frame   0x0000000000000f24       0x34 src/slpctrl.o
 .debug_frame   0x0000000000000f58       0xa4 src/tcb.o
 .debug_frame   0x0000000000000ffc       0xd0 src/receiver.o

.debug_str      0x0000000000000000     0x576c
 *(.debug_str)
 .debug_str     0x0000000000000000     0x1320 C:/Program Files (x86)/Atmel/Studio/7.0/Packs/atmel/AVR-Dx_DFP/1.9.103/gcc/dev/avr128da48/avrxmega4/crtavr128da48.o
 .debug_str     0x0000000000001320      0x1f5 atmel_start.o
                                        0x22e (size before relaxing)
 .debug_str     0x0000000000001515     0x20b2 main.o
                                       0x258d (size before relaxing)
 .debug_str     0x00000000000035c7      0x848 src/adc.o
                                        0xdf8 (size before relaxing)
 .debug_str     0x0000000000003e0f      0x28f src/binio.o
                                        0x606 (size before relaxing)
 .debug_str     0x000000000000409e       0x80 src/bod.o
                                        0x2d1 (size before relaxing)
 .debug_str     0x000000000000411e       0x74 src/CircularStringBuff.o
                                        0x437 (size before relaxing)
 .debug_str     0x0000000000004192      0x1be src/clkctrl.o
                                        0x407 (size before relaxing)
 .debug_str     0x0000000000004350       0x1e src/cpuint.o
                                        0x221 (size before relaxing)
 .debug_str     0x000000000000436e       0x7a src/dac0.o
                                        0x4cd (size before relaxing)
 .debug_str     0x00000000000043e8       0x8e src/driver_init.o
                                        0x47f (size before relaxing)
 .debug_str     0x0000000000004476      0x42b src/eeprommanager.o
                                       0x119c (size before relaxing)
 .debug_str     0x00000000000048a1       0xf7 src/Goertzel.o
                                        0x460 (size before relaxing)
 .debug_str     0x0000000000004998      0x320 src/i2c.o
                                        0x673 (size before relaxing)
 .debug_str     0x0000000000004cb8      0x1af src/leds.o
                                        0x9dd (size before relaxing)
 .debug_str     0x0000000000004e67      0x66c src/si5351.o
                                        0xc40 (size before relaxing)
 .debug_str     0x00000000000054d3       0x4d src/slpctrl.o
                                        0x2e5 (size before relaxing)
 .debug_str     0x0000000000005520      0x105 src/tcb.o
                                        0x40b (size before relaxing)
 .debug_str     0x0000000000005625      0x147 src/receiver.o
                                        0x91a (size before relaxing)

.debug_loc      0x0000000000000000     0x5703
 *(.debug_loc)
 .debug_loc     0x0000000000000000      0x7ee main.o
 .debug_loc     0x00000000000007ee      0x463 src/adc.o
 .debug_loc     0x0000000000000c51      0xd10 src/binio.o
 .debug_loc     0x0000000000001961      0x3bd src/CircularStringBuff.o
 .debug_loc     0x0000000000001d1e       0x2a src/clkctrl.o
 .debug_loc     0x0000000000001d48       0x26 src/dac0.o
 .debug_loc     0x0000000000001d6e      0x180 src/driver_init.o
 .debug_loc     0x0000000000001eee      0x160 src/eeprommanager.o
 .debug_loc     0x000000000000204e      0x65c src/Goertzel.o
 .debug_loc     0x00000000000026aa      0xa4f src/i2c.o
 .debug_loc     0x00000000000030f9      0x74d src/leds.o
 .debug_loc     0x0000000000003846     0x1b44 src/si5351.o
 .debug_loc     0x000000000000538a       0x26 src/slpctrl.o
 .debug_loc     0x00000000000053b0       0xdb src/tcb.o
 .debug_loc     0x000000000000548b      0x278 src/receiver.o

.debug_macinfo
 *(.debug_macinfo)

.debug_weaknames
 *(.debug_weaknames)

.debug_funcnames
 *(.debug_funcnames)

.debug_typenames
 *(.debug_typenames)

.debug_varnames
 *(.debug_varnames)

.debug_pubtypes
 *(.debug_pubtypes)

.debug_ranges   0x0000000000000000      0x5b0
 *(.debug_ranges)
 .debug_ranges  0x0000000000000000       0x10 atmel_start.o
 .debug_ranges  0x0000000000000010       0xc8 main.o
 .debug_ranges  0x00000000000000d8       0x68 src/adc.o
 .debug_ranges  0x0000000000000140       0x40 src/binio.o
 .debug_ranges  0x0000000000000180       0x10 src/bod.o
 .debug_ranges  0x0000000000000190       0x68 src/CircularStringBuff.o
 .debug_ranges  0x00000000000001f8       0x10 src/clkctrl.o
 .debug_ranges  0x0000000000000208       0x10 src/cpuint.o
 .debug_ranges  0x0000000000000218       0x18 src/dac0.o
 .debug_ranges  0x0000000000000230       0x20 src/driver_init.o
 .debug_ranges  0x0000000000000250       0x58 src/eeprommanager.o
 .debug_ranges  0x00000000000002a8       0x50 src/Goertzel.o
 .debug_ranges  0x00000000000002f8       0xe0 src/i2c.o
 .debug_ranges  0x00000000000003d8       0x70 src/leds.o
 .debug_ranges  0x0000000000000448       0xd8 src/si5351.o
 .debug_ranges  0x0000000000000520       0x18 src/slpctrl.o
 .debug_ranges  0x0000000000000538       0x30 src/tcb.o
 .debug_ranges  0x0000000000000568       0x48 src/receiver.o

.debug_macro
 *(.debug_macro)
OUTPUT(SignalSnagger.elf elf32-avr)
LOAD linker stubs
