Archive member included to satisfy reference by file (symbol)

c:/program files (x86)/atmel/studio/7.0/toolchain/avr8/avr8-gnu-toolchain/bin/../lib/gcc/avr/7.3.0/../../../../avr/lib/avrxmega4\libm.a(addsf3.o)
                              src/Goertzel.o (__subsf3)
c:/program files (x86)/atmel/studio/7.0/toolchain/avr8/avr8-gnu-toolchain/bin/../lib/gcc/avr/7.3.0/../../../../avr/lib/avrxmega4\libm.a(addsf3x.o)
                              c:/program files (x86)/atmel/studio/7.0/toolchain/avr8/avr8-gnu-toolchain/bin/../lib/gcc/avr/7.3.0/../../../../avr/lib/avrxmega4\libm.a(addsf3.o) (__addsf3x)
c:/program files (x86)/atmel/studio/7.0/toolchain/avr8/avr8-gnu-toolchain/bin/../lib/gcc/avr/7.3.0/../../../../avr/lib/avrxmega4\libm.a(ceil.o)
                              src/util.o (ceil)
c:/program files (x86)/atmel/studio/7.0/toolchain/avr8/avr8-gnu-toolchain/bin/../lib/gcc/avr/7.3.0/../../../../avr/lib/avrxmega4\libm.a(cmpsf2.o)
                              src/eeprommanager.o (__nesf2)
c:/program files (x86)/atmel/studio/7.0/toolchain/avr8/avr8-gnu-toolchain/bin/../lib/gcc/avr/7.3.0/../../../../avr/lib/avrxmega4\libm.a(cos.o)
                              src/Goertzel.o (cos)
c:/program files (x86)/atmel/studio/7.0/toolchain/avr8/avr8-gnu-toolchain/bin/../lib/gcc/avr/7.3.0/../../../../avr/lib/avrxmega4\libm.a(divsf3.o)
                              main.o (__divsf3)
c:/program files (x86)/atmel/studio/7.0/toolchain/avr8/avr8-gnu-toolchain/bin/../lib/gcc/avr/7.3.0/../../../../avr/lib/avrxmega4\libm.a(divsf3x.o)
                              c:/program files (x86)/atmel/studio/7.0/toolchain/avr8/avr8-gnu-toolchain/bin/../lib/gcc/avr/7.3.0/../../../../avr/lib/avrxmega4\libm.a(divsf3.o) (__divsf3x)
c:/program files (x86)/atmel/studio/7.0/toolchain/avr8/avr8-gnu-toolchain/bin/../lib/gcc/avr/7.3.0/../../../../avr/lib/avrxmega4\libm.a(fixsfsi.o)
                              src/Goertzel.o (__fixsfsi)
c:/program files (x86)/atmel/studio/7.0/toolchain/avr8/avr8-gnu-toolchain/bin/../lib/gcc/avr/7.3.0/../../../../avr/lib/avrxmega4\libm.a(fixunssfsi.o)
                              main.o (__fixunssfsi)
c:/program files (x86)/atmel/studio/7.0/toolchain/avr8/avr8-gnu-toolchain/bin/../lib/gcc/avr/7.3.0/../../../../avr/lib/avrxmega4\libm.a(floatsisf.o)
                              main.o (__floatunsisf)
c:/program files (x86)/atmel/studio/7.0/toolchain/avr8/avr8-gnu-toolchain/bin/../lib/gcc/avr/7.3.0/../../../../avr/lib/avrxmega4\libm.a(fp_cmp.o)
                              c:/program files (x86)/atmel/studio/7.0/toolchain/avr8/avr8-gnu-toolchain/bin/../lib/gcc/avr/7.3.0/../../../../avr/lib/avrxmega4\libm.a(cmpsf2.o) (__fp_cmp)
c:/program files (x86)/atmel/studio/7.0/toolchain/avr8/avr8-gnu-toolchain/bin/../lib/gcc/avr/7.3.0/../../../../avr/lib/avrxmega4\libm.a(fp_inf.o)
                              c:/program files (x86)/atmel/studio/7.0/toolchain/avr8/avr8-gnu-toolchain/bin/../lib/gcc/avr/7.3.0/../../../../avr/lib/avrxmega4\libm.a(addsf3x.o) (__fp_inf)
c:/program files (x86)/atmel/studio/7.0/toolchain/avr8/avr8-gnu-toolchain/bin/../lib/gcc/avr/7.3.0/../../../../avr/lib/avrxmega4\libm.a(fp_mintl.o)
                              c:/program files (x86)/atmel/studio/7.0/toolchain/avr8/avr8-gnu-toolchain/bin/../lib/gcc/avr/7.3.0/../../../../avr/lib/avrxmega4\libm.a(ceil.o) (__fp_mintl)
c:/program files (x86)/atmel/studio/7.0/toolchain/avr8/avr8-gnu-toolchain/bin/../lib/gcc/avr/7.3.0/../../../../avr/lib/avrxmega4\libm.a(fp_mpack.o)
                              c:/program files (x86)/atmel/studio/7.0/toolchain/avr8/avr8-gnu-toolchain/bin/../lib/gcc/avr/7.3.0/../../../../avr/lib/avrxmega4\libm.a(ceil.o) (__fp_mpack)
c:/program files (x86)/atmel/studio/7.0/toolchain/avr8/avr8-gnu-toolchain/bin/../lib/gcc/avr/7.3.0/../../../../avr/lib/avrxmega4\libm.a(fp_nan.o)
                              c:/program files (x86)/atmel/studio/7.0/toolchain/avr8/avr8-gnu-toolchain/bin/../lib/gcc/avr/7.3.0/../../../../avr/lib/avrxmega4\libm.a(addsf3x.o) (__fp_nan)
c:/program files (x86)/atmel/studio/7.0/toolchain/avr8/avr8-gnu-toolchain/bin/../lib/gcc/avr/7.3.0/../../../../avr/lib/avrxmega4\libm.a(fp_pscA.o)
                              c:/program files (x86)/atmel/studio/7.0/toolchain/avr8/avr8-gnu-toolchain/bin/../lib/gcc/avr/7.3.0/../../../../avr/lib/avrxmega4\libm.a(addsf3x.o) (__fp_pscA)
c:/program files (x86)/atmel/studio/7.0/toolchain/avr8/avr8-gnu-toolchain/bin/../lib/gcc/avr/7.3.0/../../../../avr/lib/avrxmega4\libm.a(fp_pscB.o)
                              c:/program files (x86)/atmel/studio/7.0/toolchain/avr8/avr8-gnu-toolchain/bin/../lib/gcc/avr/7.3.0/../../../../avr/lib/avrxmega4\libm.a(addsf3x.o) (__fp_pscB)
c:/program files (x86)/atmel/studio/7.0/toolchain/avr8/avr8-gnu-toolchain/bin/../lib/gcc/avr/7.3.0/../../../../avr/lib/avrxmega4\libm.a(fp_rempio2.o)
[...]
Memory Configuration

Name             Origin             Length             Attributes
text             0x0000000000000000 0x0000000000020000 xr
data             0x0000000000804000 0x0000000000004000 rw !x
eeprom           0x0000000000810000 0x0000000000000200 rw !x
fuse             0x0000000000820000 0x0000000000000010 rw !x
lock             0x0000000000830000 0x0000000000000400 rw !x
signature        0x0000000000840000 0x0000000000000400 rw !x
user_signatures  0x0000000000850000 0x0000000000000400 rw !x
*default*        0x0000000000000000 0xffffffffffffffff

Linker script and memory map

Address of section .data set to 0x804000
                0x0000000000008000                __RODATA_PM_OFFSET__ = 0x8000
LOAD C:/Program Files (x86)/Atmel/Studio/7.0/Packs/atmel/AVR-Dx_DFP/1.9.103/gcc/dev/avr128da48/avrxmega4/crtavr128da48.o
LOAD atmel_start.o
LOAD main.o
LOAD src/adc.o
LOAD src/binio.o
LOAD src/bod.o
LOAD src/CircularStringBuff.o
LOAD src/clkctrl.o
LOAD src/cpuint.o
LOAD src/dac0.o
LOAD src/display.o
LOAD src/driver_init.o
LOAD src/eeprommanager.o
LOAD src/Goertzel.o
LOAD src/i2c.o
LOAD src/leds.o
LOAD src/morse.o
LOAD src/protected_io.o
LOAD src/rtc.o
LOAD src/si5351.o
LOAD src/slpctrl.o
LOAD src/tca.o
LOAD src/tcb.o
LOAD src/receiver.o
LOAD src/util.o
START GROUP
LOAD c:/program files (x86)/atmel/studio/7.0/toolchain/avr8/avr8-gnu-toolchain/bin/../lib/gcc/avr/7.3.0/../../../../avr/lib/avrxmega4\libm.a
END GROUP
LOAD c:/program files (x86)/atmel/studio/7.0/toolchain/avr8/avr8-gnu-toolchain/bin/../lib/gcc/avr/7.3.0/avrxmega4\libgcc.a
LOAD c:/program files (x86)/atmel/studio/7.0/toolchain/avr8/avr8-gnu-toolchain/bin/../lib/gcc/avr/7.3.0/../../../../avr/lib/avrxmega4\libm.a
START GROUP
LOAD c:/program files (x86)/atmel/studio/7.0/toolchain/avr8/avr8-gnu-toolchain/bin/../lib/gcc/avr/7.3.0/avrxmega4\libgcc.a
LOAD c:/program files (x86)/atmel/studio/7.0/toolchain/avr8/avr8-gnu-toolchain/bin/../lib/gcc/avr/7.3.0/../../../../avr/lib/avrxmega4\libm.a
LOAD c:/program files (x86)/atmel/studio/7.0/toolchain/avr8/avr8-gnu-toolchain/bin/../lib/gcc/avr/7.3.0/../../../../avr/lib/avrxmega4\libc.a
LOAD C:/Program Files (x86)/Atmel/Studio/7.0/Packs/atmel/AVR-Dx_DFP/1.9.103/gcc/dev/avr128da48/avrxmega4\libavr128da48.a
END GROUP
                [0x0000000000000000]                __TEXT_REGION_ORIGIN__ = DEFINED (__TEXT_REGION_ORIGIN__)?__TEXT_REGION_ORIGIN__:0x0
                [0x0000000000804000]                __DATA_REGION_ORIGIN__ = DEFINED (__DATA_REGION_ORIGIN__)?__DATA_REGION_ORIGIN__:0x802000
                [0x0000000000020000]                __TEXT_REGION_LENGTH__ = DEFINED (__TEXT_REGION_LENGTH__)?__TEXT_REGION_LENGTH__:0x100000
                [0x0000000000004000]                __DATA_REGION_LENGTH__ = DEFINED (__DATA_REGION_LENGTH__)?__DATA_REGION_LENGTH__:0xffa0
                [0x0000000000000200]                __EEPROM_REGION_LENGTH__ = DEFINED (__EEPROM_REGION_LENGTH__)?__EEPROM_REGION_LENGTH__:0x10000
                [0x0000000000000010]                __FUSE_REGION_LENGTH__ = DEFINED (__FUSE_REGION_LENGTH__)?__FUSE_REGION_LENGTH__:0x400
                0x0000000000000400                __LOCK_REGION_LENGTH__ = DEFINED (__LOCK_REGION_LENGTH__)?__LOCK_REGION_LENGTH__:0x400
                0x0000000000000400                __SIGNATURE_REGION_LENGTH__ = DEFINED (__SIGNATURE_REGION_LENGTH__)?__SIGNATURE_REGION_LENGTH__:0x400
                0x0000000000000400                __USER_SIGNATURE_REGION_LENGTH__ = DEFINED (__USER_SIGNATURE_REGION_LENGTH__)?__USER_SIGNATURE_REGION_LENGTH__:0x400

.hash
 *(.hash)

.dynsym
 *(.dynsym)

.dynstr
 *(.dynstr)

.gnu.version
 *(.gnu.version)

.gnu.version_d
 *(.gnu.version_d)

.gnu.version_r
 *(.gnu.version_r)

.rel.init
 *(.rel.init)

.rela.init
 *(.rela.init)

.rel.text
 *(.rel.text)
 *(.rel.text.*)
 *(.rel.gnu.linkonce.t*)

.rela.text
 *(.rela.text)
 *(.rela.text.*)
 *(.rela.gnu.linkonce.t*)

.rel.fini
 *(.rel.fini)

.rela.fini
 *(.rela.fini)

.rel.rodata
 *(.rel.rodata)
 *(.rel.rodata.*)
 *(.rel.gnu.linkonce.r*)

.rela.rodata
 *(.rela.rodata)
 *(.rela.rodata.*)
 *(.rela.gnu.linkonce.r*)

.rel.data
 *(.rel.data)
 *(.rel.data.*)
 *(.rel.gnu.linkonce.d*)

.rela.data
 *(.rela.data)
 *(.rela.data.*)
 *(.rela.gnu.linkonce.d*)

.rel.ctors
 *(.rel.ctors)

.rela.ctors
 *(.rela.ctors)

.rel.dtors
 *(.rel.dtors)

.rela.dtors
 *(.rela.dtors)

.rel.got
 *(.rel.got)

.rela.got
 *(.rela.got)

.rel.bss
 *(.rel.bss)

.rela.bss
 *(.rela.bss)

.rel.plt
 *(.rel.plt)

.rela.plt
 *(.rela.plt)

.text           0x0000000000000000     0xaf24
 *(.vectors)
 .vectors       0x0000000000000000       0xe8 C:/Program Files (x86)/Atmel/Studio/7.0/Packs/atmel/AVR-Dx_DFP/1.9.103/gcc/dev/avr128da48/avrxmega4/crtavr128da48.o
                0x0000000000000000                __vector_default
                0x0000000000000000                __vectors
 *(.vectors)
 *(.progmem.gcc*)
 .progmem.gcc_fplib
                0x00000000000000e8       0x1e c:/program files (x86)/atmel/studio/7.0/toolchain/avr8/avr8-gnu-toolchain/bin/../lib/gcc/avr/7.3.0/../../../../avr/lib/avrxmega4\libm.a(fp_sinus.o)
 .progmem.gcc_fplib
                0x0000000000000106       0x5a c:/program files (x86)/atmel/studio/7.0/toolchain/avr8/avr8-gnu-toolchain/bin/../lib/gcc/avr/7.3.0/../../../../avr/lib/avrxmega4\libm.a(log.o)
                0x0000000000000160                . = ALIGN (0x2)
                0x0000000000000160                __trampolines_start = .
 *(.trampolines)
 .trampolines   0x0000000000000160        0x0 linker stubs
 *(.trampolines*)
                0x0000000000000160                __trampolines_end = .
 *libprintf_flt.a:*(.progmem.data)
 *libc.a:*(.progmem.data)
 *(.progmem*)
                0x0000000000000160                . = ALIGN (0x2)
 *(.jumptables)
 *(.jumptables*)
 *(.lowtext)
 *(.lowtext*)
                0x0000000000000160                __ctors_start = .
 *(.ctors)
 .ctors         0x0000000000000160        0x2 main.o
 .ctors         0x0000000000000162        0x2 src/adc.o
                0x0000000000000164                __ctors_end = .
                0x0000000000000164                __dtors_start = .
 *(.dtors)
 .dtors         0x0000000000000164        0x2 main.o
 .dtors         0x0000000000000166        0x2 src/adc.o
                0x0000000000000168                __dtors_end = .
 SORT(*)(.ctors)
 SORT(*)(.dtors)
 *(.init0)
 .init0         0x0000000000000168        0x0 C:/Program Files (x86)/Atmel/Studio/7.0/Packs/atmel/AVR-Dx_DFP/1.9.103/gcc/dev/avr128da48/avrxmega4/crtavr128da48.o
                0x0000000000000168                __init
 *(.init0)
 *(.init1)
 *(.init1)
 *(.init2)
 .init2         0x0000000000000168        0xc C:/Program Files (x86)/Atmel/Studio/7.0/Packs/atmel/AVR-Dx_DFP/1.9.103/gcc/dev/avr128da48/avrxmega4/crtavr128da48.o
 *(.init2)
 *(.init3)
 *(.init3)
 *(.init4)
 .init4         0x0000000000000174       0x1a c:/program files (x86)/atmel/studio/7.0/toolchain/avr8/avr8-gnu-toolchain/bin/../lib/gcc/avr/7.3.0/avrxmega4\libgcc.a(_copy_data.o)
                0x0000000000000174                __do_copy_data
 .init4         0x000000000000018e       0x10 c:/program files (x86)/atmel/studio/7.0/toolchain/avr8/avr8-gnu-toolchain/bin/../lib/gcc/avr/7.3.0/avrxmega4\libgcc.a(_clear_bss.o)
                0x000000000000018e                __do_clear_bss
 *(.init4)
 *(.init5)
 *(.init5)
 *(.init6)
 .init6         0x000000000000019e       0x16 c:/program files (x86)/atmel/studio/7.0/toolchain/avr8/avr8-gnu-toolchain/bin/../lib/gcc/avr/7.3.0/avrxmega4\libgcc.a(_ctors.o)
                0x000000000000019e                __do_global_ctors
 *(.init6)
 *(.init7)
 *(.init7)
 *(.init8)
 *(.init8)
 *(.init9)
 .init9         0x00000000000001b4        0x8 C:/Program Files (x86)/Atmel/Studio/7.0/Packs/atmel/AVR-Dx_DFP/1.9.103/gcc/dev/avr128da48/avrxmega4/crtavr128da48.o
 *(.init9)
 *(.text)
 .text          0x00000000000001bc        0x4 C:/Program Files (x86)/Atmel/Studio/7.0/Packs/atmel/AVR-Dx_DFP/1.9.103/gcc/dev/avr128da48/avrxmega4/crtavr128da48.o
                0x00000000000001bc                __vector_38
                0x00000000000001bc                __vector_22
                0x00000000000001bc                __vector_28
                0x00000000000001bc                __vector_1
                0x00000000000001bc                __vector_32
                0x00000000000001bc                __vector_55
                0x00000000000001bc                __vector_46
                0x00000000000001bc                __bad_interrupt
                0x00000000000001bc                __vector_31
                0x00000000000001bc                __vector_35
                0x00000000000001bc                __vector_39
                0x00000000000001bc                __vector_23
                0x00000000000001bc                __vector_45
                0x00000000000001bc                __vector_25
                0x00000000000001bc                __vector_11
                0x00000000000001bc                __vector_54
                0x00000000000001bc                __vector_17
                0x00000000000001bc                __vector_19
                0x00000000000001bc                __vector_56
                0x00000000000001bc                __vector_7
                0x00000000000001bc                __vector_49
                0x00000000000001bc                __vector_43
                0x00000000000001bc                __vector_27
                0x00000000000001bc                __vector_5
                0x00000000000001bc                __vector_33
                0x00000000000001bc                __vector_47
                0x00000000000001bc                __vector_52
                0x00000000000001bc                __vector_37
                0x00000000000001bc                __vector_4
                0x00000000000001bc                __vector_44
                0x00000000000001bc                __vector_51
                0x00000000000001bc                __vector_9
                0x00000000000001bc                __vector_2
                0x00000000000001bc                __vector_21
                0x00000000000001bc                __vector_15
                0x00000000000001bc                __vector_36
                0x00000000000001bc                __vector_29
                0x00000000000001bc                __vector_40
                0x00000000000001bc                __vector_8
                0x00000000000001bc                __vector_26
                0x00000000000001bc                __vector_48
                0x00000000000001bc                __vector_14
                0x00000000000001bc                __vector_57
                0x00000000000001bc                __vector_53
                0x00000000000001bc                __vector_10
                0x00000000000001bc                __vector_50
                0x00000000000001bc                __vector_16
                0x00000000000001bc                __vector_18
                0x00000000000001bc                __vector_20
                0x00000000000001bc                __vector_42
 .text          0x00000000000001c0       0x18 c:/program files (x86)/atmel/studio/7.0/toolchain/avr8/avr8-gnu-toolchain/bin/../lib/gcc/avr/7.3.0/../../../../avr/lib/avrxmega4\libc.a(set_system_time.o)
                0x00000000000001c0                set_system_time
 .text          0x00000000000001d8       0x26 c:/program files (x86)/atmel/studio/7.0/toolchain/avr8/avr8-gnu-toolchain/bin/../lib/gcc/avr/7.3.0/../../../../avr/lib/avrxmega4\libc.a(time.o)
                0x00000000000001d8                time
 .text          0x00000000000001fe       0x38 c:/program files (x86)/atmel/studio/7.0/toolchain/avr8/avr8-gnu-toolchain/bin/../lib/gcc/avr/7.3.0/../../../../avr/lib/avrxmega4\libc.a(system_tick.o)
                0x00000000000001fe                system_tick
                0x0000000000000236                . = ALIGN (0x2)
 *(.text.*)
 .text.atmel_start_init
                0x0000000000000236       0x14 atmel_start.o
                0x0000000000000236                atmel_start_init
 .text.PORTA_set_pin_level
                0x000000000000024a       0x78 main.o
 .text.__vector_3
                0x00000000000002c2      0x16a main.o
                0x00000000000002c2                __vector_3
 .text.__vector_24
                0x000000000000042c      0x19c main.o
                0x000000000000042c                __vector_24
 .text.__vector_12
                0x00000000000005c8      0x982 main.o
                0x00000000000005c8                __vector_12
 .text.__vector_6
                0x0000000000000f4a       0x56 main.o
                0x0000000000000f4a                __vector_6
 .text.__vector_34
                0x0000000000000fa0      0x124 main.o
                0x0000000000000fa0                __vector_34
 .text._ZL12sineWaveInitv
                0x00000000000010c4       0xc8 main.o
 .text._Z9powerdownv
                0x000000000000118c       0x5c main.o
                0x000000000000118c                _Z9powerdownv
 .text._Z7setMenu11MenuState_t
                0x00000000000011e8       0xe8 main.o
                0x00000000000011e8                _Z7setMenu11MenuState_t
 .text.main     0x00000000000012d0     0x1a28 main.o
                0x00000000000012d0                main
 .text._Z16nextActiveMemoryhb
                0x0000000000002cf8       0xd8 main.o
                0x0000000000002cf8                _Z16nextActiveMemoryhb
 .text._Z41__static_initialization_and_destruction_0ii
                0x0000000000002dd0       0x7e main.o
 .text._GLOBAL__sub_I_g_seconds_transition
                0x0000000000002e4e       0x1a main.o
 .text._GLOBAL__sub_D_g_seconds_transition
                0x0000000000002e68       0x1a main.o
 .text._Z20ADC0_startConversionv
                0x0000000000002e82       0x26 src/adc.o
                0x0000000000002e82                _Z20ADC0_startConversionv
 .text._ZL9PORT_initv
                0x0000000000002ea8      0x18a src/adc.o
 .text._ZL17ADC0_Freerun_Initb
                0x0000000000003032       0x86 src/adc.o
 .text._Z16ADC0_SYSTEM_initb
                0x00000000000030b8       0x20 src/adc.o
                0x00000000000030b8                _Z16ADC0_SYSTEM_initb
 .text._Z41__static_initialization_and_destruction_0ii
                0x00000000000030d8       0x6a src/adc.o
 .text._GLOBAL__sub_I_g_adcVal
                0x0000000000003142       0x1a src/adc.o
 .text._GLOBAL__sub_D_g_adcVal
                0x000000000000315c       0x1a src/adc.o
 .text.PORTA_set_pin_pull_mode
                0x0000000000003176       0x6a src/binio.o
 .text.PORTA_set_pin_dir
                0x00000000000031e0       0xb0 src/binio.o
 .text.PORTA_set_pin_level
                0x0000000000003290       0x78 src/binio.o
 .text.PORTA_get_port_level
                0x0000000000003308       0x16 src/binio.o
 .text.PORTB_set_pin_dir
                0x000000000000331e       0xb0 src/binio.o
 .text.PORTB_set_pin_level
                0x00000000000033ce       0x78 src/binio.o
 .text.PORTC_set_pin_pull_mode
                0x0000000000003446       0x6a src/binio.o
 .text.PORTC_set_pin_dir
                0x00000000000034b0       0xb0 src/binio.o
 .text.PORTC_set_pin_level
                0x0000000000003560       0x78 src/binio.o
 .text.PORTE_set_pin_dir
                0x00000000000035d8       0xb0 src/binio.o
 .text.PORTE_set_pin_level
                0x0000000000003688       0x78 src/binio.o
 .text.PORTF_set_pin_pull_mode
                0x0000000000003700       0x6a src/binio.o
 .text.PORTF_set_pin_dir
                0x000000000000376a       0xb0 src/binio.o
 .text.PORTF_set_pin_level
                0x000000000000381a       0x78 src/binio.o
 .text.PORTF_get_port_level
                0x0000000000003892       0x16 src/binio.o
 .text._Z8debouncev
                0x00000000000038a8       0x98 src/binio.o
                0x00000000000038a8                _Z8debouncev
 .text._Z18portAdebouncedValsv
                0x0000000000003940       0x12 src/binio.o
                0x0000000000003940                _Z18portAdebouncedValsv
 .text._Z10BINIO_initv
                0x0000000000003952      0x1be src/binio.o
                0x0000000000003952                _Z10BINIO_initv
 .text._Z11BINIO_sleepv
                0x0000000000003b10      0x18c src/binio.o
                0x0000000000003b10                _Z11BINIO_sleepv
 .text.BOD_init
                0x0000000000003c9c       0x18 src/bod.o
                0x0000000000003c9c                BOD_init
 .text._ZN18CircularStringBuffC2Ej
                0x0000000000003cb4       0x68 src/CircularStringBuff.o
                0x0000000000003cb4                _ZN18CircularStringBuffC1Ej
                0x0000000000003cb4                _ZN18CircularStringBuffC2Ej
 .text._ZN18CircularStringBuffD2Ev
                0x0000000000003d1c       0x28 src/CircularStringBuff.o
                0x0000000000003d1c                _ZN18CircularStringBuffD2Ev
                0x0000000000003d1c                _ZN18CircularStringBuffD1Ev
 .text._ZN18CircularStringBuff5resetEv
                0x0000000000003d44       0x3e src/CircularStringBuff.o
                0x0000000000003d44                _ZN18CircularStringBuff5resetEv
 .text._ZNK18CircularStringBuff5emptyEv
                0x0000000000003d82       0x48 src/CircularStringBuff.o
                0x0000000000003d82                _ZNK18CircularStringBuff5emptyEv
 .text._ZNK18CircularStringBuff8capacityEv
                0x0000000000003dca       0x22 src/CircularStringBuff.o
                0x0000000000003dca                _ZNK18CircularStringBuff8capacityEv
 .text._ZNK18CircularStringBuff4sizeEv
                0x0000000000003dec       0xa4 src/CircularStringBuff.o
                0x0000000000003dec                _ZNK18CircularStringBuff4sizeEv
 .text._ZNK18CircularStringBuff9remainingEv
                0x0000000000003e90       0x5a src/CircularStringBuff.o
                0x0000000000003e90                _ZNK18CircularStringBuff9remainingEv
 .text._ZN18CircularStringBuff3putEc
                0x0000000000003eea       0xc8 src/CircularStringBuff.o
                0x0000000000003eea                _ZN18CircularStringBuff3putEc
 .text._ZN18CircularStringBuff3getEv
                0x0000000000003fb2       0x80 src/CircularStringBuff.o
                0x0000000000003fb2                _ZN18CircularStringBuff3getEv
 .text._ZN18CircularStringBuff9putStringEPc
                0x0000000000004032       0xc6 src/CircularStringBuff.o
                0x0000000000004032                _ZN18CircularStringBuff9putStringEPc
 .text._ZN18CircularStringBuff9getStringEPcPj
                0x00000000000040f8       0xa6 src/CircularStringBuff.o
                0x00000000000040f8                _ZN18CircularStringBuff9getStringEPcPj
 .text.ccp_write_io
                0x000000000000419e       0x2c src/clkctrl.o
 .text.CLKCTRL_init
                0x00000000000041ca       0x24 src/clkctrl.o
                0x00000000000041ca                CLKCTRL_init
 .text.CPUINT_init
                0x00000000000041ee       0x12 src/cpuint.o
                0x00000000000041ee                CPUINT_init
 .text._ZL9VREF_initv
                0x0000000000004200       0x1a src/dac0.o
 .text._Z9DAC0_initv
                0x000000000000421a       0x54 src/dac0.o
                0x000000000000421a                _Z9DAC0_initv
 .text._Z11DAC0_setValj
                0x000000000000426e       0x42 src/dac0.o
                0x000000000000426e                _Z11DAC0_setValj
 .text.PORTB_set_pin_level
                0x00000000000042b0       0x78 src/display.o
 .text._ZN7DisplayC2Ev
                0x0000000000004328       0x32 src/display.o
                0x0000000000004328                _ZN7DisplayC2Ev
                0x0000000000004328                _ZN7DisplayC1Ev
 .text._ZN7Display5beginE9display_t
                0x000000000000435a       0xd6 src/display.o
                0x000000000000435a                _ZN7Display5beginE9display_t
 .text._ZN7Display5resetEv
                0x0000000000004430       0x4e src/display.o
                0x0000000000004430                _ZN7Display5resetEv
 .text._ZN7Display4initEv
                0x000000000000447e       0xfa src/display.o
                0x000000000000447e                _ZN7Display4initEv
 .text._ZN7Display3clsEv
                0x0000000000004578       0x24 src/display.o
                0x0000000000004578                _ZN7Display3clsEv
 .text._ZN7Display6locateEhh
                0x000000000000459c       0x48 src/display.o
                0x000000000000459c                _ZN7Display6locateEhh
 .text._ZN7Display5writeEh
                0x00000000000045e4       0x2c src/display.o
                0x00000000000045e4                _ZN7Display5writeEh
 .text._ZN7Display5writeEPhj
                0x0000000000004610       0x3c src/display.o
                0x0000000000004610                _ZN7Display5writeEPhj
 .text._ZN7Display11sendCommandEh
                0x000000000000464c       0x44 src/display.o
                0x000000000000464c                _ZN7Display11sendCommandEh
 .text._ZN7Display8sendDataEh
                0x0000000000004690       0x44 src/display.o
                0x0000000000004690                _ZN7Display8sendDataEh
 .text._ZN7Display10sendBufferEPhj
                0x00000000000046d4       0x44 src/display.o
                0x00000000000046d4                _ZN7Display10sendBufferEPhj
 .text._ZN7Display18display_write_bulkEhPhh
                0x0000000000004718       0x70 src/display.o
                0x0000000000004718                _ZN7Display18display_write_bulkEhPhh
 .text.PORTC_set_pin_dir
                0x0000000000004788       0xb0 src/driver_init.o
 .text.PORTC_set_pin_level
                0x0000000000004838       0x78 src/driver_init.o
 .text._ZL15LED_set_RED_dir8port_dir
                0x00000000000048b0       0x26 src/driver_init.o
 .text._ZL17LED_set_GREEN_dir8port_dir
                0x00000000000048d6       0x26 src/driver_init.o
 .text._ZL17LED_set_RED_levelb
                0x00000000000048fc       0x1e src/driver_init.o
 .text._ZL19LED_set_GREEN_levelb
                0x000000000000491a       0x1e src/driver_init.o
 .text.mcu_init
                0x0000000000004938       0x72 src/driver_init.o
                0x0000000000004938                mcu_init
 .text.system_init
                0x00000000000049aa       0x30 src/driver_init.o
                0x00000000000049aa                system_init
 .text.system_sleep_settings
                0x00000000000049da       0x38 src/driver_init.o
                0x00000000000049da                system_sleep_settings
 .text._ZN13EepromManagerC2Ev
                0x0000000000004a12       0x1a src/eeprommanager.o
                0x0000000000004a12                _ZN13EepromManagerC1Ev
                0x0000000000004a12                _ZN13EepromManagerC2Ev
 .text._ZN13EepromManagerD2Ev
                0x0000000000004a2c       0x1a src/eeprommanager.o
                0x0000000000004a2c                _ZN13EepromManagerD1Ev
                0x0000000000004a2c                _ZN13EepromManagerD2Ev
 .text._Z21avr_eeprom_write_bytejh
                0x0000000000004a46       0x5e src/eeprommanager.o
                0x0000000000004a46                _Z21avr_eeprom_write_bytejh
 .text._Z21avr_eeprom_write_wordjj
                0x0000000000004aa4       0x66 src/eeprommanager.o
                0x0000000000004aa4                _Z21avr_eeprom_write_wordjj
 .text._Z22avr_eeprom_write_dwordjm
                0x0000000000004b0a       0x74 src/eeprommanager.o
                0x0000000000004b0a                _Z22avr_eeprom_write_dwordjm
 .text._Z22avr_eeprom_write_floatjf
                0x0000000000004b7e       0x74 src/eeprommanager.o
                0x0000000000004b7e                _Z22avr_eeprom_write_floatjf
 .text._ZN13EepromManager15updateEEPROMVarE8EE_var_tPv
                0x0000000000004bf2      0xb06 src/eeprommanager.o
                0x0000000000004bf2                _ZN13EepromManager15updateEEPROMVarE8EE_var_tPv
 .text._ZN13EepromManager13saveAllEEPROMEv
                0x00000000000056f8      0x22a src/eeprommanager.o
                0x00000000000056f8                _ZN13EepromManager13saveAllEEPROMEv
 .text._ZN13EepromManager11readNonVolsEv
                0x0000000000005922      0xe08 src/eeprommanager.o
                0x0000000000005922                _ZN13EepromManager11readNonVolsEv
 .text._ZN13EepromManager20initializeEEPROMVarsEv
                0x000000000000672a      0x5dc src/eeprommanager.o
                0x000000000000672a                _ZN13EepromManager20initializeEEPROMVarsEv
 .text._ZN8GoertzelC2Eff
                0x0000000000006d06      0x130 src/Goertzel.o
                0x0000000000006d06                _ZN8GoertzelC1Eff
                0x0000000000006d06                _ZN8GoertzelC2Eff
 .text._ZN8GoertzelD2Ev
                0x0000000000006e36       0x26 src/Goertzel.o
                0x0000000000006e36                _ZN8GoertzelD2Ev
                0x0000000000006e36                _ZN8GoertzelD1Ev
 .text._ZN8Goertzel18SetTargetFrequencyEf
                0x0000000000006e5c      0x164 src/Goertzel.o
                0x0000000000006e5c                _ZN8Goertzel18SetTargetFrequencyEf
 .text._ZN8Goertzel13ResetGoertzelEv
                0x0000000000006fc0       0x3e src/Goertzel.o
                0x0000000000006fc0                _ZN8Goertzel13ResetGoertzelEv
 .text._ZN8Goertzel13ProcessSampleEi
                0x0000000000006ffe      0x116 src/Goertzel.o
                0x0000000000006ffe                _ZN8Goertzel13ProcessSampleEi
 .text._ZN8Goertzel9DataPointEi
                0x0000000000007114       0x92 src/Goertzel.o
                0x0000000000007114                _ZN8Goertzel9DataPointEi
 .text._ZN8Goertzel12SamplesReadyEv
                0x00000000000071a6       0x1c src/Goertzel.o
                0x00000000000071a6                _ZN8Goertzel12SamplesReadyEv
 .text._ZN8Goertzel10Magnitude2EPi
                0x00000000000071c2      0x19e src/Goertzel.o
                0x00000000000071c2                _ZN8Goertzel10Magnitude2EPi
 .text.I2C_0_Shutdown
                0x0000000000007360       0x22 src/i2c.o
                0x0000000000007360                I2C_0_Shutdown
 .text.I2C_0_Init
                0x0000000000007382       0x62 src/i2c.o
                0x0000000000007382                I2C_0_Init
 .text._ZL11i2c_0_WaitWv
                0x00000000000073e4       0xbc src/i2c.o
 .text._ZL11i2c_0_WaitRv
                0x00000000000074a0       0x82 src/i2c.o
 .text.I2C_0_SendData
                0x0000000000007522       0xd0 src/i2c.o
                0x0000000000007522                I2C_0_SendData
 .text.I2C_0_GetData
                0x00000000000075f2       0xfc src/i2c.o
                0x00000000000075f2                I2C_0_GetData
 .text.I2C_0_EndSession
                0x00000000000076ee       0x1a src/i2c.o
                0x00000000000076ee                I2C_0_EndSession
 .text.PORTC_set_pin_level
                0x0000000000007708       0x78 src/leds.o
 .text._ZL17LED_set_RED_levelb
                0x0000000000007780       0x1e src/leds.o
 .text._ZL19LED_set_GREEN_levelb
                0x000000000000779e       0x1e src/leds.o
 .text._ZN4ledsC2Ev
                0x00000000000077bc       0x1a src/leds.o
                0x00000000000077bc                _ZN4ledsC2Ev
                0x00000000000077bc                _ZN4ledsC1Ev
 .text._ZN4ledsD2Ev
                0x00000000000077d6       0x1a src/leds.o
                0x00000000000077d6                _ZN4ledsD2Ev
                0x00000000000077d6                _ZN4ledsD1Ev
 .text.__vector_41
                0x00000000000077f0      0x302 src/leds.o
                0x00000000000077f0                __vector_41
 .text._ZN4leds10deactivateEv
                0x0000000000007af2       0x5c src/leds.o
                0x0000000000007af2                _ZN4leds10deactivateEv
 .text._ZN4leds5blinkE7Blink_t
                0x0000000000007b4e       0x32 src/leds.o
                0x0000000000007b4e                _ZN4leds5blinkE7Blink_t
 .text._ZN4leds5blinkE7Blink_tb
                0x0000000000007b80      0x52a src/leds.o
                0x0000000000007b80                _ZN4leds5blinkE7Blink_tb
 .text.protected_write_io
                0x00000000000080aa        0xa src/protected_io.o
                0x00000000000080aa                protected_write_io
 .text.ccp_write_io
                0x00000000000080b4       0x2c src/rtc.o
 .text._Z8RTC_initj
                0x00000000000080e0      0x122 src/rtc.o
                0x00000000000080e0                _Z8RTC_initj
 .text._Z15RTC_init_backupv
                0x0000000000008202       0x18 src/rtc.o
                0x0000000000008202                _Z15RTC_init_backupv
 .text._Z15RTC_init_backupj
                0x000000000000821a      0x130 src/rtc.o
                0x000000000000821a                _Z15RTC_init_backupj
 .text._Z19RTC_set_calibrationj
                0x000000000000834a       0x50 src/rtc.o
                0x000000000000834a                _Z19RTC_set_calibrationj
 .text.si5351_shutdown
                0x000000000000839a       0x9e src/si5351.o
                0x000000000000839a                si5351_shutdown
 .text.si5351_init_for_quad
                0x0000000000008438      0x6f0 src/si5351.o
                0x0000000000008438                si5351_init_for_quad
 .text.si5351_set_quad_frequency
                0x0000000000008b28      0x364 src/si5351.o
                0x0000000000008b28                si5351_set_quad_frequency
 .text.si5351_shutdown_comms
                0x0000000000008e8c       0x14 src/si5351.o
                0x0000000000008e8c                si5351_shutdown_comms
 .text.si5351_init
                0x0000000000008ea0      0x19e src/si5351.o
                0x0000000000008ea0                si5351_init
 .text.si5351_get_frequency
                0x000000000000903e       0x36 src/si5351.o
                0x000000000000903e                si5351_get_frequency
 .text._Z16si5351_pll_reset10si5351_pll
                0x0000000000009074       0x7e src/si5351.o
                0x0000000000009074                _Z16si5351_pll_reset10si5351_pll
 .text.si5351_clock_enable
                0x00000000000090f2       0x9e src/si5351.o
                0x00000000000090f2                si5351_clock_enable
 .text.si5351_drive_strength
                0x0000000000009190       0xc2 src/si5351.o
                0x0000000000009190                si5351_drive_strength
 .text._Z13reduce_by_gcdPmS_
                0x0000000000009252      0x166 src/si5351.o
                0x0000000000009252                _Z13reduce_by_gcdPmS_
 .text._Z17si5351_write_bulkhPhh
                0x00000000000093b8       0x64 src/si5351.o
                0x00000000000093b8                _Z17si5351_write_bulkhPhh
 .text._Z16si5351_read_bulkhPhh
                0x000000000000941c       0x64 src/si5351.o
                0x000000000000941c                _Z16si5351_read_bulkhPhh
 .text._Z31set_multisynth_registers_source12si5351_clock10si5351_pll
                0x0000000000009480       0x82 src/si5351.o
                0x0000000000009480                _Z31set_multisynth_registers_source12si5351_clock10si5351_pll
 .text._Z16set_integer_mode12si5351_clockb
                0x0000000000009502       0x6c src/si5351.o
                0x0000000000009502                _Z16set_integer_mode12si5351_clockb
 .text._Z21si5351_set_CLK1_phaseh
                0x000000000000956e       0x58 src/si5351.o
                0x000000000000956e                _Z21si5351_set_CLK1_phaseh
 .text.si5351_get_status
                0x00000000000095c6       0x32 src/si5351.o
                0x00000000000095c6                si5351_get_status
 .text.SLPCTRL_init
                0x00000000000095f8       0x18 src/slpctrl.o
                0x00000000000095f8                SLPCTRL_init
 .text.SLPCTRL_set_sleep_mode
                0x0000000000009610       0x36 src/slpctrl.o
                0x0000000000009610                SLPCTRL_set_sleep_mode
 .text.PORTE_set_pin_pull_mode
                0x0000000000009646       0x6a src/tca.o
 .text.PORTE_set_pin_dir
                0x00000000000096b0       0xb0 src/tca.o
 .text.TIMERA_init
                0x0000000000009760       0x6a src/tca.o
                0x0000000000009760                TIMERA_init
 .text.setPWM   0x00000000000097ca       0xc0 src/tca.o
                0x00000000000097ca                setPWM
 .text.getPWM   0x000000000000988a       0x16 src/tca.o
                0x000000000000988a                getPWM
 .text.TIMERB_init
                0x00000000000098a0       0xd4 src/tcb.o
                0x00000000000098a0                TIMERB_init
 .text.util_delay_ms
                0x0000000000009974      0x176 src/tcb.o
                0x0000000000009974                util_delay_ms
 .text.__vector_30
                0x0000000000009aea       0xb0 src/tcb.o
                0x0000000000009aea                __vector_30
 .text.__vector_13
                0x0000000000009b9a       0xb4 src/tcb.o
                0x0000000000009b9a                __vector_13
 .text.TIMERB_sleep
                0x0000000000009c4e       0x50 src/tcb.o
                0x0000000000009c4e                TIMERB_sleep
 .text._Z17shutdown_receiverv
                0x0000000000009c9e       0x18 src/receiver.o
                0x0000000000009c9e                _Z17shutdown_receiverv
 .text._Z13init_receiverm
                0x0000000000009cb6       0x3c src/receiver.o
                0x0000000000009cb6                _Z13init_receiverm
 .text._Z13init_receiverv
                0x0000000000009cf2      0x154 src/receiver.o
                0x0000000000009cf2                _Z13init_receiverv
 .text._Z15frequencyStringPcm
                0x0000000000009e46      0x114 src/util.o
                0x0000000000009e46                _Z15frequencyStringPcm
 .text.avr-libc.fplib
                0x0000000000009f5a        0xe c:/program files (x86)/atmel/studio/7.0/toolchain/avr8/avr8-gnu-toolchain/bin/../lib/gcc/avr/7.3.0/../../../../avr/lib/avrxmega4\libm.a(addsf3.o)
                0x0000000000009f5a                __subsf3
                0x0000000000009f5c                __addsf3
 .text.avr-libc.fplib
                0x0000000000009f68       0xcc c:/program files (x86)/atmel/studio/7.0/toolchain/avr8/avr8-gnu-toolchain/bin/../lib/gcc/avr/7.3.0/../../../../avr/lib/avrxmega4\libm.a(addsf3x.o)
                0x0000000000009f8a                __addsf3x
 .text.avr-libc.fplib
                0x000000000000a034        0xa c:/program files (x86)/atmel/studio/7.0/toolchain/avr8/avr8-gnu-toolchain/bin/../lib/gcc/avr/7.3.0/../../../../avr/lib/avrxmega4\libm.a(cmpsf2.o)
                0x000000000000a034                __nesf2
                0x000000000000a034                __eqsf2
                0x000000000000a034                __cmpsf2
                0x000000000000a034                __ltsf2
                0x000000000000a034                __lesf2
 .text.avr-libc.fplib
                0x000000000000a03e        0xa c:/program files (x86)/atmel/studio/7.0/toolchain/avr8/avr8-gnu-toolchain/bin/../lib/gcc/avr/7.3.0/../../../../avr/lib/avrxmega4\libm.a(cos.o)
                0x000000000000a03e                cos
 .text.avr-libc.fplib
                0x000000000000a048        0x8 c:/program files (x86)/atmel/studio/7.0/toolchain/avr8/avr8-gnu-toolchain/bin/../lib/gcc/avr/7.3.0/../../../../avr/lib/avrxmega4\libm.a(divsf3.o)
                0x000000000000a048                __divsf3
 .text.avr-libc.fplib
                0x000000000000a050       0xdc c:/program files (x86)/atmel/studio/7.0/toolchain/avr8/avr8-gnu-toolchain/bin/../lib/gcc/avr/7.3.0/../../../../avr/lib/avrxmega4\libm.a(divsf3x.o)
                0x000000000000a070                __divsf3x
                0x000000000000a076                __divsf3_pse
 .text.avr-libc.fplib
                0x000000000000a12c        0xe c:/program files (x86)/atmel/studio/7.0/toolchain/avr8/avr8-gnu-toolchain/bin/../lib/gcc/avr/7.3.0/../../../../avr/lib/avrxmega4\libm.a(fixsfsi.o)
                0x000000000000a12c                __fixsfsi
 .text.avr-libc.fplib
                0x000000000000a13a       0x5e c:/program files (x86)/atmel/studio/7.0/toolchain/avr8/avr8-gnu-toolchain/bin/../lib/gcc/avr/7.3.0/../../../../avr/lib/avrxmega4\libm.a(fixunssfsi.o)
                0x000000000000a13a                __fixunssfsi
 .text.avr-libc.fplib
                0x000000000000a198       0x7a c:/program files (x86)/atmel/studio/7.0/toolchain/avr8/avr8-gnu-toolchain/bin/../lib/gcc/avr/7.3.0/../../../../avr/lib/avrxmega4\libm.a(floatsisf.o)
                0x000000000000a198                __floatunsisf
                0x000000000000a19c                __floatsisf
 .text.avr-libc.fplib
                0x000000000000a212       0x48 c:/program files (x86)/atmel/studio/7.0/toolchain/avr8/avr8-gnu-toolchain/bin/../lib/gcc/avr/7.3.0/../../../../avr/lib/avrxmega4\libm.a(fp_cmp.o)
                0x000000000000a212                __fp_cmp
 .text.avr-libc.fplib
                0x000000000000a25a        0xc c:/program files (x86)/atmel/studio/7.0/toolchain/avr8/avr8-gnu-toolchain/bin/../lib/gcc/avr/7.3.0/../../../../avr/lib/avrxmega4\libm.a(fp_inf.o)
                0x000000000000a25a                __fp_inf
 .text.avr-libc.fplib
                0x000000000000a266       0x1c c:/program files (x86)/atmel/studio/7.0/toolchain/avr8/avr8-gnu-toolchain/bin/../lib/gcc/avr/7.3.0/../../../../avr/lib/avrxmega4\libm.a(fp_mpack.o)
                0x000000000000a266                __fp_mpack
                0x000000000000a26a                __fp_mpack_finite
 .text.avr-libc.fplib
                0x000000000000a282        0x6 c:/program files (x86)/atmel/studio/7.0/toolchain/avr8/avr8-gnu-toolchain/bin/../lib/gcc/avr/7.3.0/../../../../avr/lib/avrxmega4\libm.a(fp_nan.o)
                0x000000000000a282                __fp_nan
 .text.avr-libc.fplib
                0x000000000000a288        0xe c:/program files (x86)/atmel/studio/7.0/toolchain/avr8/avr8-gnu-toolchain/bin/../lib/gcc/avr/7.3.0/../../../../avr/lib/avrxmega4\libm.a(fp_pscA.o)
                0x000000000000a288                __fp_pscA
 .text.avr-libc.fplib
                0x000000000000a296        0xe c:/program files (x86)/atmel/studio/7.0/toolchain/avr8/avr8-gnu-toolchain/bin/../lib/gcc/avr/7.3.0/../../../../avr/lib/avrxmega4\libm.a(fp_pscB.o)
                0x000000000000a296                __fp_pscB
 .text.avr-libc.fplib
                0x000000000000a2a4       0x56 c:/program files (x86)/atmel/studio/7.0/toolchain/avr8/avr8-gnu-toolchain/bin/../lib/gcc/avr/7.3.0/../../../../avr/lib/avrxmega4\libm.a(fp_rempio2.o)
                0x000000000000a2a8                __fp_rempio2
 .text.avr-libc.fplib
                0x000000000000a2fa       0x22 c:/program files (x86)/atmel/studio/7.0/toolchain/avr8/avr8-gnu-toolchain/bin/../lib/gcc/avr/7.3.0/../../../../avr/lib/avrxmega4\libm.a(fp_round.o)
                0x000000000000a2fa                __fp_round
 .text.avr-libc.fplib
                0x000000000000a31c       0x28 c:/program files (x86)/atmel/studio/7.0/toolchain/avr8/avr8-gnu-toolchain/bin/../lib/gcc/avr/7.3.0/../../../../avr/lib/avrxmega4\libm.a(fp_sinus.o)
                0x000000000000a31c                __fp_sinus
 .text.avr-libc.fplib
                0x000000000000a344       0x44 c:/program files (x86)/atmel/studio/7.0/toolchain/avr8/avr8-gnu-toolchain/bin/../lib/gcc/avr/7.3.0/../../../../avr/lib/avrxmega4\libm.a(fp_split3.o)
                0x000000000000a344                __fp_split3
                0x000000000000a354                __fp_splitA
 .text.avr-libc.fplib
                0x000000000000a388        0xe c:/program files (x86)/atmel/studio/7.0/toolchain/avr8/avr8-gnu-toolchain/bin/../lib/gcc/avr/7.3.0/../../../../avr/lib/avrxmega4\libm.a(fp_zero.o)
                0x000000000000a388                __fp_zero
                0x000000000000a38a                __fp_szero
 .text.avr-libc.fplib
                0x000000000000a396        0xa c:/program files (x86)/atmel/studio/7.0/toolchain/avr8/avr8-gnu-toolchain/bin/../lib/gcc/avr/7.3.0/../../../../avr/lib/avrxmega4\libm.a(gesf2.o)
                0x000000000000a396                __gesf2
                0x000000000000a396                __gtsf2
 .text.avr-libc.fplib
                0x000000000000a3a0       0x10 c:/program files (x86)/atmel/studio/7.0/toolchain/avr8/avr8-gnu-toolchain/bin/../lib/gcc/avr/7.3.0/../../../../avr/lib/avrxmega4\libm.a(log10.o)
                0x000000000000a3a0                log10
 .text.avr-libc.fplib
                0x000000000000a3b0       0xa0 c:/program files (x86)/atmel/studio/7.0/toolchain/avr8/avr8-gnu-toolchain/bin/../lib/gcc/avr/7.3.0/../../../../avr/lib/avrxmega4\libm.a(log.o)
                0x000000000000a3c0                log
 .text.avr-libc.fplib
                0x000000000000a450        0x8 c:/program files (x86)/atmel/studio/7.0/toolchain/avr8/avr8-gnu-toolchain/bin/../lib/gcc/avr/7.3.0/../../../../avr/lib/avrxmega4\libm.a(mulsf3.o)
                0x000000000000a450                __mulsf3
 .text.avr-libc.fplib
                0x000000000000a458       0xd2 c:/program files (x86)/atmel/studio/7.0/toolchain/avr8/avr8-gnu-toolchain/bin/../lib/gcc/avr/7.3.0/../../../../avr/lib/avrxmega4\libm.a(mulsf3x.o)
                0x000000000000a476                __mulsf3x
                0x000000000000a47c                __mulsf3_pse
 .text.avr-libc.fplib
                0x000000000000a52a       0x10 c:/program files (x86)/atmel/studio/7.0/toolchain/avr8/avr8-gnu-toolchain/bin/../lib/gcc/avr/7.3.0/../../../../avr/lib/avrxmega4\libm.a(sin.o)
                0x000000000000a52a                sin
 .text.avr-libc.fplib
                0x000000000000a53a       0x4e c:/program files (x86)/atmel/studio/7.0/toolchain/avr8/avr8-gnu-toolchain/bin/../lib/gcc/avr/7.3.0/../../../../avr/lib/avrxmega4\libm.a(fp_powser.o)
                0x000000000000a53a                __fp_powser
 .text.avr-libc.fplib
                0x000000000000a588       0x28 c:/program files (x86)/atmel/studio/7.0/toolchain/avr8/avr8-gnu-toolchain/bin/../lib/gcc/avr/7.3.0/../../../../avr/lib/avrxmega4\libm.a(fp_powsodd.o)
                0x000000000000a588                __fp_powsodd
 .text.libgcc.mul
                0x000000000000a5b0       0x20 c:/program files (x86)/atmel/studio/7.0/toolchain/avr8/avr8-gnu-toolchain/bin/../lib/gcc/avr/7.3.0/avrxmega4\libgcc.a(_mulsi3.o)
                0x000000000000a5b0                __mulsi3
 .text.libgcc.div
                0x000000000000a5d0       0x28 c:/program files (x86)/atmel/studio/7.0/toolchain/avr8/avr8-gnu-toolchain/bin/../lib/gcc/avr/7.3.0/avrxmega4\libgcc.a(_udivmodhi4.o)
                0x000000000000a5d0                __udivmodhi4
 .text.libgcc.div
                0x000000000000a5f8       0x44 c:/program files (x86)/atmel/studio/7.0/toolchain/avr8/avr8-gnu-toolchain/bin/../lib/gcc/avr/7.3.0/avrxmega4\libgcc.a(_udivmodsi4.o)
                0x000000000000a5f8                __udivmodsi4
 .text.libgcc   0x000000000000a63c       0x12 c:/program files (x86)/atmel/studio/7.0/toolchain/avr8/avr8-gnu-toolchain/bin/../lib/gcc/avr/7.3.0/avrxmega4\libgcc.a(_tablejump2.o)
                0x000000000000a63c                __tablejump2__
 .text.libgcc.mul
                0x000000000000a64e       0x16 c:/program files (x86)/atmel/studio/7.0/toolchain/avr8/avr8-gnu-toolchain/bin/../lib/gcc/avr/7.3.0/avrxmega4\libgcc.a(_muluhisi3.o)
                0x000000000000a64e                __muluhisi3
 .text.libgcc.mul
                0x000000000000a664       0x1e c:/program files (x86)/atmel/studio/7.0/toolchain/avr8/avr8-gnu-toolchain/bin/../lib/gcc/avr/7.3.0/avrxmega4\libgcc.a(_umulhisi3.o)
                0x000000000000a664                __umulhisi3
 .text.avr-libc
                0x000000000000a682      0x24a c:/program files (x86)/atmel/studio/7.0/toolchain/avr8/avr8-gnu-toolchain/bin/../lib/gcc/avr/7.3.0/../../../../avr/lib/avrxmega4\libc.a(malloc.o)
                0x000000000000a682                malloc
                0x000000000000a7ba                free
 .text.avr-libc
                0x000000000000a8cc       0x12 c:/program files (x86)/atmel/studio/7.0/toolchain/avr8/avr8-gnu-toolchain/bin/../lib/gcc/avr/7.3.0/../../../../avr/lib/avrxmega4\libc.a(strlen.o)
                0x000000000000a8cc                strlen
 .text.avr-libc
                0x000000000000a8de       0x6e c:/program files (x86)/atmel/studio/7.0/toolchain/avr8/avr8-gnu-toolchain/bin/../lib/gcc/avr/7.3.0/../../../../avr/lib/avrxmega4\libc.a(snprintf.o)
                0x000000000000a8de                snprintf
 .text.avr-libc
                0x000000000000a94c       0x54 c:/program files (x86)/atmel/studio/7.0/toolchain/avr8/avr8-gnu-toolchain/bin/../lib/gcc/avr/7.3.0/../../../../avr/lib/avrxmega4\libc.a(sprintf.o)
                0x000000000000a94c                sprintf
 .text.avr-libc
                0x000000000000a9a0      0x3fa c:/program files (x86)/atmel/studio/7.0/toolchain/avr8/avr8-gnu-toolchain/bin/../lib/gcc/avr/7.3.0/../../../../avr/lib/avrxmega4\libc.a(vfprintf_std.o)
                0x000000000000a9a0                vfprintf
 .text.avr-libc
                0x000000000000ad9a       0x16 c:/program files (x86)/atmel/studio/7.0/toolchain/avr8/avr8-gnu-toolchain/bin/../lib/gcc/avr/7.3.0/../../../../avr/lib/avrxmega4\libc.a(strnlen_P.o)
                0x000000000000ad9a                strnlen_P
 .text.avr-libc
                0x000000000000adb0       0x16 c:/program files (x86)/atmel/studio/7.0/toolchain/avr8/avr8-gnu-toolchain/bin/../lib/gcc/avr/7.3.0/../../../../avr/lib/avrxmega4\libc.a(strnlen.o)
                0x000000000000adb0                strnlen
 .text.avr-libc
                0x000000000000adc6       0x60 c:/program files (x86)/atmel/studio/7.0/toolchain/avr8/avr8-gnu-toolchain/bin/../lib/gcc/avr/7.3.0/../../../../avr/lib/avrxmega4\libc.a(fputc.o)
                0x000000000000adc6                fputc
 .text.avr-libc
                0x000000000000ae26       0xbc c:/program files (x86)/atmel/studio/7.0/toolchain/avr8/avr8-gnu-toolchain/bin/../lib/gcc/avr/7.3.0/../../../../avr/lib/avrxmega4\libc.a(ultoa_invert.o)
                0x000000000000ae26                __ultoa_invert
 .text.avr-libc
                0x000000000000aee2       0x10 C:/Program Files (x86)/Atmel/Studio/7.0/Packs/atmel/AVR-Dx_DFP/1.9.103/gcc/dev/avr128da48/avrxmega4\libavr128da48.a(eerd_byte.o)
                0x000000000000aee2                eeprom_read_byte
                0x000000000000aeea                eeprom_mapen
 .text.avr-libc
                0x000000000000aef2        0xe C:/Program Files (x86)/Atmel/Studio/7.0/Packs/atmel/AVR-Dx_DFP/1.9.103/gcc/dev/avr128da48/avrxmega4\libavr128da48.a(eerd_dword.o)
                0x000000000000aef2                eeprom_read_float
                0x000000000000aef2                eeprom_read_dword
 .text.avr-libc
                0x000000000000af00        0xa C:/Program Files (x86)/Atmel/Studio/7.0/Packs/atmel/AVR-Dx_DFP/1.9.103/gcc/dev/avr128da48/avrxmega4\libavr128da48.a(eerd_word.o)
                0x000000000000af00                eeprom_read_word
                0x000000000000af0a                . = ALIGN (0x2)
 *(.fini9)
 .fini9         0x000000000000af0a        0x0 c:/program files (x86)/atmel/studio/7.0/toolchain/avr8/avr8-gnu-toolchain/bin/../lib/gcc/avr/7.3.0/avrxmega4\libgcc.a(_exit.o)
                0x000000000000af0a                _exit
                0x000000000000af0a                exit
 *(.fini9)
 *(.fini8)
 *(.fini8)
 *(.fini7)
 *(.fini7)
 *(.fini6)
 .fini6         0x000000000000af0a       0x16 c:/program files (x86)/atmel/studio/7.0/toolchain/avr8/avr8-gnu-toolchain/bin/../lib/gcc/avr/7.3.0/avrxmega4\libgcc.a(_dtors.o)
                0x000000000000af0a                __do_global_dtors
 *(.fini6)
 *(.fini5)
 *(.fini5)
 *(.fini4)
 *(.fini4)
 *(.fini3)
 *(.fini3)
 *(.fini2)
 *(.fini2)
 *(.fini1)
 *(.fini1)
 *(.fini0)
 .fini0         0x000000000000af20        0x4 c:/program files (x86)/atmel/studio/7.0/toolchain/avr8/avr8-gnu-toolchain/bin/../lib/gcc/avr/7.3.0/avrxmega4\libgcc.a(_exit.o)
 *(.fini0)
                0x000000000000af24                _etext = .

.data           0x0000000000804000      0x198 load address 0x000000000000af24
                0x0000000000804000                PROVIDE (__data_start, .)
 *(.data)
 .data          0x0000000000804000        0x6 c:/program files (x86)/atmel/studio/7.0/toolchain/avr8/avr8-gnu-toolchain/bin/../lib/gcc/avr/7.3.0/../../../../avr/lib/avrxmega4\libc.a(malloc.o)
                0x0000000000804000                __malloc_heap_end
                0x0000000000804002                __malloc_heap_start
                0x0000000000804004                __malloc_margin
 *(.data*)
 .data._ZL19g_powerdown_seconds
                0x0000000000804006        0x2 main.o
 .data._ZL17g_rf_gain_setting
                0x0000000000804008        0x1 main.o
 .data.g_inactivity_power_off
                0x0000000000804009        0x4 main.o
                0x0000000000804009                g_inactivity_power_off
 .data._ZL12g_awakenedBy
                0x000000000080400d        0x2 main.o
 .data._ZL19g_active_ADC_sample
                0x000000000080400f        0x2 main.o
 .data.g_audio_gain
                0x0000000000804011        0x2 main.o
                0x0000000000804011                g_audio_gain
 .data.g_enable_audio_feedthrough
                0x0000000000804013        0x1 main.o
                0x0000000000804013                g_enable_audio_feedthrough
 .data._ZZ11__vector_12E7fiftyMS
                0x0000000000804014        0x1 main.o
 .data._ZZ11__vector_12E17doublesenseAction
                0x0000000000804015        0x2 main.o
 .data._ZZ11__vector_12E15leftsenseAction
                0x0000000000804017        0x2 main.o
 .data._ZZ11__vector_12E16rightsenseAction
                0x0000000000804019        0x2 main.o
 .data._ZZ11__vector_12E19encoderswitchAction
                0x000000000080401b        0x2 main.o
 .data._ZZ11__vector_12E25leftsenseLongPressEnabled
                0x000000000080401d        0x1 main.o
 .data._ZZ11__vector_12E26rightsenseLongPressEnabled
                0x000000000080401e        0x1 main.o
 .data._ZZ11__vector_12E23encoderLongPressEnabled
                0x000000000080401f        0x1 main.o
 .data._ZZ11__vector_12E27doublesenseLongPressEnabled
                0x0000000000804020        0x1 main.o
 .data._ZZ4mainE4init
                0x0000000000804021        0x1 main.o
 .data._ZZ4mainE13minPitchLevel
                0x0000000000804022        0x4 main.o
 .data.g_fox    0x0000000000804026        0xa src/eeprommanager.o
                0x0000000000804026                g_fox
 .data.g_i2c0_timeout_ticks
                0x0000000000804030        0x2 src/i2c.o
                0x0000000000804030                g_i2c0_timeout_ticks
 .data.g_i2c1_timeout_ticks
                0x0000000000804032        0x2 src/i2c.o
                0x0000000000804032                g_i2c1_timeout_ticks
 .data._ZL17led_timeout_count
                0x0000000000804034        0x4 src/leds.o
 .data.g_clock_calibration
                0x0000000000804038        0x2 src/rtc.o
                0x0000000000804038                g_clock_calibration
 .data._ZL11g_xtal_freq
                0x000000000080403a        0x4 src/si5351.o
 .data.g_rx_frequency
                0x000000000080403e        0x4 src/receiver.o
                0x000000000080403e                g_rx_frequency
 .data.g_frequency_low
                0x0000000000804042        0x4 src/receiver.o
                0x0000000000804042                g_frequency_low
 .data.g_frequency_med
                0x0000000000804046        0x4 src/receiver.o
                0x0000000000804046                g_frequency_med
 .data.g_frequency_hi
                0x000000000080404a        0x4 src/receiver.o
                0x000000000080404a                g_frequency_hi
 .data.g_frequency_beacon
                0x000000000080404e        0x4 src/receiver.o
                0x000000000080404e                g_frequency_beacon
 *(.gnu.linkonce.d*)
 *(.rodata)
 .rodata        0x0000000000804052       0xbb main.o
 .rodata        0x000000000080410d        0xc src/eeprommanager.o
 .rodata        0x0000000000804119       0x38 src/util.o
 *(.rodata*)
 .rodata._ZL9menuTitle
                0x0000000000804151       0x32 main.o
 .rodata._ZL8clearRow
                0x0000000000804183        0xb main.o
 .rodata._ZTV7Display
                0x000000000080418e        0xa src/display.o
                0x000000000080418e                _ZTV7Display
 *(.gnu.linkonce.r*)
                0x0000000000804198                . = ALIGN (0x2)
                0x0000000000804198                _edata = .
                0x0000000000804198                PROVIDE (__data_end, .)

.bss            0x0000000000804198      0x24c
                0x0000000000804198                PROVIDE (__bss_start, .)
 *(.bss)
 *(.bss*)
 .bss._ZL9g_tempStr
                0x0000000000804198       0x64 main.o
 .bss._ZL17g_last_error_code
                0x00000000008041fc        0x2 main.o
 .bss._ZL18g_last_status_code
                0x00000000008041fe        0x2 main.o
 .bss._ZL21g_headphones_detected
                0x0000000000804200        0x1 main.o
 .bss._ZL16g_hardware_error
                0x0000000000804201        0x2 main.o
 .bss._ZL15g_rotary_enable
                0x0000000000804203        0x1 main.o
 .bss._ZL14g_rotary_count
                0x0000000000804204        0x2 main.o
 .bss._ZL14g_rotary_edges
                0x0000000000804206        0x2 main.o
 .bss.g_seconds_transition
                0x0000000000804208        0x1 main.o
                0x0000000000804208                g_seconds_transition
 .bss.g_seconds_since_poweron
                0x0000000000804209        0x4 main.o
                0x0000000000804209                g_seconds_since_poweron
 .bss.g_display_active
                0x000000000080420d        0x1 main.o
                0x000000000080420d                g_display_active
 .bss._ZL17g_go_to_sleep_now
                0x000000000080420e        0x1 main.o
 .bss._ZL10g_sleeping
                0x000000000080420f        0x1 main.o
 .bss.g_goertzel_rssi
                0x0000000000804210        0x4 main.o
                0x0000000000804210                g_goertzel_rssi
 .bss._ZL23g_leftsense_closed_time
                0x0000000000804214        0x2 main.o
 .bss._ZL24g_rightsense_closed_time
                0x0000000000804216        0x2 main.o
 .bss._ZL21g_encoder_closed_time
                0x0000000000804218        0x2 main.o
 .bss._ZL25g_doublesense_closed_time
                0x000000000080421a        0x2 main.o
 .bss._ZL34g_handle_counted_leftsense_presses
                0x000000000080421c        0x2 main.o
 .bss._ZL35g_handle_counted_rightsense_presses
                0x000000000080421e        0x2 main.o
 .bss._ZL32g_handle_counted_encoder_presses
                0x0000000000804220        0x2 main.o
 .bss._ZL36g_handle_counted_doublesense_presses
                0x0000000000804222        0x2 main.o
 .bss._ZL25g_leftsense_presses_count
                0x0000000000804224        0x2 main.o
 .bss._ZL26g_rightsense_presses_count
                0x0000000000804226        0x2 main.o
 .bss._ZL23g_encoder_presses_count
                0x0000000000804228        0x2 main.o
 .bss._ZL27g_doublesense_presses_count
                0x000000000080422a        0x2 main.o
 .bss._ZL22g_long_leftsense_press
                0x000000000080422c        0x1 main.o
 .bss._ZL23g_long_rightsense_press
                0x000000000080422d        0x1 main.o
 .bss._ZL24g_long_doublesense_press
                0x000000000080422e        0x1 main.o
 .bss._ZL20g_long_encoder_press
                0x000000000080422f        0x1 main.o
 .bss._ZL19g_leftsense_pressed
                0x0000000000804230        0x1 main.o
 .bss._ZL20g_rightsense_pressed
                0x0000000000804231        0x1 main.o
 .bss._ZL21g_doublesense_pressed
                0x0000000000804232        0x1 main.o
 .bss._ZL23g_encoderswitch_pressed
                0x0000000000804233        0x1 main.o
 .bss.display   0x0000000000804234        0xb main.o
                0x0000000000804234                display
 .bss.LEDS      0x000000000080423f        0x1 main.o
                0x000000000080423f                LEDS
 .bss.g_text_buff
                0x0000000000804240        0xa main.o
                0x0000000000804240                g_text_buff
 .bss.EEPromMgr
                0x000000000080424a        0x1 main.o
                0x000000000080424a                EEPromMgr
 .bss.sineWave  0x000000000080424b       0x32 main.o
                0x000000000080424b                sineWave
 .bss._ZL6g_beep
                0x000000000080427d        0x2 main.o
 .bss._ZL6g_tick
                0x000000000080427f        0x1 main.o
 .bss._ZZ11__vector_24E9sineIndex
                0x0000000000804280        0x1 main.o
 .bss._ZZ11__vector_12E33doublesense_closures_count_period
                0x0000000000804281        0x2 main.o
 .bss._ZZ11__vector_12E31leftsense_closures_count_period
                0x0000000000804283        0x2 main.o
 .bss._ZZ11__vector_12E32rightsense_closures_count_period
                0x0000000000804285        0x2 main.o
 .bss._ZZ11__vector_12E29encoder_closures_count_period
                0x0000000000804287        0x2 main.o
 .bss._ZZ11__vector_12E15holdRotaryEdges
                0x0000000000804289        0x2 main.o
 .bss._ZZ11__vector_12E23rotaryNoMotionCountdown
                0x000000000080428b        0x2 main.o
 .bss.prev_state
                0x000000000080428d        0x1 main.o
                0x000000000080428d                prev_state
 .bss._ZZ7setMenu11MenuState_tE9menuIndex
                0x000000000080428e        0x2 main.o
 .bss._ZZ7setMenu11MenuState_tE14menuStateTrace
                0x0000000000804290       0x28 main.o
 .bss._ZZ4mainE13maxPitchLevel
                0x00000000008042b8        0x4 main.o
 .bss.g_goertzel
                0x00000000008042bc        0x1 src/adc.o
                0x00000000008042bc                g_goertzel
 .bss._ZL20g_adc_initialization
                0x00000000008042bd        0x2 src/adc.o
 .bss.portApinReadings
                0x00000000008042bf        0x3 src/binio.o
                0x00000000008042bf                portApinReadings
 .bss.portFpinReadings
                0x00000000008042c2        0x3 src/binio.o
                0x00000000008042c2                portFpinReadings
 .bss.portAdebounced
                0x00000000008042c5        0x1 src/binio.o
                0x00000000008042c5                portAdebounced
 .bss.portFdebounced
                0x00000000008042c6        0x1 src/binio.o
                0x00000000008042c6                portFdebounced
 .bss.g_isMaster
                0x00000000008042c7        0x1 src/eeprommanager.o
                0x00000000008042c7                g_isMaster
 .bss.g_utc_offset
                0x00000000008042c8        0x1 src/eeprommanager.o
                0x00000000008042c8                g_utc_offset
 .bss.g_unlockCode
                0x00000000008042c9        0xa src/eeprommanager.o
                0x00000000008042c9                g_unlockCode
 .bss.g_rtty_offset
                0x00000000008042d3        0x4 src/eeprommanager.o
                0x00000000008042d3                g_rtty_offset
 .bss.g_event   0x00000000008042d7        0x2 src/eeprommanager.o
                0x00000000008042d7                g_event
 .bss.g_frequency_mode
                0x00000000008042d9        0x2 src/eeprommanager.o
                0x00000000008042d9                g_frequency_mode
 .bss.g_messages_text
                0x00000000008042db       0x3f src/eeprommanager.o
                0x00000000008042db                g_messages_text
 .bss.g_event_start_epoch
                0x000000000080431a        0x4 src/eeprommanager.o
                0x000000000080431a                g_event_start_epoch
 .bss.g_event_finish_epoch
                0x000000000080431e        0x4 src/eeprommanager.o
                0x000000000080431e                g_event_finish_epoch
 .bss.g_80m_power_level_mW
                0x0000000000804322        0x2 src/eeprommanager.o
                0x0000000000804322                g_80m_power_level_mW
 .bss.g_id_codespeed
                0x0000000000804324        0x1 src/eeprommanager.o
                0x0000000000804324                g_id_codespeed
 .bss.g_pattern_codespeed
                0x0000000000804325        0x1 src/eeprommanager.o
                0x0000000000804325                g_pattern_codespeed
 .bss.g_foxoring_pattern_codespeed
                0x0000000000804326        0x1 src/eeprommanager.o
                0x0000000000804326                g_foxoring_pattern_codespeed
 .bss.g_off_air_seconds
                0x0000000000804327        0x2 src/eeprommanager.o
                0x0000000000804327                g_off_air_seconds
 .bss.g_on_air_seconds
                0x0000000000804329        0x2 src/eeprommanager.o
                0x0000000000804329                g_on_air_seconds
 .bss.g_ID_period_seconds
                0x000000000080432b        0x2 src/eeprommanager.o
                0x000000000080432b                g_ID_period_seconds
 .bss.g_intra_cycle_delay_time
                0x000000000080432d        0x2 src/eeprommanager.o
                0x000000000080432d                g_intra_cycle_delay_time
 .bss.g_voltage_threshold
                0x000000000080432f        0x4 src/eeprommanager.o
                0x000000000080432f                g_voltage_threshold
 .bss.g_days_to_run
                0x0000000000804333        0x1 src/eeprommanager.o
                0x0000000000804333                g_days_to_run
 .bss.g_i2c_failure_count
                0x0000000000804334        0x2 src/eeprommanager.o
                0x0000000000804334                g_i2c_failure_count
 .bss._SAMPLING_FREQUENCY
                0x0000000000804336        0x4 src/Goertzel.o
                0x0000000000804336                _SAMPLING_FREQUENCY
 .bss._TARGET_FREQUENCY
                0x000000000080433a        0x4 src/Goertzel.o
                0x000000000080433a                _TARGET_FREQUENCY
 .bss._N        0x000000000080433e        0x2 src/Goertzel.o
                0x000000000080433e                _N
 .bss.g_coeff   0x0000000000804340        0x4 src/Goertzel.o
                0x0000000000804340                g_coeff
 .bss.Q1        0x0000000000804344        0x4 src/Goertzel.o
                0x0000000000804344                Q1
 .bss.Q2        0x0000000000804348        0x4 src/Goertzel.o
                0x0000000000804348                Q2
 .bss._index    0x000000000080434c        0x2 src/Goertzel.o
                0x000000000080434c                _index
 .bss._samplesReady
                0x000000000080434e        0x1 src/Goertzel.o
                0x000000000080434e                _samplesReady
 .bss.highValueCount
                0x000000000080434f        0x2 src/Goertzel.o
                0x000000000080434f                highValueCount
 .bss.testData  0x0000000000804351        0x2 src/Goertzel.o
                0x0000000000804351                testData
 .bss._ZL23timer_red_blink_inhibit
                0x0000000000804353        0x1 src/leds.o
 .bss._ZL25timer_green_blink_inhibit
                0x0000000000804354        0x1 src/leds.o
 .bss._ZL19lastRedBlinkSetting
                0x0000000000804355        0x2 src/leds.o
 .bss._ZL21lastGreenBlinkSetting
                0x0000000000804357        0x2 src/leds.o
 .bss._ZL20lastBothBlinkSetting
                0x0000000000804359        0x2 src/leds.o
 .bss._ZL19red_blink_on_period
                0x000000000080435b        0x2 src/leds.o
 .bss._ZL20red_blink_off_period
                0x000000000080435d        0x2 src/leds.o
 .bss._ZL21green_blink_on_period
                0x000000000080435f        0x2 src/leds.o
 .bss._ZL22green_blink_off_period
                0x0000000000804361        0x2 src/leds.o
 .bss._ZL15red_blink_count
                0x0000000000804363        0x2 src/leds.o
 .bss._ZL17green_blink_count
                0x0000000000804365        0x2 src/leds.o
 .bss._ZL18red_led_configured
                0x0000000000804367        0x1 src/leds.o
 .bss._ZL20green_led_configured
                0x0000000000804368        0x1 src/leds.o
 .bss.isRed     0x0000000000804369        0x1 src/leds.o
                0x0000000000804369                isRed
 .bss.isGreen   0x000000000080436a        0x1 src/leds.o
                0x000000000080436a                isGreen
 .bss.isBoth    0x000000000080436b        0x1 src/leds.o
                0x000000000080436b                isBoth
 .bss._ZL16use_backup_clock
                0x000000000080436c        0x1 src/rtc.o
 .bss._ZL8freqVCOB
                0x000000000080436d        0x4 src/si5351.o
 .bss._ZL17enabledClocksMask
                0x0000000000804371        0x1 src/si5351.o
 .bss._ZL9clock_out
                0x0000000000804372        0xc src/si5351.o
 .bss.g_si5351_initialized
                0x000000000080437e        0x1 src/si5351.o
                0x000000000080437e                g_si5351_initialized
 .bss._ZZ11si5351_initE3err
                0x000000000080437f        0x1 src/si5351.o
 .bss.g_pwm_setting
                0x0000000000804380        0x2 src/tca.o
                0x0000000000804380                g_pwm_setting
 .bss._ZL12g_ms_counter
                0x0000000000804382        0x4 src/tcb.o
 .bss._ZZ13util_delay_msE14countdownValue
                0x0000000000804386        0x4 src/tcb.o
 .bss._ZZ13util_delay_msE8counting
                0x000000000080438a        0x1 src/tcb.o
 .bss._ZL16g_rx_initialized
                0x000000000080438b        0x1 src/receiver.o
 .bss.g_frequency_memory
                0x000000000080438c       0x50 src/receiver.o
                0x000000000080438c                g_frequency_memory
 *(COMMON)
 COMMON         0x00000000008043dc        0x4 c:/program files (x86)/atmel/studio/7.0/toolchain/avr8/avr8-gnu-toolchain/bin/../lib/gcc/avr/7.3.0/../../../../avr/lib/avrxmega4\libc.a(malloc.o)
                0x00000000008043dc                __brkval
                0x00000000008043de                __flp
 COMMON         0x00000000008043e0        0x4 c:/program files (x86)/atmel/studio/7.0/toolchain/avr8/avr8-gnu-toolchain/bin/../lib/gcc/avr/7.3.0/../../../../avr/lib/avrxmega4\libc.a(system_time.o)
                0x00000000008043e0                __system_time
                0x00000000008043e4                PROVIDE (__bss_end, .)
                0x000000000000af24                __data_load_start = LOADADDR (.data)
                0x000000000000b0bc                __data_load_end = (__data_load_start + SIZEOF (.data))

.noinit         0x00000000008043e4        0x0
                [!provide]                        PROVIDE (__noinit_start, .)
 *(.noinit*)
                [!provide]                        PROVIDE (__noinit_end, .)
                0x00000000008043e4                _end = .
                0x00000000008043e4                PROVIDE (__heap_start, .)

.eeprom         0x0000000000810000      0x164
 *(.eeprom*)
 .eeprom        0x0000000000810000      0x164 src/eeprommanager.o
                0x0000000000810000                _ZN13EepromManager7ee_varsE
                0x0000000000810164                __eeprom_end = .

.fuse
 *(.fuse)
 *(.lfuse)
 *(.hfuse)
 *(.efuse)

.lock
 *(.lock*)

.signature
 *(.signature*)

.user_signatures
 *(.user_signatures*)

.stab
 *(.stab)

.stabstr
 *(.stabstr)

.stab.excl
 *(.stab.excl)

.stab.exclstr
 *(.stab.exclstr)

.stab.index
 *(.stab.index)

.stab.indexstr
 *(.stab.indexstr)

.comment        0x0000000000000000       0x5c
 *(.comment)
 .comment       0x0000000000000000       0x30 atmel_start.o
                                         0x31 (size before relaxing)
 .comment       0x0000000000000030       0x31 main.o
 .comment       0x0000000000000030       0x31 src/adc.o
 .comment       0x0000000000000030       0x31 src/binio.o
 .comment       0x0000000000000030       0x31 src/bod.o
 .comment       0x0000000000000030       0x31 src/CircularStringBuff.o
 .comment       0x0000000000000030       0x31 src/clkctrl.o
 .comment       0x0000000000000030       0x31 src/cpuint.o
 .comment       0x0000000000000030       0x31 src/dac0.o
 .comment       0x0000000000000030       0x31 src/display.o
 .comment       0x0000000000000030       0x31 src/driver_init.o
 .comment       0x0000000000000030       0x31 src/eeprommanager.o
 .comment       0x0000000000000030       0x31 src/Goertzel.o
 .comment       0x0000000000000030       0x31 src/i2c.o
 .comment       0x0000000000000030       0x31 src/leds.o
 .comment       0x0000000000000030       0x31 src/rtc.o
 .comment       0x0000000000000030       0x31 src/si5351.o
 .comment       0x0000000000000030       0x31 src/slpctrl.o
 .comment       0x0000000000000030       0x31 src/tca.o
 .comment       0x0000000000000030       0x31 src/tcb.o
 .comment       0x0000000000000030       0x31 src/receiver.o
 .comment       0x0000000000000030       0x31 src/util.o
 .comment       0x0000000000000030       0x31 c:/program files (x86)/atmel/studio/7.0/toolchain/avr8/avr8-gnu-toolchain/bin/../lib/gcc/avr/7.3.0/../../../../avr/lib/avrxmega4\libc.a(malloc.o)
 .comment       0x0000000000000030       0x31 c:/program files (x86)/atmel/studio/7.0/toolchain/avr8/avr8-gnu-toolchain/bin/../lib/gcc/avr/7.3.0/../../../../avr/lib/avrxmega4\libc.a(snprintf.o)
 .comment       0x0000000000000030       0x31 c:/program files (x86)/atmel/studio/7.0/toolchain/avr8/avr8-gnu-toolchain/bin/../lib/gcc/avr/7.3.0/../../../../avr/lib/avrxmega4\libc.a(sprintf.o)
 .comment       0x0000000000000030       0x31 c:/program files (x86)/atmel/studio/7.0/toolchain/avr8/avr8-gnu-toolchain/bin/../lib/gcc/avr/7.3.0/../../../../avr/lib/avrxmega4\libc.a(set_system_time.o)
 .comment       0x0000000000000030       0x31 c:/program files (x86)/atmel/studio/7.0/toolchain/avr8/avr8-gnu-toolchain/bin/../lib/gcc/avr/7.3.0/../../../../avr/lib/avrxmega4\libc.a(system_time.o)
 .comment       0x0000000000000030       0x31 c:/program files (x86)/atmel/studio/7.0/toolchain/avr8/avr8-gnu-toolchain/bin/../lib/gcc/avr/7.3.0/../../../../avr/lib/avrxmega4\libc.a(time.o)
 .comment       0x0000000000000030       0x2c c:/program files (x86)/atmel/studio/7.0/toolchain/avr8/avr8-gnu-toolchain/bin/../lib/gcc/avr/7.3.0/../../../../avr/lib/avrxmega4\libc.a(vfprintf_std.o)
                                         0x2d (size before relaxing)
 .comment       0x000000000000005c       0x31 c:/program files (x86)/atmel/studio/7.0/toolchain/avr8/avr8-gnu-toolchain/bin/../lib/gcc/avr/7.3.0/../../../../avr/lib/avrxmega4\libc.a(fputc.o)

.note.gnu.avr.deviceinfo
                0x0000000000000000       0x40
 .note.gnu.avr.deviceinfo
                0x0000000000000000       0x40 C:/Program Files (x86)/Atmel/Studio/7.0/Packs/atmel/AVR-Dx_DFP/1.9.103/gcc/dev/avr128da48/avrxmega4/crtavr128da48.o

.note.gnu.build-id
 *(.note.gnu.build-id)

.debug
 *(.debug)

.line
 *(.line)

.debug_srcinfo
 *(.debug_srcinfo)

.debug_sfnames
 *(.debug_sfnames)

.debug_aranges  0x0000000000000000      0x940
 *(.debug_aranges)
 .debug_aranges
                0x0000000000000000       0x20 atmel_start.o
 .debug_aranges
                0x0000000000000020       0xb8 main.o
 .debug_aranges
                0x00000000000000d8       0x70 src/adc.o
 .debug_aranges
                0x0000000000000148       0xc8 src/binio.o
 .debug_aranges
                0x0000000000000210       0x20 src/bod.o
 .debug_aranges
                0x0000000000000230       0x90 src/CircularStringBuff.o
 .debug_aranges
                0x00000000000002c0       0x28 src/clkctrl.o
 .debug_aranges
                0x00000000000002e8       0x20 src/cpuint.o
 .debug_aranges
                0x0000000000000308       0x30 src/dac0.o
 .debug_aranges
                0x0000000000000338       0xb0 src/display.o
 .debug_aranges
                0x00000000000003e8       0x60 src/driver_init.o
 .debug_aranges
                0x0000000000000448       0x68 src/eeprommanager.o
 .debug_aranges
                0x00000000000004b0       0x60 src/Goertzel.o
 .debug_aranges
                0x0000000000000510       0x90 src/i2c.o
 .debug_aranges
                0x00000000000005a0       0x98 src/leds.o
 .debug_aranges
                0x0000000000000638       0x20 src/protected_io.o
 .debug_aranges
                0x0000000000000658       0x58 src/rtc.o
 .debug_aranges
                0x00000000000006b0       0xe8 src/si5351.o
 .debug_aranges
                0x0000000000000798       0x28 src/slpctrl.o
 .debug_aranges
                0x00000000000007c0       0x40 src/tca.o
 .debug_aranges
                0x0000000000000800       0x40 src/tcb.o
 .debug_aranges
                0x0000000000000840       0x58 src/receiver.o
 .debug_aranges
                0x0000000000000898       0x48 src/util.o
 .debug_aranges
                0x00000000000008e0       0x20 C:/Program Files (x86)/Atmel/Studio/7.0/Packs/atmel/AVR-Dx_DFP/1.9.103/gcc/dev/avr128da48/avrxmega4\libavr128da48.a(eerd_byte.o)
 .debug_aranges
                0x0000000000000900       0x20 C:/Program Files (x86)/Atmel/Studio/7.0/Packs/atmel/AVR-Dx_DFP/1.9.103/gcc/dev/avr128da48/avrxmega4\libavr128da48.a(eerd_dword.o)
 .debug_aranges
                0x0000000000000920       0x20 C:/Program Files (x86)/Atmel/Studio/7.0/Packs/atmel/AVR-Dx_DFP/1.9.103/gcc/dev/avr128da48/avrxmega4\libavr128da48.a(eerd_word.o)

.debug_pubnames
 *(.debug_pubnames)

.debug_info     0x0000000000000000     0xfafa
 *(.debug_info .gnu.linkonce.wi.*)
 .debug_info    0x0000000000000000     0x2c24 C:/Program Files (x86)/Atmel/Studio/7.0/Packs/atmel/AVR-Dx_DFP/1.9.103/gcc/dev/avr128da48/avrxmega4/crtavr128da48.o
 .debug_info    0x0000000000002c24       0xc5 atmel_start.o
 .debug_info    0x0000000000002ce9     0x2ab6 main.o
 .debug_info    0x000000000000579f      0xc5d src/adc.o
 .debug_info    0x00000000000063fc      0x8bf src/binio.o
 .debug_info    0x0000000000006cbb      0x1d0 src/bod.o
 .debug_info    0x0000000000006e8b      0x6f5 src/CircularStringBuff.o
 .debug_info    0x0000000000007580      0x2f9 src/clkctrl.o
 .debug_info    0x0000000000007879       0xd4 src/cpuint.o
 .debug_info    0x000000000000794d      0x44f src/dac0.o
 .debug_info    0x0000000000007d9c      0xb65 src/display.o
 .debug_info    0x0000000000008901      0x494 src/driver_init.o
 .debug_info    0x0000000000008d95     0x171b src/eeprommanager.o
 .debug_info    0x000000000000a4b0      0x5a5 src/Goertzel.o
 .debug_info    0x000000000000aa55      0x888 src/i2c.o
 .debug_info    0x000000000000b2dd      0xcb8 src/leds.o
 .debug_info    0x000000000000bf95       0x92 src/protected_io.o
 .debug_info    0x000000000000c027      0xe88 src/rtc.o
 .debug_info    0x000000000000ceaf      0xf9b src/si5351.o
 .debug_info    0x000000000000de4a      0x180 src/slpctrl.o
 .debug_info    0x000000000000dfca      0xbd5 src/tca.o
 .debug_info    0x000000000000eb9f      0x3c7 src/tcb.o
 .debug_info    0x000000000000ef66      0x473 src/receiver.o
 .debug_info    0x000000000000f3d9      0x543 src/util.o
 .debug_info    0x000000000000f91c       0x9f C:/Program Files (x86)/Atmel/Studio/7.0/Packs/atmel/AVR-Dx_DFP/1.9.103/gcc/dev/avr128da48/avrxmega4\libavr128da48.a(eerd_byte.o)
 .debug_info    0x000000000000f9bb       0xa0 C:/Program Files (x86)/Atmel/Studio/7.0/Packs/atmel/AVR-Dx_DFP/1.9.103/gcc/dev/avr128da48/avrxmega4\libavr128da48.a(eerd_dword.o)
 .debug_info    0x000000000000fa5b       0x9f C:/Program Files (x86)/Atmel/Studio/7.0/Packs/atmel/AVR-Dx_DFP/1.9.103/gcc/dev/avr128da48/avrxmega4\libavr128da48.a(eerd_word.o)

.debug_abbrev   0x0000000000000000     0x5768
 *(.debug_abbrev)
 .debug_abbrev  0x0000000000000000     0x29ce C:/Program Files (x86)/Atmel/Studio/7.0/Packs/atmel/AVR-Dx_DFP/1.9.103/gcc/dev/avr128da48/avrxmega4/crtavr128da48.o
 .debug_abbrev  0x00000000000029ce       0x70 atmel_start.o
 .debug_abbrev  0x0000000000002a3e      0x539 main.o
 .debug_abbrev  0x0000000000002f77      0x2fe src/adc.o
 .debug_abbrev  0x0000000000003275      0x29a src/binio.o
 .debug_abbrev  0x000000000000350f       0xd2 src/bod.o
 .debug_abbrev  0x00000000000035e1      0x1e9 src/CircularStringBuff.o
 .debug_abbrev  0x00000000000037ca       0xfe src/clkctrl.o
 .debug_abbrev  0x00000000000038c8       0x72 src/cpuint.o
 .debug_abbrev  0x000000000000393a      0x157 src/dac0.o
 .debug_abbrev  0x0000000000003a91      0x314 src/display.o
 .debug_abbrev  0x0000000000003da5      0x1a4 src/driver_init.o
 .debug_abbrev  0x0000000000003f49      0x33b src/eeprommanager.o
 .debug_abbrev  0x0000000000004284      0x227 src/Goertzel.o
 .debug_abbrev  0x00000000000044ab      0x224 src/i2c.o
 .debug_abbrev  0x00000000000046cf      0x340 src/leds.o
 .debug_abbrev  0x0000000000004a0f       0x14 src/protected_io.o
 .debug_abbrev  0x0000000000004a23      0x2af src/rtc.o
 .debug_abbrev  0x0000000000004cd2      0x2af src/si5351.o
 .debug_abbrev  0x0000000000004f81       0xe7 src/slpctrl.o
 .debug_abbrev  0x0000000000005068      0x206 src/tca.o
 .debug_abbrev  0x000000000000526e      0x175 src/tcb.o
 .debug_abbrev  0x00000000000053e3      0x18e src/receiver.o
 .debug_abbrev  0x0000000000005571      0x1bb src/util.o
 .debug_abbrev  0x000000000000572c       0x14 C:/Program Files (x86)/Atmel/Studio/7.0/Packs/atmel/AVR-Dx_DFP/1.9.103/gcc/dev/avr128da48/avrxmega4\libavr128da48.a(eerd_byte.o)
 .debug_abbrev  0x0000000000005740       0x14 C:/Program Files (x86)/Atmel/Studio/7.0/Packs/atmel/AVR-Dx_DFP/1.9.103/gcc/dev/avr128da48/avrxmega4\libavr128da48.a(eerd_dword.o)
 .debug_abbrev  0x0000000000005754       0x14 C:/Program Files (x86)/Atmel/Studio/7.0/Packs/atmel/AVR-Dx_DFP/1.9.103/gcc/dev/avr128da48/avrxmega4\libavr128da48.a(eerd_word.o)

.debug_line     0x0000000000000000     0x8b1a
 *(.debug_line .debug_line.* .debug_line_end)
 .debug_line    0x0000000000000000      0x1f3 C:/Program Files (x86)/Atmel/Studio/7.0/Packs/atmel/AVR-Dx_DFP/1.9.103/gcc/dev/avr128da48/avrxmega4/crtavr128da48.o
 .debug_line    0x00000000000001f3      0x11e atmel_start.o
 .debug_line    0x0000000000000311     0x18e9 main.o
 .debug_line    0x0000000000001bfa      0x456 src/adc.o
 .debug_line    0x0000000000002050      0x7c7 src/binio.o
 .debug_line    0x0000000000002817      0x191 src/bod.o
 .debug_line    0x00000000000029a8      0x4ae src/CircularStringBuff.o
 .debug_line    0x0000000000002e56      0x1cd src/clkctrl.o
 .debug_line    0x0000000000003023      0x12f src/cpuint.o
 .debug_line    0x0000000000003152      0x1e3 src/dac0.o
 .debug_line    0x0000000000003335      0x94e src/display.o
 .debug_line    0x0000000000003c83      0x38e src/driver_init.o
 .debug_line    0x0000000000004011     0x11ce src/eeprommanager.o
 .debug_line    0x00000000000051df      0x321 src/Goertzel.o
 .debug_line    0x0000000000005500      0x7df src/i2c.o
 .debug_line    0x0000000000005cdf      0x9d9 src/leds.o
 .debug_line    0x00000000000066b8       0x5b src/protected_io.o
 .debug_line    0x0000000000006713      0x4b5 src/rtc.o
 .debug_line    0x0000000000006bc8      0xd6c src/si5351.o
 .debug_line    0x0000000000007934      0x1b1 src/slpctrl.o
 .debug_line    0x0000000000007ae5      0x2e1 src/tca.o
 .debug_line    0x0000000000007dc6      0x373 src/tcb.o
 .debug_line    0x0000000000008139      0x2f4 src/receiver.o
 .debug_line    0x000000000000842d      0x5a5 src/util.o
 .debug_line    0x00000000000089d2       0x79 C:/Program Files (x86)/Atmel/Studio/7.0/Packs/atmel/AVR-Dx_DFP/1.9.103/gcc/dev/avr128da48/avrxmega4\libavr128da48.a(eerd_byte.o)
 .debug_line    0x0000000000008a4b       0x6e C:/Program Files (x86)/Atmel/Studio/7.0/Packs/atmel/AVR-Dx_DFP/1.9.103/gcc/dev/avr128da48/avrxmega4\libavr128da48.a(eerd_dword.o)
 .debug_line    0x0000000000008ab9       0x61 C:/Program Files (x86)/Atmel/Studio/7.0/Packs/atmel/AVR-Dx_DFP/1.9.103/gcc/dev/avr128da48/avrxmega4\libavr128da48.a(eerd_word.o)

.debug_frame    0x0000000000000000     0x1fa0
 *(.debug_frame)
 .debug_frame   0x0000000000000000       0x34 atmel_start.o
 .debug_frame   0x0000000000000034      0x3d8 main.o
 .debug_frame   0x000000000000040c      0x180 src/adc.o
 .debug_frame   0x000000000000058c      0x2d4 src/binio.o
 .debug_frame   0x0000000000000860       0x34 src/bod.o
 .debug_frame   0x0000000000000894      0x200 src/CircularStringBuff.o
 .debug_frame   0x0000000000000a94       0x54 src/clkctrl.o
 .debug_frame   0x0000000000000ae8       0x34 src/cpuint.o
 .debug_frame   0x0000000000000b1c       0x74 src/dac0.o
 .debug_frame   0x0000000000000b90      0x274 src/display.o
 .debug_frame   0x0000000000000e04      0x134 src/driver_init.o
 .debug_frame   0x0000000000000f38      0x180 src/eeprommanager.o
 .debug_frame   0x00000000000010b8      0x19c src/Goertzel.o
 .debug_frame   0x0000000000001254      0x1f4 src/i2c.o
 .debug_frame   0x0000000000001448      0x25c src/leds.o
 .debug_frame   0x00000000000016a4      0x114 src/rtc.o
 .debug_frame   0x00000000000017b8      0x3a8 src/si5351.o
 .debug_frame   0x0000000000001b60       0x54 src/slpctrl.o
 .debug_frame   0x0000000000001bb4       0xb4 src/tca.o
 .debug_frame   0x0000000000001c68      0x100 src/tcb.o
 .debug_frame   0x0000000000001d68      0x114 src/receiver.o
 .debug_frame   0x0000000000001e7c      0x124 src/util.o

.debug_str      0x0000000000000000     0x6742
 *(.debug_str)
 .debug_str     0x0000000000000000     0x1320 C:/Program Files (x86)/Atmel/Studio/7.0/Packs/atmel/AVR-Dx_DFP/1.9.103/gcc/dev/avr128da48/avrxmega4/crtavr128da48.o
 .debug_str     0x0000000000001320      0x1e9 atmel_start.o
                                        0x222 (size before relaxing)
 .debug_str     0x0000000000001509     0x2574 main.o
                                       0x2a93 (size before relaxing)
 .debug_str     0x0000000000003a7d      0x78b src/adc.o
                                        0xd22 (size before relaxing)
 .debug_str     0x0000000000004208      0x2e8 src/binio.o
                                        0x6ac (size before relaxing)
 .debug_str     0x00000000000044f0       0x80 src/bod.o
                                        0x2d1 (size before relaxing)
 .debug_str     0x0000000000004570       0x73 src/CircularStringBuff.o
                                        0x516 (size before relaxing)
 .debug_str     0x00000000000045e3      0x20c src/clkctrl.o
                                        0x455 (size before relaxing)
 .debug_str     0x00000000000047ef       0x1e src/cpuint.o
                                        0x221 (size before relaxing)
 .debug_str     0x000000000000480d       0x6c src/dac0.o
                                        0x4bf (size before relaxing)
 .debug_str     0x0000000000004879      0x429 src/display.o
                                        0xa42 (size before relaxing)
 .debug_str     0x0000000000004ca2       0x8a src/driver_init.o
                                        0x3e7 (size before relaxing)
 .debug_str     0x0000000000004d2c      0x4c6 src/eeprommanager.o
                                       0x12a6 (size before relaxing)
 .debug_str     0x00000000000051f2       0xd2 src/Goertzel.o
                                        0x43c (size before relaxing)
 .debug_str     0x00000000000052c4      0x318 src/i2c.o
                                        0x66e (size before relaxing)
 .debug_str     0x00000000000055dc      0x1bf src/leds.o
                                        0xa6c (size before relaxing)
 .debug_str     0x000000000000579b       0xdd src/rtc.o
                                        0xf06 (size before relaxing)
 .debug_str     0x0000000000005878      0x6c8 src/si5351.o
                                        0xd0a (size before relaxing)
 .debug_str     0x0000000000005f40       0x71 src/slpctrl.o
                                        0x2e5 (size before relaxing)
 .debug_str     0x0000000000005fb1      0x2fc src/tca.o
                                        0x7ac (size before relaxing)
 .debug_str     0x00000000000062ad      0x12c src/tcb.o
                                        0x40b (size before relaxing)
 .debug_str     0x00000000000063d9      0x201 src/receiver.o
                                        0x909 (size before relaxing)
 .debug_str     0x00000000000065da      0x168 src/util.o
                                        0x3fe (size before relaxing)

.debug_loc      0x0000000000000000     0x4156
 *(.debug_loc)
 .debug_loc     0x0000000000000000       0x3b atmel_start.o
 .debug_loc     0x000000000000003b      0x88d main.o
 .debug_loc     0x00000000000008c8      0x2d6 src/adc.o
 .debug_loc     0x0000000000000b9e      0x5d2 src/binio.o
 .debug_loc     0x0000000000001170       0x3b src/bod.o
 .debug_loc     0x00000000000011ab      0x450 src/CircularStringBuff.o
 .debug_loc     0x00000000000015fb       0x83 src/clkctrl.o
 .debug_loc     0x000000000000167e       0x3b src/cpuint.o
 .debug_loc     0x00000000000016b9       0xbe src/dac0.o
 .debug_loc     0x0000000000001777      0x551 src/display.o
 .debug_loc     0x0000000000001cc8      0x26e src/driver_init.o
 .debug_loc     0x0000000000001f36      0x334 src/eeprommanager.o
 .debug_loc     0x000000000000226a      0x388 src/Goertzel.o
 .debug_loc     0x00000000000025f2      0x3e5 src/i2c.o
 .debug_loc     0x00000000000029d7      0x534 src/leds.o
 .debug_loc     0x0000000000002f0b      0x20a src/rtc.o
 .debug_loc     0x0000000000003115      0x7e6 src/si5351.o
 .debug_loc     0x00000000000038fb       0x83 src/slpctrl.o
 .debug_loc     0x000000000000397e      0x14c src/tca.o
 .debug_loc     0x0000000000003aca      0x204 src/tcb.o
 .debug_loc     0x0000000000003cce      0x20c src/receiver.o
 .debug_loc     0x0000000000003eda      0x27c src/util.o

.debug_macinfo
 *(.debug_macinfo)

.debug_weaknames
 *(.debug_weaknames)

.debug_funcnames
 *(.debug_funcnames)

.debug_typenames
 *(.debug_typenames)

.debug_varnames
 *(.debug_varnames)

.debug_pubtypes
 *(.debug_pubtypes)

.debug_ranges   0x0000000000000000      0x790
 *(.debug_ranges)
 .debug_ranges  0x0000000000000000       0x10 atmel_start.o
 .debug_ranges  0x0000000000000010       0xd8 main.o
 .debug_ranges  0x00000000000000e8       0x60 src/adc.o
 .debug_ranges  0x0000000000000148       0xb8 src/binio.o
 .debug_ranges  0x0000000000000200       0x10 src/bod.o
 .debug_ranges  0x0000000000000210       0x80 src/CircularStringBuff.o
 .debug_ranges  0x0000000000000290       0x18 src/clkctrl.o
 .debug_ranges  0x00000000000002a8       0x10 src/cpuint.o
 .debug_ranges  0x00000000000002b8       0x20 src/dac0.o
 .debug_ranges  0x00000000000002d8       0xa0 src/display.o
 .debug_ranges  0x0000000000000378       0x50 src/driver_init.o
 .debug_ranges  0x00000000000003c8       0x58 src/eeprommanager.o
 .debug_ranges  0x0000000000000420       0x50 src/Goertzel.o
 .debug_ranges  0x0000000000000470       0x80 src/i2c.o
 .debug_ranges  0x00000000000004f0       0x88 src/leds.o
 .debug_ranges  0x0000000000000578       0x48 src/rtc.o
 .debug_ranges  0x00000000000005c0       0xd8 src/si5351.o
 .debug_ranges  0x0000000000000698       0x18 src/slpctrl.o
 .debug_ranges  0x00000000000006b0       0x30 src/tca.o
 .debug_ranges  0x00000000000006e0       0x30 src/tcb.o
 .debug_ranges  0x0000000000000710       0x48 src/receiver.o
 .debug_ranges  0x0000000000000758       0x38 src/util.o

.debug_macro
 *(.debug_macro)
OUTPUT(SignalSnagger.elf elf32-avr)
LOAD linker stubs
