Archive member included to satisfy reference by file (symbol)

c:/program files (x86)/atmel/studio/7.0/toolchain/avr8/avr8-gnu-toolchain/bin/../lib/gcc/avr/7.3.0/../../../../avr/lib/avrxmega4\libm.a(addsf3.o)
                              src/Goertzel.o (__subsf3)
c:/program files (x86)/atmel/studio/7.0/toolchain/avr8/avr8-gnu-toolchain/bin/../lib/gcc/avr/7.3.0/../../../../avr/lib/avrxmega4\libm.a(addsf3x.o)
                              c:/program files (x86)/atmel/studio/7.0/toolchain/avr8/avr8-gnu-toolchain/bin/../lib/gcc/avr/7.3.0/../../../../avr/lib/avrxmega4\libm.a(addsf3.o) (__addsf3x)
c:/program files (x86)/atmel/studio/7.0/toolchain/avr8/avr8-gnu-toolchain/bin/../lib/gcc/avr/7.3.0/../../../../avr/lib/avrxmega4\libm.a(ceil.o)
                              src/util.o (ceil)
c:/program files (x86)/atmel/studio/7.0/toolchain/avr8/avr8-gnu-toolchain/bin/../lib/gcc/avr/7.3.0/../../../../avr/lib/avrxmega4\libm.a(cmpsf2.o)
                              src/eeprommanager.o (__nesf2)
c:/program files (x86)/atmel/studio/7.0/toolchain/avr8/avr8-gnu-toolchain/bin/../lib/gcc/avr/7.3.0/../../../../avr/lib/avrxmega4\libm.a(cos.o)
                              src/Goertzel.o (cos)
c:/program files (x86)/atmel/studio/7.0/toolchain/avr8/avr8-gnu-toolchain/bin/../lib/gcc/avr/7.3.0/../../../../avr/lib/avrxmega4\libm.a(divsf3.o)
                              main.o (__divsf3)
c:/program files (x86)/atmel/studio/7.0/toolchain/avr8/avr8-gnu-toolchain/bin/../lib/gcc/avr/7.3.0/../../../../avr/lib/avrxmega4\libm.a(divsf3x.o)
                              c:/program files (x86)/atmel/studio/7.0/toolchain/avr8/avr8-gnu-toolchain/bin/../lib/gcc/avr/7.3.0/../../../../avr/lib/avrxmega4\libm.a(divsf3.o) (__divsf3x)
c:/program files (x86)/atmel/studio/7.0/toolchain/avr8/avr8-gnu-toolchain/bin/../lib/gcc/avr/7.3.0/../../../../avr/lib/avrxmega4\libm.a(fixsfsi.o)
                              src/Goertzel.o (__fixsfsi)
c:/program files (x86)/atmel/studio/7.0/toolchain/avr8/avr8-gnu-toolchain/bin/../lib/gcc/avr/7.3.0/../../../../avr/lib/avrxmega4\libm.a(fixunssfsi.o)
                              main.o (__fixunssfsi)
c:/program files (x86)/atmel/studio/7.0/toolchain/avr8/avr8-gnu-toolchain/bin/../lib/gcc/avr/7.3.0/../../../../avr/lib/avrxmega4\libm.a(floatsisf.o)
                              main.o (__floatunsisf)
c:/program files (x86)/atmel/studio/7.0/toolchain/avr8/avr8-gnu-toolchain/bin/../lib/gcc/avr/7.3.0/../../../../avr/lib/avrxmega4\libm.a(fp_cmp.o)
                              c:/program files (x86)/atmel/studio/7.0/toolchain/avr8/avr8-gnu-toolchain/bin/../lib/gcc/avr/7.3.0/../../../../avr/lib/avrxmega4\libm.a(cmpsf2.o) (__fp_cmp)
c:/program files (x86)/atmel/studio/7.0/toolchain/avr8/avr8-gnu-toolchain/bin/../lib/gcc/avr/7.3.0/../../../../avr/lib/avrxmega4\libm.a(fp_inf.o)
                              c:/program files (x86)/atmel/studio/7.0/toolchain/avr8/avr8-gnu-toolchain/bin/../lib/gcc/avr/7.3.0/../../../../avr/lib/avrxmega4\libm.a(addsf3x.o) (__fp_inf)
c:/program files (x86)/atmel/studio/7.0/toolchain/avr8/avr8-gnu-toolchain/bin/../lib/gcc/avr/7.3.0/../../../../avr/lib/avrxmega4\libm.a(fp_mintl.o)
                              c:/program files (x86)/atmel/studio/7.0/toolchain/avr8/avr8-gnu-toolchain/bin/../lib/gcc/avr/7.3.0/../../../../avr/lib/avrxmega4\libm.a(ceil.o) (__fp_mintl)
c:/program files (x86)/atmel/studio/7.0/toolchain/avr8/avr8-gnu-toolchain/bin/../lib/gcc/avr/7.3.0/../../../../avr/lib/avrxmega4\libm.a(fp_mpack.o)
                              c:/program files (x86)/atmel/studio/7.0/toolchain/avr8/avr8-gnu-toolchain/bin/../lib/gcc/avr/7.3.0/../../../../avr/lib/avrxmega4\libm.a(ceil.o) (__fp_mpack)
c:/program files (x86)/atmel/studio/7.0/toolchain/avr8/avr8-gnu-toolchain/bin/../lib/gcc/avr/7.3.0/../../../../avr/lib/avrxmega4\libm.a(fp_nan.o)
                              c:/program files (x86)/atmel/studio/7.0/toolchain/avr8/avr8-gnu-toolchain/bin/../lib/gcc/avr/7.3.0/../../../../avr/lib/avrxmega4\libm.a(addsf3x.o) (__fp_nan)
c:/program files (x86)/atmel/studio/7.0/toolchain/avr8/avr8-gnu-toolchain/bin/../lib/gcc/avr/7.3.0/../../../../avr/lib/avrxmega4\libm.a(fp_pscA.o)
                              c:/program files (x86)/atmel/studio/7.0/toolchain/avr8/avr8-gnu-toolchain/bin/../lib/gcc/avr/7.3.0/../../../../avr/lib/avrxmega4\libm.a(addsf3x.o) (__fp_pscA)
c:/program files (x86)/atmel/studio/7.0/toolchain/avr8/avr8-gnu-toolchain/bin/../lib/gcc/avr/7.3.0/../../../../avr/lib/avrxmega4\libm.a(fp_pscB.o)
                              c:/program files (x86)/atmel/studio/7.0/toolchain/avr8/avr8-gnu-toolchain/bin/../lib/gcc/avr/7.3.0/../../../../avr/lib/avrxmega4\libm.a(addsf3x.o) (__fp_pscB)
c:/program files (x86)/atmel/studio/7.0/toolchain/avr8/avr8-gnu-toolchain/bin/../lib/gcc/avr/7.3.0/../../../../avr/lib/avrxmega4\libm.a(fp_rempio2.o)
[...]
Memory Configuration

Name             Origin             Length             Attributes
text             0x0000000000000000 0x0000000000020000 xr
data             0x0000000000804000 0x0000000000004000 rw !x
eeprom           0x0000000000810000 0x0000000000000200 rw !x
fuse             0x0000000000820000 0x0000000000000010 rw !x
lock             0x0000000000830000 0x0000000000000400 rw !x
signature        0x0000000000840000 0x0000000000000400 rw !x
user_signatures  0x0000000000850000 0x0000000000000400 rw !x
*default*        0x0000000000000000 0xffffffffffffffff

Linker script and memory map

Address of section .data set to 0x804000
                0x0000000000008000                __RODATA_PM_OFFSET__ = 0x8000
LOAD C:/Program Files (x86)/Atmel/Studio/7.0/Packs/atmel/AVR-Dx_DFP/1.9.103/gcc/dev/avr128da48/avrxmega4/crtavr128da48.o
LOAD atmel_start.o
LOAD main.o
LOAD src/adc.o
LOAD src/binio.o
LOAD src/bod.o
LOAD src/CircularStringBuff.o
LOAD src/clkctrl.o
LOAD src/cpuint.o
LOAD src/dac0.o
LOAD src/display.o
LOAD src/driver_init.o
LOAD src/eeprommanager.o
LOAD src/Goertzel.o
LOAD src/i2c.o
LOAD src/leds.o
LOAD src/morse.o
LOAD src/protected_io.o
LOAD src/rtc.o
LOAD src/si5351.o
LOAD src/slpctrl.o
LOAD src/tca.o
LOAD src/tcb.o
LOAD src/receiver.o
LOAD src/util.o
START GROUP
LOAD c:/program files (x86)/atmel/studio/7.0/toolchain/avr8/avr8-gnu-toolchain/bin/../lib/gcc/avr/7.3.0/../../../../avr/lib/avrxmega4\libm.a
END GROUP
LOAD c:/program files (x86)/atmel/studio/7.0/toolchain/avr8/avr8-gnu-toolchain/bin/../lib/gcc/avr/7.3.0/avrxmega4\libgcc.a
LOAD c:/program files (x86)/atmel/studio/7.0/toolchain/avr8/avr8-gnu-toolchain/bin/../lib/gcc/avr/7.3.0/../../../../avr/lib/avrxmega4\libm.a
START GROUP
LOAD c:/program files (x86)/atmel/studio/7.0/toolchain/avr8/avr8-gnu-toolchain/bin/../lib/gcc/avr/7.3.0/avrxmega4\libgcc.a
LOAD c:/program files (x86)/atmel/studio/7.0/toolchain/avr8/avr8-gnu-toolchain/bin/../lib/gcc/avr/7.3.0/../../../../avr/lib/avrxmega4\libm.a
LOAD c:/program files (x86)/atmel/studio/7.0/toolchain/avr8/avr8-gnu-toolchain/bin/../lib/gcc/avr/7.3.0/../../../../avr/lib/avrxmega4\libc.a
LOAD C:/Program Files (x86)/Atmel/Studio/7.0/Packs/atmel/AVR-Dx_DFP/1.9.103/gcc/dev/avr128da48/avrxmega4\libavr128da48.a
END GROUP
                [0x0000000000000000]                __TEXT_REGION_ORIGIN__ = DEFINED (__TEXT_REGION_ORIGIN__)?__TEXT_REGION_ORIGIN__:0x0
                [0x0000000000804000]                __DATA_REGION_ORIGIN__ = DEFINED (__DATA_REGION_ORIGIN__)?__DATA_REGION_ORIGIN__:0x802000
                [0x0000000000020000]                __TEXT_REGION_LENGTH__ = DEFINED (__TEXT_REGION_LENGTH__)?__TEXT_REGION_LENGTH__:0x100000
                [0x0000000000004000]                __DATA_REGION_LENGTH__ = DEFINED (__DATA_REGION_LENGTH__)?__DATA_REGION_LENGTH__:0xffa0
                [0x0000000000000200]                __EEPROM_REGION_LENGTH__ = DEFINED (__EEPROM_REGION_LENGTH__)?__EEPROM_REGION_LENGTH__:0x10000
                [0x0000000000000010]                __FUSE_REGION_LENGTH__ = DEFINED (__FUSE_REGION_LENGTH__)?__FUSE_REGION_LENGTH__:0x400
                0x0000000000000400                __LOCK_REGION_LENGTH__ = DEFINED (__LOCK_REGION_LENGTH__)?__LOCK_REGION_LENGTH__:0x400
                0x0000000000000400                __SIGNATURE_REGION_LENGTH__ = DEFINED (__SIGNATURE_REGION_LENGTH__)?__SIGNATURE_REGION_LENGTH__:0x400
                0x0000000000000400                __USER_SIGNATURE_REGION_LENGTH__ = DEFINED (__USER_SIGNATURE_REGION_LENGTH__)?__USER_SIGNATURE_REGION_LENGTH__:0x400

.hash
 *(.hash)

.dynsym
 *(.dynsym)

.dynstr
 *(.dynstr)

.gnu.version
 *(.gnu.version)

.gnu.version_d
 *(.gnu.version_d)

.gnu.version_r
 *(.gnu.version_r)

.rel.init
 *(.rel.init)

.rela.init
 *(.rela.init)

.rel.text
 *(.rel.text)
 *(.rel.text.*)
 *(.rel.gnu.linkonce.t*)

.rela.text
 *(.rela.text)
 *(.rela.text.*)
 *(.rela.gnu.linkonce.t*)

.rel.fini
 *(.rel.fini)

.rela.fini
 *(.rela.fini)

.rel.rodata
 *(.rel.rodata)
 *(.rel.rodata.*)
 *(.rel.gnu.linkonce.r*)

.rela.rodata
 *(.rela.rodata)
 *(.rela.rodata.*)
 *(.rela.gnu.linkonce.r*)

.rel.data
 *(.rel.data)
 *(.rel.data.*)
 *(.rel.gnu.linkonce.d*)

.rela.data
 *(.rela.data)
 *(.rela.data.*)
 *(.rela.gnu.linkonce.d*)

.rel.ctors
 *(.rel.ctors)

.rela.ctors
 *(.rela.ctors)

.rel.dtors
 *(.rel.dtors)

.rela.dtors
 *(.rela.dtors)

.rel.got
 *(.rel.got)

.rela.got
 *(.rela.got)

.rel.bss
 *(.rel.bss)

.rela.bss
 *(.rela.bss)

.rel.plt
 *(.rel.plt)

.rela.plt
 *(.rela.plt)

.text           0x0000000000000000     0xbafa
 *(.vectors)
 .vectors       0x0000000000000000       0xe8 C:/Program Files (x86)/Atmel/Studio/7.0/Packs/atmel/AVR-Dx_DFP/1.9.103/gcc/dev/avr128da48/avrxmega4/crtavr128da48.o
                0x0000000000000000                __vector_default
                0x0000000000000000                __vectors
 *(.vectors)
 *(.progmem.gcc*)
 .progmem.gcc_fplib
                0x00000000000000e8       0x1e c:/program files (x86)/atmel/studio/7.0/toolchain/avr8/avr8-gnu-toolchain/bin/../lib/gcc/avr/7.3.0/../../../../avr/lib/avrxmega4\libm.a(fp_sinus.o)
 .progmem.gcc_fplib
                0x0000000000000106       0x5a c:/program files (x86)/atmel/studio/7.0/toolchain/avr8/avr8-gnu-toolchain/bin/../lib/gcc/avr/7.3.0/../../../../avr/lib/avrxmega4\libm.a(log.o)
                0x0000000000000160                . = ALIGN (0x2)
                0x0000000000000160                __trampolines_start = .
 *(.trampolines)
 .trampolines   0x0000000000000160        0x0 linker stubs
 *(.trampolines*)
                0x0000000000000160                __trampolines_end = .
 *libprintf_flt.a:*(.progmem.data)
 *libc.a:*(.progmem.data)
 .progmem.data  0x0000000000000160       0xfa c:/program files (x86)/atmel/studio/7.0/toolchain/avr8/avr8-gnu-toolchain/bin/../lib/gcc/avr/7.3.0/../../../../avr/lib/avrxmega4\libc.a(ftoa_engine.o)
 *(.progmem*)
                0x000000000000025a                . = ALIGN (0x2)
 *(.jumptables)
 *(.jumptables*)
 *(.lowtext)
 *(.lowtext*)
                0x000000000000025a                __ctors_start = .
 *(.ctors)
 .ctors         0x000000000000025a        0x2 main.o
 .ctors         0x000000000000025c        0x2 src/adc.o
                0x000000000000025e                __ctors_end = .
                0x000000000000025e                __dtors_start = .
 *(.dtors)
 .dtors         0x000000000000025e        0x2 main.o
 .dtors         0x0000000000000260        0x2 src/adc.o
                0x0000000000000262                __dtors_end = .
 SORT(*)(.ctors)
 SORT(*)(.dtors)
 *(.init0)
 .init0         0x0000000000000262        0x0 C:/Program Files (x86)/Atmel/Studio/7.0/Packs/atmel/AVR-Dx_DFP/1.9.103/gcc/dev/avr128da48/avrxmega4/crtavr128da48.o
                0x0000000000000262                __init
 *(.init0)
 *(.init1)
 *(.init1)
 *(.init2)
 .init2         0x0000000000000262        0xc C:/Program Files (x86)/Atmel/Studio/7.0/Packs/atmel/AVR-Dx_DFP/1.9.103/gcc/dev/avr128da48/avrxmega4/crtavr128da48.o
 *(.init2)
 *(.init3)
 *(.init3)
 *(.init4)
 .init4         0x000000000000026e       0x1a c:/program files (x86)/atmel/studio/7.0/toolchain/avr8/avr8-gnu-toolchain/bin/../lib/gcc/avr/7.3.0/avrxmega4\libgcc.a(_copy_data.o)
                0x000000000000026e                __do_copy_data
 .init4         0x0000000000000288       0x10 c:/program files (x86)/atmel/studio/7.0/toolchain/avr8/avr8-gnu-toolchain/bin/../lib/gcc/avr/7.3.0/avrxmega4\libgcc.a(_clear_bss.o)
                0x0000000000000288                __do_clear_bss
 *(.init4)
 *(.init5)
 *(.init5)
 *(.init6)
 .init6         0x0000000000000298       0x16 c:/program files (x86)/atmel/studio/7.0/toolchain/avr8/avr8-gnu-toolchain/bin/../lib/gcc/avr/7.3.0/avrxmega4\libgcc.a(_ctors.o)
                0x0000000000000298                __do_global_ctors
 *(.init6)
 *(.init7)
 *(.init7)
 *(.init8)
 *(.init8)
 *(.init9)
 .init9         0x00000000000002ae        0x8 C:/Program Files (x86)/Atmel/Studio/7.0/Packs/atmel/AVR-Dx_DFP/1.9.103/gcc/dev/avr128da48/avrxmega4/crtavr128da48.o
 *(.init9)
 *(.text)
 .text          0x00000000000002b6        0x4 C:/Program Files (x86)/Atmel/Studio/7.0/Packs/atmel/AVR-Dx_DFP/1.9.103/gcc/dev/avr128da48/avrxmega4/crtavr128da48.o
                0x00000000000002b6                __vector_38
                0x00000000000002b6                __vector_22
                0x00000000000002b6                __vector_28
                0x00000000000002b6                __vector_1
                0x00000000000002b6                __vector_32
                0x00000000000002b6                __vector_55
                0x00000000000002b6                __vector_46
                0x00000000000002b6                __bad_interrupt
                0x00000000000002b6                __vector_31
                0x00000000000002b6                __vector_35
                0x00000000000002b6                __vector_39
                0x00000000000002b6                __vector_23
                0x00000000000002b6                __vector_45
                0x00000000000002b6                __vector_25
                0x00000000000002b6                __vector_11
                0x00000000000002b6                __vector_54
                0x00000000000002b6                __vector_17
                0x00000000000002b6                __vector_19
                0x00000000000002b6                __vector_56
                0x00000000000002b6                __vector_7
                0x00000000000002b6                __vector_49
                0x00000000000002b6                __vector_43
                0x00000000000002b6                __vector_27
                0x00000000000002b6                __vector_5
                0x00000000000002b6                __vector_33
                0x00000000000002b6                __vector_47
                0x00000000000002b6                __vector_52
                0x00000000000002b6                __vector_37
                0x00000000000002b6                __vector_4
                0x00000000000002b6                __vector_44
                0x00000000000002b6                __vector_51
                0x00000000000002b6                __vector_9
                0x00000000000002b6                __vector_2
                0x00000000000002b6                __vector_21
                0x00000000000002b6                __vector_15
                0x00000000000002b6                __vector_36
                0x00000000000002b6                __vector_29
                0x00000000000002b6                __vector_40
                0x00000000000002b6                __vector_8
                0x00000000000002b6                __vector_26
                0x00000000000002b6                __vector_48
                0x00000000000002b6                __vector_14
                0x00000000000002b6                __vector_57
                0x00000000000002b6                __vector_53
                0x00000000000002b6                __vector_10
                0x00000000000002b6                __vector_50
                0x00000000000002b6                __vector_16
                0x00000000000002b6                __vector_18
                0x00000000000002b6                __vector_20
                0x00000000000002b6                __vector_42
 .text          0x00000000000002ba       0x18 c:/program files (x86)/atmel/studio/7.0/toolchain/avr8/avr8-gnu-toolchain/bin/../lib/gcc/avr/7.3.0/../../../../avr/lib/avrxmega4\libc.a(set_system_time.o)
                0x00000000000002ba                set_system_time
 .text          0x00000000000002d2       0x26 c:/program files (x86)/atmel/studio/7.0/toolchain/avr8/avr8-gnu-toolchain/bin/../lib/gcc/avr/7.3.0/../../../../avr/lib/avrxmega4\libc.a(time.o)
                0x00000000000002d2                time
 .text          0x00000000000002f8       0x38 c:/program files (x86)/atmel/studio/7.0/toolchain/avr8/avr8-gnu-toolchain/bin/../lib/gcc/avr/7.3.0/../../../../avr/lib/avrxmega4\libc.a(system_tick.o)
                0x00000000000002f8                system_tick
                0x0000000000000330                . = ALIGN (0x2)
 *(.text.*)
 .text.atmel_start_init
                0x0000000000000330       0x14 atmel_start.o
                0x0000000000000330                atmel_start_init
 .text.PORTA_set_pin_level
                0x0000000000000344       0x78 main.o
 .text.__vector_3
                0x00000000000003bc      0x16a main.o
                0x00000000000003bc                __vector_3
 .text.__vector_24
                0x0000000000000526      0x19c main.o
                0x0000000000000526                __vector_24
 .text.__vector_12
                0x00000000000006c2      0x9da main.o
                0x00000000000006c2                __vector_12
 .text.__vector_6
                0x000000000000109c       0x56 main.o
                0x000000000000109c                __vector_6
 .text.__vector_34
                0x00000000000010f2      0x124 main.o
                0x00000000000010f2                __vector_34
 .text._ZL12sineWaveInitv
                0x0000000000001216       0xc8 main.o
 .text._Z9powerdownv
                0x00000000000012de       0x5c main.o
                0x00000000000012de                _Z9powerdownv
 .text._Z7setMenu11MenuState_t
                0x000000000000133a       0xe8 main.o
                0x000000000000133a                _Z7setMenu11MenuState_t
 .text.main     0x0000000000001422     0x1c3c main.o
                0x0000000000001422                main
 .text._Z15externBatStringbPf
                0x000000000000305e      0x20c main.o
                0x000000000000305e                _Z15externBatStringbPf
 .text._Z14trimwhitespacePc
                0x000000000000326a       0xa0 main.o
                0x000000000000326a                _Z14trimwhitespacePc
 .text._Z16nextActiveMemoryhb
                0x000000000000330a       0xd8 main.o
                0x000000000000330a                _Z16nextActiveMemoryhb
 .text._Z41__static_initialization_and_destruction_0ii
                0x00000000000033e2       0x7e main.o
 .text._GLOBAL__sub_I_g_seconds_transition
                0x0000000000003460       0x1a main.o
 .text._GLOBAL__sub_D_g_seconds_transition
                0x000000000000347a       0x1a main.o
 .text._Z20ADC0_startConversionv
                0x0000000000003494       0x26 src/adc.o
                0x0000000000003494                _Z20ADC0_startConversionv
 .text._Z19ADC0_conversionDonev
                0x00000000000034ba       0x28 src/adc.o
                0x00000000000034ba                _Z19ADC0_conversionDonev
 .text._ZL9PORT_initv
                0x00000000000034e2      0x18a src/adc.o
 .text._ZL17ADC0_Freerun_Initb
                0x000000000000366c       0x86 src/adc.o
 .text._ZL16ADC0_Single_Initb
                0x00000000000036f2       0x9a src/adc.o
 .text._Z16ADC0_SYSTEM_initbb
                0x000000000000378c       0x32 src/adc.o
                0x000000000000378c                _Z16ADC0_SYSTEM_initbb
 .text._Z41__static_initialization_and_destruction_0ii
                0x00000000000037be       0x6a src/adc.o
 .text._GLOBAL__sub_I_g_adcVal
                0x0000000000003828       0x1a src/adc.o
 .text._GLOBAL__sub_D_g_adcVal
                0x0000000000003842       0x1a src/adc.o
 .text.PORTA_set_pin_pull_mode
                0x000000000000385c       0x6a src/binio.o
 .text.PORTA_set_pin_dir
                0x00000000000038c6       0xb0 src/binio.o
 .text.PORTA_set_pin_level
                0x0000000000003976       0x78 src/binio.o
 .text.PORTA_get_port_level
                0x00000000000039ee       0x16 src/binio.o
 .text.PORTB_set_pin_dir
                0x0000000000003a04       0xb0 src/binio.o
 .text.PORTB_set_pin_level
                0x0000000000003ab4       0x78 src/binio.o
 .text.PORTC_set_pin_pull_mode
                0x0000000000003b2c       0x6a src/binio.o
 .text.PORTC_set_pin_dir
                0x0000000000003b96       0xb0 src/binio.o
 .text.PORTC_set_pin_level
                0x0000000000003c46       0x78 src/binio.o
 .text.PORTE_set_pin_dir
                0x0000000000003cbe       0xb0 src/binio.o
 .text.PORTE_set_pin_level
                0x0000000000003d6e       0x78 src/binio.o
 .text.PORTF_set_pin_pull_mode
                0x0000000000003de6       0x6a src/binio.o
 .text.PORTF_set_pin_dir
                0x0000000000003e50       0xb0 src/binio.o
 .text.PORTF_set_pin_level
                0x0000000000003f00       0x78 src/binio.o
 .text.PORTF_get_port_level
                0x0000000000003f78       0x16 src/binio.o
 .text._Z8debouncev
                0x0000000000003f8e       0x98 src/binio.o
                0x0000000000003f8e                _Z8debouncev
 .text._Z18portAdebouncedValsv
                0x0000000000004026       0x12 src/binio.o
                0x0000000000004026                _Z18portAdebouncedValsv
 .text._Z10BINIO_initv
                0x0000000000004038      0x1be src/binio.o
                0x0000000000004038                _Z10BINIO_initv
 .text._Z11BINIO_sleepv
                0x00000000000041f6      0x18c src/binio.o
                0x00000000000041f6                _Z11BINIO_sleepv
 .text.BOD_init
                0x0000000000004382       0x18 src/bod.o
                0x0000000000004382                BOD_init
 .text._ZN18CircularStringBuffC2Ej
                0x000000000000439a       0x68 src/CircularStringBuff.o
                0x000000000000439a                _ZN18CircularStringBuffC1Ej
                0x000000000000439a                _ZN18CircularStringBuffC2Ej
 .text._ZN18CircularStringBuffD2Ev
                0x0000000000004402       0x28 src/CircularStringBuff.o
                0x0000000000004402                _ZN18CircularStringBuffD2Ev
                0x0000000000004402                _ZN18CircularStringBuffD1Ev
 .text._ZN18CircularStringBuff5resetEv
                0x000000000000442a       0x3e src/CircularStringBuff.o
                0x000000000000442a                _ZN18CircularStringBuff5resetEv
 .text._ZNK18CircularStringBuff5emptyEv
                0x0000000000004468       0x48 src/CircularStringBuff.o
                0x0000000000004468                _ZNK18CircularStringBuff5emptyEv
 .text._ZNK18CircularStringBuff8capacityEv
                0x00000000000044b0       0x22 src/CircularStringBuff.o
                0x00000000000044b0                _ZNK18CircularStringBuff8capacityEv
 .text._ZNK18CircularStringBuff4sizeEv
                0x00000000000044d2       0xa4 src/CircularStringBuff.o
                0x00000000000044d2                _ZNK18CircularStringBuff4sizeEv
 .text._ZNK18CircularStringBuff9remainingEv
                0x0000000000004576       0x5a src/CircularStringBuff.o
                0x0000000000004576                _ZNK18CircularStringBuff9remainingEv
 .text._ZN18CircularStringBuff3putEc
                0x00000000000045d0       0xc8 src/CircularStringBuff.o
                0x00000000000045d0                _ZN18CircularStringBuff3putEc
 .text._ZN18CircularStringBuff3getEv
                0x0000000000004698       0x80 src/CircularStringBuff.o
                0x0000000000004698                _ZN18CircularStringBuff3getEv
 .text._ZN18CircularStringBuff9putStringEPc
                0x0000000000004718       0xc6 src/CircularStringBuff.o
                0x0000000000004718                _ZN18CircularStringBuff9putStringEPc
 .text._ZN18CircularStringBuff9getStringEPcPj
                0x00000000000047de       0xa6 src/CircularStringBuff.o
                0x00000000000047de                _ZN18CircularStringBuff9getStringEPcPj
 .text.ccp_write_io
                0x0000000000004884       0x2c src/clkctrl.o
 .text.CLKCTRL_init
                0x00000000000048b0       0x24 src/clkctrl.o
                0x00000000000048b0                CLKCTRL_init
 .text.CPUINT_init
                0x00000000000048d4       0x12 src/cpuint.o
                0x00000000000048d4                CPUINT_init
 .text._ZL9VREF_initv
                0x00000000000048e6       0x1a src/dac0.o
 .text._Z9DAC0_initv
                0x0000000000004900       0x54 src/dac0.o
                0x0000000000004900                _Z9DAC0_initv
 .text._Z11DAC0_setValj
                0x0000000000004954       0x42 src/dac0.o
                0x0000000000004954                _Z11DAC0_setValj
 .text.PORTB_set_pin_level
                0x0000000000004996       0x78 src/display.o
 .text._ZN7DisplayC2Ev
                0x0000000000004a0e       0x32 src/display.o
                0x0000000000004a0e                _ZN7DisplayC2Ev
                0x0000000000004a0e                _ZN7DisplayC1Ev
 .text._ZN7Display5beginE9display_t
                0x0000000000004a40       0xd6 src/display.o
                0x0000000000004a40                _ZN7Display5beginE9display_t
 .text._ZN7Display5resetEv
                0x0000000000004b16       0x4e src/display.o
                0x0000000000004b16                _ZN7Display5resetEv
 .text._ZN7Display4initEv
                0x0000000000004b64       0xfa src/display.o
                0x0000000000004b64                _ZN7Display4initEv
 .text._ZN7Display3clsEv
                0x0000000000004c5e       0x24 src/display.o
                0x0000000000004c5e                _ZN7Display3clsEv
 .text._ZN7Display6locateEhh
                0x0000000000004c82       0x48 src/display.o
                0x0000000000004c82                _ZN7Display6locateEhh
 .text._ZN7Display5writeEh
                0x0000000000004cca       0x2c src/display.o
                0x0000000000004cca                _ZN7Display5writeEh
 .text._ZN7Display5writeEPhj
                0x0000000000004cf6       0x3c src/display.o
                0x0000000000004cf6                _ZN7Display5writeEPhj
 .text._ZN7Display11sendCommandEh
                0x0000000000004d32       0x44 src/display.o
                0x0000000000004d32                _ZN7Display11sendCommandEh
 .text._ZN7Display8sendDataEh
                0x0000000000004d76       0x44 src/display.o
                0x0000000000004d76                _ZN7Display8sendDataEh
 .text._ZN7Display10sendBufferEPhj
                0x0000000000004dba       0x44 src/display.o
                0x0000000000004dba                _ZN7Display10sendBufferEPhj
 .text._ZN7Display18display_write_bulkEhPhh
                0x0000000000004dfe       0x70 src/display.o
                0x0000000000004dfe                _ZN7Display18display_write_bulkEhPhh
 .text.PORTC_set_pin_dir
                0x0000000000004e6e       0xb0 src/driver_init.o
 .text.PORTC_set_pin_level
                0x0000000000004f1e       0x78 src/driver_init.o
 .text._ZL15LED_set_RED_dir8port_dir
                0x0000000000004f96       0x26 src/driver_init.o
 .text._ZL17LED_set_GREEN_dir8port_dir
                0x0000000000004fbc       0x26 src/driver_init.o
 .text._ZL17LED_set_RED_levelb
                0x0000000000004fe2       0x1e src/driver_init.o
 .text._ZL19LED_set_GREEN_levelb
                0x0000000000005000       0x1e src/driver_init.o
 .text.mcu_init
                0x000000000000501e       0x72 src/driver_init.o
                0x000000000000501e                mcu_init
 .text.system_init
                0x0000000000005090       0x30 src/driver_init.o
                0x0000000000005090                system_init
 .text.system_sleep_settings
                0x00000000000050c0       0x38 src/driver_init.o
                0x00000000000050c0                system_sleep_settings
 .text._ZN13EepromManagerC2Ev
                0x00000000000050f8       0x1a src/eeprommanager.o
                0x00000000000050f8                _ZN13EepromManagerC1Ev
                0x00000000000050f8                _ZN13EepromManagerC2Ev
 .text._ZN13EepromManagerD2Ev
                0x0000000000005112       0x1a src/eeprommanager.o
                0x0000000000005112                _ZN13EepromManagerD1Ev
                0x0000000000005112                _ZN13EepromManagerD2Ev
 .text._Z21avr_eeprom_write_bytejh
                0x000000000000512c       0x5e src/eeprommanager.o
                0x000000000000512c                _Z21avr_eeprom_write_bytejh
 .text._Z21avr_eeprom_write_wordjj
                0x000000000000518a       0x66 src/eeprommanager.o
                0x000000000000518a                _Z21avr_eeprom_write_wordjj
 .text._Z22avr_eeprom_write_dwordjm
                0x00000000000051f0       0x74 src/eeprommanager.o
                0x00000000000051f0                _Z22avr_eeprom_write_dwordjm
 .text._Z22avr_eeprom_write_floatjf
                0x0000000000005264       0x74 src/eeprommanager.o
                0x0000000000005264                _Z22avr_eeprom_write_floatjf
 .text._ZN13EepromManager15updateEEPROMVarE8EE_var_tPv
                0x00000000000052d8      0xb06 src/eeprommanager.o
                0x00000000000052d8                _ZN13EepromManager15updateEEPROMVarE8EE_var_tPv
 .text._ZN13EepromManager13saveAllEEPROMEv
                0x0000000000005dde      0x22a src/eeprommanager.o
                0x0000000000005dde                _ZN13EepromManager13saveAllEEPROMEv
 .text._ZN13EepromManager11readNonVolsEv
                0x0000000000006008      0xe08 src/eeprommanager.o
                0x0000000000006008                _ZN13EepromManager11readNonVolsEv
 .text._ZN13EepromManager20initializeEEPROMVarsEv
                0x0000000000006e10      0x5dc src/eeprommanager.o
                0x0000000000006e10                _ZN13EepromManager20initializeEEPROMVarsEv
 .text._ZN8GoertzelC2Eff
                0x00000000000073ec      0x130 src/Goertzel.o
                0x00000000000073ec                _ZN8GoertzelC1Eff
                0x00000000000073ec                _ZN8GoertzelC2Eff
 .text._ZN8GoertzelD2Ev
                0x000000000000751c       0x26 src/Goertzel.o
                0x000000000000751c                _ZN8GoertzelD2Ev
                0x000000000000751c                _ZN8GoertzelD1Ev
 .text._ZN8Goertzel18SetTargetFrequencyEf
                0x0000000000007542      0x164 src/Goertzel.o
                0x0000000000007542                _ZN8Goertzel18SetTargetFrequencyEf
 .text._ZN8Goertzel13ResetGoertzelEv
                0x00000000000076a6       0x3e src/Goertzel.o
                0x00000000000076a6                _ZN8Goertzel13ResetGoertzelEv
 .text._ZN8Goertzel13ProcessSampleEi
                0x00000000000076e4      0x116 src/Goertzel.o
                0x00000000000076e4                _ZN8Goertzel13ProcessSampleEi
 .text._ZN8Goertzel9DataPointEi
                0x00000000000077fa       0x92 src/Goertzel.o
                0x00000000000077fa                _ZN8Goertzel9DataPointEi
 .text._ZN8Goertzel12SamplesReadyEv
                0x000000000000788c       0x1c src/Goertzel.o
                0x000000000000788c                _ZN8Goertzel12SamplesReadyEv
 .text._ZN8Goertzel10Magnitude2EPi
                0x00000000000078a8      0x19e src/Goertzel.o
                0x00000000000078a8                _ZN8Goertzel10Magnitude2EPi
 .text.I2C_0_Shutdown
                0x0000000000007a46       0x22 src/i2c.o
                0x0000000000007a46                I2C_0_Shutdown
 .text.I2C_0_Init
                0x0000000000007a68       0x62 src/i2c.o
                0x0000000000007a68                I2C_0_Init
 .text._ZL11i2c_0_WaitWv
                0x0000000000007aca       0xbc src/i2c.o
 .text._ZL11i2c_0_WaitRv
                0x0000000000007b86       0x82 src/i2c.o
 .text.I2C_0_SendData
                0x0000000000007c08       0xd0 src/i2c.o
                0x0000000000007c08                I2C_0_SendData
 .text.I2C_0_GetData
                0x0000000000007cd8       0xfc src/i2c.o
                0x0000000000007cd8                I2C_0_GetData
 .text.I2C_0_EndSession
                0x0000000000007dd4       0x1a src/i2c.o
                0x0000000000007dd4                I2C_0_EndSession
 .text.PORTC_set_pin_level
                0x0000000000007dee       0x78 src/leds.o
 .text._ZL17LED_set_RED_levelb
                0x0000000000007e66       0x1e src/leds.o
 .text._ZL19LED_set_GREEN_levelb
                0x0000000000007e84       0x1e src/leds.o
 .text._ZN4ledsC2Ev
                0x0000000000007ea2       0x1a src/leds.o
                0x0000000000007ea2                _ZN4ledsC2Ev
                0x0000000000007ea2                _ZN4ledsC1Ev
 .text._ZN4ledsD2Ev
                0x0000000000007ebc       0x1a src/leds.o
                0x0000000000007ebc                _ZN4ledsD2Ev
                0x0000000000007ebc                _ZN4ledsD1Ev
 .text.__vector_41
                0x0000000000007ed6      0x302 src/leds.o
                0x0000000000007ed6                __vector_41
 .text._ZN4leds10deactivateEv
                0x00000000000081d8       0x5c src/leds.o
                0x00000000000081d8                _ZN4leds10deactivateEv
 .text._ZN4leds5blinkE7Blink_t
                0x0000000000008234       0x32 src/leds.o
                0x0000000000008234                _ZN4leds5blinkE7Blink_t
 .text._ZN4leds5blinkE7Blink_tb
                0x0000000000008266      0x52a src/leds.o
                0x0000000000008266                _ZN4leds5blinkE7Blink_tb
 .text.protected_write_io
                0x0000000000008790        0xa src/protected_io.o
                0x0000000000008790                protected_write_io
 .text.ccp_write_io
                0x000000000000879a       0x2c src/rtc.o
 .text._Z8RTC_initj
                0x00000000000087c6      0x122 src/rtc.o
                0x00000000000087c6                _Z8RTC_initj
 .text._Z15RTC_init_backupv
                0x00000000000088e8       0x18 src/rtc.o
                0x00000000000088e8                _Z15RTC_init_backupv
 .text._Z15RTC_init_backupj
                0x0000000000008900      0x130 src/rtc.o
                0x0000000000008900                _Z15RTC_init_backupj
 .text._Z19RTC_set_calibrationj
                0x0000000000008a30       0x50 src/rtc.o
                0x0000000000008a30                _Z19RTC_set_calibrationj
 .text.si5351_shutdown
                0x0000000000008a80       0x9e src/si5351.o
                0x0000000000008a80                si5351_shutdown
 .text.si5351_init_for_quad
                0x0000000000008b1e      0x6f0 src/si5351.o
                0x0000000000008b1e                si5351_init_for_quad
 .text.si5351_set_quad_frequency
                0x000000000000920e      0x364 src/si5351.o
                0x000000000000920e                si5351_set_quad_frequency
 .text.si5351_shutdown_comms
                0x0000000000009572       0x14 src/si5351.o
                0x0000000000009572                si5351_shutdown_comms
 .text.si5351_init
                0x0000000000009586      0x19e src/si5351.o
                0x0000000000009586                si5351_init
 .text.si5351_get_frequency
                0x0000000000009724       0x36 src/si5351.o
                0x0000000000009724                si5351_get_frequency
 .text._Z16si5351_pll_reset10si5351_pll
                0x000000000000975a       0x7e src/si5351.o
                0x000000000000975a                _Z16si5351_pll_reset10si5351_pll
 .text.si5351_clock_enable
                0x00000000000097d8       0x9e src/si5351.o
                0x00000000000097d8                si5351_clock_enable
 .text.si5351_drive_strength
                0x0000000000009876       0xc2 src/si5351.o
                0x0000000000009876                si5351_drive_strength
 .text._Z13reduce_by_gcdPmS_
                0x0000000000009938      0x166 src/si5351.o
                0x0000000000009938                _Z13reduce_by_gcdPmS_
 .text._Z17si5351_write_bulkhPhh
                0x0000000000009a9e       0x64 src/si5351.o
                0x0000000000009a9e                _Z17si5351_write_bulkhPhh
 .text._Z16si5351_read_bulkhPhh
                0x0000000000009b02       0x64 src/si5351.o
                0x0000000000009b02                _Z16si5351_read_bulkhPhh
 .text._Z31set_multisynth_registers_source12si5351_clock10si5351_pll
                0x0000000000009b66       0x82 src/si5351.o
                0x0000000000009b66                _Z31set_multisynth_registers_source12si5351_clock10si5351_pll
 .text._Z16set_integer_mode12si5351_clockb
                0x0000000000009be8       0x6c src/si5351.o
                0x0000000000009be8                _Z16set_integer_mode12si5351_clockb
 .text._Z21si5351_set_CLK1_phaseh
                0x0000000000009c54       0x58 src/si5351.o
                0x0000000000009c54                _Z21si5351_set_CLK1_phaseh
 .text.si5351_get_status
                0x0000000000009cac       0x32 src/si5351.o
                0x0000000000009cac                si5351_get_status
 .text.SLPCTRL_init
                0x0000000000009cde       0x18 src/slpctrl.o
                0x0000000000009cde                SLPCTRL_init
 .text.SLPCTRL_set_sleep_mode
                0x0000000000009cf6       0x36 src/slpctrl.o
                0x0000000000009cf6                SLPCTRL_set_sleep_mode
 .text.PORTE_set_pin_pull_mode
                0x0000000000009d2c       0x6a src/tca.o
 .text.PORTE_set_pin_dir
                0x0000000000009d96       0xb0 src/tca.o
 .text.TIMERA_init
                0x0000000000009e46       0x6a src/tca.o
                0x0000000000009e46                TIMERA_init
 .text.setPWM   0x0000000000009eb0       0xc0 src/tca.o
                0x0000000000009eb0                setPWM
 .text.getPWM   0x0000000000009f70       0x16 src/tca.o
                0x0000000000009f70                getPWM
 .text.TIMERB_init
                0x0000000000009f86       0xd4 src/tcb.o
                0x0000000000009f86                TIMERB_init
 .text.util_delay_ms
                0x000000000000a05a      0x176 src/tcb.o
                0x000000000000a05a                util_delay_ms
 .text.__vector_30
                0x000000000000a1d0       0xb0 src/tcb.o
                0x000000000000a1d0                __vector_30
 .text.__vector_13
                0x000000000000a280       0xb4 src/tcb.o
                0x000000000000a280                __vector_13
 .text.TIMERB_sleep
                0x000000000000a334       0x50 src/tcb.o
                0x000000000000a334                TIMERB_sleep
 .text._Z17shutdown_receiverv
                0x000000000000a384       0x18 src/receiver.o
                0x000000000000a384                _Z17shutdown_receiverv
 .text._Z13init_receiverm
                0x000000000000a39c       0x3c src/receiver.o
                0x000000000000a39c                _Z13init_receiverm
 .text._Z13init_receiverv
                0x000000000000a3d8      0x154 src/receiver.o
                0x000000000000a3d8                _Z13init_receiverv
 .text._Z15frequencyStringPcm
                0x000000000000a52c      0x114 src/util.o
                0x000000000000a52c                _Z15frequencyStringPcm
 .text.avr-libc.fplib
                0x000000000000a640        0xe c:/program files (x86)/atmel/studio/7.0/toolchain/avr8/avr8-gnu-toolchain/bin/../lib/gcc/avr/7.3.0/../../../../avr/lib/avrxmega4\libm.a(addsf3.o)
                0x000000000000a640                __subsf3
                0x000000000000a642                __addsf3
 .text.avr-libc.fplib
                0x000000000000a64e       0xcc c:/program files (x86)/atmel/studio/7.0/toolchain/avr8/avr8-gnu-toolchain/bin/../lib/gcc/avr/7.3.0/../../../../avr/lib/avrxmega4\libm.a(addsf3x.o)
                0x000000000000a670                __addsf3x
 .text.avr-libc.fplib
                0x000000000000a71a        0xa c:/program files (x86)/atmel/studio/7.0/toolchain/avr8/avr8-gnu-toolchain/bin/../lib/gcc/avr/7.3.0/../../../../avr/lib/avrxmega4\libm.a(cmpsf2.o)
                0x000000000000a71a                __nesf2
                0x000000000000a71a                __eqsf2
                0x000000000000a71a                __cmpsf2
                0x000000000000a71a                __ltsf2
                0x000000000000a71a                __lesf2
 .text.avr-libc.fplib
                0x000000000000a724        0xa c:/program files (x86)/atmel/studio/7.0/toolchain/avr8/avr8-gnu-toolchain/bin/../lib/gcc/avr/7.3.0/../../../../avr/lib/avrxmega4\libm.a(cos.o)
                0x000000000000a724                cos
 .text.avr-libc.fplib
                0x000000000000a72e        0x8 c:/program files (x86)/atmel/studio/7.0/toolchain/avr8/avr8-gnu-toolchain/bin/../lib/gcc/avr/7.3.0/../../../../avr/lib/avrxmega4\libm.a(divsf3.o)
                0x000000000000a72e                __divsf3
 .text.avr-libc.fplib
                0x000000000000a736       0xdc c:/program files (x86)/atmel/studio/7.0/toolchain/avr8/avr8-gnu-toolchain/bin/../lib/gcc/avr/7.3.0/../../../../avr/lib/avrxmega4\libm.a(divsf3x.o)
                0x000000000000a756                __divsf3x
                0x000000000000a75c                __divsf3_pse
 .text.avr-libc.fplib
                0x000000000000a812        0xe c:/program files (x86)/atmel/studio/7.0/toolchain/avr8/avr8-gnu-toolchain/bin/../lib/gcc/avr/7.3.0/../../../../avr/lib/avrxmega4\libm.a(fixsfsi.o)
                0x000000000000a812                __fixsfsi
 .text.avr-libc.fplib
                0x000000000000a820       0x5e c:/program files (x86)/atmel/studio/7.0/toolchain/avr8/avr8-gnu-toolchain/bin/../lib/gcc/avr/7.3.0/../../../../avr/lib/avrxmega4\libm.a(fixunssfsi.o)
                0x000000000000a820                __fixunssfsi
 .text.avr-libc.fplib
                0x000000000000a87e       0x7a c:/program files (x86)/atmel/studio/7.0/toolchain/avr8/avr8-gnu-toolchain/bin/../lib/gcc/avr/7.3.0/../../../../avr/lib/avrxmega4\libm.a(floatsisf.o)
                0x000000000000a87e                __floatunsisf
                0x000000000000a882                __floatsisf
 .text.avr-libc.fplib
                0x000000000000a8f8       0x48 c:/program files (x86)/atmel/studio/7.0/toolchain/avr8/avr8-gnu-toolchain/bin/../lib/gcc/avr/7.3.0/../../../../avr/lib/avrxmega4\libm.a(fp_cmp.o)
                0x000000000000a8f8                __fp_cmp
 .text.avr-libc.fplib
                0x000000000000a940        0xc c:/program files (x86)/atmel/studio/7.0/toolchain/avr8/avr8-gnu-toolchain/bin/../lib/gcc/avr/7.3.0/../../../../avr/lib/avrxmega4\libm.a(fp_inf.o)
                0x000000000000a940                __fp_inf
 .text.avr-libc.fplib
                0x000000000000a94c       0x1c c:/program files (x86)/atmel/studio/7.0/toolchain/avr8/avr8-gnu-toolchain/bin/../lib/gcc/avr/7.3.0/../../../../avr/lib/avrxmega4\libm.a(fp_mpack.o)
                0x000000000000a94c                __fp_mpack
                0x000000000000a950                __fp_mpack_finite
 .text.avr-libc.fplib
                0x000000000000a968        0x6 c:/program files (x86)/atmel/studio/7.0/toolchain/avr8/avr8-gnu-toolchain/bin/../lib/gcc/avr/7.3.0/../../../../avr/lib/avrxmega4\libm.a(fp_nan.o)
                0x000000000000a968                __fp_nan
 .text.avr-libc.fplib
                0x000000000000a96e        0xe c:/program files (x86)/atmel/studio/7.0/toolchain/avr8/avr8-gnu-toolchain/bin/../lib/gcc/avr/7.3.0/../../../../avr/lib/avrxmega4\libm.a(fp_pscA.o)
                0x000000000000a96e                __fp_pscA
 .text.avr-libc.fplib
                0x000000000000a97c        0xe c:/program files (x86)/atmel/studio/7.0/toolchain/avr8/avr8-gnu-toolchain/bin/../lib/gcc/avr/7.3.0/../../../../avr/lib/avrxmega4\libm.a(fp_pscB.o)
                0x000000000000a97c                __fp_pscB
 .text.avr-libc.fplib
                0x000000000000a98a       0x56 c:/program files (x86)/atmel/studio/7.0/toolchain/avr8/avr8-gnu-toolchain/bin/../lib/gcc/avr/7.3.0/../../../../avr/lib/avrxmega4\libm.a(fp_rempio2.o)
                0x000000000000a98e                __fp_rempio2
 .text.avr-libc.fplib
                0x000000000000a9e0       0x22 c:/program files (x86)/atmel/studio/7.0/toolchain/avr8/avr8-gnu-toolchain/bin/../lib/gcc/avr/7.3.0/../../../../avr/lib/avrxmega4\libm.a(fp_round.o)
                0x000000000000a9e0                __fp_round
 .text.avr-libc.fplib
                0x000000000000aa02       0x28 c:/program files (x86)/atmel/studio/7.0/toolchain/avr8/avr8-gnu-toolchain/bin/../lib/gcc/avr/7.3.0/../../../../avr/lib/avrxmega4\libm.a(fp_sinus.o)
                0x000000000000aa02                __fp_sinus
 .text.avr-libc.fplib
                0x000000000000aa2a       0x44 c:/program files (x86)/atmel/studio/7.0/toolchain/avr8/avr8-gnu-toolchain/bin/../lib/gcc/avr/7.3.0/../../../../avr/lib/avrxmega4\libm.a(fp_split3.o)
                0x000000000000aa2a                __fp_split3
                0x000000000000aa3a                __fp_splitA
 .text.avr-libc.fplib
                0x000000000000aa6e        0xe c:/program files (x86)/atmel/studio/7.0/toolchain/avr8/avr8-gnu-toolchain/bin/../lib/gcc/avr/7.3.0/../../../../avr/lib/avrxmega4\libm.a(fp_zero.o)
                0x000000000000aa6e                __fp_zero
                0x000000000000aa70                __fp_szero
 .text.avr-libc.fplib
                0x000000000000aa7c        0xa c:/program files (x86)/atmel/studio/7.0/toolchain/avr8/avr8-gnu-toolchain/bin/../lib/gcc/avr/7.3.0/../../../../avr/lib/avrxmega4\libm.a(gesf2.o)
                0x000000000000aa7c                __gesf2
                0x000000000000aa7c                __gtsf2
 .text.avr-libc.fplib
                0x000000000000aa86       0x10 c:/program files (x86)/atmel/studio/7.0/toolchain/avr8/avr8-gnu-toolchain/bin/../lib/gcc/avr/7.3.0/../../../../avr/lib/avrxmega4\libm.a(log10.o)
                0x000000000000aa86                log10
 .text.avr-libc.fplib
                0x000000000000aa96       0xa0 c:/program files (x86)/atmel/studio/7.0/toolchain/avr8/avr8-gnu-toolchain/bin/../lib/gcc/avr/7.3.0/../../../../avr/lib/avrxmega4\libm.a(log.o)
                0x000000000000aaa6                log
 .text.avr-libc.fplib
                0x000000000000ab36        0x8 c:/program files (x86)/atmel/studio/7.0/toolchain/avr8/avr8-gnu-toolchain/bin/../lib/gcc/avr/7.3.0/../../../../avr/lib/avrxmega4\libm.a(mulsf3.o)
                0x000000000000ab36                __mulsf3
 .text.avr-libc.fplib
                0x000000000000ab3e       0xd2 c:/program files (x86)/atmel/studio/7.0/toolchain/avr8/avr8-gnu-toolchain/bin/../lib/gcc/avr/7.3.0/../../../../avr/lib/avrxmega4\libm.a(mulsf3x.o)
                0x000000000000ab5c                __mulsf3x
                0x000000000000ab62                __mulsf3_pse
 .text.avr-libc.fplib
                0x000000000000ac10       0x10 c:/program files (x86)/atmel/studio/7.0/toolchain/avr8/avr8-gnu-toolchain/bin/../lib/gcc/avr/7.3.0/../../../../avr/lib/avrxmega4\libm.a(sin.o)
                0x000000000000ac10                sin
 .text.avr-libc.fplib
                0x000000000000ac20       0x4e c:/program files (x86)/atmel/studio/7.0/toolchain/avr8/avr8-gnu-toolchain/bin/../lib/gcc/avr/7.3.0/../../../../avr/lib/avrxmega4\libm.a(fp_powser.o)
                0x000000000000ac20                __fp_powser
 .text.avr-libc.fplib
                0x000000000000ac6e       0x28 c:/program files (x86)/atmel/studio/7.0/toolchain/avr8/avr8-gnu-toolchain/bin/../lib/gcc/avr/7.3.0/../../../../avr/lib/avrxmega4\libm.a(fp_powsodd.o)
                0x000000000000ac6e                __fp_powsodd
 .text.libgcc.mul
                0x000000000000ac96       0x20 c:/program files (x86)/atmel/studio/7.0/toolchain/avr8/avr8-gnu-toolchain/bin/../lib/gcc/avr/7.3.0/avrxmega4\libgcc.a(_mulsi3.o)
                0x000000000000ac96                __mulsi3
 .text.libgcc.div
                0x000000000000acb6       0x28 c:/program files (x86)/atmel/studio/7.0/toolchain/avr8/avr8-gnu-toolchain/bin/../lib/gcc/avr/7.3.0/avrxmega4\libgcc.a(_udivmodhi4.o)
                0x000000000000acb6                __udivmodhi4
 .text.libgcc.div
                0x000000000000acde       0x44 c:/program files (x86)/atmel/studio/7.0/toolchain/avr8/avr8-gnu-toolchain/bin/../lib/gcc/avr/7.3.0/avrxmega4\libgcc.a(_udivmodsi4.o)
                0x000000000000acde                __udivmodsi4
 .text.libgcc   0x000000000000ad22       0x12 c:/program files (x86)/atmel/studio/7.0/toolchain/avr8/avr8-gnu-toolchain/bin/../lib/gcc/avr/7.3.0/avrxmega4\libgcc.a(_tablejump2.o)
                0x000000000000ad22                __tablejump2__
 .text.libgcc.mul
                0x000000000000ad34       0x16 c:/program files (x86)/atmel/studio/7.0/toolchain/avr8/avr8-gnu-toolchain/bin/../lib/gcc/avr/7.3.0/avrxmega4\libgcc.a(_muluhisi3.o)
                0x000000000000ad34                __muluhisi3
 .text.libgcc.mul
                0x000000000000ad4a       0x1e c:/program files (x86)/atmel/studio/7.0/toolchain/avr8/avr8-gnu-toolchain/bin/../lib/gcc/avr/7.3.0/avrxmega4\libgcc.a(_umulhisi3.o)
                0x000000000000ad4a                __umulhisi3
 .text.avr-libc
                0x000000000000ad68       0x3c c:/program files (x86)/atmel/studio/7.0/toolchain/avr8/avr8-gnu-toolchain/bin/../lib/gcc/avr/7.3.0/../../../../avr/lib/avrxmega4\libc.a(dtostrf.o)
                0x000000000000ad68                dtostrf
 .text.avr-libc
                0x000000000000ada4      0x24a c:/program files (x86)/atmel/studio/7.0/toolchain/avr8/avr8-gnu-toolchain/bin/../lib/gcc/avr/7.3.0/../../../../avr/lib/avrxmega4\libc.a(malloc.o)
                0x000000000000ada4                malloc
                0x000000000000aedc                free
 .text.avr-libc
                0x000000000000afee       0x12 c:/program files (x86)/atmel/studio/7.0/toolchain/avr8/avr8-gnu-toolchain/bin/../lib/gcc/avr/7.3.0/../../../../avr/lib/avrxmega4\libc.a(isspace.o)
                0x000000000000afee                isspace
 .text.avr-libc
                0x000000000000b000       0x12 c:/program files (x86)/atmel/studio/7.0/toolchain/avr8/avr8-gnu-toolchain/bin/../lib/gcc/avr/7.3.0/../../../../avr/lib/avrxmega4\libc.a(strlen.o)
                0x000000000000b000                strlen
 .text.avr-libc
                0x000000000000b012       0x6e c:/program files (x86)/atmel/studio/7.0/toolchain/avr8/avr8-gnu-toolchain/bin/../lib/gcc/avr/7.3.0/../../../../avr/lib/avrxmega4\libc.a(snprintf.o)
                0x000000000000b012                snprintf
 .text.avr-libc
                0x000000000000b080       0x54 c:/program files (x86)/atmel/studio/7.0/toolchain/avr8/avr8-gnu-toolchain/bin/../lib/gcc/avr/7.3.0/../../../../avr/lib/avrxmega4\libc.a(sprintf.o)
                0x000000000000b080                sprintf
 .text.avr-libc
                0x000000000000b0d4      0x3fa c:/program files (x86)/atmel/studio/7.0/toolchain/avr8/avr8-gnu-toolchain/bin/../lib/gcc/avr/7.3.0/../../../../avr/lib/avrxmega4\libc.a(vfprintf_std.o)
                0x000000000000b0d4                vfprintf
 .text.avr-libc
                0x000000000000b4ce      0x2ec c:/program files (x86)/atmel/studio/7.0/toolchain/avr8/avr8-gnu-toolchain/bin/../lib/gcc/avr/7.3.0/../../../../avr/lib/avrxmega4\libc.a(dtoa_prf.o)
                0x000000000000b4ce                dtoa_prf
 .text.avr-libc
                0x000000000000b7ba      0x1b0 c:/program files (x86)/atmel/studio/7.0/toolchain/avr8/avr8-gnu-toolchain/bin/../lib/gcc/avr/7.3.0/../../../../avr/lib/avrxmega4\libc.a(ftoa_engine.o)
                0x000000000000b7ba                __ftoa_engine
 .text.avr-libc
                0x000000000000b96a        0x6 c:/program files (x86)/atmel/studio/7.0/toolchain/avr8/avr8-gnu-toolchain/bin/../lib/gcc/avr/7.3.0/../../../../avr/lib/avrxmega4\libc.a(cty_isfalse.o)
                0x000000000000b96a                __ctype_isfalse
                0x000000000000b96e                __ctype_istrue
 .text.avr-libc
                0x000000000000b970       0x16 c:/program files (x86)/atmel/studio/7.0/toolchain/avr8/avr8-gnu-toolchain/bin/../lib/gcc/avr/7.3.0/../../../../avr/lib/avrxmega4\libc.a(strnlen_P.o)
                0x000000000000b970                strnlen_P
 .text.avr-libc
                0x000000000000b986       0x16 c:/program files (x86)/atmel/studio/7.0/toolchain/avr8/avr8-gnu-toolchain/bin/../lib/gcc/avr/7.3.0/../../../../avr/lib/avrxmega4\libc.a(strnlen.o)
                0x000000000000b986                strnlen
 .text.avr-libc
                0x000000000000b99c       0x60 c:/program files (x86)/atmel/studio/7.0/toolchain/avr8/avr8-gnu-toolchain/bin/../lib/gcc/avr/7.3.0/../../../../avr/lib/avrxmega4\libc.a(fputc.o)
                0x000000000000b99c                fputc
 .text.avr-libc
                0x000000000000b9fc       0xbc c:/program files (x86)/atmel/studio/7.0/toolchain/avr8/avr8-gnu-toolchain/bin/../lib/gcc/avr/7.3.0/../../../../avr/lib/avrxmega4\libc.a(ultoa_invert.o)
                0x000000000000b9fc                __ultoa_invert
 .text.avr-libc
                0x000000000000bab8       0x10 C:/Program Files (x86)/Atmel/Studio/7.0/Packs/atmel/AVR-Dx_DFP/1.9.103/gcc/dev/avr128da48/avrxmega4\libavr128da48.a(eerd_byte.o)
                0x000000000000bab8                eeprom_read_byte
                0x000000000000bac0                eeprom_mapen
 .text.avr-libc
                0x000000000000bac8        0xe C:/Program Files (x86)/Atmel/Studio/7.0/Packs/atmel/AVR-Dx_DFP/1.9.103/gcc/dev/avr128da48/avrxmega4\libavr128da48.a(eerd_dword.o)
                0x000000000000bac8                eeprom_read_float
                0x000000000000bac8                eeprom_read_dword
 .text.avr-libc
                0x000000000000bad6        0xa C:/Program Files (x86)/Atmel/Studio/7.0/Packs/atmel/AVR-Dx_DFP/1.9.103/gcc/dev/avr128da48/avrxmega4\libavr128da48.a(eerd_word.o)
                0x000000000000bad6                eeprom_read_word
                0x000000000000bae0                . = ALIGN (0x2)
 *(.fini9)
 .fini9         0x000000000000bae0        0x0 c:/program files (x86)/atmel/studio/7.0/toolchain/avr8/avr8-gnu-toolchain/bin/../lib/gcc/avr/7.3.0/avrxmega4\libgcc.a(_exit.o)
                0x000000000000bae0                _exit
                0x000000000000bae0                exit
 *(.fini9)
 *(.fini8)
 *(.fini8)
 *(.fini7)
 *(.fini7)
 *(.fini6)
 .fini6         0x000000000000bae0       0x16 c:/program files (x86)/atmel/studio/7.0/toolchain/avr8/avr8-gnu-toolchain/bin/../lib/gcc/avr/7.3.0/avrxmega4\libgcc.a(_dtors.o)
                0x000000000000bae0                __do_global_dtors
 *(.fini6)
 *(.fini5)
 *(.fini5)
 *(.fini4)
 *(.fini4)
 *(.fini3)
 *(.fini3)
 *(.fini2)
 *(.fini2)
 *(.fini1)
 *(.fini1)
 *(.fini0)
 .fini0         0x000000000000baf6        0x4 c:/program files (x86)/atmel/studio/7.0/toolchain/avr8/avr8-gnu-toolchain/bin/../lib/gcc/avr/7.3.0/avrxmega4\libgcc.a(_exit.o)
 *(.fini0)
                0x000000000000bafa                _etext = .

.data           0x0000000000804000      0x1c2 load address 0x000000000000bafa
                0x0000000000804000                PROVIDE (__data_start, .)
 *(.data)
 .data          0x0000000000804000        0x6 c:/program files (x86)/atmel/studio/7.0/toolchain/avr8/avr8-gnu-toolchain/bin/../lib/gcc/avr/7.3.0/../../../../avr/lib/avrxmega4\libc.a(malloc.o)
                0x0000000000804000                __malloc_heap_end
                0x0000000000804002                __malloc_heap_start
                0x0000000000804004                __malloc_margin
 *(.data*)
 .data._ZL19g_powerdown_seconds
                0x0000000000804006        0x2 main.o
 .data._ZL17g_rf_gain_setting
                0x0000000000804008        0x1 main.o
 .data.g_inactivity_power_off
                0x0000000000804009        0x4 main.o
                0x0000000000804009                g_inactivity_power_off
 .data._ZL12g_awakenedBy
                0x000000000080400d        0x2 main.o
 .data._ZL17g_adcChannel2Slot
                0x000000000080400f       0x10 main.o
 .data._ZL19g_active_ADC_sample
                0x000000000080401f        0x2 main.o
 .data.g_audio_gain
                0x0000000000804021        0x2 main.o
                0x0000000000804021                g_audio_gain
 .data.g_enable_audio_feedthrough
                0x0000000000804023        0x1 main.o
                0x0000000000804023                g_enable_audio_feedthrough
 .data._ZZ11__vector_12E7fiftyMS
                0x0000000000804024        0x1 main.o
 .data._ZZ11__vector_12E17doublesenseAction
                0x0000000000804025        0x2 main.o
 .data._ZZ11__vector_12E15leftsenseAction
                0x0000000000804027        0x2 main.o
 .data._ZZ11__vector_12E16rightsenseAction
                0x0000000000804029        0x2 main.o
 .data._ZZ11__vector_12E19encoderswitchAction
                0x000000000080402b        0x2 main.o
 .data._ZZ11__vector_12E25leftsenseLongPressEnabled
                0x000000000080402d        0x1 main.o
 .data._ZZ11__vector_12E26rightsenseLongPressEnabled
                0x000000000080402e        0x1 main.o
 .data._ZZ11__vector_12E23encoderLongPressEnabled
                0x000000000080402f        0x1 main.o
 .data._ZZ11__vector_12E27doublesenseLongPressEnabled
                0x0000000000804030        0x1 main.o
 .data._ZZ4mainE4init
                0x0000000000804031        0x1 main.o
 .data._ZZ4mainE13minPitchLevel
                0x0000000000804032        0x4 main.o
 .data._ZZ15externBatStringbPfE8filtered
                0x0000000000804036        0x4 main.o
 .data._ZZ15externBatStringbPfE3str
                0x000000000080403a        0x7 main.o
 .data.g_fox    0x0000000000804041        0xa src/eeprommanager.o
                0x0000000000804041                g_fox
 .data.g_i2c0_timeout_ticks
                0x000000000080404b        0x2 src/i2c.o
                0x000000000080404b                g_i2c0_timeout_ticks
 .data.g_i2c1_timeout_ticks
                0x000000000080404d        0x2 src/i2c.o
                0x000000000080404d                g_i2c1_timeout_ticks
 .data._ZL17led_timeout_count
                0x000000000080404f        0x4 src/leds.o
 .data.g_clock_calibration
                0x0000000000804053        0x2 src/rtc.o
                0x0000000000804053                g_clock_calibration
 .data._ZL11g_xtal_freq
                0x0000000000804055        0x4 src/si5351.o
 .data.g_rx_frequency
                0x0000000000804059        0x4 src/receiver.o
                0x0000000000804059                g_rx_frequency
 .data.g_frequency_low
                0x000000000080405d        0x4 src/receiver.o
                0x000000000080405d                g_frequency_low
 .data.g_frequency_med
                0x0000000000804061        0x4 src/receiver.o
                0x0000000000804061                g_frequency_med
 .data.g_frequency_hi
                0x0000000000804065        0x4 src/receiver.o
                0x0000000000804065                g_frequency_hi
 .data.g_frequency_beacon
                0x0000000000804069        0x4 src/receiver.o
                0x0000000000804069                g_frequency_beacon
 *(.gnu.linkonce.d*)
 *(.rodata)
 .rodata        0x000000000080406d       0xc9 main.o
 .rodata        0x0000000000804136        0xc src/eeprommanager.o
 .rodata        0x0000000000804142       0x38 src/util.o
 *(.rodata*)
 .rodata._ZL9menuTitle
                0x000000000080417a       0x32 main.o
 .rodata._ZL8clearRow
                0x00000000008041ac        0xb main.o
 .rodata._ZTV7Display
                0x00000000008041b7        0xa src/display.o
                0x00000000008041b7                _ZTV7Display
 *(.gnu.linkonce.r*)
                0x00000000008041c2                . = ALIGN (0x2)
 *fill*         0x00000000008041c1        0x1 
                0x00000000008041c2                _edata = .
                0x00000000008041c2                PROVIDE (__data_end, .)

.bss            0x00000000008041c2      0x24a
                0x00000000008041c2                PROVIDE (__bss_start, .)
 *(.bss)
 *(.bss*)
 .bss._ZL9g_tempStr
                0x00000000008041c2       0x64 main.o
 .bss._ZL21g_headphones_detected
                0x0000000000804226        0x1 main.o
 .bss._ZL16g_hardware_error
                0x0000000000804227        0x2 main.o
 .bss._ZL15g_rotary_enable
                0x0000000000804229        0x1 main.o
 .bss._ZL14g_rotary_count
                0x000000000080422a        0x2 main.o
 .bss._ZL14g_rotary_edges
                0x000000000080422c        0x2 main.o
 .bss.g_seconds_transition
                0x000000000080422e        0x1 main.o
                0x000000000080422e                g_seconds_transition
 .bss.g_seconds_since_poweron
                0x000000000080422f        0x4 main.o
                0x000000000080422f                g_seconds_since_poweron
 .bss.g_display_active
                0x0000000000804233        0x1 main.o
                0x0000000000804233                g_display_active
 .bss._ZL17g_go_to_sleep_now
                0x0000000000804234        0x1 main.o
 .bss._ZL10g_sleeping
                0x0000000000804235        0x1 main.o
 .bss._ZL22g_lastConversionResult
                0x0000000000804236        0x2 main.o
 .bss.g_goertzel_rssi
                0x0000000000804238        0x4 main.o
                0x0000000000804238                g_goertzel_rssi
 .bss._ZL23g_leftsense_closed_time
                0x000000000080423c        0x2 main.o
 .bss._ZL24g_rightsense_closed_time
                0x000000000080423e        0x2 main.o
 .bss._ZL21g_encoder_closed_time
                0x0000000000804240        0x2 main.o
 .bss._ZL25g_doublesense_closed_time
                0x0000000000804242        0x2 main.o
 .bss._ZL34g_handle_counted_leftsense_presses
                0x0000000000804244        0x2 main.o
 .bss._ZL35g_handle_counted_rightsense_presses
                0x0000000000804246        0x2 main.o
 .bss._ZL32g_handle_counted_encoder_presses
                0x0000000000804248        0x2 main.o
 .bss._ZL36g_handle_counted_doublesense_presses
                0x000000000080424a        0x2 main.o
 .bss._ZL25g_leftsense_presses_count
                0x000000000080424c        0x2 main.o
 .bss._ZL26g_rightsense_presses_count
                0x000000000080424e        0x2 main.o
 .bss._ZL23g_encoder_presses_count
                0x0000000000804250        0x2 main.o
 .bss._ZL27g_doublesense_presses_count
                0x0000000000804252        0x2 main.o
 .bss._ZL22g_long_leftsense_press
                0x0000000000804254        0x1 main.o
 .bss._ZL23g_long_rightsense_press
                0x0000000000804255        0x1 main.o
 .bss._ZL24g_long_doublesense_press
                0x0000000000804256        0x1 main.o
 .bss._ZL20g_long_encoder_press
                0x0000000000804257        0x1 main.o
 .bss._ZL19g_leftsense_pressed
                0x0000000000804258        0x1 main.o
 .bss._ZL20g_rightsense_pressed
                0x0000000000804259        0x1 main.o
 .bss._ZL21g_doublesense_pressed
                0x000000000080425a        0x1 main.o
 .bss._ZL23g_encoderswitch_pressed
                0x000000000080425b        0x1 main.o
 .bss.display   0x000000000080425c        0xb main.o
                0x000000000080425c                display
 .bss.LEDS      0x0000000000804267        0x1 main.o
                0x0000000000804267                LEDS
 .bss.g_text_buff
                0x0000000000804268        0xa main.o
                0x0000000000804268                g_text_buff
 .bss.EEPromMgr
                0x0000000000804272        0x1 main.o
                0x0000000000804272                EEPromMgr
 .bss.sineWave  0x0000000000804273       0x32 main.o
                0x0000000000804273                sineWave
 .bss._ZL6g_beep
                0x00000000008042a5        0x2 main.o
 .bss._ZL6g_tick
                0x00000000008042a7        0x1 main.o
 .bss._ZZ11__vector_24E9sineIndex
                0x00000000008042a8        0x1 main.o
 .bss._ZZ11__vector_12E33doublesense_closures_count_period
                0x00000000008042a9        0x2 main.o
 .bss._ZZ11__vector_12E31leftsense_closures_count_period
                0x00000000008042ab        0x2 main.o
 .bss._ZZ11__vector_12E32rightsense_closures_count_period
                0x00000000008042ad        0x2 main.o
 .bss._ZZ11__vector_12E29encoder_closures_count_period
                0x00000000008042af        0x2 main.o
 .bss._ZZ11__vector_12E15holdRotaryEdges
                0x00000000008042b1        0x2 main.o
 .bss._ZZ11__vector_12E23rotaryNoMotionCountdown
                0x00000000008042b3        0x2 main.o
 .bss.prev_state
                0x00000000008042b5        0x1 main.o
                0x00000000008042b5                prev_state
 .bss._ZZ7setMenu11MenuState_tE9menuIndex
                0x00000000008042b6        0x2 main.o
 .bss._ZZ7setMenu11MenuState_tE14menuStateTrace
                0x00000000008042b8       0x28 main.o
 .bss._ZZ4mainE13maxPitchLevel
                0x00000000008042e0        0x4 main.o
 .bss.g_goertzel
                0x00000000008042e4        0x1 src/adc.o
                0x00000000008042e4                g_goertzel
 .bss._ZL20g_adc_initialization
                0x00000000008042e5        0x2 src/adc.o
 .bss.portApinReadings
                0x00000000008042e7        0x3 src/binio.o
                0x00000000008042e7                portApinReadings
 .bss.portFpinReadings
                0x00000000008042ea        0x3 src/binio.o
                0x00000000008042ea                portFpinReadings
 .bss.portAdebounced
                0x00000000008042ed        0x1 src/binio.o
                0x00000000008042ed                portAdebounced
 .bss.portFdebounced
                0x00000000008042ee        0x1 src/binio.o
                0x00000000008042ee                portFdebounced
 .bss.g_isMaster
                0x00000000008042ef        0x1 src/eeprommanager.o
                0x00000000008042ef                g_isMaster
 .bss.g_utc_offset
                0x00000000008042f0        0x1 src/eeprommanager.o
                0x00000000008042f0                g_utc_offset
 .bss.g_unlockCode
                0x00000000008042f1        0xa src/eeprommanager.o
                0x00000000008042f1                g_unlockCode
 .bss.g_rtty_offset
                0x00000000008042fb        0x4 src/eeprommanager.o
                0x00000000008042fb                g_rtty_offset
 .bss.g_event   0x00000000008042ff        0x2 src/eeprommanager.o
                0x00000000008042ff                g_event
 .bss.g_frequency_mode
                0x0000000000804301        0x2 src/eeprommanager.o
                0x0000000000804301                g_frequency_mode
 .bss.g_messages_text
                0x0000000000804303       0x3f src/eeprommanager.o
                0x0000000000804303                g_messages_text
 .bss.g_event_start_epoch
                0x0000000000804342        0x4 src/eeprommanager.o
                0x0000000000804342                g_event_start_epoch
 .bss.g_event_finish_epoch
                0x0000000000804346        0x4 src/eeprommanager.o
                0x0000000000804346                g_event_finish_epoch
 .bss.g_80m_power_level_mW
                0x000000000080434a        0x2 src/eeprommanager.o
                0x000000000080434a                g_80m_power_level_mW
 .bss.g_id_codespeed
                0x000000000080434c        0x1 src/eeprommanager.o
                0x000000000080434c                g_id_codespeed
 .bss.g_pattern_codespeed
                0x000000000080434d        0x1 src/eeprommanager.o
                0x000000000080434d                g_pattern_codespeed
 .bss.g_foxoring_pattern_codespeed
                0x000000000080434e        0x1 src/eeprommanager.o
                0x000000000080434e                g_foxoring_pattern_codespeed
 .bss.g_off_air_seconds
                0x000000000080434f        0x2 src/eeprommanager.o
                0x000000000080434f                g_off_air_seconds
 .bss.g_on_air_seconds
                0x0000000000804351        0x2 src/eeprommanager.o
                0x0000000000804351                g_on_air_seconds
 .bss.g_ID_period_seconds
                0x0000000000804353        0x2 src/eeprommanager.o
                0x0000000000804353                g_ID_period_seconds
 .bss.g_intra_cycle_delay_time
                0x0000000000804355        0x2 src/eeprommanager.o
                0x0000000000804355                g_intra_cycle_delay_time
 .bss.g_voltage_threshold
                0x0000000000804357        0x4 src/eeprommanager.o
                0x0000000000804357                g_voltage_threshold
 .bss.g_days_to_run
                0x000000000080435b        0x1 src/eeprommanager.o
                0x000000000080435b                g_days_to_run
 .bss.g_i2c_failure_count
                0x000000000080435c        0x2 src/eeprommanager.o
                0x000000000080435c                g_i2c_failure_count
 .bss._SAMPLING_FREQUENCY
                0x000000000080435e        0x4 src/Goertzel.o
                0x000000000080435e                _SAMPLING_FREQUENCY
 .bss._TARGET_FREQUENCY
                0x0000000000804362        0x4 src/Goertzel.o
                0x0000000000804362                _TARGET_FREQUENCY
 .bss._N        0x0000000000804366        0x2 src/Goertzel.o
                0x0000000000804366                _N
 .bss.g_coeff   0x0000000000804368        0x4 src/Goertzel.o
                0x0000000000804368                g_coeff
 .bss.Q1        0x000000000080436c        0x4 src/Goertzel.o
                0x000000000080436c                Q1
 .bss.Q2        0x0000000000804370        0x4 src/Goertzel.o
                0x0000000000804370                Q2
 .bss._index    0x0000000000804374        0x2 src/Goertzel.o
                0x0000000000804374                _index
 .bss._samplesReady
                0x0000000000804376        0x1 src/Goertzel.o
                0x0000000000804376                _samplesReady
 .bss.highValueCount
                0x0000000000804377        0x2 src/Goertzel.o
                0x0000000000804377                highValueCount
 .bss.testData  0x0000000000804379        0x2 src/Goertzel.o
                0x0000000000804379                testData
 .bss._ZL23timer_red_blink_inhibit
                0x000000000080437b        0x1 src/leds.o
 .bss._ZL25timer_green_blink_inhibit
                0x000000000080437c        0x1 src/leds.o
 .bss._ZL19lastRedBlinkSetting
                0x000000000080437d        0x2 src/leds.o
 .bss._ZL21lastGreenBlinkSetting
                0x000000000080437f        0x2 src/leds.o
 .bss._ZL20lastBothBlinkSetting
                0x0000000000804381        0x2 src/leds.o
 .bss._ZL19red_blink_on_period
                0x0000000000804383        0x2 src/leds.o
 .bss._ZL20red_blink_off_period
                0x0000000000804385        0x2 src/leds.o
 .bss._ZL21green_blink_on_period
                0x0000000000804387        0x2 src/leds.o
 .bss._ZL22green_blink_off_period
                0x0000000000804389        0x2 src/leds.o
 .bss._ZL15red_blink_count
                0x000000000080438b        0x2 src/leds.o
 .bss._ZL17green_blink_count
                0x000000000080438d        0x2 src/leds.o
 .bss._ZL18red_led_configured
                0x000000000080438f        0x1 src/leds.o
 .bss._ZL20green_led_configured
                0x0000000000804390        0x1 src/leds.o
 .bss.isRed     0x0000000000804391        0x1 src/leds.o
                0x0000000000804391                isRed
 .bss.isGreen   0x0000000000804392        0x1 src/leds.o
                0x0000000000804392                isGreen
 .bss.isBoth    0x0000000000804393        0x1 src/leds.o
                0x0000000000804393                isBoth
 .bss._ZL16use_backup_clock
                0x0000000000804394        0x1 src/rtc.o
 .bss._ZL8freqVCOB
                0x0000000000804395        0x4 src/si5351.o
 .bss._ZL17enabledClocksMask
                0x0000000000804399        0x1 src/si5351.o
 .bss._ZL9clock_out
                0x000000000080439a        0xc src/si5351.o
 .bss.g_si5351_initialized
                0x00000000008043a6        0x1 src/si5351.o
                0x00000000008043a6                g_si5351_initialized
 .bss._ZZ11si5351_initE3err
                0x00000000008043a7        0x1 src/si5351.o
 .bss.g_pwm_setting
                0x00000000008043a8        0x2 src/tca.o
                0x00000000008043a8                g_pwm_setting
 .bss._ZL12g_ms_counter
                0x00000000008043aa        0x4 src/tcb.o
 .bss._ZZ13util_delay_msE14countdownValue
                0x00000000008043ae        0x4 src/tcb.o
 .bss._ZZ13util_delay_msE8counting
                0x00000000008043b2        0x1 src/tcb.o
 .bss._ZL16g_rx_initialized
                0x00000000008043b3        0x1 src/receiver.o
 .bss.g_frequency_memory
                0x00000000008043b4       0x50 src/receiver.o
                0x00000000008043b4                g_frequency_memory
 *(COMMON)
 COMMON         0x0000000000804404        0x4 c:/program files (x86)/atmel/studio/7.0/toolchain/avr8/avr8-gnu-toolchain/bin/../lib/gcc/avr/7.3.0/../../../../avr/lib/avrxmega4\libc.a(malloc.o)
                0x0000000000804404                __brkval
                0x0000000000804406                __flp
 COMMON         0x0000000000804408        0x4 c:/program files (x86)/atmel/studio/7.0/toolchain/avr8/avr8-gnu-toolchain/bin/../lib/gcc/avr/7.3.0/../../../../avr/lib/avrxmega4\libc.a(system_time.o)
                0x0000000000804408                __system_time
                0x000000000080440c                PROVIDE (__bss_end, .)
                0x000000000000bafa                __data_load_start = LOADADDR (.data)
                0x000000000000bcbc                __data_load_end = (__data_load_start + SIZEOF (.data))

.noinit         0x000000000080440c        0x0
                [!provide]                        PROVIDE (__noinit_start, .)
 *(.noinit*)
                [!provide]                        PROVIDE (__noinit_end, .)
                0x000000000080440c                _end = .
                0x000000000080440c                PROVIDE (__heap_start, .)

.eeprom         0x0000000000810000      0x164
 *(.eeprom*)
 .eeprom        0x0000000000810000      0x164 src/eeprommanager.o
                0x0000000000810000                _ZN13EepromManager7ee_varsE
                0x0000000000810164                __eeprom_end = .

.fuse
 *(.fuse)
 *(.lfuse)
 *(.hfuse)
 *(.efuse)

.lock
 *(.lock*)

.signature
 *(.signature*)

.user_signatures
 *(.user_signatures*)

.stab
 *(.stab)

.stabstr
 *(.stabstr)

.stab.excl
 *(.stab.excl)

.stab.exclstr
 *(.stab.exclstr)

.stab.index
 *(.stab.index)

.stab.indexstr
 *(.stab.indexstr)

.comment        0x0000000000000000       0x5c
 *(.comment)
 .comment       0x0000000000000000       0x30 atmel_start.o
                                         0x31 (size before relaxing)
 .comment       0x0000000000000030       0x31 main.o
 .comment       0x0000000000000030       0x31 src/adc.o
 .comment       0x0000000000000030       0x31 src/binio.o
 .comment       0x0000000000000030       0x31 src/bod.o
 .comment       0x0000000000000030       0x31 src/CircularStringBuff.o
 .comment       0x0000000000000030       0x31 src/clkctrl.o
 .comment       0x0000000000000030       0x31 src/cpuint.o
 .comment       0x0000000000000030       0x31 src/dac0.o
 .comment       0x0000000000000030       0x31 src/display.o
 .comment       0x0000000000000030       0x31 src/driver_init.o
 .comment       0x0000000000000030       0x31 src/eeprommanager.o
 .comment       0x0000000000000030       0x31 src/Goertzel.o
 .comment       0x0000000000000030       0x31 src/i2c.o
 .comment       0x0000000000000030       0x31 src/leds.o
 .comment       0x0000000000000030       0x31 src/rtc.o
 .comment       0x0000000000000030       0x31 src/si5351.o
 .comment       0x0000000000000030       0x31 src/slpctrl.o
 .comment       0x0000000000000030       0x31 src/tca.o
 .comment       0x0000000000000030       0x31 src/tcb.o
 .comment       0x0000000000000030       0x31 src/receiver.o
 .comment       0x0000000000000030       0x31 src/util.o
 .comment       0x0000000000000030       0x31 c:/program files (x86)/atmel/studio/7.0/toolchain/avr8/avr8-gnu-toolchain/bin/../lib/gcc/avr/7.3.0/../../../../avr/lib/avrxmega4\libc.a(dtostrf.o)
 .comment       0x0000000000000030       0x31 c:/program files (x86)/atmel/studio/7.0/toolchain/avr8/avr8-gnu-toolchain/bin/../lib/gcc/avr/7.3.0/../../../../avr/lib/avrxmega4\libc.a(malloc.o)
 .comment       0x0000000000000030       0x31 c:/program files (x86)/atmel/studio/7.0/toolchain/avr8/avr8-gnu-toolchain/bin/../lib/gcc/avr/7.3.0/../../../../avr/lib/avrxmega4\libc.a(snprintf.o)
 .comment       0x0000000000000030       0x31 c:/program files (x86)/atmel/studio/7.0/toolchain/avr8/avr8-gnu-toolchain/bin/../lib/gcc/avr/7.3.0/../../../../avr/lib/avrxmega4\libc.a(sprintf.o)
 .comment       0x0000000000000030       0x31 c:/program files (x86)/atmel/studio/7.0/toolchain/avr8/avr8-gnu-toolchain/bin/../lib/gcc/avr/7.3.0/../../../../avr/lib/avrxmega4\libc.a(set_system_time.o)
 .comment       0x0000000000000030       0x31 c:/program files (x86)/atmel/studio/7.0/toolchain/avr8/avr8-gnu-toolchain/bin/../lib/gcc/avr/7.3.0/../../../../avr/lib/avrxmega4\libc.a(system_time.o)
 .comment       0x0000000000000030       0x31 c:/program files (x86)/atmel/studio/7.0/toolchain/avr8/avr8-gnu-toolchain/bin/../lib/gcc/avr/7.3.0/../../../../avr/lib/avrxmega4\libc.a(time.o)
 .comment       0x0000000000000030       0x2c c:/program files (x86)/atmel/studio/7.0/toolchain/avr8/avr8-gnu-toolchain/bin/../lib/gcc/avr/7.3.0/../../../../avr/lib/avrxmega4\libc.a(vfprintf_std.o)
                                         0x2d (size before relaxing)
 .comment       0x000000000000005c       0x31 c:/program files (x86)/atmel/studio/7.0/toolchain/avr8/avr8-gnu-toolchain/bin/../lib/gcc/avr/7.3.0/../../../../avr/lib/avrxmega4\libc.a(dtoa_prf.o)
 .comment       0x000000000000005c       0x31 c:/program files (x86)/atmel/studio/7.0/toolchain/avr8/avr8-gnu-toolchain/bin/../lib/gcc/avr/7.3.0/../../../../avr/lib/avrxmega4\libc.a(fputc.o)

.note.gnu.avr.deviceinfo
                0x0000000000000000       0x40
 .note.gnu.avr.deviceinfo
                0x0000000000000000       0x40 C:/Program Files (x86)/Atmel/Studio/7.0/Packs/atmel/AVR-Dx_DFP/1.9.103/gcc/dev/avr128da48/avrxmega4/crtavr128da48.o

.note.gnu.build-id
 *(.note.gnu.build-id)

.debug
 *(.debug)

.line
 *(.line)

.debug_srcinfo
 *(.debug_srcinfo)

.debug_sfnames
 *(.debug_sfnames)

.debug_aranges  0x0000000000000000      0x948
 *(.debug_aranges)
 .debug_aranges
                0x0000000000000000       0x20 atmel_start.o
 .debug_aranges
                0x0000000000000020       0xb8 main.o
 .debug_aranges
                0x00000000000000d8       0x78 src/adc.o
 .debug_aranges
                0x0000000000000150       0xc8 src/binio.o
 .debug_aranges
                0x0000000000000218       0x20 src/bod.o
 .debug_aranges
                0x0000000000000238       0x90 src/CircularStringBuff.o
 .debug_aranges
                0x00000000000002c8       0x28 src/clkctrl.o
 .debug_aranges
                0x00000000000002f0       0x20 src/cpuint.o
 .debug_aranges
                0x0000000000000310       0x30 src/dac0.o
 .debug_aranges
                0x0000000000000340       0xb0 src/display.o
 .debug_aranges
                0x00000000000003f0       0x60 src/driver_init.o
 .debug_aranges
                0x0000000000000450       0x68 src/eeprommanager.o
 .debug_aranges
                0x00000000000004b8       0x60 src/Goertzel.o
 .debug_aranges
                0x0000000000000518       0x90 src/i2c.o
 .debug_aranges
                0x00000000000005a8       0x98 src/leds.o
 .debug_aranges
                0x0000000000000640       0x20 src/protected_io.o
 .debug_aranges
                0x0000000000000660       0x58 src/rtc.o
 .debug_aranges
                0x00000000000006b8       0xe8 src/si5351.o
 .debug_aranges
                0x00000000000007a0       0x28 src/slpctrl.o
 .debug_aranges
                0x00000000000007c8       0x40 src/tca.o
 .debug_aranges
                0x0000000000000808       0x40 src/tcb.o
 .debug_aranges
                0x0000000000000848       0x58 src/receiver.o
 .debug_aranges
                0x00000000000008a0       0x48 src/util.o
 .debug_aranges
                0x00000000000008e8       0x20 C:/Program Files (x86)/Atmel/Studio/7.0/Packs/atmel/AVR-Dx_DFP/1.9.103/gcc/dev/avr128da48/avrxmega4\libavr128da48.a(eerd_byte.o)
 .debug_aranges
                0x0000000000000908       0x20 C:/Program Files (x86)/Atmel/Studio/7.0/Packs/atmel/AVR-Dx_DFP/1.9.103/gcc/dev/avr128da48/avrxmega4\libavr128da48.a(eerd_dword.o)
 .debug_aranges
                0x0000000000000928       0x20 C:/Program Files (x86)/Atmel/Studio/7.0/Packs/atmel/AVR-Dx_DFP/1.9.103/gcc/dev/avr128da48/avrxmega4\libavr128da48.a(eerd_word.o)

.debug_pubnames
 *(.debug_pubnames)

.debug_info     0x0000000000000000     0xfaee
 *(.debug_info .gnu.linkonce.wi.*)
 .debug_info    0x0000000000000000     0x2c24 C:/Program Files (x86)/Atmel/Studio/7.0/Packs/atmel/AVR-Dx_DFP/1.9.103/gcc/dev/avr128da48/avrxmega4/crtavr128da48.o
 .debug_info    0x0000000000002c24       0xc5 atmel_start.o
 .debug_info    0x0000000000002ce9     0x2a75 main.o
 .debug_info    0x000000000000575e      0xc92 src/adc.o
 .debug_info    0x00000000000063f0      0x8bf src/binio.o
 .debug_info    0x0000000000006caf      0x1d0 src/bod.o
 .debug_info    0x0000000000006e7f      0x6f5 src/CircularStringBuff.o
 .debug_info    0x0000000000007574      0x2f9 src/clkctrl.o
 .debug_info    0x000000000000786d       0xd4 src/cpuint.o
 .debug_info    0x0000000000007941      0x44f src/dac0.o
 .debug_info    0x0000000000007d90      0xb65 src/display.o
 .debug_info    0x00000000000088f5      0x494 src/driver_init.o
 .debug_info    0x0000000000008d89     0x171b src/eeprommanager.o
 .debug_info    0x000000000000a4a4      0x5a5 src/Goertzel.o
 .debug_info    0x000000000000aa49      0x888 src/i2c.o
 .debug_info    0x000000000000b2d1      0xcb8 src/leds.o
 .debug_info    0x000000000000bf89       0x92 src/protected_io.o
 .debug_info    0x000000000000c01b      0xe88 src/rtc.o
 .debug_info    0x000000000000cea3      0xf9b src/si5351.o
 .debug_info    0x000000000000de3e      0x180 src/slpctrl.o
 .debug_info    0x000000000000dfbe      0xbd5 src/tca.o
 .debug_info    0x000000000000eb93      0x3c7 src/tcb.o
 .debug_info    0x000000000000ef5a      0x473 src/receiver.o
 .debug_info    0x000000000000f3cd      0x543 src/util.o
 .debug_info    0x000000000000f910       0x9f C:/Program Files (x86)/Atmel/Studio/7.0/Packs/atmel/AVR-Dx_DFP/1.9.103/gcc/dev/avr128da48/avrxmega4\libavr128da48.a(eerd_byte.o)
 .debug_info    0x000000000000f9af       0xa0 C:/Program Files (x86)/Atmel/Studio/7.0/Packs/atmel/AVR-Dx_DFP/1.9.103/gcc/dev/avr128da48/avrxmega4\libavr128da48.a(eerd_dword.o)
 .debug_info    0x000000000000fa4f       0x9f C:/Program Files (x86)/Atmel/Studio/7.0/Packs/atmel/AVR-Dx_DFP/1.9.103/gcc/dev/avr128da48/avrxmega4\libavr128da48.a(eerd_word.o)

.debug_abbrev   0x0000000000000000     0x5768
 *(.debug_abbrev)
 .debug_abbrev  0x0000000000000000     0x29ce C:/Program Files (x86)/Atmel/Studio/7.0/Packs/atmel/AVR-Dx_DFP/1.9.103/gcc/dev/avr128da48/avrxmega4/crtavr128da48.o
 .debug_abbrev  0x00000000000029ce       0x70 atmel_start.o
 .debug_abbrev  0x0000000000002a3e      0x539 main.o
 .debug_abbrev  0x0000000000002f77      0x2fe src/adc.o
 .debug_abbrev  0x0000000000003275      0x29a src/binio.o
 .debug_abbrev  0x000000000000350f       0xd2 src/bod.o
 .debug_abbrev  0x00000000000035e1      0x1e9 src/CircularStringBuff.o
 .debug_abbrev  0x00000000000037ca       0xfe src/clkctrl.o
 .debug_abbrev  0x00000000000038c8       0x72 src/cpuint.o
 .debug_abbrev  0x000000000000393a      0x157 src/dac0.o
 .debug_abbrev  0x0000000000003a91      0x314 src/display.o
 .debug_abbrev  0x0000000000003da5      0x1a4 src/driver_init.o
 .debug_abbrev  0x0000000000003f49      0x33b src/eeprommanager.o
 .debug_abbrev  0x0000000000004284      0x227 src/Goertzel.o
 .debug_abbrev  0x00000000000044ab      0x224 src/i2c.o
 .debug_abbrev  0x00000000000046cf      0x340 src/leds.o
 .debug_abbrev  0x0000000000004a0f       0x14 src/protected_io.o
 .debug_abbrev  0x0000000000004a23      0x2af src/rtc.o
 .debug_abbrev  0x0000000000004cd2      0x2af src/si5351.o
 .debug_abbrev  0x0000000000004f81       0xe7 src/slpctrl.o
 .debug_abbrev  0x0000000000005068      0x206 src/tca.o
 .debug_abbrev  0x000000000000526e      0x175 src/tcb.o
 .debug_abbrev  0x00000000000053e3      0x18e src/receiver.o
 .debug_abbrev  0x0000000000005571      0x1bb src/util.o
 .debug_abbrev  0x000000000000572c       0x14 C:/Program Files (x86)/Atmel/Studio/7.0/Packs/atmel/AVR-Dx_DFP/1.9.103/gcc/dev/avr128da48/avrxmega4\libavr128da48.a(eerd_byte.o)
 .debug_abbrev  0x0000000000005740       0x14 C:/Program Files (x86)/Atmel/Studio/7.0/Packs/atmel/AVR-Dx_DFP/1.9.103/gcc/dev/avr128da48/avrxmega4\libavr128da48.a(eerd_dword.o)
 .debug_abbrev  0x0000000000005754       0x14 C:/Program Files (x86)/Atmel/Studio/7.0/Packs/atmel/AVR-Dx_DFP/1.9.103/gcc/dev/avr128da48/avrxmega4\libavr128da48.a(eerd_word.o)

.debug_line     0x0000000000000000     0x8c45
 *(.debug_line .debug_line.* .debug_line_end)
 .debug_line    0x0000000000000000      0x1f3 C:/Program Files (x86)/Atmel/Studio/7.0/Packs/atmel/AVR-Dx_DFP/1.9.103/gcc/dev/avr128da48/avrxmega4/crtavr128da48.o
 .debug_line    0x00000000000001f3      0x11e atmel_start.o
 .debug_line    0x0000000000000311     0x19a3 main.o
 .debug_line    0x0000000000001cb4      0x4c7 src/adc.o
 .debug_line    0x000000000000217b      0x7c7 src/binio.o
 .debug_line    0x0000000000002942      0x191 src/bod.o
 .debug_line    0x0000000000002ad3      0x4ae src/CircularStringBuff.o
 .debug_line    0x0000000000002f81      0x1cd src/clkctrl.o
 .debug_line    0x000000000000314e      0x12f src/cpuint.o
 .debug_line    0x000000000000327d      0x1e3 src/dac0.o
 .debug_line    0x0000000000003460      0x94e src/display.o
 .debug_line    0x0000000000003dae      0x38e src/driver_init.o
 .debug_line    0x000000000000413c     0x11ce src/eeprommanager.o
 .debug_line    0x000000000000530a      0x321 src/Goertzel.o
 .debug_line    0x000000000000562b      0x7df src/i2c.o
 .debug_line    0x0000000000005e0a      0x9d9 src/leds.o
 .debug_line    0x00000000000067e3       0x5b src/protected_io.o
 .debug_line    0x000000000000683e      0x4b5 src/rtc.o
 .debug_line    0x0000000000006cf3      0xd6c src/si5351.o
 .debug_line    0x0000000000007a5f      0x1b1 src/slpctrl.o
 .debug_line    0x0000000000007c10      0x2e1 src/tca.o
 .debug_line    0x0000000000007ef1      0x373 src/tcb.o
 .debug_line    0x0000000000008264      0x2f4 src/receiver.o
 .debug_line    0x0000000000008558      0x5a5 src/util.o
 .debug_line    0x0000000000008afd       0x79 C:/Program Files (x86)/Atmel/Studio/7.0/Packs/atmel/AVR-Dx_DFP/1.9.103/gcc/dev/avr128da48/avrxmega4\libavr128da48.a(eerd_byte.o)
 .debug_line    0x0000000000008b76       0x6e C:/Program Files (x86)/Atmel/Studio/7.0/Packs/atmel/AVR-Dx_DFP/1.9.103/gcc/dev/avr128da48/avrxmega4\libavr128da48.a(eerd_dword.o)
 .debug_line    0x0000000000008be4       0x61 C:/Program Files (x86)/Atmel/Studio/7.0/Packs/atmel/AVR-Dx_DFP/1.9.103/gcc/dev/avr128da48/avrxmega4\libavr128da48.a(eerd_word.o)

.debug_frame    0x0000000000000000     0x1fd4
 *(.debug_frame)
 .debug_frame   0x0000000000000000       0x34 atmel_start.o
 .debug_frame   0x0000000000000034      0x3ec main.o
 .debug_frame   0x0000000000000420      0x1a0 src/adc.o
 .debug_frame   0x00000000000005c0      0x2d4 src/binio.o
 .debug_frame   0x0000000000000894       0x34 src/bod.o
 .debug_frame   0x00000000000008c8      0x200 src/CircularStringBuff.o
 .debug_frame   0x0000000000000ac8       0x54 src/clkctrl.o
 .debug_frame   0x0000000000000b1c       0x34 src/cpuint.o
 .debug_frame   0x0000000000000b50       0x74 src/dac0.o
 .debug_frame   0x0000000000000bc4      0x274 src/display.o
 .debug_frame   0x0000000000000e38      0x134 src/driver_init.o
 .debug_frame   0x0000000000000f6c      0x180 src/eeprommanager.o
 .debug_frame   0x00000000000010ec      0x19c src/Goertzel.o
 .debug_frame   0x0000000000001288      0x1f4 src/i2c.o
 .debug_frame   0x000000000000147c      0x25c src/leds.o
 .debug_frame   0x00000000000016d8      0x114 src/rtc.o
 .debug_frame   0x00000000000017ec      0x3a8 src/si5351.o
 .debug_frame   0x0000000000001b94       0x54 src/slpctrl.o
 .debug_frame   0x0000000000001be8       0xb4 src/tca.o
 .debug_frame   0x0000000000001c9c      0x100 src/tcb.o
 .debug_frame   0x0000000000001d9c      0x114 src/receiver.o
 .debug_frame   0x0000000000001eb0      0x124 src/util.o

.debug_str      0x0000000000000000     0x658c
 *(.debug_str)
 .debug_str     0x0000000000000000     0x1320 C:/Program Files (x86)/Atmel/Studio/7.0/Packs/atmel/AVR-Dx_DFP/1.9.103/gcc/dev/avr128da48/avrxmega4/crtavr128da48.o
 .debug_str     0x0000000000001320      0x1e9 atmel_start.o
                                        0x222 (size before relaxing)
 .debug_str     0x0000000000001509     0x23a5 main.o
                                       0x28cb (size before relaxing)
 .debug_str     0x00000000000038ae      0x7a5 src/adc.o
                                        0xd3c (size before relaxing)
 .debug_str     0x0000000000004053      0x2e8 src/binio.o
                                        0x6ac (size before relaxing)
 .debug_str     0x000000000000433b       0x80 src/bod.o
                                        0x2d1 (size before relaxing)
 .debug_str     0x00000000000043bb       0x73 src/CircularStringBuff.o
                                        0x516 (size before relaxing)
 .debug_str     0x000000000000442e      0x206 src/clkctrl.o
                                        0x455 (size before relaxing)
 .debug_str     0x0000000000004634       0x1e src/cpuint.o
                                        0x221 (size before relaxing)
 .debug_str     0x0000000000004652       0x6c src/dac0.o
                                        0x4bf (size before relaxing)
 .debug_str     0x00000000000046be      0x429 src/display.o
                                        0xa42 (size before relaxing)
 .debug_str     0x0000000000004ae7       0x8a src/driver_init.o
                                        0x3e7 (size before relaxing)
 .debug_str     0x0000000000004b71      0x4c6 src/eeprommanager.o
                                       0x12a6 (size before relaxing)
 .debug_str     0x0000000000005037       0xd2 src/Goertzel.o
                                        0x43c (size before relaxing)
 .debug_str     0x0000000000005109      0x318 src/i2c.o
                                        0x66e (size before relaxing)
 .debug_str     0x0000000000005421      0x1bf src/leds.o
                                        0xa6c (size before relaxing)
 .debug_str     0x00000000000055e0       0xdd src/rtc.o
                                        0xf06 (size before relaxing)
 .debug_str     0x00000000000056bd      0x6c8 src/si5351.o
                                        0xd0a (size before relaxing)
 .debug_str     0x0000000000005d85       0x71 src/slpctrl.o
                                        0x2e5 (size before relaxing)
 .debug_str     0x0000000000005df6      0x2fc src/tca.o
                                        0x7ac (size before relaxing)
 .debug_str     0x00000000000060f2      0x12c src/tcb.o
                                        0x40b (size before relaxing)
 .debug_str     0x000000000000621e      0x206 src/receiver.o
                                        0x909 (size before relaxing)
 .debug_str     0x0000000000006424      0x168 src/util.o
                                        0x3fe (size before relaxing)

.debug_loc      0x0000000000000000     0x41d2
 *(.debug_loc)
 .debug_loc     0x0000000000000000       0x3b atmel_start.o
 .debug_loc     0x000000000000003b      0x8c1 main.o
 .debug_loc     0x00000000000008fc      0x31e src/adc.o
 .debug_loc     0x0000000000000c1a      0x5d2 src/binio.o
 .debug_loc     0x00000000000011ec       0x3b src/bod.o
 .debug_loc     0x0000000000001227      0x450 src/CircularStringBuff.o
 .debug_loc     0x0000000000001677       0x83 src/clkctrl.o
 .debug_loc     0x00000000000016fa       0x3b src/cpuint.o
 .debug_loc     0x0000000000001735       0xbe src/dac0.o
 .debug_loc     0x00000000000017f3      0x551 src/display.o
 .debug_loc     0x0000000000001d44      0x26e src/driver_init.o
 .debug_loc     0x0000000000001fb2      0x334 src/eeprommanager.o
 .debug_loc     0x00000000000022e6      0x388 src/Goertzel.o
 .debug_loc     0x000000000000266e      0x3e5 src/i2c.o
 .debug_loc     0x0000000000002a53      0x534 src/leds.o
 .debug_loc     0x0000000000002f87      0x20a src/rtc.o
 .debug_loc     0x0000000000003191      0x7e6 src/si5351.o
 .debug_loc     0x0000000000003977       0x83 src/slpctrl.o
 .debug_loc     0x00000000000039fa      0x14c src/tca.o
 .debug_loc     0x0000000000003b46      0x204 src/tcb.o
 .debug_loc     0x0000000000003d4a      0x20c src/receiver.o
 .debug_loc     0x0000000000003f56      0x27c src/util.o

.debug_macinfo
 *(.debug_macinfo)

.debug_weaknames
 *(.debug_weaknames)

.debug_funcnames
 *(.debug_funcnames)

.debug_typenames
 *(.debug_typenames)

.debug_varnames
 *(.debug_varnames)

.debug_pubtypes
 *(.debug_pubtypes)

.debug_ranges   0x0000000000000000      0x798
 *(.debug_ranges)
 .debug_ranges  0x0000000000000000       0x10 atmel_start.o
 .debug_ranges  0x0000000000000010       0xd8 main.o
 .debug_ranges  0x00000000000000e8       0x68 src/adc.o
 .debug_ranges  0x0000000000000150       0xb8 src/binio.o
 .debug_ranges  0x0000000000000208       0x10 src/bod.o
 .debug_ranges  0x0000000000000218       0x80 src/CircularStringBuff.o
 .debug_ranges  0x0000000000000298       0x18 src/clkctrl.o
 .debug_ranges  0x00000000000002b0       0x10 src/cpuint.o
 .debug_ranges  0x00000000000002c0       0x20 src/dac0.o
 .debug_ranges  0x00000000000002e0       0xa0 src/display.o
 .debug_ranges  0x0000000000000380       0x50 src/driver_init.o
 .debug_ranges  0x00000000000003d0       0x58 src/eeprommanager.o
 .debug_ranges  0x0000000000000428       0x50 src/Goertzel.o
 .debug_ranges  0x0000000000000478       0x80 src/i2c.o
 .debug_ranges  0x00000000000004f8       0x88 src/leds.o
 .debug_ranges  0x0000000000000580       0x48 src/rtc.o
 .debug_ranges  0x00000000000005c8       0xd8 src/si5351.o
 .debug_ranges  0x00000000000006a0       0x18 src/slpctrl.o
 .debug_ranges  0x00000000000006b8       0x30 src/tca.o
 .debug_ranges  0x00000000000006e8       0x30 src/tcb.o
 .debug_ranges  0x0000000000000718       0x48 src/receiver.o
 .debug_ranges  0x0000000000000760       0x38 src/util.o

.debug_macro
 *(.debug_macro)
OUTPUT(SignalSnagger.elf elf32-avr)
LOAD linker stubs
