Archive member included to satisfy reference by file (symbol)

c:/program files (x86)/atmel/studio/7.0/toolchain/avr8/avr8-gnu-toolchain/bin/../lib/gcc/avr/7.3.0/../../../../avr/lib/avrxmega4\libm.a(addsf3.o)
                              src/Goertzel.o (__subsf3)
c:/program files (x86)/atmel/studio/7.0/toolchain/avr8/avr8-gnu-toolchain/bin/../lib/gcc/avr/7.3.0/../../../../avr/lib/avrxmega4\libm.a(addsf3x.o)
                              c:/program files (x86)/atmel/studio/7.0/toolchain/avr8/avr8-gnu-toolchain/bin/../lib/gcc/avr/7.3.0/../../../../avr/lib/avrxmega4\libm.a(addsf3.o) (__addsf3x)
c:/program files (x86)/atmel/studio/7.0/toolchain/avr8/avr8-gnu-toolchain/bin/../lib/gcc/avr/7.3.0/../../../../avr/lib/avrxmega4\libm.a(ceil.o)
                              src/util.o (ceil)
c:/program files (x86)/atmel/studio/7.0/toolchain/avr8/avr8-gnu-toolchain/bin/../lib/gcc/avr/7.3.0/../../../../avr/lib/avrxmega4\libm.a(cmpsf2.o)
                              src/Goertzel.o (__ltsf2)
c:/program files (x86)/atmel/studio/7.0/toolchain/avr8/avr8-gnu-toolchain/bin/../lib/gcc/avr/7.3.0/../../../../avr/lib/avrxmega4\libm.a(cos.o)
                              src/Goertzel.o (cos)
c:/program files (x86)/atmel/studio/7.0/toolchain/avr8/avr8-gnu-toolchain/bin/../lib/gcc/avr/7.3.0/../../../../avr/lib/avrxmega4\libm.a(divsf3.o)
                              main.o (__divsf3)
c:/program files (x86)/atmel/studio/7.0/toolchain/avr8/avr8-gnu-toolchain/bin/../lib/gcc/avr/7.3.0/../../../../avr/lib/avrxmega4\libm.a(divsf3x.o)
                              c:/program files (x86)/atmel/studio/7.0/toolchain/avr8/avr8-gnu-toolchain/bin/../lib/gcc/avr/7.3.0/../../../../avr/lib/avrxmega4\libm.a(divsf3.o) (__divsf3x)
c:/program files (x86)/atmel/studio/7.0/toolchain/avr8/avr8-gnu-toolchain/bin/../lib/gcc/avr/7.3.0/../../../../avr/lib/avrxmega4\libm.a(fixsfsi.o)
                              src/Goertzel.o (__fixsfsi)
c:/program files (x86)/atmel/studio/7.0/toolchain/avr8/avr8-gnu-toolchain/bin/../lib/gcc/avr/7.3.0/../../../../avr/lib/avrxmega4\libm.a(fixunssfsi.o)
                              src/util.o (__fixunssfsi)
c:/program files (x86)/atmel/studio/7.0/toolchain/avr8/avr8-gnu-toolchain/bin/../lib/gcc/avr/7.3.0/../../../../avr/lib/avrxmega4\libm.a(floatsisf.o)
                              main.o (__floatunsisf)
c:/program files (x86)/atmel/studio/7.0/toolchain/avr8/avr8-gnu-toolchain/bin/../lib/gcc/avr/7.3.0/../../../../avr/lib/avrxmega4\libm.a(fp_cmp.o)
                              c:/program files (x86)/atmel/studio/7.0/toolchain/avr8/avr8-gnu-toolchain/bin/../lib/gcc/avr/7.3.0/../../../../avr/lib/avrxmega4\libm.a(cmpsf2.o) (__fp_cmp)
c:/program files (x86)/atmel/studio/7.0/toolchain/avr8/avr8-gnu-toolchain/bin/../lib/gcc/avr/7.3.0/../../../../avr/lib/avrxmega4\libm.a(fp_inf.o)
                              c:/program files (x86)/atmel/studio/7.0/toolchain/avr8/avr8-gnu-toolchain/bin/../lib/gcc/avr/7.3.0/../../../../avr/lib/avrxmega4\libm.a(addsf3x.o) (__fp_inf)
c:/program files (x86)/atmel/studio/7.0/toolchain/avr8/avr8-gnu-toolchain/bin/../lib/gcc/avr/7.3.0/../../../../avr/lib/avrxmega4\libm.a(fp_mintl.o)
                              c:/program files (x86)/atmel/studio/7.0/toolchain/avr8/avr8-gnu-toolchain/bin/../lib/gcc/avr/7.3.0/../../../../avr/lib/avrxmega4\libm.a(ceil.o) (__fp_mintl)
c:/program files (x86)/atmel/studio/7.0/toolchain/avr8/avr8-gnu-toolchain/bin/../lib/gcc/avr/7.3.0/../../../../avr/lib/avrxmega4\libm.a(fp_mpack.o)
                              c:/program files (x86)/atmel/studio/7.0/toolchain/avr8/avr8-gnu-toolchain/bin/../lib/gcc/avr/7.3.0/../../../../avr/lib/avrxmega4\libm.a(ceil.o) (__fp_mpack)
c:/program files (x86)/atmel/studio/7.0/toolchain/avr8/avr8-gnu-toolchain/bin/../lib/gcc/avr/7.3.0/../../../../avr/lib/avrxmega4\libm.a(fp_nan.o)
                              c:/program files (x86)/atmel/studio/7.0/toolchain/avr8/avr8-gnu-toolchain/bin/../lib/gcc/avr/7.3.0/../../../../avr/lib/avrxmega4\libm.a(addsf3x.o) (__fp_nan)
c:/program files (x86)/atmel/studio/7.0/toolchain/avr8/avr8-gnu-toolchain/bin/../lib/gcc/avr/7.3.0/../../../../avr/lib/avrxmega4\libm.a(fp_pscA.o)
                              c:/program files (x86)/atmel/studio/7.0/toolchain/avr8/avr8-gnu-toolchain/bin/../lib/gcc/avr/7.3.0/../../../../avr/lib/avrxmega4\libm.a(addsf3x.o) (__fp_pscA)
c:/program files (x86)/atmel/studio/7.0/toolchain/avr8/avr8-gnu-toolchain/bin/../lib/gcc/avr/7.3.0/../../../../avr/lib/avrxmega4\libm.a(fp_pscB.o)
                              c:/program files (x86)/atmel/studio/7.0/toolchain/avr8/avr8-gnu-toolchain/bin/../lib/gcc/avr/7.3.0/../../../../avr/lib/avrxmega4\libm.a(addsf3x.o) (__fp_pscB)
c:/program files (x86)/atmel/studio/7.0/toolchain/avr8/avr8-gnu-toolchain/bin/../lib/gcc/avr/7.3.0/../../../../avr/lib/avrxmega4\libm.a(fp_rempio2.o)
[...]
Memory Configuration

Name             Origin             Length             Attributes
text             0x0000000000000000 0x0000000000020000 xr
data             0x0000000000804000 0x0000000000004000 rw !x
eeprom           0x0000000000810000 0x0000000000000200 rw !x
fuse             0x0000000000820000 0x0000000000000010 rw !x
lock             0x0000000000830000 0x0000000000000400 rw !x
signature        0x0000000000840000 0x0000000000000400 rw !x
user_signatures  0x0000000000850000 0x0000000000000400 rw !x
*default*        0x0000000000000000 0xffffffffffffffff

Linker script and memory map

Address of section .data set to 0x804000
                0x0000000000008000                __RODATA_PM_OFFSET__ = 0x8000
LOAD C:/Program Files (x86)/Atmel/Studio/7.0/Packs/atmel/AVR-Dx_DFP/1.9.103/gcc/dev/avr128da48/avrxmega4/crtavr128da48.o
LOAD atmel_start.o
LOAD main.o
LOAD src/adc.o
LOAD src/binio.o
LOAD src/bod.o
LOAD src/CircularStringBuff.o
LOAD src/clkctrl.o
LOAD src/cpuint.o
LOAD src/dac0.o
LOAD src/display.o
LOAD src/driver_init.o
LOAD src/eeprommanager.o
LOAD src/Goertzel.o
LOAD src/i2c.o
LOAD src/leds.o
LOAD src/morse.o
LOAD src/protected_io.o
LOAD src/rtc.o
LOAD src/si5351.o
LOAD src/slpctrl.o
LOAD src/tca.o
LOAD src/tcb.o
LOAD src/receiver.o
LOAD src/util.o
START GROUP
LOAD c:/program files (x86)/atmel/studio/7.0/toolchain/avr8/avr8-gnu-toolchain/bin/../lib/gcc/avr/7.3.0/../../../../avr/lib/avrxmega4\libm.a
END GROUP
LOAD c:/program files (x86)/atmel/studio/7.0/toolchain/avr8/avr8-gnu-toolchain/bin/../lib/gcc/avr/7.3.0/avrxmega4\libgcc.a
LOAD c:/program files (x86)/atmel/studio/7.0/toolchain/avr8/avr8-gnu-toolchain/bin/../lib/gcc/avr/7.3.0/../../../../avr/lib/avrxmega4\libm.a
START GROUP
LOAD c:/program files (x86)/atmel/studio/7.0/toolchain/avr8/avr8-gnu-toolchain/bin/../lib/gcc/avr/7.3.0/avrxmega4\libgcc.a
LOAD c:/program files (x86)/atmel/studio/7.0/toolchain/avr8/avr8-gnu-toolchain/bin/../lib/gcc/avr/7.3.0/../../../../avr/lib/avrxmega4\libm.a
LOAD c:/program files (x86)/atmel/studio/7.0/toolchain/avr8/avr8-gnu-toolchain/bin/../lib/gcc/avr/7.3.0/../../../../avr/lib/avrxmega4\libc.a
LOAD C:/Program Files (x86)/Atmel/Studio/7.0/Packs/atmel/AVR-Dx_DFP/1.9.103/gcc/dev/avr128da48/avrxmega4\libavr128da48.a
END GROUP
                [0x0000000000000000]                __TEXT_REGION_ORIGIN__ = DEFINED (__TEXT_REGION_ORIGIN__)?__TEXT_REGION_ORIGIN__:0x0
                [0x0000000000804000]                __DATA_REGION_ORIGIN__ = DEFINED (__DATA_REGION_ORIGIN__)?__DATA_REGION_ORIGIN__:0x802000
                [0x0000000000020000]                __TEXT_REGION_LENGTH__ = DEFINED (__TEXT_REGION_LENGTH__)?__TEXT_REGION_LENGTH__:0x100000
                [0x0000000000004000]                __DATA_REGION_LENGTH__ = DEFINED (__DATA_REGION_LENGTH__)?__DATA_REGION_LENGTH__:0xffa0
                [0x0000000000000200]                __EEPROM_REGION_LENGTH__ = DEFINED (__EEPROM_REGION_LENGTH__)?__EEPROM_REGION_LENGTH__:0x10000
                [0x0000000000000010]                __FUSE_REGION_LENGTH__ = DEFINED (__FUSE_REGION_LENGTH__)?__FUSE_REGION_LENGTH__:0x400
                0x0000000000000400                __LOCK_REGION_LENGTH__ = DEFINED (__LOCK_REGION_LENGTH__)?__LOCK_REGION_LENGTH__:0x400
                0x0000000000000400                __SIGNATURE_REGION_LENGTH__ = DEFINED (__SIGNATURE_REGION_LENGTH__)?__SIGNATURE_REGION_LENGTH__:0x400
                0x0000000000000400                __USER_SIGNATURE_REGION_LENGTH__ = DEFINED (__USER_SIGNATURE_REGION_LENGTH__)?__USER_SIGNATURE_REGION_LENGTH__:0x400

.hash
 *(.hash)

.dynsym
 *(.dynsym)

.dynstr
 *(.dynstr)

.gnu.version
 *(.gnu.version)

.gnu.version_d
 *(.gnu.version_d)

.gnu.version_r
 *(.gnu.version_r)

.rel.init
 *(.rel.init)

.rela.init
 *(.rela.init)

.rel.text
 *(.rel.text)
 *(.rel.text.*)
 *(.rel.gnu.linkonce.t*)

.rela.text
 *(.rela.text)
 *(.rela.text.*)
 *(.rela.gnu.linkonce.t*)

.rel.fini
 *(.rel.fini)

.rela.fini
 *(.rela.fini)

.rel.rodata
 *(.rel.rodata)
 *(.rel.rodata.*)
 *(.rel.gnu.linkonce.r*)

.rela.rodata
 *(.rela.rodata)
 *(.rela.rodata.*)
 *(.rela.gnu.linkonce.r*)

.rel.data
 *(.rel.data)
 *(.rel.data.*)
 *(.rel.gnu.linkonce.d*)

.rela.data
 *(.rela.data)
 *(.rela.data.*)
 *(.rela.gnu.linkonce.d*)

.rel.ctors
 *(.rel.ctors)

.rela.ctors
 *(.rela.ctors)

.rel.dtors
 *(.rel.dtors)

.rela.dtors
 *(.rela.dtors)

.rel.got
 *(.rel.got)

.rela.got
 *(.rela.got)

.rel.bss
 *(.rel.bss)

.rela.bss
 *(.rela.bss)

.rel.plt
 *(.rel.plt)

.rela.plt
 *(.rela.plt)

.text           0x0000000000000000     0x6d7a
 *(.vectors)
 .vectors       0x0000000000000000       0xe8 C:/Program Files (x86)/Atmel/Studio/7.0/Packs/atmel/AVR-Dx_DFP/1.9.103/gcc/dev/avr128da48/avrxmega4/crtavr128da48.o
                0x0000000000000000                __vector_default
                0x0000000000000000                __vectors
 *(.vectors)
 *(.progmem.gcc*)
                0x00000000000000e8                . = ALIGN (0x2)
                0x00000000000000e8                __trampolines_start = .
 *(.trampolines)
 .trampolines   0x00000000000000e8        0x0 linker stubs
 *(.trampolines*)
                0x00000000000000e8                __trampolines_end = .
 *libprintf_flt.a:*(.progmem.data)
 *libc.a:*(.progmem.data)
 *(.progmem*)
                0x00000000000000e8                . = ALIGN (0x2)
 *(.jumptables)
 *(.jumptables*)
 *(.lowtext)
 *(.lowtext*)
                0x00000000000000e8                __ctors_start = .
 *(.ctors)
 .ctors         0x00000000000000e8        0x2 main.o
 .ctors         0x00000000000000ea        0x2 src/adc.o
                0x00000000000000ec                __ctors_end = .
                0x00000000000000ec                __dtors_start = .
 *(.dtors)
 .dtors         0x00000000000000ec        0x2 main.o
 .dtors         0x00000000000000ee        0x2 src/adc.o
                0x00000000000000f0                __dtors_end = .
 SORT(*)(.ctors)
 SORT(*)(.dtors)
 *(.init0)
 .init0         0x00000000000000f0        0x0 C:/Program Files (x86)/Atmel/Studio/7.0/Packs/atmel/AVR-Dx_DFP/1.9.103/gcc/dev/avr128da48/avrxmega4/crtavr128da48.o
                0x00000000000000f0                __init
 *(.init0)
 *(.init1)
 *(.init1)
 *(.init2)
 .init2         0x00000000000000f0        0xc C:/Program Files (x86)/Atmel/Studio/7.0/Packs/atmel/AVR-Dx_DFP/1.9.103/gcc/dev/avr128da48/avrxmega4/crtavr128da48.o
 *(.init2)
 *(.init3)
 *(.init3)
 *(.init4)
 .init4         0x00000000000000fc       0x1a c:/program files (x86)/atmel/studio/7.0/toolchain/avr8/avr8-gnu-toolchain/bin/../lib/gcc/avr/7.3.0/avrxmega4\libgcc.a(_copy_data.o)
                0x00000000000000fc                __do_copy_data
 .init4         0x0000000000000116       0x10 c:/program files (x86)/atmel/studio/7.0/toolchain/avr8/avr8-gnu-toolchain/bin/../lib/gcc/avr/7.3.0/avrxmega4\libgcc.a(_clear_bss.o)
                0x0000000000000116                __do_clear_bss
 *(.init4)
 *(.init5)
 *(.init5)
 *(.init6)
 .init6         0x0000000000000126       0x16 c:/program files (x86)/atmel/studio/7.0/toolchain/avr8/avr8-gnu-toolchain/bin/../lib/gcc/avr/7.3.0/avrxmega4\libgcc.a(_ctors.o)
                0x0000000000000126                __do_global_ctors
 *(.init6)
 *(.init7)
 *(.init7)
 *(.init8)
 *(.init8)
 *(.init9)
 .init9         0x000000000000013c        0x8 C:/Program Files (x86)/Atmel/Studio/7.0/Packs/atmel/AVR-Dx_DFP/1.9.103/gcc/dev/avr128da48/avrxmega4/crtavr128da48.o
 *(.init9)
 *(.text)
 .text          0x0000000000000144        0x4 C:/Program Files (x86)/Atmel/Studio/7.0/Packs/atmel/AVR-Dx_DFP/1.9.103/gcc/dev/avr128da48/avrxmega4/crtavr128da48.o
                0x0000000000000144                __vector_38
                0x0000000000000144                __vector_22
                0x0000000000000144                __vector_28
                0x0000000000000144                __vector_1
                0x0000000000000144                __vector_32
                0x0000000000000144                __vector_55
                0x0000000000000144                __vector_46
                0x0000000000000144                __bad_interrupt
                0x0000000000000144                __vector_31
                0x0000000000000144                __vector_35
                0x0000000000000144                __vector_39
                0x0000000000000144                __vector_23
                0x0000000000000144                __vector_45
                0x0000000000000144                __vector_25
                0x0000000000000144                __vector_11
                0x0000000000000144                __vector_54
                0x0000000000000144                __vector_17
                0x0000000000000144                __vector_19
                0x0000000000000144                __vector_56
                0x0000000000000144                __vector_7
                0x0000000000000144                __vector_49
                0x0000000000000144                __vector_43
                0x0000000000000144                __vector_27
                0x0000000000000144                __vector_5
                0x0000000000000144                __vector_33
                0x0000000000000144                __vector_47
                0x0000000000000144                __vector_52
                0x0000000000000144                __vector_37
                0x0000000000000144                __vector_4
                0x0000000000000144                __vector_44
                0x0000000000000144                __vector_51
                0x0000000000000144                __vector_9
                0x0000000000000144                __vector_2
                0x0000000000000144                __vector_21
                0x0000000000000144                __vector_15
                0x0000000000000144                __vector_36
                0x0000000000000144                __vector_29
                0x0000000000000144                __vector_40
                0x0000000000000144                __vector_8
                0x0000000000000144                __vector_26
                0x0000000000000144                __vector_48
                0x0000000000000144                __vector_14
                0x0000000000000144                __vector_57
                0x0000000000000144                __vector_53
                0x0000000000000144                __vector_10
                0x0000000000000144                __vector_50
                0x0000000000000144                __vector_16
                0x0000000000000144                __vector_18
                0x0000000000000144                __vector_20
                0x0000000000000144                __vector_42
 .text          0x0000000000000148       0x18 c:/program files (x86)/atmel/studio/7.0/toolchain/avr8/avr8-gnu-toolchain/bin/../lib/gcc/avr/7.3.0/../../../../avr/lib/avrxmega4\libc.a(set_system_time.o)
                0x0000000000000148                set_system_time
 .text          0x0000000000000160       0x26 c:/program files (x86)/atmel/studio/7.0/toolchain/avr8/avr8-gnu-toolchain/bin/../lib/gcc/avr/7.3.0/../../../../avr/lib/avrxmega4\libc.a(time.o)
                0x0000000000000160                time
 .text          0x0000000000000186       0x38 c:/program files (x86)/atmel/studio/7.0/toolchain/avr8/avr8-gnu-toolchain/bin/../lib/gcc/avr/7.3.0/../../../../avr/lib/avrxmega4\libc.a(system_tick.o)
                0x0000000000000186                system_tick
                0x00000000000001be                . = ALIGN (0x2)
 *(.text.*)
 .text.atmel_start_init
                0x00000000000001be       0x14 atmel_start.o
                0x00000000000001be                atmel_start_init
 .text.PORTA_set_pin_level
                0x00000000000001d2       0x78 main.o
 .text.__vector_3
                0x000000000000024a       0xfe main.o
                0x000000000000024a                __vector_3
 .text.__vector_12
                0x0000000000000348      0x95e main.o
                0x0000000000000348                __vector_12
 .text.__vector_6
                0x0000000000000ca6       0x56 main.o
                0x0000000000000ca6                __vector_6
 .text.__vector_34
                0x0000000000000cfc      0x124 main.o
                0x0000000000000cfc                __vector_34
 .text._Z11powerDown5Vv
                0x0000000000000e20       0x18 main.o
                0x0000000000000e20                _Z11powerDown5Vv
 .text._Z9powerUp5Vv
                0x0000000000000e38       0x18 main.o
                0x0000000000000e38                _Z9powerUp5Vv
 .text.main     0x0000000000000e50      0x918 main.o
                0x0000000000000e50                main
 .text._Z41__static_initialization_and_destruction_0ii
                0x0000000000001768       0x7e main.o
 .text._GLOBAL__sub_I_g_seconds_transition
                0x00000000000017e6       0x1a main.o
 .text._GLOBAL__sub_D_g_seconds_transition
                0x0000000000001800       0x1a main.o
 .text._Z18ADC0_setADCChannel20ADC_Active_Channel_t
                0x000000000000181a      0x142 src/adc.o
                0x000000000000181a                _Z18ADC0_setADCChannel20ADC_Active_Channel_t
 .text._Z20ADC0_startConversionv
                0x000000000000195c       0x2e src/adc.o
                0x000000000000195c                _Z20ADC0_startConversionv
 .text._Z19ADC0_conversionDonev
                0x000000000000198a       0x28 src/adc.o
                0x000000000000198a                _Z19ADC0_conversionDonev
 .text._Z9ADC0_readv
                0x00000000000019b2       0x18 src/adc.o
                0x00000000000019b2                _Z9ADC0_readv
 .text._ZL9PORT_initv
                0x00000000000019ca       0xe8 src/adc.o
 .text._ZL10VREF0_initv
                0x0000000000001ab2       0x1a src/adc.o
 .text._ZL9ADC0_initb
                0x0000000000001acc       0x70 src/adc.o
 .text._ZL16ADC0_SYSTEM_initb
                0x0000000000001b3c       0x24 src/adc.o
 .text._ZL20ADC0_SYSTEM_shutdownv
                0x0000000000001b60       0x28 src/adc.o
 .text.__vector_24
                0x0000000000001b88       0x82 src/adc.o
                0x0000000000001b88                __vector_24
 .text._Z41__static_initialization_and_destruction_0ii
                0x0000000000001c0a       0x6a src/adc.o
 .text._GLOBAL__sub_I_g_adcVal
                0x0000000000001c74       0x1a src/adc.o
 .text._GLOBAL__sub_D_g_adcVal
                0x0000000000001c8e       0x1a src/adc.o
 .text.PORTA_set_pin_pull_mode
                0x0000000000001ca8       0x6a src/binio.o
 .text.PORTA_set_pin_dir
                0x0000000000001d12       0xb0 src/binio.o
 .text.PORTA_set_pin_level
                0x0000000000001dc2       0x78 src/binio.o
 .text.PORTA_get_port_level
                0x0000000000001e3a       0x16 src/binio.o
 .text.PORTB_set_pin_dir
                0x0000000000001e50       0xb0 src/binio.o
 .text.PORTB_set_pin_level
                0x0000000000001f00       0x78 src/binio.o
 .text.PORTC_set_pin_pull_mode
                0x0000000000001f78       0x6a src/binio.o
 .text.PORTC_set_pin_dir
                0x0000000000001fe2       0xb0 src/binio.o
 .text.PORTC_set_pin_level
                0x0000000000002092       0x78 src/binio.o
 .text.PORTE_set_pin_dir
                0x000000000000210a       0xb0 src/binio.o
 .text.PORTE_set_pin_level
                0x00000000000021ba       0x78 src/binio.o
 .text.PORTF_set_pin_pull_mode
                0x0000000000002232       0x6a src/binio.o
 .text.PORTF_set_pin_dir
                0x000000000000229c       0xb0 src/binio.o
 .text.PORTF_set_pin_level
                0x000000000000234c       0x78 src/binio.o
 .text.PORTF_get_port_level
                0x00000000000023c4       0x16 src/binio.o
 .text._Z8debouncev
                0x00000000000023da       0x98 src/binio.o
                0x00000000000023da                _Z8debouncev
 .text._Z18portAdebouncedValsv
                0x0000000000002472       0x12 src/binio.o
                0x0000000000002472                _Z18portAdebouncedValsv
 .text._Z10BINIO_initv
                0x0000000000002484      0x1be src/binio.o
                0x0000000000002484                _Z10BINIO_initv
 .text._Z11BINIO_sleepv
                0x0000000000002642      0x18c src/binio.o
                0x0000000000002642                _Z11BINIO_sleepv
 .text.BOD_init
                0x00000000000027ce       0x18 src/bod.o
                0x00000000000027ce                BOD_init
 .text._ZN18CircularStringBuffC2Ej
                0x00000000000027e6       0x68 src/CircularStringBuff.o
                0x00000000000027e6                _ZN18CircularStringBuffC1Ej
                0x00000000000027e6                _ZN18CircularStringBuffC2Ej
 .text._ZN18CircularStringBuffD2Ev
                0x000000000000284e       0x28 src/CircularStringBuff.o
                0x000000000000284e                _ZN18CircularStringBuffD2Ev
                0x000000000000284e                _ZN18CircularStringBuffD1Ev
 .text._ZN18CircularStringBuff5resetEv
                0x0000000000002876       0x3e src/CircularStringBuff.o
                0x0000000000002876                _ZN18CircularStringBuff5resetEv
 .text._ZNK18CircularStringBuff5emptyEv
                0x00000000000028b4       0x48 src/CircularStringBuff.o
                0x00000000000028b4                _ZNK18CircularStringBuff5emptyEv
 .text._ZNK18CircularStringBuff8capacityEv
                0x00000000000028fc       0x22 src/CircularStringBuff.o
                0x00000000000028fc                _ZNK18CircularStringBuff8capacityEv
 .text._ZNK18CircularStringBuff4sizeEv
                0x000000000000291e       0xa4 src/CircularStringBuff.o
                0x000000000000291e                _ZNK18CircularStringBuff4sizeEv
 .text._ZNK18CircularStringBuff9remainingEv
                0x00000000000029c2       0x5a src/CircularStringBuff.o
                0x00000000000029c2                _ZNK18CircularStringBuff9remainingEv
 .text._ZN18CircularStringBuff3putEc
                0x0000000000002a1c       0xc8 src/CircularStringBuff.o
                0x0000000000002a1c                _ZN18CircularStringBuff3putEc
 .text._ZN18CircularStringBuff3getEv
                0x0000000000002ae4       0x80 src/CircularStringBuff.o
                0x0000000000002ae4                _ZN18CircularStringBuff3getEv
 .text._ZN18CircularStringBuff9putStringEPc
                0x0000000000002b64       0xc6 src/CircularStringBuff.o
                0x0000000000002b64                _ZN18CircularStringBuff9putStringEPc
 .text._ZN18CircularStringBuff9getStringEPcPj
                0x0000000000002c2a       0xa6 src/CircularStringBuff.o
                0x0000000000002c2a                _ZN18CircularStringBuff9getStringEPcPj
 .text.ccp_write_io
                0x0000000000002cd0       0x2c src/clkctrl.o
 .text.CLKCTRL_init
                0x0000000000002cfc       0x24 src/clkctrl.o
                0x0000000000002cfc                CLKCTRL_init
 .text.CPUINT_init
                0x0000000000002d20       0x12 src/cpuint.o
                0x0000000000002d20                CPUINT_init
 .text._ZL9VREF_initv
                0x0000000000002d32       0x1a src/dac0.o
 .text._Z9DAC0_initv
                0x0000000000002d4c       0x54 src/dac0.o
                0x0000000000002d4c                _Z9DAC0_initv
 .text.PORTB_set_pin_level
                0x0000000000002da0       0x78 src/display.o
 .text._ZN7DisplayC2Ev
                0x0000000000002e18       0x32 src/display.o
                0x0000000000002e18                _ZN7DisplayC2Ev
                0x0000000000002e18                _ZN7DisplayC1Ev
 .text._ZN7Display5beginE9display_t
                0x0000000000002e4a       0xd6 src/display.o
                0x0000000000002e4a                _ZN7Display5beginE9display_t
 .text._ZN7Display5resetEv
                0x0000000000002f20       0x4e src/display.o
                0x0000000000002f20                _ZN7Display5resetEv
 .text._ZN7Display4initEv
                0x0000000000002f6e       0xfa src/display.o
                0x0000000000002f6e                _ZN7Display4initEv
 .text._ZN7Display3clsEv
                0x0000000000003068       0x24 src/display.o
                0x0000000000003068                _ZN7Display3clsEv
 .text._ZN7Display6locateEhh
                0x000000000000308c       0x48 src/display.o
                0x000000000000308c                _ZN7Display6locateEhh
 .text._ZN7Display5writeEh
                0x00000000000030d4       0x2c src/display.o
                0x00000000000030d4                _ZN7Display5writeEh
 .text._ZN7Display5writeEPhj
                0x0000000000003100       0x3c src/display.o
                0x0000000000003100                _ZN7Display5writeEPhj
 .text._ZN7Display11sendCommandEh
                0x000000000000313c       0x44 src/display.o
                0x000000000000313c                _ZN7Display11sendCommandEh
 .text._ZN7Display8sendDataEh
                0x0000000000003180       0x44 src/display.o
                0x0000000000003180                _ZN7Display8sendDataEh
 .text._ZN7Display10sendBufferEPhj
                0x00000000000031c4       0x44 src/display.o
                0x00000000000031c4                _ZN7Display10sendBufferEPhj
 .text._ZN7Display18display_write_bulkEhPhh
                0x0000000000003208       0x70 src/display.o
                0x0000000000003208                _ZN7Display18display_write_bulkEhPhh
 .text.PORTC_set_pin_dir
                0x0000000000003278       0xb0 src/driver_init.o
 .text.PORTC_set_pin_level
                0x0000000000003328       0x78 src/driver_init.o
 .text._ZL15LED_set_RED_dir8port_dir
                0x00000000000033a0       0x26 src/driver_init.o
 .text._ZL17LED_set_GREEN_dir8port_dir
                0x00000000000033c6       0x26 src/driver_init.o
 .text._ZL17LED_set_RED_levelb
                0x00000000000033ec       0x1e src/driver_init.o
 .text._ZL19LED_set_GREEN_levelb
                0x000000000000340a       0x1e src/driver_init.o
 .text.mcu_init
                0x0000000000003428       0x72 src/driver_init.o
                0x0000000000003428                mcu_init
 .text.system_init
                0x000000000000349a       0x34 src/driver_init.o
                0x000000000000349a                system_init
 .text.system_sleep_settings
                0x00000000000034ce       0x38 src/driver_init.o
                0x00000000000034ce                system_sleep_settings
 .text._ZN13EepromManagerC2Ev
                0x0000000000003506       0x1a src/eeprommanager.o
                0x0000000000003506                _ZN13EepromManagerC1Ev
                0x0000000000003506                _ZN13EepromManagerC2Ev
 .text._ZN13EepromManagerD2Ev
                0x0000000000003520       0x1a src/eeprommanager.o
                0x0000000000003520                _ZN13EepromManagerD1Ev
                0x0000000000003520                _ZN13EepromManagerD2Ev
 .text._ZN13EepromManager15updateEEPROMVarE8EE_var_tPv
                0x000000000000353a       0x26 src/eeprommanager.o
                0x000000000000353a                _ZN13EepromManager15updateEEPROMVarE8EE_var_tPv
 .text._ZN8GoertzelC2Eff
                0x0000000000003560      0x130 src/Goertzel.o
                0x0000000000003560                _ZN8GoertzelC1Eff
                0x0000000000003560                _ZN8GoertzelC2Eff
 .text._ZN8GoertzelD2Ev
                0x0000000000003690       0x26 src/Goertzel.o
                0x0000000000003690                _ZN8GoertzelD2Ev
                0x0000000000003690                _ZN8GoertzelD1Ev
 .text._ZN8Goertzel9DataPointEi
                0x00000000000036b6       0x92 src/Goertzel.o
                0x00000000000036b6                _ZN8Goertzel9DataPointEi
 .text.I2C_0_Init
                0x0000000000003748       0x62 src/i2c.o
                0x0000000000003748                I2C_0_Init
 .text._ZL11i2c_0_WaitWv
                0x00000000000037aa       0xbc src/i2c.o
 .text._ZL11i2c_0_WaitRv
                0x0000000000003866       0x82 src/i2c.o
 .text.I2C_0_SendData
                0x00000000000038e8       0xd0 src/i2c.o
                0x00000000000038e8                I2C_0_SendData
 .text.I2C_0_GetData
                0x00000000000039b8       0xfc src/i2c.o
                0x00000000000039b8                I2C_0_GetData
 .text.I2C_0_EndSession
                0x0000000000003ab4       0x1a src/i2c.o
                0x0000000000003ab4                I2C_0_EndSession
 .text.PORTC_set_pin_level
                0x0000000000003ace       0x78 src/leds.o
 .text._ZL17LED_set_RED_levelb
                0x0000000000003b46       0x1e src/leds.o
 .text._ZL19LED_set_GREEN_levelb
                0x0000000000003b64       0x1e src/leds.o
 .text._ZN4ledsC2Ev
                0x0000000000003b82       0x1a src/leds.o
                0x0000000000003b82                _ZN4ledsC2Ev
                0x0000000000003b82                _ZN4ledsC1Ev
 .text._ZN4ledsD2Ev
                0x0000000000003b9c       0x1a src/leds.o
                0x0000000000003b9c                _ZN4ledsD2Ev
                0x0000000000003b9c                _ZN4ledsD1Ev
 .text.__vector_41
                0x0000000000003bb6      0x302 src/leds.o
                0x0000000000003bb6                __vector_41
 .text._ZN4leds6activeEv
                0x0000000000003eb8       0x4a src/leds.o
                0x0000000000003eb8                _ZN4leds6activeEv
 .text._ZN4leds10deactivateEv
                0x0000000000003f02       0x5c src/leds.o
                0x0000000000003f02                _ZN4leds10deactivateEv
 .text._ZN4leds5resetEv
                0x0000000000003f5e       0x4e src/leds.o
                0x0000000000003f5e                _ZN4leds5resetEv
 .text._ZN4leds4initEv
                0x0000000000003fac       0x26 src/leds.o
                0x0000000000003fac                _ZN4leds4initEv
 .text._ZN4leds4initE7Blink_t
                0x0000000000003fd2       0x66 src/leds.o
                0x0000000000003fd2                _ZN4leds4initE7Blink_t
 .text._ZN4leds5blinkE7Blink_t
                0x0000000000004038       0x32 src/leds.o
                0x0000000000004038                _ZN4leds5blinkE7Blink_t
 .text._ZN4leds5blinkE7Blink_tb
                0x000000000000406a      0x4fc src/leds.o
                0x000000000000406a                _ZN4leds5blinkE7Blink_tb
 .text.protected_write_io
                0x0000000000004566        0xa src/protected_io.o
                0x0000000000004566                protected_write_io
 .text.ccp_write_io
                0x0000000000004570       0x2c src/rtc.o
 .text._Z8RTC_initj
                0x000000000000459c      0x122 src/rtc.o
                0x000000000000459c                _Z8RTC_initj
 .text._Z15RTC_init_backupv
                0x00000000000046be       0x18 src/rtc.o
                0x00000000000046be                _Z15RTC_init_backupv
 .text._Z15RTC_init_backupj
                0x00000000000046d6      0x130 src/rtc.o
                0x00000000000046d6                _Z15RTC_init_backupj
 .text._Z19RTC_set_calibrationj
                0x0000000000004806       0x50 src/rtc.o
                0x0000000000004806                _Z19RTC_set_calibrationj
 .text.si5351_init_for_quad
                0x0000000000004856      0x6f0 src/si5351.o
                0x0000000000004856                si5351_init_for_quad
 .text.si5351_set_quad_frequency
                0x0000000000004f46      0x364 src/si5351.o
                0x0000000000004f46                si5351_set_quad_frequency
 .text.si5351_init
                0x00000000000052aa      0x19e src/si5351.o
                0x00000000000052aa                si5351_init
 .text.si5351_get_frequency
                0x0000000000005448       0x36 src/si5351.o
                0x0000000000005448                si5351_get_frequency
 .text._Z16si5351_pll_reset10si5351_pll
                0x000000000000547e       0x7e src/si5351.o
                0x000000000000547e                _Z16si5351_pll_reset10si5351_pll
 .text.si5351_clock_enable
                0x00000000000054fc       0x9e src/si5351.o
                0x00000000000054fc                si5351_clock_enable
 .text.si5351_drive_strength
                0x000000000000559a       0xc2 src/si5351.o
                0x000000000000559a                si5351_drive_strength
 .text._Z13reduce_by_gcdPmS_
                0x000000000000565c      0x166 src/si5351.o
                0x000000000000565c                _Z13reduce_by_gcdPmS_
 .text._Z17si5351_write_bulkhPhh
                0x00000000000057c2       0x64 src/si5351.o
                0x00000000000057c2                _Z17si5351_write_bulkhPhh
 .text._Z16si5351_read_bulkhPhh
                0x0000000000005826       0x64 src/si5351.o
                0x0000000000005826                _Z16si5351_read_bulkhPhh
 .text._Z31set_multisynth_registers_source12si5351_clock10si5351_pll
                0x000000000000588a       0x82 src/si5351.o
                0x000000000000588a                _Z31set_multisynth_registers_source12si5351_clock10si5351_pll
 .text._Z16set_integer_mode12si5351_clockb
                0x000000000000590c       0x6c src/si5351.o
                0x000000000000590c                _Z16set_integer_mode12si5351_clockb
 .text._Z21si5351_set_CLK1_phaseh
                0x0000000000005978       0x58 src/si5351.o
                0x0000000000005978                _Z21si5351_set_CLK1_phaseh
 .text.si5351_get_status
                0x00000000000059d0       0x32 src/si5351.o
                0x00000000000059d0                si5351_get_status
 .text.SLPCTRL_init
                0x0000000000005a02       0x18 src/slpctrl.o
                0x0000000000005a02                SLPCTRL_init
 .text.SLPCTRL_set_sleep_mode
                0x0000000000005a1a       0x36 src/slpctrl.o
                0x0000000000005a1a                SLPCTRL_set_sleep_mode
 .text.PORTE_set_pin_dir
                0x0000000000005a50       0xb0 src/tca.o
 .text.TIMERA_init
                0x0000000000005b00       0xae src/tca.o
                0x0000000000005b00                TIMERA_init
 .text.setPWM   0x0000000000005bae       0xa0 src/tca.o
                0x0000000000005bae                setPWM
 .text.TIMERB_init
                0x0000000000005c4e       0xd4 src/tcb.o
                0x0000000000005c4e                TIMERB_init
 .text.util_delay_ms
                0x0000000000005d22      0x176 src/tcb.o
                0x0000000000005d22                util_delay_ms
 .text.__vector_30
                0x0000000000005e98       0xb0 src/tcb.o
                0x0000000000005e98                __vector_30
 .text.__vector_13
                0x0000000000005f48       0xb4 src/tcb.o
                0x0000000000005f48                __vector_13
 .text.TIMERB_sleep
                0x0000000000005ffc       0x50 src/tcb.o
                0x0000000000005ffc                TIMERB_sleep
 .text._Z13init_receiverm
                0x000000000000604c       0x3c src/receiver.o
                0x000000000000604c                _Z13init_receiverm
 .text._Z13init_receiverv
                0x0000000000006088      0x154 src/receiver.o
                0x0000000000006088                _Z13init_receiverv
 .text._Z15frequencyStringPcm
                0x00000000000061dc      0x12c src/util.o
                0x00000000000061dc                _Z15frequencyStringPcm
 .text.avr-libc.fplib
                0x0000000000006308        0xa c:/program files (x86)/atmel/studio/7.0/toolchain/avr8/avr8-gnu-toolchain/bin/../lib/gcc/avr/7.3.0/../../../../avr/lib/avrxmega4\libm.a(cmpsf2.o)
                0x0000000000006308                __nesf2
                0x0000000000006308                __eqsf2
                0x0000000000006308                __cmpsf2
                0x0000000000006308                __ltsf2
                0x0000000000006308                __lesf2
 .text.avr-libc.fplib
                0x0000000000006312        0xe c:/program files (x86)/atmel/studio/7.0/toolchain/avr8/avr8-gnu-toolchain/bin/../lib/gcc/avr/7.3.0/../../../../avr/lib/avrxmega4\libm.a(fixsfsi.o)
                0x0000000000006312                __fixsfsi
 .text.avr-libc.fplib
                0x0000000000006320       0x5e c:/program files (x86)/atmel/studio/7.0/toolchain/avr8/avr8-gnu-toolchain/bin/../lib/gcc/avr/7.3.0/../../../../avr/lib/avrxmega4\libm.a(fixunssfsi.o)
                0x0000000000006320                __fixunssfsi
 .text.avr-libc.fplib
                0x000000000000637e       0x7a c:/program files (x86)/atmel/studio/7.0/toolchain/avr8/avr8-gnu-toolchain/bin/../lib/gcc/avr/7.3.0/../../../../avr/lib/avrxmega4\libm.a(floatsisf.o)
                0x000000000000637e                __floatunsisf
                0x0000000000006382                __floatsisf
 .text.avr-libc.fplib
                0x00000000000063f8       0x48 c:/program files (x86)/atmel/studio/7.0/toolchain/avr8/avr8-gnu-toolchain/bin/../lib/gcc/avr/7.3.0/../../../../avr/lib/avrxmega4\libm.a(fp_cmp.o)
                0x00000000000063f8                __fp_cmp
 .text.avr-libc.fplib
                0x0000000000006440       0x44 c:/program files (x86)/atmel/studio/7.0/toolchain/avr8/avr8-gnu-toolchain/bin/../lib/gcc/avr/7.3.0/../../../../avr/lib/avrxmega4\libm.a(fp_split3.o)
                0x0000000000006440                __fp_split3
                0x0000000000006450                __fp_splitA
 .text.avr-libc.fplib
                0x0000000000006484        0xe c:/program files (x86)/atmel/studio/7.0/toolchain/avr8/avr8-gnu-toolchain/bin/../lib/gcc/avr/7.3.0/../../../../avr/lib/avrxmega4\libm.a(fp_zero.o)
                0x0000000000006484                __fp_zero
                0x0000000000006486                __fp_szero
 .text.avr-libc.fplib
                0x0000000000006492        0xa c:/program files (x86)/atmel/studio/7.0/toolchain/avr8/avr8-gnu-toolchain/bin/../lib/gcc/avr/7.3.0/../../../../avr/lib/avrxmega4\libm.a(gesf2.o)
                0x0000000000006492                __gesf2
                0x0000000000006492                __gtsf2
 .text.libgcc.mul
                0x000000000000649c       0x20 c:/program files (x86)/atmel/studio/7.0/toolchain/avr8/avr8-gnu-toolchain/bin/../lib/gcc/avr/7.3.0/avrxmega4\libgcc.a(_mulsi3.o)
                0x000000000000649c                __mulsi3
 .text.libgcc.div
                0x00000000000064bc       0x28 c:/program files (x86)/atmel/studio/7.0/toolchain/avr8/avr8-gnu-toolchain/bin/../lib/gcc/avr/7.3.0/avrxmega4\libgcc.a(_udivmodhi4.o)
                0x00000000000064bc                __udivmodhi4
 .text.libgcc.div
                0x00000000000064e4       0x44 c:/program files (x86)/atmel/studio/7.0/toolchain/avr8/avr8-gnu-toolchain/bin/../lib/gcc/avr/7.3.0/avrxmega4\libgcc.a(_udivmodsi4.o)
                0x00000000000064e4                __udivmodsi4
 .text.libgcc   0x0000000000006528       0x12 c:/program files (x86)/atmel/studio/7.0/toolchain/avr8/avr8-gnu-toolchain/bin/../lib/gcc/avr/7.3.0/avrxmega4\libgcc.a(_tablejump2.o)
                0x0000000000006528                __tablejump2__
 .text.libgcc.mul
                0x000000000000653a       0x1e c:/program files (x86)/atmel/studio/7.0/toolchain/avr8/avr8-gnu-toolchain/bin/../lib/gcc/avr/7.3.0/avrxmega4\libgcc.a(_umulhisi3.o)
                0x000000000000653a                __umulhisi3
 .text.libgcc.mul
                0x0000000000006558       0x16 c:/program files (x86)/atmel/studio/7.0/toolchain/avr8/avr8-gnu-toolchain/bin/../lib/gcc/avr/7.3.0/avrxmega4\libgcc.a(_muluhisi3.o)
                0x0000000000006558                __muluhisi3
 .text.avr-libc
                0x000000000000656e      0x24a c:/program files (x86)/atmel/studio/7.0/toolchain/avr8/avr8-gnu-toolchain/bin/../lib/gcc/avr/7.3.0/../../../../avr/lib/avrxmega4\libc.a(malloc.o)
                0x000000000000656e                malloc
                0x00000000000066a6                free
 .text.avr-libc
                0x00000000000067b8       0x12 c:/program files (x86)/atmel/studio/7.0/toolchain/avr8/avr8-gnu-toolchain/bin/../lib/gcc/avr/7.3.0/../../../../avr/lib/avrxmega4\libc.a(strlen.o)
                0x00000000000067b8                strlen
 .text.avr-libc
                0x00000000000067ca       0x54 c:/program files (x86)/atmel/studio/7.0/toolchain/avr8/avr8-gnu-toolchain/bin/../lib/gcc/avr/7.3.0/../../../../avr/lib/avrxmega4\libc.a(sprintf.o)
                0x00000000000067ca                sprintf
 .text.avr-libc
                0x000000000000681e      0x3fa c:/program files (x86)/atmel/studio/7.0/toolchain/avr8/avr8-gnu-toolchain/bin/../lib/gcc/avr/7.3.0/../../../../avr/lib/avrxmega4\libc.a(vfprintf_std.o)
                0x000000000000681e                vfprintf
 .text.avr-libc
                0x0000000000006c18       0x16 c:/program files (x86)/atmel/studio/7.0/toolchain/avr8/avr8-gnu-toolchain/bin/../lib/gcc/avr/7.3.0/../../../../avr/lib/avrxmega4\libc.a(strnlen_P.o)
                0x0000000000006c18                strnlen_P
 .text.avr-libc
                0x0000000000006c2e       0x16 c:/program files (x86)/atmel/studio/7.0/toolchain/avr8/avr8-gnu-toolchain/bin/../lib/gcc/avr/7.3.0/../../../../avr/lib/avrxmega4\libc.a(strnlen.o)
                0x0000000000006c2e                strnlen
 .text.avr-libc
                0x0000000000006c44       0x60 c:/program files (x86)/atmel/studio/7.0/toolchain/avr8/avr8-gnu-toolchain/bin/../lib/gcc/avr/7.3.0/../../../../avr/lib/avrxmega4\libc.a(fputc.o)
                0x0000000000006c44                fputc
 .text.avr-libc
                0x0000000000006ca4       0xbc c:/program files (x86)/atmel/studio/7.0/toolchain/avr8/avr8-gnu-toolchain/bin/../lib/gcc/avr/7.3.0/../../../../avr/lib/avrxmega4\libc.a(ultoa_invert.o)
                0x0000000000006ca4                __ultoa_invert
                0x0000000000006d60                . = ALIGN (0x2)
 *(.fini9)
 .fini9         0x0000000000006d60        0x0 c:/program files (x86)/atmel/studio/7.0/toolchain/avr8/avr8-gnu-toolchain/bin/../lib/gcc/avr/7.3.0/avrxmega4\libgcc.a(_exit.o)
                0x0000000000006d60                _exit
                0x0000000000006d60                exit
 *(.fini9)
 *(.fini8)
 *(.fini8)
 *(.fini7)
 *(.fini7)
 *(.fini6)
 .fini6         0x0000000000006d60       0x16 c:/program files (x86)/atmel/studio/7.0/toolchain/avr8/avr8-gnu-toolchain/bin/../lib/gcc/avr/7.3.0/avrxmega4\libgcc.a(_dtors.o)
                0x0000000000006d60                __do_global_dtors
 *(.fini6)
 *(.fini5)
 *(.fini5)
 *(.fini4)
 *(.fini4)
 *(.fini3)
 *(.fini3)
 *(.fini2)
 *(.fini2)
 *(.fini1)
 *(.fini1)
 *(.fini0)
 .fini0         0x0000000000006d76        0x4 c:/program files (x86)/atmel/studio/7.0/toolchain/avr8/avr8-gnu-toolchain/bin/../lib/gcc/avr/7.3.0/avrxmega4\libgcc.a(_exit.o)
 *(.fini0)
                0x0000000000006d7a                _etext = .

.data           0x0000000000804000       0xce load address 0x0000000000006d7a
                0x0000000000804000                PROVIDE (__data_start, .)
 *(.data)
 .data          0x0000000000804000        0x6 c:/program files (x86)/atmel/studio/7.0/toolchain/avr8/avr8-gnu-toolchain/bin/../lib/gcc/avr/7.3.0/../../../../avr/lib/avrxmega4\libc.a(malloc.o)
                0x0000000000804000                __malloc_heap_end
                0x0000000000804002                __malloc_heap_start
                0x0000000000804004                __malloc_margin
 *(.data*)
 .data._ZL17g_rf_gain_setting
                0x0000000000804006        0x1 main.o
 .data._ZL12g_awakenedBy
                0x0000000000804007        0x2 main.o
 .data._ZL17g_adcChannelOrder
                0x0000000000804009        0x4 main.o
 .data._ZL19g_adcCountdownCount
                0x000000000080400d        0x4 main.o
 .data._ZZ11__vector_12E7fiftyMS
                0x0000000000804011        0x1 main.o
 .data._ZZ11__vector_12E25leftsenseLongPressEnabled
                0x0000000000804012        0x1 main.o
 .data._ZZ11__vector_12E26rightsenseLongPressEnabled
                0x0000000000804013        0x1 main.o
 .data._ZZ11__vector_12E23encoderLongPressEnabled
                0x0000000000804014        0x1 main.o
 .data.g_i2c0_timeout_ticks
                0x0000000000804015        0x2 src/i2c.o
                0x0000000000804015                g_i2c0_timeout_ticks
 .data.g_i2c1_timeout_ticks
                0x0000000000804017        0x2 src/i2c.o
                0x0000000000804017                g_i2c1_timeout_ticks
 .data._ZL17led_timeout_count
                0x0000000000804019        0x4 src/leds.o
 .data.g_clock_calibration
                0x000000000080401d        0x2 src/rtc.o
                0x000000000080401d                g_clock_calibration
 .data._ZL11g_xtal_freq
                0x000000000080401f        0x4 src/si5351.o
 .data.g_rx_frequency
                0x0000000000804023        0x4 src/receiver.o
                0x0000000000804023                g_rx_frequency
 *(.gnu.linkonce.d*)
 *(.rodata)
 .rodata        0x0000000000804027       0x5a main.o
 .rodata        0x0000000000804081       0x3f src/util.o
 *(.rodata*)
 .rodata._ZL34g_adcChannelConversionPeriod_ticks
                0x00000000008040c0        0x4 main.o
 .rodata._ZTV7Display
                0x00000000008040c4        0xa src/display.o
                0x00000000008040c4                _ZTV7Display
 *(.gnu.linkonce.r*)
                0x00000000008040ce                . = ALIGN (0x2)
                0x00000000008040ce                _edata = .
                0x00000000008040ce                PROVIDE (__data_end, .)

.bss            0x00000000008040ce      0x113
                0x00000000008040ce                PROVIDE (__bss_start, .)
 *(.bss)
 *(.bss*)
 .bss._ZL9g_tempStr
                0x00000000008040ce       0x64 main.o
 .bss._ZL17g_last_error_code
                0x0000000000804132        0x2 main.o
 .bss._ZL18g_last_status_code
                0x0000000000804134        0x2 main.o
 .bss._ZL16g_hardware_error
                0x0000000000804136        0x2 main.o
 .bss._ZL15g_rotary_enable
                0x0000000000804138        0x1 main.o
 .bss._ZL14g_rotary_count
                0x0000000000804139        0x2 main.o
 .bss._ZL14g_rotary_edges
                0x000000000080413b        0x2 main.o
 .bss._ZL22g_rotary_shaft_pressed
                0x000000000080413d        0x1 main.o
 .bss._ZL19g_leftSense_pressed
                0x000000000080413e        0x1 main.o
 .bss._ZL20g_rightSense_pressed
                0x000000000080413f        0x1 main.o
 .bss.g_seconds_transition
                0x0000000000804140        0x1 main.o
                0x0000000000804140                g_seconds_transition
 .bss.g_seconds_since_poweron
                0x0000000000804141        0x4 main.o
                0x0000000000804141                g_seconds_since_poweron
 .bss.g_display_active
                0x0000000000804145        0x1 main.o
                0x0000000000804145                g_display_active
 .bss._ZL17g_go_to_sleep_now
                0x0000000000804146        0x1 main.o
 .bss._ZL10g_sleeping
                0x0000000000804147        0x1 main.o
 .bss._ZL12g_adcUpdated
                0x0000000000804148        0x2 main.o
 .bss._ZL22g_lastConversionResult
                0x000000000080414a        0x4 main.o
 .bss.g_leftsense_closed_time
                0x000000000080414e        0x2 main.o
                0x000000000080414e                g_leftsense_closed_time
 .bss.g_rightsense_closed_time
                0x0000000000804150        0x2 main.o
                0x0000000000804150                g_rightsense_closed_time
 .bss.g_encoder_closed_time
                0x0000000000804152        0x2 main.o
                0x0000000000804152                g_encoder_closed_time
 .bss.g_handle_counted_leftsense_presses
                0x0000000000804154        0x2 main.o
                0x0000000000804154                g_handle_counted_leftsense_presses
 .bss.g_handle_counted_rightsense_presses
                0x0000000000804156        0x2 main.o
                0x0000000000804156                g_handle_counted_rightsense_presses
 .bss.g_handle_counted_encoder_presses
                0x0000000000804158        0x2 main.o
                0x0000000000804158                g_handle_counted_encoder_presses
 .bss.g_leftsense_presses_count
                0x000000000080415a        0x2 main.o
                0x000000000080415a                g_leftsense_presses_count
 .bss.g_rightsense_presses_count
                0x000000000080415c        0x2 main.o
                0x000000000080415c                g_rightsense_presses_count
 .bss.g_encoder_presses_count
                0x000000000080415e        0x2 main.o
                0x000000000080415e                g_encoder_presses_count
 .bss.g_long_leftsense_press
                0x0000000000804160        0x1 main.o
                0x0000000000804160                g_long_leftsense_press
 .bss.g_long_rightsense_press
                0x0000000000804161        0x1 main.o
                0x0000000000804161                g_long_rightsense_press
 .bss.g_long_encoder_press
                0x0000000000804162        0x1 main.o
                0x0000000000804162                g_long_encoder_press
 .bss.display   0x0000000000804163        0xb main.o
                0x0000000000804163                display
 .bss.LEDS      0x000000000080416e        0x1 main.o
                0x000000000080416e                LEDS
 .bss.g_text_buff
                0x000000000080416f        0xa main.o
                0x000000000080416f                g_text_buff
 .bss.g_ee_mgr  0x0000000000804179        0x1 main.o
                0x0000000000804179                g_ee_mgr
 .bss._ZZ11__vector_12E19conversionInProcess
                0x000000000080417a        0x1 main.o
 .bss._ZZ11__vector_12E24indexConversionInProcess
                0x000000000080417b        0x1 main.o
 .bss._ZZ11__vector_12E31leftsense_closures_count_period
                0x000000000080417c        0x2 main.o
 .bss._ZZ11__vector_12E32rightsense_closures_count_period
                0x000000000080417e        0x2 main.o
 .bss._ZZ11__vector_12E29encoder_closures_count_period
                0x0000000000804180        0x2 main.o
 .bss._ZZ11__vector_12E17leftsenseReleased
                0x0000000000804182        0x1 main.o
 .bss._ZZ11__vector_12E18rightsenseReleased
                0x0000000000804183        0x1 main.o
 .bss._ZZ11__vector_12E15encoderReleased
                0x0000000000804184        0x1 main.o
 .bss._ZZ11__vector_12E15holdRotaryEdges
                0x0000000000804185        0x2 main.o
 .bss._ZZ11__vector_12E23rotaryNoMotionCountdown
                0x0000000000804187        0x2 main.o
 .bss._ZZ11__vector_12E20holdConversionResult
                0x0000000000804189        0x2 main.o
 .bss.prev_state
                0x000000000080418b        0x1 main.o
                0x000000000080418b                prev_state
 .bss.g_goertzel
                0x000000000080418c        0x1 src/adc.o
                0x000000000080418c                g_goertzel
 .bss._ZL20g_adc_initialization
                0x000000000080418d        0x2 src/adc.o
 .bss.portApinReadings
                0x000000000080418f        0x3 src/binio.o
                0x000000000080418f                portApinReadings
 .bss.portFpinReadings
                0x0000000000804192        0x3 src/binio.o
                0x0000000000804192                portFpinReadings
 .bss.portAdebounced
                0x0000000000804195        0x1 src/binio.o
                0x0000000000804195                portAdebounced
 .bss.portFdebounced
                0x0000000000804196        0x1 src/binio.o
                0x0000000000804196                portFdebounced
 .bss._SAMPLING_FREQUENCY
                0x0000000000804197        0x4 src/Goertzel.o
                0x0000000000804197                _SAMPLING_FREQUENCY
 .bss._N        0x000000000080419b        0x2 src/Goertzel.o
                0x000000000080419b                _N
 .bss._index    0x000000000080419d        0x2 src/Goertzel.o
                0x000000000080419d                _index
 .bss._samplesReady
                0x000000000080419f        0x1 src/Goertzel.o
                0x000000000080419f                _samplesReady
 .bss.testData  0x00000000008041a0        0x2 src/Goertzel.o
                0x00000000008041a0                testData
 .bss._ZL23timer_red_blink_inhibit
                0x00000000008041a2        0x1 src/leds.o
 .bss._ZL25timer_green_blink_inhibit
                0x00000000008041a3        0x1 src/leds.o
 .bss._ZL19lastRedBlinkSetting
                0x00000000008041a4        0x2 src/leds.o
 .bss._ZL21lastGreenBlinkSetting
                0x00000000008041a6        0x2 src/leds.o
 .bss._ZL20lastBothBlinkSetting
                0x00000000008041a8        0x2 src/leds.o
 .bss._ZL19red_blink_on_period
                0x00000000008041aa        0x2 src/leds.o
 .bss._ZL20red_blink_off_period
                0x00000000008041ac        0x2 src/leds.o
 .bss._ZL21green_blink_on_period
                0x00000000008041ae        0x2 src/leds.o
 .bss._ZL22green_blink_off_period
                0x00000000008041b0        0x2 src/leds.o
 .bss._ZL15red_blink_count
                0x00000000008041b2        0x2 src/leds.o
 .bss._ZL17green_blink_count
                0x00000000008041b4        0x2 src/leds.o
 .bss._ZL18red_led_configured
                0x00000000008041b6        0x1 src/leds.o
 .bss._ZL20green_led_configured
                0x00000000008041b7        0x1 src/leds.o
 .bss.isRed     0x00000000008041b8        0x1 src/leds.o
                0x00000000008041b8                isRed
 .bss.isGreen   0x00000000008041b9        0x1 src/leds.o
                0x00000000008041b9                isGreen
 .bss.isBoth    0x00000000008041ba        0x1 src/leds.o
                0x00000000008041ba                isBoth
 .bss._ZL16use_backup_clock
                0x00000000008041bb        0x1 src/rtc.o
 .bss._ZL8freqVCOB
                0x00000000008041bc        0x4 src/si5351.o
 .bss._ZL17enabledClocksMask
                0x00000000008041c0        0x1 src/si5351.o
 .bss._ZL9clock_out
                0x00000000008041c1        0xc src/si5351.o
 .bss.g_si5351_initialized
                0x00000000008041cd        0x1 src/si5351.o
                0x00000000008041cd                g_si5351_initialized
 .bss._ZZ11si5351_initE3err
                0x00000000008041ce        0x1 src/si5351.o
 .bss._ZL12g_ms_counter
                0x00000000008041cf        0x4 src/tcb.o
 .bss._ZZ13util_delay_msE14countdownValue
                0x00000000008041d3        0x4 src/tcb.o
 .bss._ZZ13util_delay_msE8counting
                0x00000000008041d7        0x1 src/tcb.o
 .bss._ZL16g_rx_initialized
                0x00000000008041d8        0x1 src/receiver.o
 *(COMMON)
 COMMON         0x00000000008041d9        0x4 c:/program files (x86)/atmel/studio/7.0/toolchain/avr8/avr8-gnu-toolchain/bin/../lib/gcc/avr/7.3.0/../../../../avr/lib/avrxmega4\libc.a(malloc.o)
                0x00000000008041d9                __brkval
                0x00000000008041db                __flp
 COMMON         0x00000000008041dd        0x4 c:/program files (x86)/atmel/studio/7.0/toolchain/avr8/avr8-gnu-toolchain/bin/../lib/gcc/avr/7.3.0/../../../../avr/lib/avrxmega4\libc.a(system_time.o)
                0x00000000008041dd                __system_time
                0x00000000008041e1                PROVIDE (__bss_end, .)
                0x0000000000006d7a                __data_load_start = LOADADDR (.data)
                0x0000000000006e48                __data_load_end = (__data_load_start + SIZEOF (.data))

.noinit         0x00000000008041e1        0x0
                [!provide]                        PROVIDE (__noinit_start, .)
 *(.noinit*)
                [!provide]                        PROVIDE (__noinit_end, .)
                0x00000000008041e1                _end = .
                0x00000000008041e1                PROVIDE (__heap_start, .)

.eeprom         0x0000000000810000      0x112
 *(.eeprom*)
 .eeprom        0x0000000000810000      0x112 src/eeprommanager.o
                0x0000000000810000                _ZN13EepromManager7ee_varsE
                0x0000000000810112                __eeprom_end = .

.fuse
 *(.fuse)
 *(.lfuse)
 *(.hfuse)
 *(.efuse)

.lock
 *(.lock*)

.signature
 *(.signature*)

.user_signatures
 *(.user_signatures*)

.stab
 *(.stab)

.stabstr
 *(.stabstr)

.stab.excl
 *(.stab.excl)

.stab.exclstr
 *(.stab.exclstr)

.stab.index
 *(.stab.index)

.stab.indexstr
 *(.stab.indexstr)

.comment        0x0000000000000000       0x5c
 *(.comment)
 .comment       0x0000000000000000       0x30 atmel_start.o
                                         0x31 (size before relaxing)
 .comment       0x0000000000000030       0x31 main.o
 .comment       0x0000000000000030       0x31 src/adc.o
 .comment       0x0000000000000030       0x31 src/binio.o
 .comment       0x0000000000000030       0x31 src/bod.o
 .comment       0x0000000000000030       0x31 src/CircularStringBuff.o
 .comment       0x0000000000000030       0x31 src/clkctrl.o
 .comment       0x0000000000000030       0x31 src/cpuint.o
 .comment       0x0000000000000030       0x31 src/dac0.o
 .comment       0x0000000000000030       0x31 src/display.o
 .comment       0x0000000000000030       0x31 src/driver_init.o
 .comment       0x0000000000000030       0x31 src/eeprommanager.o
 .comment       0x0000000000000030       0x31 src/Goertzel.o
 .comment       0x0000000000000030       0x31 src/i2c.o
 .comment       0x0000000000000030       0x31 src/leds.o
 .comment       0x0000000000000030       0x31 src/rtc.o
 .comment       0x0000000000000030       0x31 src/si5351.o
 .comment       0x0000000000000030       0x31 src/slpctrl.o
 .comment       0x0000000000000030       0x31 src/tca.o
 .comment       0x0000000000000030       0x31 src/tcb.o
 .comment       0x0000000000000030       0x31 src/receiver.o
 .comment       0x0000000000000030       0x31 src/util.o
 .comment       0x0000000000000030       0x31 c:/program files (x86)/atmel/studio/7.0/toolchain/avr8/avr8-gnu-toolchain/bin/../lib/gcc/avr/7.3.0/../../../../avr/lib/avrxmega4\libc.a(malloc.o)
 .comment       0x0000000000000030       0x31 c:/program files (x86)/atmel/studio/7.0/toolchain/avr8/avr8-gnu-toolchain/bin/../lib/gcc/avr/7.3.0/../../../../avr/lib/avrxmega4\libc.a(sprintf.o)
 .comment       0x0000000000000030       0x31 c:/program files (x86)/atmel/studio/7.0/toolchain/avr8/avr8-gnu-toolchain/bin/../lib/gcc/avr/7.3.0/../../../../avr/lib/avrxmega4\libc.a(set_system_time.o)
 .comment       0x0000000000000030       0x31 c:/program files (x86)/atmel/studio/7.0/toolchain/avr8/avr8-gnu-toolchain/bin/../lib/gcc/avr/7.3.0/../../../../avr/lib/avrxmega4\libc.a(system_time.o)
 .comment       0x0000000000000030       0x31 c:/program files (x86)/atmel/studio/7.0/toolchain/avr8/avr8-gnu-toolchain/bin/../lib/gcc/avr/7.3.0/../../../../avr/lib/avrxmega4\libc.a(time.o)
 .comment       0x0000000000000030       0x2c c:/program files (x86)/atmel/studio/7.0/toolchain/avr8/avr8-gnu-toolchain/bin/../lib/gcc/avr/7.3.0/../../../../avr/lib/avrxmega4\libc.a(vfprintf_std.o)
                                         0x2d (size before relaxing)
 .comment       0x000000000000005c       0x31 c:/program files (x86)/atmel/studio/7.0/toolchain/avr8/avr8-gnu-toolchain/bin/../lib/gcc/avr/7.3.0/../../../../avr/lib/avrxmega4\libc.a(fputc.o)

.note.gnu.avr.deviceinfo
                0x0000000000000000       0x40
 .note.gnu.avr.deviceinfo
                0x0000000000000000       0x40 C:/Program Files (x86)/Atmel/Studio/7.0/Packs/atmel/AVR-Dx_DFP/1.9.103/gcc/dev/avr128da48/avrxmega4/crtavr128da48.o

.note.gnu.build-id
 *(.note.gnu.build-id)

.debug
 *(.debug)

.line
 *(.line)

.debug_srcinfo
 *(.debug_srcinfo)

.debug_sfnames
 *(.debug_sfnames)

.debug_aranges  0x0000000000000000      0x8d0
 *(.debug_aranges)
 .debug_aranges
                0x0000000000000000       0x20 atmel_start.o
 .debug_aranges
                0x0000000000000020       0xa8 main.o
 .debug_aranges
                0x00000000000000c8       0x88 src/adc.o
 .debug_aranges
                0x0000000000000150       0xc8 src/binio.o
 .debug_aranges
                0x0000000000000218       0x20 src/bod.o
 .debug_aranges
                0x0000000000000238       0x90 src/CircularStringBuff.o
 .debug_aranges
                0x00000000000002c8       0x28 src/clkctrl.o
 .debug_aranges
                0x00000000000002f0       0x20 src/cpuint.o
 .debug_aranges
                0x0000000000000310       0x30 src/dac0.o
 .debug_aranges
                0x0000000000000340       0xb0 src/display.o
 .debug_aranges
                0x00000000000003f0       0x60 src/driver_init.o
 .debug_aranges
                0x0000000000000450       0x68 src/eeprommanager.o
 .debug_aranges
                0x00000000000004b8       0x60 src/Goertzel.o
 .debug_aranges
                0x0000000000000518       0x90 src/i2c.o
 .debug_aranges
                0x00000000000005a8       0x98 src/leds.o
 .debug_aranges
                0x0000000000000640       0x20 src/protected_io.o
 .debug_aranges
                0x0000000000000660       0x58 src/rtc.o
 .debug_aranges
                0x00000000000006b8       0xe0 src/si5351.o
 .debug_aranges
                0x0000000000000798       0x28 src/slpctrl.o
 .debug_aranges
                0x00000000000007c0       0x30 src/tca.o
 .debug_aranges
                0x00000000000007f0       0x40 src/tcb.o
 .debug_aranges
                0x0000000000000830       0x58 src/receiver.o
 .debug_aranges
                0x0000000000000888       0x48 src/util.o

.debug_pubnames
 *(.debug_pubnames)

.debug_info     0x0000000000000000     0xe92b
 *(.debug_info .gnu.linkonce.wi.*)
 .debug_info    0x0000000000000000     0x2c24 C:/Program Files (x86)/Atmel/Studio/7.0/Packs/atmel/AVR-Dx_DFP/1.9.103/gcc/dev/avr128da48/avrxmega4/crtavr128da48.o
 .debug_info    0x0000000000002c24       0xc5 atmel_start.o
 .debug_info    0x0000000000002ce9     0x230d main.o
 .debug_info    0x0000000000004ff6      0xd42 src/adc.o
 .debug_info    0x0000000000005d38      0x8bf src/binio.o
 .debug_info    0x00000000000065f7      0x1d0 src/bod.o
 .debug_info    0x00000000000067c7      0x6f5 src/CircularStringBuff.o
 .debug_info    0x0000000000006ebc      0x2f9 src/clkctrl.o
 .debug_info    0x00000000000071b5       0xd4 src/cpuint.o
 .debug_info    0x0000000000007289      0x44f src/dac0.o
 .debug_info    0x00000000000076d8      0xb65 src/display.o
 .debug_info    0x000000000000823d      0x494 src/driver_init.o
 .debug_info    0x00000000000086d1      0xf74 src/eeprommanager.o
 .debug_info    0x0000000000009645      0x5a5 src/Goertzel.o
 .debug_info    0x0000000000009bea      0x888 src/i2c.o
 .debug_info    0x000000000000a472      0xcb8 src/leds.o
 .debug_info    0x000000000000b12a       0x92 src/protected_io.o
 .debug_info    0x000000000000b1bc      0xe1b src/rtc.o
 .debug_info    0x000000000000bfd7      0xf6f src/si5351.o
 .debug_info    0x000000000000cf46      0x180 src/slpctrl.o
 .debug_info    0x000000000000d0c6      0xb46 src/tca.o
 .debug_info    0x000000000000dc0c      0x3c7 src/tcb.o
 .debug_info    0x000000000000dfd3      0x409 src/receiver.o
 .debug_info    0x000000000000e3dc      0x54f src/util.o

.debug_abbrev   0x0000000000000000     0x567e
 *(.debug_abbrev)
 .debug_abbrev  0x0000000000000000     0x29ce C:/Program Files (x86)/Atmel/Studio/7.0/Packs/atmel/AVR-Dx_DFP/1.9.103/gcc/dev/avr128da48/avrxmega4/crtavr128da48.o
 .debug_abbrev  0x00000000000029ce       0x70 atmel_start.o
 .debug_abbrev  0x0000000000002a3e      0x4b8 main.o
 .debug_abbrev  0x0000000000002ef6      0x35c src/adc.o
 .debug_abbrev  0x0000000000003252      0x29a src/binio.o
 .debug_abbrev  0x00000000000034ec       0xd2 src/bod.o
 .debug_abbrev  0x00000000000035be      0x1e9 src/CircularStringBuff.o
 .debug_abbrev  0x00000000000037a7       0xfe src/clkctrl.o
 .debug_abbrev  0x00000000000038a5       0x72 src/cpuint.o
 .debug_abbrev  0x0000000000003917      0x157 src/dac0.o
 .debug_abbrev  0x0000000000003a6e      0x314 src/display.o
 .debug_abbrev  0x0000000000003d82      0x1a4 src/driver_init.o
 .debug_abbrev  0x0000000000003f26      0x323 src/eeprommanager.o
 .debug_abbrev  0x0000000000004249      0x227 src/Goertzel.o
 .debug_abbrev  0x0000000000004470      0x224 src/i2c.o
 .debug_abbrev  0x0000000000004694      0x340 src/leds.o
 .debug_abbrev  0x00000000000049d4       0x14 src/protected_io.o
 .debug_abbrev  0x00000000000049e8      0x2af src/rtc.o
 .debug_abbrev  0x0000000000004c97      0x295 src/si5351.o
 .debug_abbrev  0x0000000000004f2c       0xe7 src/slpctrl.o
 .debug_abbrev  0x0000000000005013      0x1bf src/tca.o
 .debug_abbrev  0x00000000000051d2      0x175 src/tcb.o
 .debug_abbrev  0x0000000000005347      0x17c src/receiver.o
 .debug_abbrev  0x00000000000054c3      0x1bb src/util.o

.debug_line     0x0000000000000000     0x71a3
 *(.debug_line .debug_line.* .debug_line_end)
 .debug_line    0x0000000000000000      0x1f3 C:/Program Files (x86)/Atmel/Studio/7.0/Packs/atmel/AVR-Dx_DFP/1.9.103/gcc/dev/avr128da48/avrxmega4/crtavr128da48.o
 .debug_line    0x00000000000001f3      0x11e atmel_start.o
 .debug_line    0x0000000000000311      0xf2a main.o
 .debug_line    0x000000000000123b      0x558 src/adc.o
 .debug_line    0x0000000000001793      0x7c7 src/binio.o
 .debug_line    0x0000000000001f5a      0x191 src/bod.o
 .debug_line    0x00000000000020eb      0x4ae src/CircularStringBuff.o
 .debug_line    0x0000000000002599      0x1cd src/clkctrl.o
 .debug_line    0x0000000000002766      0x12f src/cpuint.o
 .debug_line    0x0000000000002895      0x1e3 src/dac0.o
 .debug_line    0x0000000000002a78      0x94e src/display.o
 .debug_line    0x00000000000033c6      0x394 src/driver_init.o
 .debug_line    0x000000000000375a      0x327 src/eeprommanager.o
 .debug_line    0x0000000000003a81      0x321 src/Goertzel.o
 .debug_line    0x0000000000003da2      0x7df src/i2c.o
 .debug_line    0x0000000000004581      0x9c3 src/leds.o
 .debug_line    0x0000000000004f44       0x5b src/protected_io.o
 .debug_line    0x0000000000004f9f      0x4b5 src/rtc.o
 .debug_line    0x0000000000005454      0xd0d src/si5351.o
 .debug_line    0x0000000000006161      0x1b1 src/slpctrl.o
 .debug_line    0x0000000000006312      0x286 src/tca.o
 .debug_line    0x0000000000006598      0x373 src/tcb.o
 .debug_line    0x000000000000690b      0x2ed src/receiver.o
 .debug_line    0x0000000000006bf8      0x5ab src/util.o

.debug_frame    0x0000000000000000     0x1f14
 *(.debug_frame)
 .debug_frame   0x0000000000000000       0x34 atmel_start.o
 .debug_frame   0x0000000000000034      0x344 main.o
 .debug_frame   0x0000000000000378      0x228 src/adc.o
 .debug_frame   0x00000000000005a0      0x2d4 src/binio.o
 .debug_frame   0x0000000000000874       0x34 src/bod.o
 .debug_frame   0x00000000000008a8      0x200 src/CircularStringBuff.o
 .debug_frame   0x0000000000000aa8       0x54 src/clkctrl.o
 .debug_frame   0x0000000000000afc       0x34 src/cpuint.o
 .debug_frame   0x0000000000000b30       0x74 src/dac0.o
 .debug_frame   0x0000000000000ba4      0x274 src/display.o
 .debug_frame   0x0000000000000e18      0x134 src/driver_init.o
 .debug_frame   0x0000000000000f4c      0x154 src/eeprommanager.o
 .debug_frame   0x00000000000010a0      0x19c src/Goertzel.o
 .debug_frame   0x000000000000123c      0x1f4 src/i2c.o
 .debug_frame   0x0000000000001430      0x25c src/leds.o
 .debug_frame   0x000000000000168c      0x114 src/rtc.o
 .debug_frame   0x00000000000017a0      0x388 src/si5351.o
 .debug_frame   0x0000000000001b28       0x54 src/slpctrl.o
 .debug_frame   0x0000000000001b7c       0x74 src/tca.o
 .debug_frame   0x0000000000001bf0      0x100 src/tcb.o
 .debug_frame   0x0000000000001cf0      0x114 src/receiver.o
 .debug_frame   0x0000000000001e04      0x110 src/util.o

.debug_str      0x0000000000000000     0x62f4
 *(.debug_str)
 .debug_str     0x0000000000000000     0x1320 C:/Program Files (x86)/Atmel/Studio/7.0/Packs/atmel/AVR-Dx_DFP/1.9.103/gcc/dev/avr128da48/avrxmega4/crtavr128da48.o
 .debug_str     0x0000000000001320      0x1e9 atmel_start.o
                                        0x222 (size before relaxing)
 .debug_str     0x0000000000001509     0x2077 main.o
                                       0x2555 (size before relaxing)
 .debug_str     0x0000000000003580      0x846 src/adc.o
                                        0xdf8 (size before relaxing)
 .debug_str     0x0000000000003dc6      0x2e8 src/binio.o
                                        0x6ac (size before relaxing)
 .debug_str     0x00000000000040ae       0x80 src/bod.o
                                        0x2d1 (size before relaxing)
 .debug_str     0x000000000000412e       0x73 src/CircularStringBuff.o
                                        0x516 (size before relaxing)
 .debug_str     0x00000000000041a1      0x20c src/clkctrl.o
                                        0x455 (size before relaxing)
 .debug_str     0x00000000000043ad       0x1e src/cpuint.o
                                        0x221 (size before relaxing)
 .debug_str     0x00000000000043cb       0x6c src/dac0.o
                                        0x4bf (size before relaxing)
 .debug_str     0x0000000000004437      0x429 src/display.o
                                        0xa42 (size before relaxing)
 .debug_str     0x0000000000004860       0x8a src/driver_init.o
                                        0x3e7 (size before relaxing)
 .debug_str     0x00000000000048ea      0x4bb src/eeprommanager.o
                                       0x1177 (size before relaxing)
 .debug_str     0x0000000000004da5       0xe6 src/Goertzel.o
                                        0x43c (size before relaxing)
 .debug_str     0x0000000000004e8b      0x318 src/i2c.o
                                        0x66e (size before relaxing)
 .debug_str     0x00000000000051a3      0x1bf src/leds.o
                                        0xa6c (size before relaxing)
 .debug_str     0x0000000000005362       0xdd src/rtc.o
                                        0xe79 (size before relaxing)
 .debug_str     0x000000000000543f      0x6bd src/si5351.o
                                        0xcfa (size before relaxing)
 .debug_str     0x0000000000005afc       0x71 src/slpctrl.o
                                        0x2e5 (size before relaxing)
 .debug_str     0x0000000000005b6d      0x2f2 src/tca.o
                                        0x760 (size before relaxing)
 .debug_str     0x0000000000005e5f      0x12c src/tcb.o
                                        0x40b (size before relaxing)
 .debug_str     0x0000000000005f8b      0x201 src/receiver.o
                                        0x8b4 (size before relaxing)
 .debug_str     0x000000000000618c      0x168 src/util.o
                                        0x3fe (size before relaxing)

.debug_loc      0x0000000000000000     0x3fea
 *(.debug_loc)
 .debug_loc     0x0000000000000000       0x3b atmel_start.o
 .debug_loc     0x000000000000003b      0x707 main.o
 .debug_loc     0x0000000000000742      0x457 src/adc.o
 .debug_loc     0x0000000000000b99      0x5d2 src/binio.o
 .debug_loc     0x000000000000116b       0x3b src/bod.o
 .debug_loc     0x00000000000011a6      0x450 src/CircularStringBuff.o
 .debug_loc     0x00000000000015f6       0x83 src/clkctrl.o
 .debug_loc     0x0000000000001679       0x3b src/cpuint.o
 .debug_loc     0x00000000000016b4       0xbe src/dac0.o
 .debug_loc     0x0000000000001772      0x551 src/display.o
 .debug_loc     0x0000000000001cc3      0x26e src/driver_init.o
 .debug_loc     0x0000000000001f31      0x2cb src/eeprommanager.o
 .debug_loc     0x00000000000021fc      0x388 src/Goertzel.o
 .debug_loc     0x0000000000002584      0x3e5 src/i2c.o
 .debug_loc     0x0000000000002969      0x534 src/leds.o
 .debug_loc     0x0000000000002e9d      0x20a src/rtc.o
 .debug_loc     0x00000000000030a7      0x79e src/si5351.o
 .debug_loc     0x0000000000003845       0x83 src/slpctrl.o
 .debug_loc     0x00000000000038c8       0xca src/tca.o
 .debug_loc     0x0000000000003992      0x204 src/tcb.o
 .debug_loc     0x0000000000003b96      0x20c src/receiver.o
 .debug_loc     0x0000000000003da2      0x248 src/util.o

.debug_macinfo
 *(.debug_macinfo)

.debug_weaknames
 *(.debug_weaknames)

.debug_funcnames
 *(.debug_funcnames)

.debug_typenames
 *(.debug_typenames)

.debug_varnames
 *(.debug_varnames)

.debug_pubtypes
 *(.debug_pubtypes)

.debug_ranges   0x0000000000000000      0x750
 *(.debug_ranges)
 .debug_ranges  0x0000000000000000       0x10 atmel_start.o
 .debug_ranges  0x0000000000000010       0x98 main.o
 .debug_ranges  0x00000000000000a8       0x78 src/adc.o
 .debug_ranges  0x0000000000000120       0xb8 src/binio.o
 .debug_ranges  0x00000000000001d8       0x10 src/bod.o
 .debug_ranges  0x00000000000001e8       0x80 src/CircularStringBuff.o
 .debug_ranges  0x0000000000000268       0x18 src/clkctrl.o
 .debug_ranges  0x0000000000000280       0x10 src/cpuint.o
 .debug_ranges  0x0000000000000290       0x20 src/dac0.o
 .debug_ranges  0x00000000000002b0       0xa0 src/display.o
 .debug_ranges  0x0000000000000350       0x50 src/driver_init.o
 .debug_ranges  0x00000000000003a0       0x58 src/eeprommanager.o
 .debug_ranges  0x00000000000003f8       0x50 src/Goertzel.o
 .debug_ranges  0x0000000000000448       0x80 src/i2c.o
 .debug_ranges  0x00000000000004c8       0x88 src/leds.o
 .debug_ranges  0x0000000000000550       0x48 src/rtc.o
 .debug_ranges  0x0000000000000598       0xd0 src/si5351.o
 .debug_ranges  0x0000000000000668       0x18 src/slpctrl.o
 .debug_ranges  0x0000000000000680       0x20 src/tca.o
 .debug_ranges  0x00000000000006a0       0x30 src/tcb.o
 .debug_ranges  0x00000000000006d0       0x48 src/receiver.o
 .debug_ranges  0x0000000000000718       0x38 src/util.o

.debug_macro
 *(.debug_macro)
OUTPUT(SignalSnagger.elf elf32-avr)
LOAD linker stubs
