Drill report for SignalSnagger.kicad_pcb
Created on 

Copper Layer Stackup:
    =============================================================
    L1 :  F.Cu                      front
    L2 :  In1.Cu                    in1
    L3 :  In2.Cu                    in2
    L4 :  B.Cu                      back


Drill file 'SignalSnagger-PTH.drl' contains
    plated through holes:
    =============================================================
    T1  0.400mm  0.0157"  (395 holes)
    T2  0.400mm  0.0157"  (1 hole)
    T3  0.500mm  0.0197"  (117 holes)
    T4  0.600mm  0.0236"  (4 holes)
    T5  0.650mm  0.0256"  (29 holes)
    T6  0.700mm  0.0276"  (17 holes)
    T7  1.000mm  0.0394"  (41 holes)
    T8  1.600mm  0.0630"  (7 holes)
    T9  1.750mm  0.0689"  (2 holes)
    T10  2.100mm  0.0827"  (3 holes)  (with 1 slot)
    T11  2.700mm  0.1063"  (2 holes)
    T12  3.175mm  0.1250"  (4 holes)

    Total plated holes count 622


Drill file 'SignalSnagger-NPTH.drl' contains
    unplated through holes:
    =============================================================
    T1  0.750mm  0.0295"  (4 holes)
    T2  1.500mm  0.0591"  (2 holes)
    T3  4.400mm  0.1732"  (2 holes)

    Total unplated holes count 8
